12-12 13:15:30.811: I/TestRunner(20019): started: loginFlaky1(com.freenow.android_demo.tests.LoginTest)
12-12 13:15:30.819: I/MonitoringInstr(20019): Activities that are still in CREATED to STOPPED: 0
12-12 13:15:30.820: I/GrantPermissionCallable(20019): Permission: android.permission.ACCESS_FINE_LOCATION is already granted!
12-12 13:15:30.832: W/ActivityTestRule(20019): getActivityIntent() returned null using default: Intent(Intent.ACTION_MAIN)
12-12 13:15:30.837: I/ActivityManager(2044): START u0 {act=android.intent.action.MAIN flg=0x14000000 cmp=com.freenow.android_demo/.activities.MainActivity} from uid 10095
12-12 13:15:30.927: D/LifecycleMonitor(20019): Lifecycle status change: com.freenow.android_demo.activities.MainActivity@2a6dcfa in: PRE_ON_CREATE
12-12 13:15:30.949: D/EGL_emulation(1453): eglMakeCurrent: 0xa9a20900: ver 3 0 (tinfo 0xa9a1b9e0)
12-12 13:15:30.991: D/EGL_emulation(1453): eglMakeCurrent: 0xa9a20900: ver 3 0 (tinfo 0xa9a1b9e0)
12-12 13:15:31.018: E/ContentStoreEUAS(4101): Failed to commit the deferred actions
12-12 13:15:31.020: D/EGL_emulation(1453): eglMakeCurrent: 0xa9a20900: ver 3 0 (tinfo 0xa9a1b9e0)
12-12 13:15:31.079: I/chatty(1453): uid=1000(system) /system/bin/surfaceflinger identical 5 lines
12-12 13:15:31.083: D/EGL_emulation(1453): eglMakeCurrent: 0xa9a20900: ver 3 0 (tinfo 0xa9a1b9e0)
12-12 13:15:31.087: D/gralloc_ranchu(1440): gralloc_alloc: Creating ashmem region of size 14749696
12-12 13:15:31.120: D/EGL_emulation(1453): eglMakeCurrent: 0xa9a20900: ver 3 0 (tinfo 0xa9a1b9e0)
12-12 13:15:31.146: E/SurfaceFlinger(1453): ro.sf.lcd_density must be defined as a build property
12-12 13:15:31.158: I/zzbz(20019): Making Creator dynamically
12-12 13:15:31.163: D/EGL_emulation(1453): eglMakeCurrent: 0xa9a20900: ver 3 0 (tinfo 0xa9a1b9e0)
12-12 13:15:31.176: D/EGL_emulation(1453): eglMakeCurrent: 0xa9a20900: ver 3 0 (tinfo 0xa9a1b9e0)
12-12 13:15:31.192: W/zygote(20019): Skipping duplicate class check due to unrecognized classloader
12-12 13:15:31.195: I/DynamiteModule(20019): Considering local module com.google.android.gms.maps_dynamite:0 and remote module com.google.android.gms.maps_dynamite:221
12-12 13:15:31.195: I/DynamiteModule(20019): Selected remote version of com.google.android.gms.maps_dynamite, version >= 221
12-12 13:15:31.200: D/EGL_emulation(1453): eglMakeCurrent: 0xa9a20900: ver 3 0 (tinfo 0xa9a1b9e0)
12-12 13:15:31.207: I/chatty(1453): uid=1000(system) /system/bin/surfaceflinger identical 3 lines
12-12 13:15:31.239: D/EGL_emulation(1453): eglMakeCurrent: 0xa9a20900: ver 3 0 (tinfo 0xa9a1b9e0)
12-12 13:15:31.239: D/EGL_emulation(4101): eglMakeCurrent: 0xa4b05720: ver 3 0 (tinfo 0xa4b03570)
12-12 13:15:31.243: D/EGL_emulation(3561): eglMakeCurrent: 0xa470ea60: ver 3 0 (tinfo 0xa21ff450)
12-12 13:15:31.252: W/zygote(20019): Skipping duplicate class check due to unrecognized classloader
12-12 13:15:31.256: D/EGL_emulation(1453): eglMakeCurrent: 0xa9a20900: ver 3 0 (tinfo 0xa9a1b9e0)
12-12 13:15:31.278: I/chatty(1453): uid=1000(system) /system/bin/surfaceflinger identical 1 line
12-12 13:15:31.289: D/EGL_emulation(1453): eglMakeCurrent: 0xa9a20900: ver 3 0 (tinfo 0xa9a1b9e0)
12-12 13:15:31.300: I/Google Maps Android API(20019): Google Play services client version: 12451000
12-12 13:15:31.301: D/EGL_emulation(1453): eglMakeCurrent: 0xa9a20900: ver 3 0 (tinfo 0xa9a1b9e0)
12-12 13:15:31.323: I/chatty(1453): uid=1000(system) /system/bin/surfaceflinger identical 4 lines
12-12 13:15:31.332: D/EGL_emulation(1453): eglMakeCurrent: 0xa9a20900: ver 3 0 (tinfo 0xa9a1b9e0)
12-12 13:15:31.337: E/SurfaceFlinger(1453): ro.sf.lcd_density must be defined as a build property
12-12 13:15:31.353: D/EGL_emulation(1453): eglMakeCurrent: 0xa9a20900: ver 3 0 (tinfo 0xa9a1b9e0)
12-12 13:15:31.380: I/chatty(1453): uid=1000(system) /system/bin/surfaceflinger identical 4 lines
12-12 13:15:31.382: D/EGL_emulation(1453): eglMakeCurrent: 0xa9a20900: ver 3 0 (tinfo 0xa9a1b9e0)
12-12 13:15:31.399: E/SurfaceFlinger(1453): ro.sf.lcd_density must be defined as a build property
12-12 13:15:31.405: I/Google Maps Android API(20019): Google Play services package version: 16089022
12-12 13:15:31.442: E/SurfaceFlinger(1453): ro.sf.lcd_density must be defined as a build property
12-12 13:15:31.528: D/EGL_emulation(1453): eglMakeCurrent: 0xa9a20900: ver 3 0 (tinfo 0xa9a1b9e0)
12-12 13:15:31.538: D/EGL_emulation(1453): eglMakeCurrent: 0xa9a20900: ver 3 0 (tinfo 0xa9a1b9e0)
12-12 13:15:31.541: E/SurfaceFlinger(1453): ro.sf.lcd_density must be defined as a build property
12-12 13:15:31.570: D/EGL_emulation(1453): eglMakeCurrent: 0xa9a20900: ver 3 0 (tinfo 0xa9a1b9e0)
12-12 13:15:31.574: E/SurfaceFlinger(1453): ro.sf.lcd_density must be defined as a build property
12-12 13:15:31.580: D/EGL_emulation(1453): eglMakeCurrent: 0xa9a20900: ver 3 0 (tinfo 0xa9a1b9e0)
12-12 13:15:31.605: I/chatty(1453): uid=1000(system) /system/bin/surfaceflinger identical 4 lines
12-12 13:15:31.610: D/EGL_emulation(1453): eglMakeCurrent: 0xa9a20900: ver 3 0 (tinfo 0xa9a1b9e0)
12-12 13:15:31.613: I/OMXClient(20043): Treble IOmx obtained
12-12 13:15:31.621: I/OMXMaster(19435): makeComponentInstance(OMX.google.h264.encoder) in omx@1.0-service process
12-12 13:15:31.630: D/EGL_emulation(1453): eglMakeCurrent: 0xa9a20900: ver 3 0 (tinfo 0xa9a1b9e0)
12-12 13:15:31.642: D/EGL_emulation(1453): eglMakeCurrent: 0xa9a20900: ver 3 0 (tinfo 0xa9a1b9e0)
12-12 13:15:31.652: E/SurfaceFlinger(1453): ro.sf.lcd_density must be defined as a build property
12-12 13:15:31.654: D/EGL_emulation(1453): eglMakeCurrent: 0xa9a20900: ver 3 0 (tinfo 0xa9a1b9e0)
12-12 13:15:31.677: I/chatty(1453): uid=1000(system) /system/bin/surfaceflinger identical 3 lines
12-12 13:15:31.684: D/EGL_emulation(1453): eglMakeCurrent: 0xa9a20900: ver 3 0 (tinfo 0xa9a1b9e0)
12-12 13:15:31.687: E/SurfaceFlinger(1453): ro.sf.lcd_density must be defined as a build property
12-12 13:15:31.695: W/OMXUtils(20043): do not know color format 0x7f000789 = 2130708361
12-12 13:15:31.695: I/ACodec(20043): setupAVCEncoderParameters with [profile: Baseline] [level: Level41]
12-12 13:15:31.698: I/ACodec(20043): [OMX.google.h264.encoder] cannot encode color aspects. Ignoring.
12-12 13:15:31.698: I/ACodec(20043): [OMX.google.h264.encoder] cannot encode HDR static metadata. Ignoring.
12-12 13:15:31.698: I/ACodec(20043): setupVideoEncoder succeeded
12-12 13:15:31.699: W/OMXUtils(20043): do not know color format 0x7f000789 = 2130708361
12-12 13:15:31.699: E/OMXNodeInstance(19435): getConfig(0xb0a94600:google.h264.encoder, ConfigLatency(0x6f800005)) ERROR: Undefined(0x80001001)
12-12 13:15:31.699: E/OMXNodeInstance(19435): getConfig(0xb0a94600:google.h264.encoder, ConfigAndroidVendorExtension(0x6f100004)) ERROR: Undefined(0x80001001)
12-12 13:15:31.703: D/GraphicBufferSource(19435): setting dataspace: 0x104, acquired=0
12-12 13:15:31.703: D/GraphicBufferSource(19435): requesting color aspects (R:2(Limited), P:1(BT709_5), M:1(BT709_5), T:3(SMPTE170M))
12-12 13:15:31.712: W//system/bin/hw/android.hidl.allocator@1.0-service(1430): ashmem_create_region(12) returning hidl_memory(0xb219b850, 12)
12-12 13:15:31.716: D/EGL_emulation(1453): eglMakeCurrent: 0xa9a20900: ver 3 0 (tinfo 0xa9a1b9e0)
12-12 13:15:31.719: W//system/bin/hw/android.hidl.allocator@1.0-service(1430): ashmem_create_region(12) returning hidl_memory(0xb219b850, 12)
12-12 13:15:31.728: W//system/bin/hw/android.hidl.allocator@1.0-service(1430): ashmem_create_region(2764800) returning hidl_memory(0xb219b850, 2764800)
12-12 13:15:31.731: W//system/bin/hw/android.hidl.allocator@1.0-service(1430): ashmem_create_region(2764800) returning hidl_memory(0xb219b850, 2764800)
12-12 13:15:31.734: D/SoftAVCEnc(19435): Params width 1440 height 2560 level 50 colorFormat 0
12-12 13:15:31.746: D/EGL_emulation(1453): eglMakeCurrent: 0xa9a20900: ver 3 0 (tinfo 0xa9a1b9e0)
12-12 13:15:31.773: D/EGL_emulation(1453): eglMakeCurrent: 0xa9a20900: ver 3 0 (tinfo 0xa9a1b9e0)
12-12 13:15:31.774: E/(1453): HpInterface: Wrong interface type.
12-12 13:15:31.785: D/EGL_emulation(1453): eglMakeCurrent: 0xa9a20900: ver 3 0 (tinfo 0xa9a1b9e0)
12-12 13:15:31.821: I/chatty(1453): uid=1000(system) /system/bin/surfaceflinger identical 3 lines
12-12 13:15:31.822: D/EGL_emulation(1453): eglMakeCurrent: 0xa9a20900: ver 3 0 (tinfo 0xa9a1b9e0)
12-12 13:15:31.831: E/FrameEvents(1453): Source mDeltas not empty.
12-12 13:15:31.831: E/FrameEvents(1453): Source mDeltas not empty.
12-12 13:15:31.832: W/GraphicBufferSource(19435): releasing an unpopulated slot: 0
12-12 13:15:31.832: W/GraphicBufferSource(19435): releasing an unpopulated slot: 1
12-12 13:15:31.832: W/GraphicBufferSource(19435): releasing an unpopulated slot: 2
12-12 13:15:31.832: W/GraphicBufferSource(19435): releasing an unpopulated slot: 3
12-12 13:15:31.832: W/GraphicBufferSource(19435): releasing an unpopulated slot: 4
12-12 13:15:31.832: W/GraphicBufferSource(19435): releasing an unpopulated slot: 5
12-12 13:15:31.832: W/GraphicBufferSource(19435): releasing an unpopulated slot: 6
12-12 13:15:31.832: W/GraphicBufferSource(19435): releasing an unpopulated slot: 7
12-12 13:15:31.832: W/GraphicBufferSource(19435): releasing an unpopulated slot: 8
12-12 13:15:31.832: W/GraphicBufferSource(19435): releasing an unpopulated slot: 9
12-12 13:15:31.832: W/GraphicBufferSource(19435): releasing an unpopulated slot: 10
12-12 13:15:31.832: W/GraphicBufferSource(19435): releasing an unpopulated slot: 11
12-12 13:15:31.832: W/GraphicBufferSource(19435): releasing an unpopulated slot: 12
12-12 13:15:31.832: W/GraphicBufferSource(19435): releasing an unpopulated slot: 13
12-12 13:15:31.832: W/GraphicBufferSource(19435): releasing an unpopulated slot: 14
12-12 13:15:31.832: W/GraphicBufferSource(19435): releasing an unpopulated slot: 15
12-12 13:15:31.832: W/GraphicBufferSource(19435): releasing an unpopulated slot: 16
12-12 13:15:31.832: W/GraphicBufferSource(19435): releasing an unpopulated slot: 17
12-12 13:15:31.832: W/GraphicBufferSource(19435): releasing an unpopulated slot: 18
12-12 13:15:31.832: W/GraphicBufferSource(19435): releasing an unpopulated slot: 19
12-12 13:15:31.832: W/GraphicBufferSource(19435): releasing an unpopulated slot: 20
12-12 13:15:31.832: W/GraphicBufferSource(19435): releasing an unpopulated slot: 21
12-12 13:15:31.832: W/GraphicBufferSource(19435): releasing an unpopulated slot: 22
12-12 13:15:31.832: W/GraphicBufferSource(19435): releasing an unpopulated slot: 23
12-12 13:15:31.832: W/GraphicBufferSource(19435): releasing an unpopulated slot: 24
12-12 13:15:31.832: W/GraphicBufferSource(19435): releasing an unpopulated slot: 25
12-12 13:15:31.832: W/GraphicBufferSource(19435): releasing an unpopulated slot: 26
12-12 13:15:31.832: W/GraphicBufferSource(19435): releasing an unpopulated slot: 27
12-12 13:15:31.832: W/GraphicBufferSource(19435): releasing an unpopulated slot: 28
12-12 13:15:31.832: W/GraphicBufferSource(19435): releasing an unpopulated slot: 29
12-12 13:15:31.832: W/GraphicBufferSource(19435): releasing an unpopulated slot: 30
12-12 13:15:31.832: W/GraphicBufferSource(19435): releasing an unpopulated slot: 31
12-12 13:15:31.832: W/GraphicBufferSource(19435): releasing an unpopulated slot: 32
12-12 13:15:31.832: W/GraphicBufferSource(19435): releasing an unpopulated slot: 33
12-12 13:15:31.832: W/GraphicBufferSource(19435): releasing an unpopulated slot: 34
12-12 13:15:31.832: W/GraphicBufferSource(19435): releasing an unpopulated slot: 35
12-12 13:15:31.832: W/GraphicBufferSource(19435): releasing an unpopulated slot: 36
12-12 13:15:31.832: W/GraphicBufferSource(19435): releasing an unpopulated slot: 37
12-12 13:15:31.832: W/GraphicBufferSource(19435): releasing an unpopulated slot: 38
12-12 13:15:31.832: W/GraphicBufferSource(19435): releasing an unpopulated slot: 39
12-12 13:15:31.832: W/GraphicBufferSource(19435): releasing an unpopulated slot: 40
12-12 13:15:31.832: W/GraphicBufferSource(19435): releasing an unpopulated slot: 41
12-12 13:15:31.832: W/GraphicBufferSource(19435): releasing an unpopulated slot: 42
12-12 13:15:31.832: W/GraphicBufferSource(19435): releasing an unpopulated slot: 43
12-12 13:15:31.832: W/GraphicBufferSource(19435): releasing an unpopulated slot: 44
12-12 13:15:31.832: W/GraphicBufferSource(19435): releasing an unpopulated slot: 45
12-12 13:15:31.832: W/GraphicBufferSource(19435): releasing an unpopulated slot: 46
12-12 13:15:31.832: W/GraphicBufferSource(19435): releasing an unpopulated slot: 47
12-12 13:15:31.832: W/GraphicBufferSource(19435): releasing an unpopulated slot: 48
12-12 13:15:31.832: W/GraphicBufferSource(19435): releasing an unpopulated slot: 49
12-12 13:15:31.832: W/GraphicBufferSource(19435): releasing an unpopulated slot: 50
12-12 13:15:31.832: W/GraphicBufferSource(19435): releasing an unpopulated slot: 51
12-12 13:15:31.832: W/GraphicBufferSource(19435): releasing an unpopulated slot: 52
12-12 13:15:31.832: W/GraphicBufferSource(19435): releasing an unpopulated slot: 53
12-12 13:15:31.832: W/GraphicBufferSource(19435): releasing an unpopulated slot: 54
12-12 13:15:31.832: W/GraphicBufferSource(19435): releasing an unpopulated slot: 55
12-12 13:15:31.832: W/GraphicBufferSource(19435): releasing an unpopulated slot: 56
12-12 13:15:31.832: W/GraphicBufferSource(19435): releasing an unpopulated slot: 57
12-12 13:15:31.832: W/GraphicBufferSource(19435): releasing an unpopulated slot: 58
12-12 13:15:31.832: W/GraphicBufferSource(19435): releasing an unpopulated slot: 59
12-12 13:15:31.832: W/GraphicBufferSource(19435): releasing an unpopulated slot: 60
12-12 13:15:31.832: W/GraphicBufferSource(19435): releasing an unpopulated slot: 61
12-12 13:15:31.832: W/GraphicBufferSource(19435): releasing an unpopulated slot: 62
12-12 13:15:31.832: W/GraphicBufferSource(19435): releasing an unpopulated slot: 63
12-12 13:15:31.847: D/gralloc_ranchu(1440): gralloc_alloc: Creating ashmem region of size 14749696
12-12 13:15:31.877: E/SurfaceFlinger(1453): ro.sf.lcd_density must be defined as a build property
12-12 13:15:31.897: E/SurfaceFlinger(1453): ro.sf.lcd_density must be defined as a build property
12-12 13:15:31.923: D/(20043): HostConnection::get() New Host Connection established 0xb3d48900, tid 20097
12-12 13:15:31.943: D/EGL_emulation(1453): eglMakeCurrent: 0xa9a20900: ver 3 0 (tinfo 0xa9a1b9e0)
12-12 13:15:31.949: E/SurfaceFlinger(1453): ro.sf.lcd_density must be defined as a build property
12-12 13:15:31.966: D/EGL_emulation(1453): eglMakeCurrent: 0xa9a20900: ver 3 0 (tinfo 0xa9a1b9e0)
12-12 13:15:31.987: I/chatty(1453): uid=1000(system) /system/bin/surfaceflinger identical 2 lines
12-12 13:15:31.996: D/EGL_emulation(1453): eglMakeCurrent: 0xa9a20900: ver 3 0 (tinfo 0xa9a1b9e0)
12-12 13:15:32.003: D/GraphicBufferSource(19435): got buffer with new dataSpace #104
12-12 13:15:32.003: D/ACodec(20043): dataspace changed to 0x10c10000 (R:2(Limited), P:1(BT709_5), M:1(BT709_5), T:3(SMPTE170M)) (R:2(Limited), S:1(BT709), T:3(SMPTE_170M))
12-12 13:15:32.004: D/gralloc_ranchu(1440): gralloc_alloc: Creating ashmem region of size 14749696
12-12 13:15:32.005: I/MPEG4Writer(20043): limits: 4294967295/0 bytes/us, bit rate: -1 bps and the estimated moov size 3195 bytes
12-12 13:15:32.012: D/(19435): HostConnection::get() New Host Connection established 0x97a78240, tid 20086
12-12 13:15:32.039: I/zygote(20019): Background concurrent copying GC freed 8591(1172KB) AllocSpace objects, 0(0B) LOS objects, 54% free, 1259KB/2MB, paused 88us total 229.281ms
12-12 13:15:32.040: E/SurfaceFlinger(1453): ro.sf.lcd_density must be defined as a build property
12-12 13:15:32.044: D/(20043): HostConnection::get() New Host Connection established 0xb3a9f100, tid 20077
12-12 13:15:32.062: D/EGL_emulation(1453): eglMakeCurrent: 0xa9a20900: ver 3 0 (tinfo 0xa9a1b9e0)
12-12 13:15:32.074: I/chatty(1453): uid=1000(system) /system/bin/surfaceflinger identical 5 lines
12-12 13:15:32.088: D/EGL_emulation(1453): eglMakeCurrent: 0xa9a20900: ver 3 0 (tinfo 0xa9a1b9e0)
12-12 13:15:32.100: E/SurfaceFlinger(1453): ro.sf.lcd_density must be defined as a build property
12-12 13:15:32.112: D/EGL_emulation(1453): eglMakeCurrent: 0xa9a20900: ver 3 0 (tinfo 0xa9a1b9e0)
12-12 13:15:32.124: I/chatty(1453): uid=1000(system) /system/bin/surfaceflinger identical 1 line
12-12 13:15:32.137: D/EGL_emulation(1453): eglMakeCurrent: 0xa9a20900: ver 3 0 (tinfo 0xa9a1b9e0)
12-12 13:15:32.148: D/gralloc_ranchu(1440): gralloc_alloc: Creating ashmem region of size 14749696
12-12 13:15:32.183: E/SurfaceFlinger(1453): ro.sf.lcd_density must be defined as a build property
12-12 13:15:32.191: D/EGL_emulation(1453): eglMakeCurrent: 0xa9a20900: ver 3 0 (tinfo 0xa9a1b9e0)
12-12 13:15:32.230: I/chatty(1453): uid=1000(system) /system/bin/surfaceflinger identical 8 lines
12-12 13:15:32.237: D/EGL_emulation(1453): eglMakeCurrent: 0xa9a20900: ver 3 0 (tinfo 0xa9a1b9e0)
12-12 13:15:32.248: E/SurfaceFlinger(1453): ro.sf.lcd_density must be defined as a build property
12-12 13:15:32.248: D/gralloc_ranchu(1440): gralloc_alloc: Creating ashmem region of size 14749696
12-12 13:15:32.336: D/EGL_emulation(1453): eglMakeCurrent: 0xa9a20900: ver 3 0 (tinfo 0xa9a1b9e0)
12-12 13:15:32.349: I/chatty(1453): uid=1000(system) /system/bin/surfaceflinger identical 4 lines
12-12 13:15:32.356: D/EGL_emulation(1453): eglMakeCurrent: 0xa9a20900: ver 3 0 (tinfo 0xa9a1b9e0)
12-12 13:15:32.363: E/SurfaceFlinger(1453): ro.sf.lcd_density must be defined as a build property
12-12 13:15:32.365: D/EGL_emulation(1453): eglMakeCurrent: 0xa9a20900: ver 3 0 (tinfo 0xa9a1b9e0)
12-12 13:15:32.396: I/chatty(1453): uid=1000(system) /system/bin/surfaceflinger identical 1 line
12-12 13:15:32.403: D/EGL_emulation(1453): eglMakeCurrent: 0xa9a20900: ver 3 0 (tinfo 0xa9a1b9e0)
12-12 13:15:32.410: E/SurfaceFlinger(1453): ro.sf.lcd_density must be defined as a build property
12-12 13:15:32.412: D/EGL_emulation(1453): eglMakeCurrent: 0xa9a20900: ver 3 0 (tinfo 0xa9a1b9e0)
12-12 13:15:32.444: I/chatty(1453): uid=1000(system) /system/bin/surfaceflinger identical 4 lines
12-12 13:15:32.447: D/EGL_emulation(1453): eglMakeCurrent: 0xa9a20900: ver 3 0 (tinfo 0xa9a1b9e0)
12-12 13:15:32.518: E/SurfaceFlinger(1453): ro.sf.lcd_density must be defined as a build property
12-12 13:15:32.589: D/(19435): HostConnection::get() New Host Connection established 0xab1c6840, tid 20087
12-12 13:15:32.590: E/SurfaceFlinger(1453): ro.sf.lcd_density must be defined as a build property
12-12 13:15:32.590: I/MPEG4Writer(20043): setStartTimestampUs: 75243036603
12-12 13:15:32.590: I/MPEG4Writer(20043): Earliest track starting time: 75243036603
12-12 13:15:32.877: I/zygote(20019): Do partial code cache collection, code=28KB, data=23KB
12-12 13:15:32.924: W/RemoteFillService(2044): Not handling { when=-9ms what=3 target=com.android.internal.os.HandlerCaller$MyHandler } as service for ComponentInfo{com.google.android.gms/com.google.android.gms.autofill.service.AutofillService} is already destroyed
12-12 13:15:32.929: E/SurfaceFlinger(1453): ro.sf.lcd_density must be defined as a build property
12-12 13:15:32.944: E/SurfaceFlinger(1453): ro.sf.lcd_density must be defined as a build property
12-12 13:15:32.975: I/zygote(20019): After code cache collection, code=28KB, data=23KB
12-12 13:15:32.975: I/zygote(20019): Increasing code cache capacity to 128KB
12-12 13:15:32.992: E/SurfaceFlinger(1453): ro.sf.lcd_density must be defined as a build property
12-12 13:15:33.317: E/SurfaceFlinger(1453): ro.sf.lcd_density must be defined as a build property
12-12 13:15:33.317: E/SurfaceFlinger(1453): ro.sf.lcd_density must be defined as a build property
12-12 13:15:33.600: I/chatty(1453): uid=1000(system) Binder:1453_3 identical 3 lines
12-12 13:15:33.619: E/SurfaceFlinger(1453): ro.sf.lcd_density must be defined as a build property
12-12 13:15:33.701: I/zygote(20019): Rejecting re-init on previously-failed class java.lang.Class<okhttp3.internal.platform.ConscryptPlatform$configureTrustManager$1>: java.lang.NoClassDefFoundError: Failed resolution of: Lorg/conscrypt/ConscryptHostnameVerifier;
12-12 13:15:33.701: I/zygote(20019):   at okhttp3.internal.platform.android.SocketAdapter okhttp3.internal.platform.android.ConscryptSocketAdapter.buildIfSupported() (ConscryptSocketAdapter.kt:64)
12-12 13:15:33.701: I/zygote(20019):   at void okhttp3.internal.platform.AndroidPlatform.<init>() (AndroidPlatform.kt:45)
12-12 13:15:33.701: I/zygote(20019):   at okhttp3.internal.platform.Platform okhttp3.internal.platform.AndroidPlatform$Companion.buildIfSupported() (AndroidPlatform.kt:239)
12-12 13:15:33.701: I/zygote(20019):   at okhttp3.internal.platform.Platform okhttp3.internal.platform.Platform$Companion.findPlatform() (Platform.kt:211)
12-12 13:15:33.701: I/zygote(20019):   at okhttp3.internal.platform.Platform okhttp3.internal.platform.Platform$Companion.access$findPlatform(okhttp3.internal.platform.Platform$Companion) (Platform.kt:179)
12-12 13:15:33.701: I/zygote(20019):   at void okhttp3.internal.platform.Platform.<clinit>() (Platform.kt:180)
12-12 13:15:33.701: I/zygote(20019):   at void okhttp3.OkHttpClient.<init>(okhttp3.OkHttpClient$Builder) (OkHttpClient.kt:219)
12-12 13:15:33.701: I/zygote(20019):   at okhttp3.OkHttpClient okhttp3.OkHttpClient$Builder.build() (OkHttpClient.kt:955)
12-12 13:15:33.701: I/zygote(20019):   at void com.freenow.android_demo.utils.network.HttpClient.<init>() (HttpClient.java:45)
12-12 13:15:33.701: I/zygote(20019):   at com.freenow.android_demo.utils.network.HttpClient com.freenow.android_demo.dependencies.module.NetworkModule.provideHttpClient() (NetworkModule.java:16)
12-12 13:15:33.701: I/zygote(20019):   at com.freenow.android_demo.utils.network.HttpClient com.freenow.android_demo.dependencies.module.NetworkModule_ProvideHttpClientFactory.get() (NetworkModule_ProvideHttpClientFactory.java:18)
12-12 13:15:33.701: I/zygote(20019):   at java.lang.Object com.freenow.android_demo.dependencies.module.NetworkModule_ProvideHttpClientFactory.get() (NetworkModule_ProvideHttpClientFactory.java:8)
12-12 13:15:33.701: I/zygote(20019):   at java.lang.Object dagger.internal.DoubleCheck.get() (DoubleCheck.java:47)
12-12 13:15:33.701: I/zygote(20019):   at com.freenow.android_demo.activities.MainActivity com.freenow.android_demo.dependencies.component.DaggerAppComponent.injectMainActivity(com.freenow.android_demo.activities.MainActivity) (DaggerAppComponent.java:75)
12-12 13:15:33.701: I/zygote(20019):   at void com.freenow.android_demo.dependencies.component.DaggerAppComponent.inject(com.freenow.android_demo.activities.MainActivity) (DaggerAppComponent.java:54)
12-12 13:15:33.701: I/zygote(20019):   at void com.freenow.android_demo.activities.MainActivity.onCreate(android.os.Bundle) (MainActivity.java:91)
12-12 13:15:33.701: I/zygote(20019):   at void android.app.Activity.performCreate(android.os.Bundle) (Activity.java:6975)
12-12 13:15:33.701: I/zygote(20019):   at void android.app.Instrumentation.callActivityOnCreate(android.app.Activity, android.os.Bundle) (Instrumentation.java:1213)
12-12 13:15:33.701: I/zygote(20019):   at void android.support.test.runner.MonitoringInstrumentation.callActivityOnCreate(android.app.Activity, android.os.Bundle) (MonitoringInstrumentation.java:667)
12-12 13:15:33.701: I/zygote(20019):   at android.app.Activity android.app.ActivityThread.performLaunchActivity(android.app.ActivityThread$ActivityClientRecord, android.content.Intent) (ActivityThread.java:2770)
12-12 13:15:33.701: I/zygote(20019):   at void android.app.ActivityThread.handleLaunchActivity(android.app.ActivityThread$ActivityClientRecord, android.content.Intent, java.lang.String) (ActivityThread.java:2892)
12-12 13:15:33.701: I/zygote(20019):   at void android.app.ActivityThread.-wrap11(android.app.ActivityThread, android.app.ActivityThread$ActivityClientRecord, android.content.Intent, java.lang.String) (ActivityThread.java:-1)
12-12 13:15:33.701: I/zygote(20019):   at void android.app.ActivityThread$H.handleMessage(android.os.Message) (ActivityThread.java:1593)
12-12 13:15:33.701: I/zygote(20019):   at void android.os.Handler.dispatchMessage(android.os.Message) (Handler.java:105)
12-12 13:15:33.701: I/zygote(20019):   at void android.os.Looper.loop() (Looper.java:164)
12-12 13:15:33.701: I/zygote(20019):   at void android.app.ActivityThread.main(java.lang.String[]) (ActivityThread.java:6541)
12-12 13:15:33.701: I/zygote(20019):   at java.lang.Object java.lang.reflect.Method.invoke(java.lang.Object, java.lang.Object[]) (Method.java:-2)
12-12 13:15:33.701: I/zygote(20019):   at void com.android.internal.os.Zygote$MethodAndArgsCaller.run() (Zygote.java:240)
12-12 13:15:33.701: I/zygote(20019):   at void com.android.internal.os.ZygoteInit.main(java.lang.String[]) (ZygoteInit.java:767)
12-12 13:15:33.701: I/zygote(20019): Caused by: java.lang.ClassNotFoundException: Didn't find class "org.conscrypt.ConscryptHostnameVerifier" on path: DexPathList[[zip file "/system/framework/android.test.runner.jar", zip file "/data/app/com.freenow.android_demo.test-sknCZ4HPqj1h8FQlWiYsJg==/base.apk", zip file "/data/app/com.freenow.android_demo-tlawTE6S8wQvT6mbXR7GeQ==/base.apk"],nativeLibraryDirectories=[/data/app/com.freenow.android_demo.test-sknCZ4HPqj1h8FQlWiYsJg==/lib/x86, /data/app/com.freenow.android_demo-tlawTE6S8wQvT6mbXR7GeQ==/lib/x86, /system/lib, /vendor/lib]]
12-12 13:15:33.701: I/zygote(20019):   at java.lang.Class dalvik.system.BaseDexClassLoader.findClass(java.lang.String) (BaseDexClassLoader.java:93)
12-12 13:15:33.701: I/zygote(20019):   at java.lang.Class java.lang.ClassLoader.loadClass(java.lang.String, boolean) (ClassLoader.java:379)
12-12 13:15:33.701: I/zygote(20019):   at java.lang.Class java.lang.ClassLoader.loadClass(java.lang.String) (ClassLoader.java:312)
12-12 13:15:33.701: I/zygote(20019):   at okhttp3.internal.platform.android.SocketAdapter okhttp3.internal.platform.android.ConscryptSocketAdapter.buildIfSupported() (ConscryptSocketAdapter.kt:64)
12-12 13:15:33.701: I/zygote(20019):   at void okhttp3.internal.platform.AndroidPlatform.<init>() (AndroidPlatform.kt:45)
12-12 13:15:33.701: I/zygote(20019):   at okhttp3.internal.platform.Platform okhttp3.internal.platform.AndroidPlatform$Companion.buildIfSupported() (AndroidPlatform.kt:239)
12-12 13:15:33.701: I/zygote(20019):   at okhttp3.internal.platform.Platform okhttp3.internal.platform.Platform$Companion.findPlatform() (Platform.kt:211)
12-12 13:15:33.701: I/zygote(20019):   at okhttp3.internal.platform.Platform okhttp3.internal.platform.Platform$Companion.access$findPlatform(okhttp3.internal.platform.Platform$Companion) (Platform.kt:179)
12-12 13:15:33.701: I/zygote(20019):   at void okhttp3.internal.platform.Platform.<clinit>() (Platform.kt:180)
12-12 13:15:33.701: I/zygote(20019):   at void okhttp3.OkHttpClient.<init>(okhttp3.OkHttpClient$Builder) (OkHttpClient.kt:219)
12-12 13:15:33.701: I/zygote(20019):   at okhttp3.OkHttpClient okhttp3.OkHttpClient$Builder.build() (OkHttpClient.kt:955)
12-12 13:15:33.701: I/zygote(20019):   at void com.freenow.android_demo.utils.network.HttpClient.<init>() (HttpClient.java:45)
12-12 13:15:33.701: I/zygote(20019):   at com.freenow.android_demo.utils.network.HttpClient com.freenow.android_demo.dependencies.module.NetworkModule.provideHttpClient() (NetworkModule.java:16)
12-12 13:15:33.701: I/zygote(20019):   at com.freenow.android_demo.utils.network.HttpClient com.freenow.android_demo.dependencies.module.NetworkModule_ProvideHttpClientFactory.get() (NetworkModule_ProvideHttpClientFactory.java:18)
12-12 13:15:33.701: I/zygote(20019):   at java.lang.Object com.freenow.android_demo.dependencies.module.NetworkModule_ProvideHttpClientFactory.get() (NetworkModule_ProvideHttpClientFactory.java:8)
12-12 13:15:33.701: I/zygote(20019):   at java.lang.Object dagger.internal.DoubleCheck.get() (DoubleCheck.java:47)
12-12 13:15:33.701: I/zygote(20019):   at com.freenow.android_demo.activities.MainActivity com.freenow.android_demo.dependencies.component.DaggerAppComponent.injectMainActivity(com.freenow.android_demo.activities.MainActivity) (DaggerAppComponent.java:75)
12-12 13:15:33.701: I/zygote(20019):   at void com.freenow.android_demo.dependencies.component.DaggerAppComponent.inject(com.freenow.android_demo.activities.MainActivity) (DaggerAppComponent.java:54)
12-12 13:15:33.701: I/zygote(20019):   at void com.freenow.android_demo.activities.MainActivity.onCreate(android.os.Bundle) (MainActivity.java:91)
12-12 13:15:33.701: I/zygote(20019):   at void android.app.Activity.performCreate(android.os.Bundle) (Activity.java:6975)
12-12 13:15:33.701: I/zygote(20019):   at void android.app.Instrumentation.callActivityOnCreate(android.app.Activity, android.os.Bundle) (Instrumentation.java:1213)
12-12 13:15:33.701: I/zygote(20019):   at void android.support.test.runner.MonitoringInstrumentation.callActivityOnCreate(android.app.Activity, android.os.Bundle) (MonitoringInstrumentation.java:667)
12-12 13:15:33.701: I/zygote(20019):   at android.app.Activity android.app.ActivityThread.performLaunchActivity(android.app.ActivityThread$ActivityClientRecord, android.content.Intent) (ActivityThread.java:2770)
12-12 13:15:33.701: I/zygote(20019):   at void android.app.ActivityThread.handleLaunchActivity(android.app.ActivityThread$ActivityClientRecord, android.content.Intent, java.lang.String) (ActivityThread.java:2892)
12-12 13:15:33.701: I/zygote(20019):   at void android.app.ActivityThread.-wrap11(android.app.ActivityThread, android.app.ActivityThread$ActivityClientRecord, android.content.Intent, java.lang.String) (ActivityThread.java:-1)
12-12 13:15:33.701: I/zygote(20019):   at void android.app.ActivityThread$H.handleMessage(android.os.Message) (ActivityThread.java:1593)
12-12 13:15:33.701: I/zygote(20019):   at void android.os.Handler.dispatchMessage(android.os.Message) (Handler.java:105)
12-12 13:15:33.701: I/zygote(20019):   at void android.os.Looper.loop() (Looper.java:164)
12-12 13:15:33.701: I/zygote(20019):   at void android.app.ActivityThread.main(java.lang.String[]) (ActivityThread.java:6541)
12-12 13:15:33.701: I/zygote(20019):   at java.lang.Object java.lang.reflect.Method.invoke(java.lang.Object, java.lang.Object[]) (Method.java:-2)
12-12 13:15:33.701: I/zygote(20019):   at void com.android.internal.os.Zygote$MethodAndArgsCaller.run() (Zygote.java:240)
12-12 13:15:33.701: I/zygote(20019):   at void com.android.internal.os.ZygoteInit.main(java.lang.String[]) (ZygoteInit.java:767)
12-12 13:15:33.713: I/zygote(20019): Rejecting re-init on previously-failed class java.lang.Class<okhttp3.internal.platform.ConscryptPlatform$configureTrustManager$1>: java.lang.NoClassDefFoundError: Failed resolution of: Lorg/conscrypt/ConscryptHostnameVerifier;
12-12 13:15:33.714: I/zygote(20019):   at okhttp3.internal.platform.android.SocketAdapter okhttp3.internal.platform.android.ConscryptSocketAdapter.buildIfSupported() (ConscryptSocketAdapter.kt:64)
12-12 13:15:33.714: I/zygote(20019):   at void okhttp3.internal.platform.AndroidPlatform.<init>() (AndroidPlatform.kt:45)
12-12 13:15:33.714: I/zygote(20019):   at okhttp3.internal.platform.Platform okhttp3.internal.platform.AndroidPlatform$Companion.buildIfSupported() (AndroidPlatform.kt:239)
12-12 13:15:33.714: I/zygote(20019):   at okhttp3.internal.platform.Platform okhttp3.internal.platform.Platform$Companion.findPlatform() (Platform.kt:211)
12-12 13:15:33.714: I/zygote(20019):   at okhttp3.internal.platform.Platform okhttp3.internal.platform.Platform$Companion.access$findPlatform(okhttp3.internal.platform.Platform$Companion) (Platform.kt:179)
12-12 13:15:33.714: I/zygote(20019):   at void okhttp3.internal.platform.Platform.<clinit>() (Platform.kt:180)
12-12 13:15:33.714: I/zygote(20019):   at void okhttp3.OkHttpClient.<init>(okhttp3.OkHttpClient$Builder) (OkHttpClient.kt:219)
12-12 13:15:33.714: I/zygote(20019):   at okhttp3.OkHttpClient okhttp3.OkHttpClient$Builder.build() (OkHttpClient.kt:955)
12-12 13:15:33.714: I/zygote(20019):   at void com.freenow.android_demo.utils.network.HttpClient.<init>() (HttpClient.java:45)
12-12 13:15:33.714: I/zygote(20019):   at com.freenow.android_demo.utils.network.HttpClient com.freenow.android_demo.dependencies.module.NetworkModule.provideHttpClient() (NetworkModule.java:16)
12-12 13:15:33.714: I/zygote(20019):   at com.freenow.android_demo.utils.network.HttpClient com.freenow.android_demo.dependencies.module.NetworkModule_ProvideHttpClientFactory.get() (NetworkModule_ProvideHttpClientFactory.java:18)
12-12 13:15:33.714: I/zygote(20019):   at java.lang.Object com.freenow.android_demo.dependencies.module.NetworkModule_ProvideHttpClientFactory.get() (NetworkModule_ProvideHttpClientFactory.java:8)
12-12 13:15:33.714: I/zygote(20019):   at java.lang.Object dagger.internal.DoubleCheck.get() (DoubleCheck.java:47)
12-12 13:15:33.714: I/zygote(20019):   at com.freenow.android_demo.activities.MainActivity com.freenow.android_demo.dependencies.component.DaggerAppComponent.injectMainActivity(com.freenow.android_demo.activities.MainActivity) (DaggerAppComponent.java:75)
12-12 13:15:33.714: I/zygote(20019):   at void com.freenow.android_demo.dependencies.component.DaggerAppComponent.inject(com.freenow.android_demo.activities.MainActivity) (DaggerAppComponent.java:54)
12-12 13:15:33.714: I/zygote(20019):   at void com.freenow.android_demo.activities.MainActivity.onCreate(android.os.Bundle) (MainActivity.java:91)
12-12 13:15:33.714: I/zygote(20019):   at void android.app.Activity.performCreate(android.os.Bundle) (Activity.java:6975)
12-12 13:15:33.714: I/zygote(20019):   at void android.app.Instrumentation.callActivityOnCreate(android.app.Activity, android.os.Bundle) (Instrumentation.java:1213)
12-12 13:15:33.714: I/zygote(20019):   at void android.support.test.runner.MonitoringInstrumentation.callActivityOnCreate(android.app.Activity, android.os.Bundle) (MonitoringInstrumentation.java:667)
12-12 13:15:33.714: I/zygote(20019):   at android.app.Activity android.app.ActivityThread.performLaunchActivity(android.app.ActivityThread$ActivityClientRecord, android.content.Intent) (ActivityThread.java:2770)
12-12 13:15:33.714: I/zygote(20019):   at void android.app.ActivityThread.handleLaunchActivity(android.app.ActivityThread$ActivityClientRecord, android.content.Intent, java.lang.String) (ActivityThread.java:2892)
12-12 13:15:33.714: I/zygote(20019):   at void android.app.ActivityThread.-wrap11(android.app.ActivityThread, android.app.ActivityThread$ActivityClientRecord, android.content.Intent, java.lang.String) (ActivityThread.java:-1)
12-12 13:15:33.714: I/zygote(20019):   at void android.app.ActivityThread$H.handleMessage(android.os.Message) (ActivityThread.java:1593)
12-12 13:15:33.714: I/zygote(20019):   at void android.os.Handler.dispatchMessage(android.os.Message) (Handler.java:105)
12-12 13:15:33.714: I/zygote(20019):   at void android.os.Looper.loop() (Looper.java:164)
12-12 13:15:33.714: I/zygote(20019):   at void android.app.ActivityThread.main(java.lang.String[]) (ActivityThread.java:6541)
12-12 13:15:33.714: I/zygote(20019):   at java.lang.Object java.lang.reflect.Method.invoke(java.lang.Object, java.lang.Object[]) (Method.java:-2)
12-12 13:15:33.714: I/zygote(20019):   at void com.android.internal.os.Zygote$MethodAndArgsCaller.run() (Zygote.java:240)
12-12 13:15:33.714: I/zygote(20019):   at void com.android.internal.os.ZygoteInit.main(java.lang.String[]) (ZygoteInit.java:767)
12-12 13:15:33.714: I/zygote(20019): Caused by: java.lang.ClassNotFoundException: Didn't find class "org.conscrypt.ConscryptHostnameVerifier" on path: DexPathList[[zip file "/system/framework/android.test.runner.jar", zip file "/data/app/com.freenow.android_demo.test-sknCZ4HPqj1h8FQlWiYsJg==/base.apk", zip file "/data/app/com.freenow.android_demo-tlawTE6S8wQvT6mbXR7GeQ==/base.apk"],nativeLibraryDirectories=[/data/app/com.freenow.android_demo.test-sknCZ4HPqj1h8FQlWiYsJg==/lib/x86, /data/app/com.freenow.android_demo-tlawTE6S8wQvT6mbXR7GeQ==/lib/x86, /system/lib, /vendor/lib]]
12-12 13:15:33.714: I/zygote(20019):   at java.lang.Class dalvik.system.BaseDexClassLoader.findClass(java.lang.String) (BaseDexClassLoader.java:93)
12-12 13:15:33.714: I/zygote(20019):   at java.lang.Class java.lang.ClassLoader.loadClass(java.lang.String, boolean) (ClassLoader.java:379)
12-12 13:15:33.714: I/zygote(20019):   at java.lang.Class java.lang.ClassLoader.loadClass(java.lang.String) (ClassLoader.java:312)
12-12 13:15:33.714: I/zygote(20019):   at okhttp3.internal.platform.android.SocketAdapter okhttp3.internal.platform.android.ConscryptSocketAdapter.buildIfSupported() (ConscryptSocketAdapter.kt:64)
12-12 13:15:33.714: I/zygote(20019):   at void okhttp3.internal.platform.AndroidPlatform.<init>() (AndroidPlatform.kt:45)
12-12 13:15:33.714: I/zygote(20019):   at okhttp3.internal.platform.Platform okhttp3.internal.platform.AndroidPlatform$Companion.buildIfSupported() (AndroidPlatform.kt:239)
12-12 13:15:33.714: I/zygote(20019):   at okhttp3.internal.platform.Platform okhttp3.internal.platform.Platform$Companion.findPlatform() (Platform.kt:211)
12-12 13:15:33.714: I/zygote(20019):   at okhttp3.internal.platform.Platform okhttp3.internal.platform.Platform$Companion.access$findPlatform(okhttp3.internal.platform.Platform$Companion) (Platform.kt:179)
12-12 13:15:33.714: I/zygote(20019):   at void okhttp3.internal.platform.Platform.<clinit>() (Platform.kt:180)
12-12 13:15:33.714: I/zygote(20019):   at void okhttp3.OkHttpClient.<init>(okhttp3.OkHttpClient$Builder) (OkHttpClient.kt:219)
12-12 13:15:33.714: I/zygote(20019):   at okhttp3.OkHttpClient okhttp3.OkHttpClient$Builder.build() (OkHttpClient.kt:955)
12-12 13:15:33.714: I/zygote(20019):   at void com.freenow.android_demo.utils.network.HttpClient.<init>() (HttpClient.java:45)
12-12 13:15:33.714: I/zygote(20019):   at com.freenow.android_demo.utils.network.HttpClient com.freenow.android_demo.dependencies.module.NetworkModule.provideHttpClient() (NetworkModule.java:16)
12-12 13:15:33.714: I/zygote(20019):   at com.freenow.android_demo.utils.network.HttpClient com.freenow.android_demo.dependencies.module.NetworkModule_ProvideHttpClientFactory.get() (NetworkModule_ProvideHttpClientFactory.java:18)
12-12 13:15:33.714: I/zygote(20019):   at java.lang.Object com.freenow.android_demo.dependencies.module.NetworkModule_ProvideHttpClientFactory.get() (NetworkModule_ProvideHttpClientFactory.java:8)
12-12 13:15:33.714: I/zygote(20019):   at java.lang.Object dagger.internal.DoubleCheck.get() (DoubleCheck.java:47)
12-12 13:15:33.714: I/zygote(20019):   at com.freenow.android_demo.activities.MainActivity com.freenow.android_demo.dependencies.component.DaggerAppComponent.injectMainActivity(com.freenow.android_demo.activities.MainActivity) (DaggerAppComponent.java:75)
12-12 13:15:33.714: I/zygote(20019):   at void com.freenow.android_demo.dependencies.component.DaggerAppComponent.inject(com.freenow.android_demo.activities.MainActivity) (DaggerAppComponent.java:54)
12-12 13:15:33.714: I/zygote(20019):   at void com.freenow.android_demo.activities.MainActivity.onCreate(android.os.Bundle) (MainActivity.java:91)
12-12 13:15:33.714: I/zygote(20019):   at void android.app.Activity.performCreate(android.os.Bundle) (Activity.java:6975)
12-12 13:15:33.714: I/zygote(20019):   at void android.app.Instrumentation.callActivityOnCreate(android.app.Activity, android.os.Bundle) (Instrumentation.java:1213)
12-12 13:15:33.714: I/zygote(20019):   at void android.support.test.runner.MonitoringInstrumentation.callActivityOnCreate(android.app.Activity, android.os.Bundle) (MonitoringInstrumentation.java:667)
12-12 13:15:33.714: I/zygote(20019):   at android.app.Activity android.app.ActivityThread.performLaunchActivity(android.app.ActivityThread$ActivityClientRecord, android.content.Intent) (ActivityThread.java:2770)
12-12 13:15:33.714: I/zygote(20019):   at void android.app.ActivityThread.handleLaunchActivity(android.app.ActivityThread$ActivityClientRecord, android.content.Intent, java.lang.String) (ActivityThread.java:2892)
12-12 13:15:33.714: I/zygote(20019):   at void android.app.ActivityThread.-wrap11(android.app.ActivityThread, android.app.ActivityThread$ActivityClientRecord, android.content.Intent, java.lang.String) (ActivityThread.java:-1)
12-12 13:15:33.714: I/zygote(20019):   at void android.app.ActivityThread$H.handleMessage(android.os.Message) (ActivityThread.java:1593)
12-12 13:15:33.714: I/zygote(20019):   at void android.os.Handler.dispatchMessage(android.os.Message) (Handler.java:105)
12-12 13:15:33.714: I/zygote(20019):   at void android.os.Looper.loop() (Looper.java:164)
12-12 13:15:33.714: I/zygote(20019):   at void android.app.ActivityThread.main(java.lang.String[]) (ActivityThread.java:6541)
12-12 13:15:33.714: I/zygote(20019):   at java.lang.Object java.lang.reflect.Method.invoke(java.lang.Object, java.lang.Object[]) (Method.java:-2)
12-12 13:15:33.714: I/zygote(20019):   at void com.android.internal.os.Zygote$MethodAndArgsCaller.run() (Zygote.java:240)
12-12 13:15:33.714: I/zygote(20019):   at void com.android.internal.os.ZygoteInit.main(java.lang.String[]) (ZygoteInit.java:767)
12-12 13:15:33.728: D/NetworkSecurityConfig(20019): No Network Security Config specified, using platform default
12-12 13:15:33.766: D/Test(20019): Fetching drivers
12-12 13:15:33.785: D/LifecycleMonitor(20019): Lifecycle status change: com.freenow.android_demo.activities.MainActivity@2a6dcfa in: CREATED
12-12 13:15:33.792: D/LifecycleMonitor(20019): Lifecycle status change: com.freenow.android_demo.activities.MainActivity@2a6dcfa in: STARTED
12-12 13:15:33.820: I/ActivityManager(2044): START u0 {cmp=com.freenow.android_demo/.activities.AuthenticationActivity} from uid 10095
12-12 13:15:33.829: W/System.err(20019): java.net.ConnectException: Failed to connect to localhost/127.0.0.1:8080
12-12 13:15:33.829: W/System.err(20019): 	at okhttp3.internal.connection.RealConnection.connectSocket(RealConnection.kt:270)
12-12 13:15:33.829: W/System.err(20019): 	at okhttp3.internal.connection.RealConnection.connect(RealConnection.kt:176)
12-12 13:15:33.830: W/System.err(20019): 	at okhttp3.internal.connection.ExchangeFinder.findConnection(ExchangeFinder.kt:236)
12-12 13:15:33.830: W/System.err(20019): 	at okhttp3.internal.connection.ExchangeFinder.findHealthyConnection(ExchangeFinder.kt:109)
12-12 13:15:33.830: W/System.err(20019): 	at okhttp3.internal.connection.ExchangeFinder.find(ExchangeFinder.kt:77)
12-12 13:15:33.830: W/System.err(20019): 	at okhttp3.internal.connection.Transmitter.newExchange$okhttp(Transmitter.kt:162)
12-12 13:15:33.830: W/System.err(20019): 	at okhttp3.internal.connection.ConnectInterceptor.intercept(ConnectInterceptor.kt:35)
12-12 13:15:33.830: W/System.err(20019): 	at okhttp3.internal.http.RealInterceptorChain.proceed(RealInterceptorChain.kt:112)
12-12 13:15:33.830: W/System.err(20019): 	at okhttp3.internal.http.RealInterceptorChain.proceed(RealInterceptorChain.kt:87)
12-12 13:15:33.830: W/System.err(20019): 	at okhttp3.internal.cache.CacheInterceptor.intercept(CacheInterceptor.kt:82)
12-12 13:15:33.830: W/System.err(20019): 	at okhttp3.internal.http.RealInterceptorChain.proceed(RealInterceptorChain.kt:112)
12-12 13:15:33.830: W/System.err(20019): 	at okhttp3.internal.http.RealInterceptorChain.proceed(RealInterceptorChain.kt:87)
12-12 13:15:33.831: W/System.err(20019): 	at okhttp3.internal.http.BridgeInterceptor.intercept(BridgeInterceptor.kt:84)
12-12 13:15:33.831: W/System.err(20019): 	at okhttp3.internal.http.RealInterceptorChain.proceed(RealInterceptorChain.kt:112)
12-12 13:15:33.831: W/System.err(20019): 	at okhttp3.internal.http.RetryAndFollowUpInterceptor.intercept(RetryAndFollowUpInterceptor.kt:71)
12-12 13:15:33.831: W/System.err(20019): 	at okhttp3.internal.http.RealInterceptorChain.proceed(RealInterceptorChain.kt:112)
12-12 13:15:33.831: W/System.err(20019): 	at okhttp3.internal.http.RealInterceptorChain.proceed(RealInterceptorChain.kt:87)
12-12 13:15:33.832: W/System.err(20019): 	at net.rafaeltoledo.okir.OkHttp3IdlingResource.intercept(OkHttp3IdlingResource.java:39)
12-12 13:15:33.832: W/System.err(20019): 	at okhttp3.internal.http.RealInterceptorChain.proceed(RealInterceptorChain.kt:112)
12-12 13:15:33.832: W/System.err(20019): 	at okhttp3.internal.http.RealInterceptorChain.proceed(RealInterceptorChain.kt:87)
12-12 13:15:33.832: W/System.err(20019): 	at okhttp3.RealCall.getResponseWithInterceptorChain(RealCall.kt:184)
12-12 13:15:33.832: W/System.err(20019): 	at okhttp3.RealCall$AsyncCall.run(RealCall.kt:136)
12-12 13:15:33.832: W/System.err(20019): 	at java.util.concurrent.ThreadPoolExecutor.runWorker(ThreadPoolExecutor.java:1162)
12-12 13:15:33.832: W/System.err(20019): 	at java.util.concurrent.ThreadPoolExecutor$Worker.run(ThreadPoolExecutor.java:636)
12-12 13:15:33.832: W/System.err(20019): 	at java.lang.Thread.run(Thread.java:764)
12-12 13:15:33.834: W/System.err(20019): Caused by: java.net.ConnectException: failed to connect to localhost/127.0.0.1 (port 8080) from /127.0.0.1 (port 49805) after 10000ms: isConnected failed: ECONNREFUSED (Connection refused)
12-12 13:15:33.834: W/System.err(20019): 	at libcore.io.IoBridge.isConnected(IoBridge.java:273)
12-12 13:15:33.834: W/System.err(20019): 	at libcore.io.IoBridge.connectErrno(IoBridge.java:188)
12-12 13:15:33.835: W/System.err(20019): 	at libcore.io.IoBridge.connect(IoBridge.java:130)
12-12 13:15:33.835: W/System.err(20019): 	at java.net.PlainSocketImpl.socketConnect(PlainSocketImpl.java:129)
12-12 13:15:33.835: W/System.err(20019): 	at java.net.AbstractPlainSocketImpl.doConnect(AbstractPlainSocketImpl.java:356)
12-12 13:15:33.836: W/System.err(20019): 	at java.net.AbstractPlainSocketImpl.connectToAddress(AbstractPlainSocketImpl.java:200)
12-12 13:15:33.836: W/System.err(20019): 	at java.net.AbstractPlainSocketImpl.connect(AbstractPlainSocketImpl.java:182)
12-12 13:15:33.836: W/System.err(20019): 	at java.net.SocksSocketImpl.connect(SocksSocketImpl.java:356)
12-12 13:15:33.837: W/System.err(20019): 	at java.net.Socket.connect(Socket.java:616)
12-12 13:15:33.837: W/System.err(20019): 	at okhttp3.internal.platform.AndroidPlatform.connectSocket(AndroidPlatform.kt:58)
12-12 13:15:33.837: W/System.err(20019): 	at okhttp3.internal.connection.RealConnection.connectSocket(RealConnection.kt:268)
12-12 13:15:33.837: W/System.err(20019): 	... 24 more
12-12 13:15:33.837: W/System.err(20019): Caused by: android.system.ErrnoException: isConnected failed: ECONNREFUSED (Connection refused)
12-12 13:15:33.837: W/System.err(20019): 	at libcore.io.IoBridge.isConnected(IoBridge.java:262)
12-12 13:15:33.837: W/System.err(20019): 	... 34 more
12-12 13:15:33.858: D/LifecycleMonitor(20019): Lifecycle status change: com.freenow.android_demo.activities.MainActivity@2a6dcfa in: RESUMED
12-12 13:15:33.876: E/SurfaceFlinger(1453): ro.sf.lcd_density must be defined as a build property
12-12 13:15:33.879: D/OpenGLRenderer(20019): HWUI GL Pipeline
12-12 13:15:33.921: D/LifecycleMonitor(20019): Lifecycle status change: com.freenow.android_demo.activities.MainActivity@2a6dcfa in: PAUSED
12-12 13:15:33.968: W/GCoreFlp(2810): No location to return for getLastLocation()
12-12 13:15:33.984: D/EGL_emulation(1453): eglMakeCurrent: 0xa9a20900: ver 3 0 (tinfo 0xa9a1b9e0)
12-12 13:15:34.120: I/chatty(1453): uid=1000(system) /system/bin/surfaceflinger identical 8 lines
12-12 13:15:34.123: D/EGL_emulation(1453): eglMakeCurrent: 0xa9a20900: ver 3 0 (tinfo 0xa9a1b9e0)
12-12 13:15:34.159: D/LifecycleMonitor(20019): Lifecycle status change: com.freenow.android_demo.activities.AuthenticationActivity@1c22b60 in: PRE_ON_CREATE
12-12 13:15:34.169: E/SurfaceFlinger(1453): ro.sf.lcd_density must be defined as a build property
12-12 13:15:34.221: I/TextInputLayout(20019): EditText added is not a TextInputEditText. Please switch to using that class instead.
12-12 13:15:34.230: I/TextInputLayout(20019): EditText added is not a TextInputEditText. Please switch to using that class instead.
12-12 13:15:34.244: D/LifecycleMonitor(20019): Lifecycle status change: com.freenow.android_demo.activities.AuthenticationActivity@1c22b60 in: CREATED
12-12 13:15:34.244: D/LifecycleMonitor(20019): Lifecycle status change: com.freenow.android_demo.activities.AuthenticationActivity@1c22b60 in: STARTED
12-12 13:15:34.254: D/LifecycleMonitor(20019): Lifecycle status change: com.freenow.android_demo.activities.AuthenticationActivity@1c22b60 in: RESUMED
12-12 13:15:34.259: E/SurfaceFlinger(1453): ro.sf.lcd_density must be defined as a build property
12-12 13:15:34.267: E/SurfaceFlinger(1453): ro.sf.lcd_density must be defined as a build property
12-12 13:15:34.283: E/Google Maps Android API(20019): Authorization failure.  Please see https://developers.google.com/maps/documentation/android-api/start for how to correctly set up the map.
12-12 13:15:34.289: E/Google Maps Android API(20019): In the Google Developer Console (https://console.developers.google.com)
12-12 13:15:34.289: E/Google Maps Android API(20019): Ensure that the "Google Maps Android API v2" is enabled.
12-12 13:15:34.289: E/Google Maps Android API(20019): Ensure that the following Android Key exists:
12-12 13:15:34.289: E/Google Maps Android API(20019): 	API Key: YOUR_KEY_HERE
12-12 13:15:34.289: E/Google Maps Android API(20019): 	Android Application (<cert_fingerprint>;<package_name>): 13:4F:1D:E7:E0:35:AB:D2:C4:2A:F3:B6:01:50:7C:4E:34:5F:5D:B1;com.freenow.android_demo
12-12 13:15:34.342: E/SurfaceFlinger(1453): ro.sf.lcd_density must be defined as a build property
12-12 13:15:34.349: D/EGL_emulation(1453): eglMakeCurrent: 0xa9a20900: ver 3 0 (tinfo 0xa9a1b9e0)
12-12 13:15:34.359: D/gralloc_ranchu(1440): gralloc_alloc: Creating ashmem region of size 14749696
12-12 13:15:34.384: D/(20019): HostConnection::get() New Host Connection established 0x918b8a80, tid 20169
12-12 13:15:34.390: D/EGL_emulation(1453): eglMakeCurrent: 0xa9a20900: ver 3 0 (tinfo 0xa9a1b9e0)
12-12 13:15:34.392: D/gralloc_ranchu(1440): gralloc_alloc: Creating ashmem region of size 14749696
