12-12 13:15:27.773: D/EGL_emulation(1453): eglMakeCurrent: 0xa9a20900: ver 3 0 (tinfo 0xa9a1b9e0)
12-12 13:15:27.823: I/chatty(1453): uid=1000(system) /system/bin/surfaceflinger identical 3 lines
12-12 13:15:27.825: D/EGL_emulation(1453): eglMakeCurrent: 0xa9a20900: ver 3 0 (tinfo 0xa9a1b9e0)
12-12 13:15:27.828: W/View(19758): dispatchProvideAutofillStructure(): not laid out, ignoring
12-12 13:15:27.833: D/EGL_emulation(1453): eglMakeCurrent: 0xa9a20900: ver 3 0 (tinfo 0xa9a1b9e0)
12-12 13:15:27.834: W/Binder(2044): Outgoing transactions from this process must be FLAG_ONEWAY
12-12 13:15:27.834: W/Binder(2044): java.lang.Throwable
12-12 13:15:27.834: W/Binder(2044): 	at android.os.BinderProxy.transact(Binder.java:736)
12-12 13:15:27.834: W/Binder(2044): 	at android.app.assist.AssistStructure$ParcelTransferReader.fetchData(AssistStructure.java:407)
12-12 13:15:27.834: W/Binder(2044): 	at android.app.assist.AssistStructure$ParcelTransferReader.go(AssistStructure.java:343)
12-12 13:15:27.834: W/Binder(2044): 	at android.app.assist.AssistStructure.ensureData(AssistStructure.java:2106)
12-12 13:15:27.834: W/Binder(2044): 	at com.android.server.autofill.Session$1.send(Session.java:200)
12-12 13:15:27.834: W/Binder(2044): 	at com.android.server.am.ActivityManagerService.reportAssistContextExtras(ActivityManagerService.java:13139)
12-12 13:15:27.834: W/Binder(2044): 	at android.app.IActivityManager$Stub.onTransact(IActivityManager.java:2466)
12-12 13:15:27.834: W/Binder(2044): 	at com.android.server.am.ActivityManagerService.onTransact(ActivityManagerService.java:2935)
12-12 13:15:27.834: W/Binder(2044): 	at android.os.Binder.execTransact(Binder.java:674)
12-12 13:15:27.835: D/EGL_emulation(1453): eglMakeCurrent: 0xa9a20900: ver 3 0 (tinfo 0xa9a1b9e0)
12-12 13:15:27.837: I/AssistStructure(19758): Flattened final assist data: 2428 bytes, containing 1 windows, 9 views
12-12 13:15:27.854: D/EGL_emulation(1453): eglMakeCurrent: 0xa9a20900: ver 3 0 (tinfo 0xa9a1b9e0)
12-12 13:15:27.866: D/EGL_emulation(1453): eglMakeCurrent: 0xa9a20900: ver 3 0 (tinfo 0xa9a1b9e0)
12-12 13:15:27.878: I/AssistStructure(2044): Flattened final assist data: 2228 bytes, containing 1 windows, 9 views
12-12 13:15:27.883: D/EGL_emulation(1453): eglMakeCurrent: 0xa9a20900: ver 3 0 (tinfo 0xa9a1b9e0)
12-12 13:15:27.896: D/LifecycleMonitor(19758): Lifecycle status change: com.freenow.android_demo.activities.MainActivity@2a6dcfa in: STOPPED
12-12 13:15:27.896: D/LifecycleMonitor(19758): running callback: android.support.test.rule.ActivityTestRule$LifecycleCallback@76064c8
12-12 13:15:27.896: D/EGL_emulation(1453): eglMakeCurrent: 0xa9a20900: ver 3 0 (tinfo 0xa9a1b9e0)
12-12 13:15:27.896: D/LifecycleMonitor(19758): callback completes: android.support.test.rule.ActivityTestRule$LifecycleCallback@76064c8
12-12 13:15:27.908: D/EGL_emulation(1453): eglMakeCurrent: 0xa9a20900: ver 3 0 (tinfo 0xa9a1b9e0)
12-12 13:15:27.910: I/chatty(1453): uid=1000(system) /system/bin/surfaceflinger identical 1 line
12-12 13:15:27.918: D/EGL_emulation(1453): eglMakeCurrent: 0xa9a20900: ver 3 0 (tinfo 0xa9a1b9e0)
12-12 13:15:27.919: D/LifecycleMonitor(19758): Lifecycle status change: com.freenow.android_demo.activities.MainActivity@2a6dcfa in: DESTROYED
12-12 13:15:27.919: D/EGL_emulation(1453): eglMakeCurrent: 0xa9a20900: ver 3 0 (tinfo 0xa9a1b9e0)
12-12 13:15:27.919: D/LifecycleMonitor(19758): running callback: android.support.test.rule.ActivityTestRule$LifecycleCallback@76064c8
12-12 13:15:27.919: D/LifecycleMonitor(19758): callback completes: android.support.test.rule.ActivityTestRule$LifecycleCallback@76064c8
12-12 13:15:27.922: I/ActivityManager(2044): Activity reported stop, but no longer stopping: ActivityRecord{57c33e6 u0 com.freenow.android_demo/.activities.MainActivity t88 f}
12-12 13:15:27.930: W/SurfaceFlinger(1453): couldn't log to binary event log: overflow.
12-12 13:15:27.941: D/EGL_emulation(1453): eglMakeCurrent: 0xa9a20900: ver 3 0 (tinfo 0xa9a1b9e0)
12-12 13:15:27.945: I/TestRunner(19758): failed: loginFailing1(com.freenow.android_demo.tests.LoginTest)
12-12 13:15:27.945: I/TestRunner(19758): ----- begin exception -----
12-12 13:15:27.951: I/TestRunner(19758): java.lang.AssertionError: expected:<1> but was:<2>
12-12 13:15:27.951: I/TestRunner(19758): 	at org.junit.Assert.fail(Assert.java:88)
12-12 13:15:27.951: I/TestRunner(19758): 	at org.junit.Assert.failNotEquals(Assert.java:834)
12-12 13:15:27.951: I/TestRunner(19758): 	at org.junit.Assert.assertEquals(Assert.java:645)
12-12 13:15:27.951: I/TestRunner(19758): 	at org.junit.Assert.assertEquals(Assert.java:631)
12-12 13:15:27.951: I/TestRunner(19758): 	at com.freenow.android_demo.tests.LoginTest.loginFailing1(LoginTest.kt:84)
12-12 13:15:27.951: I/TestRunner(19758): 	at java.lang.reflect.Method.invoke(Native Method)
12-12 13:15:27.951: I/TestRunner(19758): 	at org.junit.runners.model.FrameworkMethod$1.runReflectiveCall(FrameworkMethod.java:50)
12-12 13:15:27.951: I/TestRunner(19758): 	at org.junit.internal.runners.model.ReflectiveCallable.run(ReflectiveCallable.java:12)
12-12 13:15:27.951: I/TestRunner(19758): 	at org.junit.runners.model.FrameworkMethod.invokeExplosively(FrameworkMethod.java:47)
12-12 13:15:27.951: I/TestRunner(19758): 	at org.junit.internal.runners.statements.InvokeMethod.evaluate(InvokeMethod.java:17)
12-12 13:15:27.951: I/TestRunner(19758): 	at android.support.test.internal.runner.junit4.statement.RunBefores.evaluate(RunBefores.java:80)
12-12 13:15:27.951: I/TestRunner(19758): 	at android.support.test.internal.runner.junit4.statement.RunAfters.evaluate(RunAfters.java:61)
12-12 13:15:27.951: I/TestRunner(19758): 	at android.support.test.rule.ActivityTestRule$ActivityStatement.evaluate(ActivityTestRule.java:527)
12-12 13:15:27.951: I/TestRunner(19758): 	at com.freenow.android_demo.utils.ClearPreferencesRule$apply$1.evaluate(ClearPreferencesRule.kt:41)
12-12 13:15:27.951: I/TestRunner(19758): 	at android.support.test.rule.GrantPermissionRule$RequestPermissionStatement.evaluate(GrantPermissionRule.java:129)
12-12 13:15:27.951: I/TestRunner(19758): 	at org.junit.rules.RunRules.evaluate(RunRules.java:20)
12-12 13:15:27.951: I/TestRunner(19758): 	at org.junit.runners.ParentRunner.runLeaf(ParentRunner.java:325)
12-12 13:15:27.951: I/TestRunner(19758): 	at org.junit.runners.BlockJUnit4ClassRunner.runChild(BlockJUnit4ClassRunner.java:78)
12-12 13:15:27.951: I/TestRunner(19758): 	at org.junit.runners.BlockJUnit4ClassRunner.runChild(BlockJUnit4ClassRunner.java:57)
12-12 13:15:27.951: I/TestRunner(19758): 	at org.junit.runners.ParentRunner$3.run(ParentRunner.java:290)
12-12 13:15:27.951: I/TestRunner(19758): 	at org.junit.runners.ParentRunner$1.schedule(ParentRunner.java:71)
12-12 13:15:27.951: I/TestRunner(19758): 	at org.junit.runners.ParentRunner.runChildren(ParentRunner.java:288)
12-12 13:15:27.951: I/TestRunner(19758): 	at org.junit.runners.ParentRunner.access$000(ParentRunner.java:58)
12-12 13:15:27.951: I/TestRunner(19758): 	at org.junit.runners.ParentRunner$2.evaluate(ParentRunner.java:268)
12-12 13:15:27.951: I/TestRunner(19758): 	at org.junit.runners.ParentRunner.run(ParentRunner.java:363)
12-12 13:15:27.951: I/TestRunner(19758): 	at android.support.test.runner.AndroidJUnit4.run(AndroidJUnit4.java:101)
12-12 13:15:27.951: I/TestRunner(19758): 	at org.junit.runners.Suite.runChild(Suite.java:128)
12-12 13:15:27.951: I/TestRunner(19758): 	at org.junit.runners.Suite.runChild(Suite.java:27)
12-12 13:15:27.951: I/TestRunner(19758): 	at org.junit.runners.ParentRunner$3.run(ParentRunner.java:290)
12-12 13:15:27.951: I/TestRunner(19758): 	at org.junit.runners.ParentRunner$1.schedule(ParentRunner.java:71)
12-12 13:15:27.951: I/TestRunner(19758): 	at org.junit.runners.ParentRunner.runChildren(ParentRunner.java:288)
12-12 13:15:27.951: I/TestRunner(19758): 	at org.junit.runners.ParentRunner.access$000(ParentRunner.java:58)
12-12 13:15:27.951: I/TestRunner(19758): 	at org.junit.runners.ParentRunner$2.evaluate(ParentRunner.java:268)
12-12 13:15:27.951: I/TestRunner(19758): 	at org.junit.runners.ParentRunner.run(ParentRunner.java:363)
12-12 13:15:27.951: I/TestRunner(19758): 	at org.junit.runner.JUnitCore.run(JUnitCore.java:137)
12-12 13:15:27.951: I/TestRunner(19758): 	at org.junit.runner.JUnitCore.run(JUnitCore.java:115)
12-12 13:15:27.951: I/TestRunner(19758): 	at android.support.test.internal.runner.TestExecutor.execute(TestExecutor.java:56)
12-12 13:15:27.951: I/TestRunner(19758): 	at android.support.test.runner.AndroidJUnitRunner.onStart(AndroidJUnitRunner.java:384)
12-12 13:15:27.951: I/TestRunner(19758): 	at android.app.Instrumentation$InstrumentationThread.run(Instrumentation.java:2074)
12-12 13:15:27.951: I/TestRunner(19758): ----- end exception -----
12-12 13:15:27.961: I/TestRunner(19758): finished: loginFailing1(com.freenow.android_demo.tests.LoginTest)
