12-12 13:15:25.067: I/TestRunner(19758): started: loginFailing1(com.freenow.android_demo.tests.LoginTest)
12-12 13:15:25.070: I/MonitoringInstr(19758): Activities that are still in CREATED to STOPPED: 0
12-12 13:15:25.071: I/GrantPermissionCallable(19758): Permission: android.permission.ACCESS_FINE_LOCATION is already granted!
12-12 13:15:25.078: W/ActivityTestRule(19758): getActivityIntent() returned null using default: Intent(Intent.ACTION_MAIN)
12-12 13:15:25.081: I/ActivityManager(2044): START u0 {act=android.intent.action.MAIN flg=0x14000000 cmp=com.freenow.android_demo/.activities.MainActivity} from uid 10095
12-12 13:15:25.125: D/gralloc_ranchu(1440): gralloc_alloc: Creating ashmem region of size 14749696
12-12 13:15:25.126: D/LifecycleMonitor(19758): Lifecycle status change: com.freenow.android_demo.activities.MainActivity@2a6dcfa in: PRE_ON_CREATE
12-12 13:15:25.145: D/EGL_emulation(1453): eglMakeCurrent: 0xa9a20900: ver 3 0 (tinfo 0xa9a1b9e0)
12-12 13:15:25.194: I/chatty(1453): uid=1000(system) /system/bin/surfaceflinger identical 1 line
12-12 13:15:25.212: D/EGL_emulation(1453): eglMakeCurrent: 0xa9a20900: ver 3 0 (tinfo 0xa9a1b9e0)
12-12 13:15:25.221: E/ContentStoreEUAS(4101): Failed to commit the deferred actions
12-12 13:15:25.233: D/EGL_emulation(1453): eglMakeCurrent: 0xa9a20900: ver 3 0 (tinfo 0xa9a1b9e0)
12-12 13:15:25.247: I/chatty(1453): uid=1000(system) /system/bin/surfaceflinger identical 1 line
12-12 13:15:25.250: D/EGL_emulation(1453): eglMakeCurrent: 0xa9a20900: ver 3 0 (tinfo 0xa9a1b9e0)
12-12 13:15:25.273: D/EGL_emulation(4101): eglMakeCurrent: 0xa4b05720: ver 3 0 (tinfo 0xa4b03570)
12-12 13:15:25.276: D/EGL_emulation(3561): eglMakeCurrent: 0xa470ea60: ver 3 0 (tinfo 0xa21ff450)
12-12 13:15:25.286: D/EGL_emulation(1453): eglMakeCurrent: 0xa9a20900: ver 3 0 (tinfo 0xa9a1b9e0)
12-12 13:15:25.314: I/chatty(1453): uid=1000(system) /system/bin/surfaceflinger identical 3 lines
12-12 13:15:25.322: D/EGL_emulation(1453): eglMakeCurrent: 0xa9a20900: ver 3 0 (tinfo 0xa9a1b9e0)
12-12 13:15:25.323: E/SurfaceFlinger(1453): ro.sf.lcd_density must be defined as a build property
12-12 13:15:25.324: D/EGL_emulation(1453): eglMakeCurrent: 0xa9a20900: ver 3 0 (tinfo 0xa9a1b9e0)
12-12 13:15:25.336: D/EGL_emulation(1453): eglMakeCurrent: 0xa9a20900: ver 3 0 (tinfo 0xa9a1b9e0)
12-12 13:15:25.344: I/zzbz(19758): Making Creator dynamically
12-12 13:15:25.349: D/EGL_emulation(1453): eglMakeCurrent: 0xa9a20900: ver 3 0 (tinfo 0xa9a1b9e0)
12-12 13:15:25.361: D/EGL_emulation(1453): eglMakeCurrent: 0xa9a20900: ver 3 0 (tinfo 0xa9a1b9e0)
12-12 13:15:25.363: W/zygote(19758): Skipping duplicate class check due to unrecognized classloader
12-12 13:15:25.369: I/DynamiteModule(19758): Considering local module com.google.android.gms.maps_dynamite:0 and remote module com.google.android.gms.maps_dynamite:221
12-12 13:15:25.369: I/DynamiteModule(19758): Selected remote version of com.google.android.gms.maps_dynamite, version >= 221
12-12 13:15:25.374: D/EGL_emulation(1453): eglMakeCurrent: 0xa9a20900: ver 3 0 (tinfo 0xa9a1b9e0)
12-12 13:15:25.378: I/chatty(1453): uid=1000(system) /system/bin/surfaceflinger identical 1 line
12-12 13:15:25.381: D/EGL_emulation(1453): eglMakeCurrent: 0xa9a20900: ver 3 0 (tinfo 0xa9a1b9e0)
12-12 13:15:25.404: E/SurfaceFlinger(1453): ro.sf.lcd_density must be defined as a build property
12-12 13:15:25.443: E/SurfaceFlinger(1453): ro.sf.lcd_density must be defined as a build property
12-12 13:15:25.449: W/zygote(19758): Skipping duplicate class check due to unrecognized classloader
12-12 13:15:25.474: I/Google Maps Android API(19758): Google Play services client version: 12451000
12-12 13:15:25.477: E/SurfaceFlinger(1453): ro.sf.lcd_density must be defined as a build property
12-12 13:15:25.477: I/Google Maps Android API(19758): Google Play services package version: 16089022
12-12 13:15:25.480: I/OMXClient(19782): Treble IOmx obtained
12-12 13:15:25.481: I/OMXMaster(19435): makeComponentInstance(OMX.google.h264.encoder) in omx@1.0-service process
12-12 13:15:25.491: W/OMXUtils(19782): do not know color format 0x7f000789 = 2130708361
12-12 13:15:25.492: I/ACodec(19782): setupAVCEncoderParameters with [profile: Baseline] [level: Level41]
12-12 13:15:25.492: I/ACodec(19782): [OMX.google.h264.encoder] cannot encode color aspects. Ignoring.
12-12 13:15:25.492: I/ACodec(19782): [OMX.google.h264.encoder] cannot encode HDR static metadata. Ignoring.
12-12 13:15:25.492: I/ACodec(19782): setupVideoEncoder succeeded
12-12 13:15:25.492: W/OMXUtils(19782): do not know color format 0x7f000789 = 2130708361
12-12 13:15:25.492: E/OMXNodeInstance(19435): getConfig(0xb0e21aa0:google.h264.encoder, ConfigLatency(0x6f800005)) ERROR: Undefined(0x80001001)
12-12 13:15:25.492: E/OMXNodeInstance(19435): getConfig(0xb0e21aa0:google.h264.encoder, ConfigAndroidVendorExtension(0x6f100004)) ERROR: Undefined(0x80001001)
12-12 13:15:25.495: D/GraphicBufferSource(19435): setting dataspace: 0x104, acquired=0
12-12 13:15:25.495: D/GraphicBufferSource(19435): requesting color aspects (R:2(Limited), P:1(BT709_5), M:1(BT709_5), T:3(SMPTE170M))
12-12 13:15:25.497: W//system/bin/hw/android.hidl.allocator@1.0-service(1430): ashmem_create_region(12) returning hidl_memory(0xb219b850, 12)
12-12 13:15:25.500: W//system/bin/hw/android.hidl.allocator@1.0-service(1430): ashmem_create_region(12) returning hidl_memory(0xb219b850, 12)
12-12 13:15:25.501: W//system/bin/hw/android.hidl.allocator@1.0-service(1430): ashmem_create_region(2764800) returning hidl_memory(0xb219b850, 2764800)
12-12 13:15:25.502: W//system/bin/hw/android.hidl.allocator@1.0-service(1430): ashmem_create_region(2764800) returning hidl_memory(0xb219b850, 2764800)
12-12 13:15:25.504: D/SoftAVCEnc(19435): Params width 1440 height 2560 level 50 colorFormat 0
12-12 13:15:25.508: E/(1453): HpInterface: Wrong interface type.
12-12 13:15:25.525: E/FrameEvents(1453): Source mDeltas not empty.
12-12 13:15:25.525: E/FrameEvents(1453): Source mDeltas not empty.
12-12 13:15:25.526: W/GraphicBufferSource(19435): releasing an unpopulated slot: 0
12-12 13:15:25.526: W/GraphicBufferSource(19435): releasing an unpopulated slot: 1
12-12 13:15:25.526: W/GraphicBufferSource(19435): releasing an unpopulated slot: 2
12-12 13:15:25.526: W/GraphicBufferSource(19435): releasing an unpopulated slot: 3
12-12 13:15:25.526: W/GraphicBufferSource(19435): releasing an unpopulated slot: 4
12-12 13:15:25.526: W/GraphicBufferSource(19435): releasing an unpopulated slot: 5
12-12 13:15:25.526: W/GraphicBufferSource(19435): releasing an unpopulated slot: 6
12-12 13:15:25.526: W/GraphicBufferSource(19435): releasing an unpopulated slot: 7
12-12 13:15:25.526: W/GraphicBufferSource(19435): releasing an unpopulated slot: 8
12-12 13:15:25.526: W/GraphicBufferSource(19435): releasing an unpopulated slot: 9
12-12 13:15:25.526: W/GraphicBufferSource(19435): releasing an unpopulated slot: 10
12-12 13:15:25.526: W/GraphicBufferSource(19435): releasing an unpopulated slot: 11
12-12 13:15:25.526: W/GraphicBufferSource(19435): releasing an unpopulated slot: 12
12-12 13:15:25.526: W/GraphicBufferSource(19435): releasing an unpopulated slot: 13
12-12 13:15:25.526: W/GraphicBufferSource(19435): releasing an unpopulated slot: 14
12-12 13:15:25.526: W/GraphicBufferSource(19435): releasing an unpopulated slot: 15
12-12 13:15:25.526: W/GraphicBufferSource(19435): releasing an unpopulated slot: 16
12-12 13:15:25.526: W/GraphicBufferSource(19435): releasing an unpopulated slot: 17
12-12 13:15:25.526: W/GraphicBufferSource(19435): releasing an unpopulated slot: 18
12-12 13:15:25.526: W/GraphicBufferSource(19435): releasing an unpopulated slot: 19
12-12 13:15:25.526: W/GraphicBufferSource(19435): releasing an unpopulated slot: 20
12-12 13:15:25.526: W/GraphicBufferSource(19435): releasing an unpopulated slot: 21
12-12 13:15:25.526: W/GraphicBufferSource(19435): releasing an unpopulated slot: 22
12-12 13:15:25.526: W/GraphicBufferSource(19435): releasing an unpopulated slot: 23
12-12 13:15:25.526: W/GraphicBufferSource(19435): releasing an unpopulated slot: 24
12-12 13:15:25.526: W/GraphicBufferSource(19435): releasing an unpopulated slot: 25
12-12 13:15:25.526: W/GraphicBufferSource(19435): releasing an unpopulated slot: 26
12-12 13:15:25.526: W/GraphicBufferSource(19435): releasing an unpopulated slot: 27
12-12 13:15:25.526: W/GraphicBufferSource(19435): releasing an unpopulated slot: 28
12-12 13:15:25.526: W/GraphicBufferSource(19435): releasing an unpopulated slot: 29
12-12 13:15:25.526: W/GraphicBufferSource(19435): releasing an unpopulated slot: 30
12-12 13:15:25.526: W/GraphicBufferSource(19435): releasing an unpopulated slot: 31
12-12 13:15:25.526: W/GraphicBufferSource(19435): releasing an unpopulated slot: 32
12-12 13:15:25.526: W/GraphicBufferSource(19435): releasing an unpopulated slot: 33
12-12 13:15:25.526: W/GraphicBufferSource(19435): releasing an unpopulated slot: 34
12-12 13:15:25.526: W/GraphicBufferSource(19435): releasing an unpopulated slot: 35
12-12 13:15:25.526: W/GraphicBufferSource(19435): releasing an unpopulated slot: 36
12-12 13:15:25.526: W/GraphicBufferSource(19435): releasing an unpopulated slot: 37
12-12 13:15:25.526: W/GraphicBufferSource(19435): releasing an unpopulated slot: 38
12-12 13:15:25.526: W/GraphicBufferSource(19435): releasing an unpopulated slot: 39
12-12 13:15:25.526: W/GraphicBufferSource(19435): releasing an unpopulated slot: 40
12-12 13:15:25.526: W/GraphicBufferSource(19435): releasing an unpopulated slot: 41
12-12 13:15:25.526: W/GraphicBufferSource(19435): releasing an unpopulated slot: 42
12-12 13:15:25.526: W/GraphicBufferSource(19435): releasing an unpopulated slot: 43
12-12 13:15:25.526: W/GraphicBufferSource(19435): releasing an unpopulated slot: 44
12-12 13:15:25.526: W/GraphicBufferSource(19435): releasing an unpopulated slot: 45
12-12 13:15:25.526: W/GraphicBufferSource(19435): releasing an unpopulated slot: 46
12-12 13:15:25.526: W/GraphicBufferSource(19435): releasing an unpopulated slot: 47
12-12 13:15:25.526: W/GraphicBufferSource(19435): releasing an unpopulated slot: 48
12-12 13:15:25.526: W/GraphicBufferSource(19435): releasing an unpopulated slot: 49
12-12 13:15:25.526: W/GraphicBufferSource(19435): releasing an unpopulated slot: 50
12-12 13:15:25.526: W/GraphicBufferSource(19435): releasing an unpopulated slot: 51
12-12 13:15:25.526: W/GraphicBufferSource(19435): releasing an unpopulated slot: 52
12-12 13:15:25.526: W/GraphicBufferSource(19435): releasing an unpopulated slot: 53
12-12 13:15:25.526: W/GraphicBufferSource(19435): releasing an unpopulated slot: 54
12-12 13:15:25.526: W/GraphicBufferSource(19435): releasing an unpopulated slot: 55
12-12 13:15:25.526: W/GraphicBufferSource(19435): releasing an unpopulated slot: 56
12-12 13:15:25.526: W/GraphicBufferSource(19435): releasing an unpopulated slot: 57
12-12 13:15:25.526: W/GraphicBufferSource(19435): releasing an unpopulated slot: 58
12-12 13:15:25.526: W/GraphicBufferSource(19435): releasing an unpopulated slot: 59
12-12 13:15:25.526: W/GraphicBufferSource(19435): releasing an unpopulated slot: 60
12-12 13:15:25.526: W/GraphicBufferSource(19435): releasing an unpopulated slot: 61
12-12 13:15:25.526: W/GraphicBufferSource(19435): releasing an unpopulated slot: 62
12-12 13:15:25.526: W/GraphicBufferSource(19435): releasing an unpopulated slot: 63
12-12 13:15:25.527: D/gralloc_ranchu(1440): gralloc_alloc: Creating ashmem region of size 14749696
12-12 13:15:25.551: E/SurfaceFlinger(1453): ro.sf.lcd_density must be defined as a build property
12-12 13:15:25.578: E/SurfaceFlinger(1453): ro.sf.lcd_density must be defined as a build property
12-12 13:15:25.584: D/(19782): HostConnection::get() New Host Connection established 0xb04c8900, tid 19814
12-12 13:15:25.594: D/EGL_emulation(1453): eglMakeCurrent: 0xa9a20900: ver 3 0 (tinfo 0xa9a1b9e0)
12-12 13:15:25.608: D/GraphicBufferSource(19435): got buffer with new dataSpace #104
12-12 13:15:25.608: D/gralloc_ranchu(1440): gralloc_alloc: Creating ashmem region of size 14749696
12-12 13:15:25.608: D/ACodec(19782): dataspace changed to 0x10c10000 (R:2(Limited), P:1(BT709_5), M:1(BT709_5), T:3(SMPTE170M)) (R:2(Limited), S:1(BT709), T:3(SMPTE_170M))
12-12 13:15:25.608: D/gralloc_ranchu(1440): gralloc_alloc: Creating ashmem region of size 14749696
12-12 13:15:25.609: I/MPEG4Writer(19782): limits: 4294967295/0 bytes/us, bit rate: -1 bps and the estimated moov size 3195 bytes
12-12 13:15:25.612: D/(19435): HostConnection::get() New Host Connection established 0xb0a97c80, tid 19804
12-12 13:15:25.663: D/EGL_emulation(1453): eglMakeCurrent: 0xa9a20900: ver 3 0 (tinfo 0xa9a1b9e0)
12-12 13:15:25.665: E/SurfaceFlinger(1453): ro.sf.lcd_density must be defined as a build property
12-12 13:15:25.681: D/EGL_emulation(1453): eglMakeCurrent: 0xa9a20900: ver 3 0 (tinfo 0xa9a1b9e0)
12-12 13:15:25.733: I/chatty(1453): uid=1000(system) /system/bin/surfaceflinger identical 5 lines
12-12 13:15:25.758: D/EGL_emulation(1453): eglMakeCurrent: 0xa9a20900: ver 3 0 (tinfo 0xa9a1b9e0)
12-12 13:15:25.769: D/gralloc_ranchu(1440): gralloc_alloc: Creating ashmem region of size 14749696
12-12 13:15:25.795: D/EGL_emulation(1453): eglMakeCurrent: 0xa9a20900: ver 3 0 (tinfo 0xa9a1b9e0)
12-12 13:15:25.845: I/chatty(1453): uid=1000(system) /system/bin/surfaceflinger identical 6 lines
12-12 13:15:25.849: D/EGL_emulation(1453): eglMakeCurrent: 0xa9a20900: ver 3 0 (tinfo 0xa9a1b9e0)
12-12 13:15:25.862: D/gralloc_ranchu(1440): gralloc_alloc: Creating ashmem region of size 14749696
12-12 13:15:25.867: E/SurfaceFlinger(1453): ro.sf.lcd_density must be defined as a build property
12-12 13:15:25.888: E/SurfaceFlinger(1453): ro.sf.lcd_density must be defined as a build property
12-12 13:15:25.901: D/(19782): HostConnection::get() New Host Connection established 0xb001c100, tid 19806
12-12 13:15:25.928: D/EGL_emulation(1453): eglMakeCurrent: 0xa9a20900: ver 3 0 (tinfo 0xa9a1b9e0)
12-12 13:15:26.044: I/chatty(1453): uid=1000(system) /system/bin/surfaceflinger identical 17 lines
12-12 13:15:26.052: D/EGL_emulation(1453): eglMakeCurrent: 0xa9a20900: ver 3 0 (tinfo 0xa9a1b9e0)
12-12 13:15:26.053: D/(19435): HostConnection::get() New Host Connection established 0xb0a97c00, tid 19805
12-12 13:15:26.054: E/SurfaceFlinger(1453): ro.sf.lcd_density must be defined as a build property
12-12 13:15:26.056: I/MPEG4Writer(19782): setStartTimestampUs: 75236641510
12-12 13:15:26.056: I/MPEG4Writer(19782): Earliest track starting time: 75236641510
12-12 13:15:26.068: D/EGL_emulation(1453): eglMakeCurrent: 0xa9a20900: ver 3 0 (tinfo 0xa9a1b9e0)
12-12 13:15:26.070: E/SurfaceFlinger(1453): ro.sf.lcd_density must be defined as a build property
12-12 13:15:26.074: D/EGL_emulation(1453): eglMakeCurrent: 0xa9a20900: ver 3 0 (tinfo 0xa9a1b9e0)
12-12 13:15:26.076: I/zygote(19758): Background concurrent copying GC freed 8967(1209KB) AllocSpace objects, 0(0B) LOS objects, 53% free, 1340KB/2MB, paused 11.064ms total 310.046ms
12-12 13:15:26.082: D/EGL_emulation(1453): eglMakeCurrent: 0xa9a20900: ver 3 0 (tinfo 0xa9a1b9e0)
12-12 13:15:26.130: I/chatty(1453): uid=1000(system) /system/bin/surfaceflinger identical 9 lines
12-12 13:15:26.136: D/EGL_emulation(1453): eglMakeCurrent: 0xa9a20900: ver 3 0 (tinfo 0xa9a1b9e0)
12-12 13:15:26.146: E/SurfaceFlinger(1453): ro.sf.lcd_density must be defined as a build property
12-12 13:15:26.151: D/EGL_emulation(1453): eglMakeCurrent: 0xa9a20900: ver 3 0 (tinfo 0xa9a1b9e0)
12-12 13:15:26.197: I/chatty(1453): uid=1000(system) /system/bin/surfaceflinger identical 5 lines
12-12 13:15:26.199: D/EGL_emulation(1453): eglMakeCurrent: 0xa9a20900: ver 3 0 (tinfo 0xa9a1b9e0)
12-12 13:15:26.271: I/zygote(19758): Do partial code cache collection, code=28KB, data=23KB
12-12 13:15:26.275: I/zygote(19758): After code cache collection, code=28KB, data=23KB
12-12 13:15:26.275: I/zygote(19758): Increasing code cache capacity to 128KB
12-12 13:15:26.286: E/SurfaceFlinger(1453): ro.sf.lcd_density must be defined as a build property
12-12 13:15:26.349: E/SurfaceFlinger(1453): ro.sf.lcd_density must be defined as a build property
12-12 13:15:26.350: E/SurfaceFlinger(1453): ro.sf.lcd_density must be defined as a build property
12-12 13:15:26.515: I/zygote(19758): Rejecting re-init on previously-failed class java.lang.Class<okhttp3.internal.platform.ConscryptPlatform$configureTrustManager$1>: java.lang.NoClassDefFoundError: Failed resolution of: Lorg/conscrypt/ConscryptHostnameVerifier;
12-12 13:15:26.515: I/zygote(19758):   at okhttp3.internal.platform.android.SocketAdapter okhttp3.internal.platform.android.ConscryptSocketAdapter.buildIfSupported() (ConscryptSocketAdapter.kt:64)
12-12 13:15:26.515: I/zygote(19758):   at void okhttp3.internal.platform.AndroidPlatform.<init>() (AndroidPlatform.kt:45)
12-12 13:15:26.515: I/zygote(19758):   at okhttp3.internal.platform.Platform okhttp3.internal.platform.AndroidPlatform$Companion.buildIfSupported() (AndroidPlatform.kt:239)
12-12 13:15:26.515: I/zygote(19758):   at okhttp3.internal.platform.Platform okhttp3.internal.platform.Platform$Companion.findPlatform() (Platform.kt:211)
12-12 13:15:26.515: I/zygote(19758):   at okhttp3.internal.platform.Platform okhttp3.internal.platform.Platform$Companion.access$findPlatform(okhttp3.internal.platform.Platform$Companion) (Platform.kt:179)
12-12 13:15:26.515: I/zygote(19758):   at void okhttp3.internal.platform.Platform.<clinit>() (Platform.kt:180)
12-12 13:15:26.515: I/zygote(19758):   at void okhttp3.OkHttpClient.<init>(okhttp3.OkHttpClient$Builder) (OkHttpClient.kt:219)
12-12 13:15:26.515: I/zygote(19758):   at okhttp3.OkHttpClient okhttp3.OkHttpClient$Builder.build() (OkHttpClient.kt:955)
12-12 13:15:26.515: I/zygote(19758):   at void com.freenow.android_demo.utils.network.HttpClient.<init>() (HttpClient.java:45)
12-12 13:15:26.515: I/zygote(19758):   at com.freenow.android_demo.utils.network.HttpClient com.freenow.android_demo.dependencies.module.NetworkModule.provideHttpClient() (NetworkModule.java:16)
12-12 13:15:26.515: I/zygote(19758):   at com.freenow.android_demo.utils.network.HttpClient com.freenow.android_demo.dependencies.module.NetworkModule_ProvideHttpClientFactory.get() (NetworkModule_ProvideHttpClientFactory.java:18)
12-12 13:15:26.515: I/zygote(19758):   at java.lang.Object com.freenow.android_demo.dependencies.module.NetworkModule_ProvideHttpClientFactory.get() (NetworkModule_ProvideHttpClientFactory.java:8)
12-12 13:15:26.515: I/zygote(19758):   at java.lang.Object dagger.internal.DoubleCheck.get() (DoubleCheck.java:47)
12-12 13:15:26.515: I/zygote(19758):   at com.freenow.android_demo.activities.MainActivity com.freenow.android_demo.dependencies.component.DaggerAppComponent.injectMainActivity(com.freenow.android_demo.activities.MainActivity) (DaggerAppComponent.java:75)
12-12 13:15:26.515: I/zygote(19758):   at void com.freenow.android_demo.dependencies.component.DaggerAppComponent.inject(com.freenow.android_demo.activities.MainActivity) (DaggerAppComponent.java:54)
12-12 13:15:26.515: I/zygote(19758):   at void com.freenow.android_demo.activities.MainActivity.onCreate(android.os.Bundle) (MainActivity.java:91)
12-12 13:15:26.515: I/zygote(19758):   at void android.app.Activity.performCreate(android.os.Bundle) (Activity.java:6975)
12-12 13:15:26.515: I/zygote(19758):   at void android.app.Instrumentation.callActivityOnCreate(android.app.Activity, android.os.Bundle) (Instrumentation.java:1213)
12-12 13:15:26.515: I/zygote(19758):   at void android.support.test.runner.MonitoringInstrumentation.callActivityOnCreate(android.app.Activity, android.os.Bundle) (MonitoringInstrumentation.java:667)
12-12 13:15:26.515: I/zygote(19758):   at android.app.Activity android.app.ActivityThread.performLaunchActivity(android.app.ActivityThread$ActivityClientRecord, android.content.Intent) (ActivityThread.java:2770)
12-12 13:15:26.515: I/zygote(19758):   at void android.app.ActivityThread.handleLaunchActivity(android.app.ActivityThread$ActivityClientRecord, android.content.Intent, java.lang.String) (ActivityThread.java:2892)
12-12 13:15:26.515: I/zygote(19758):   at void android.app.ActivityThread.-wrap11(android.app.ActivityThread, android.app.ActivityThread$ActivityClientRecord, android.content.Intent, java.lang.String) (ActivityThread.java:-1)
12-12 13:15:26.515: I/zygote(19758):   at void android.app.ActivityThread$H.handleMessage(android.os.Message) (ActivityThread.java:1593)
12-12 13:15:26.515: I/zygote(19758):   at void android.os.Handler.dispatchMessage(android.os.Message) (Handler.java:105)
12-12 13:15:26.515: I/zygote(19758):   at void android.os.Looper.loop() (Looper.java:164)
12-12 13:15:26.515: I/zygote(19758):   at void android.app.ActivityThread.main(java.lang.String[]) (ActivityThread.java:6541)
12-12 13:15:26.515: I/zygote(19758):   at java.lang.Object java.lang.reflect.Method.invoke(java.lang.Object, java.lang.Object[]) (Method.java:-2)
12-12 13:15:26.515: I/zygote(19758):   at void com.android.internal.os.Zygote$MethodAndArgsCaller.run() (Zygote.java:240)
12-12 13:15:26.515: I/zygote(19758):   at void com.android.internal.os.ZygoteInit.main(java.lang.String[]) (ZygoteInit.java:767)
12-12 13:15:26.515: I/zygote(19758): Caused by: java.lang.ClassNotFoundException: Didn't find class "org.conscrypt.ConscryptHostnameVerifier" on path: DexPathList[[zip file "/system/framework/android.test.runner.jar", zip file "/data/app/com.freenow.android_demo.test-sknCZ4HPqj1h8FQlWiYsJg==/base.apk", zip file "/data/app/com.freenow.android_demo-tlawTE6S8wQvT6mbXR7GeQ==/base.apk"],nativeLibraryDirectories=[/data/app/com.freenow.android_demo.test-sknCZ4HPqj1h8FQlWiYsJg==/lib/x86, /data/app/com.freenow.android_demo-tlawTE6S8wQvT6mbXR7GeQ==/lib/x86, /system/lib, /vendor/lib]]
12-12 13:15:26.515: I/zygote(19758):   at java.lang.Class dalvik.system.BaseDexClassLoader.findClass(java.lang.String) (BaseDexClassLoader.java:93)
12-12 13:15:26.515: I/zygote(19758):   at java.lang.Class java.lang.ClassLoader.loadClass(java.lang.String, boolean) (ClassLoader.java:379)
12-12 13:15:26.515: I/zygote(19758):   at java.lang.Class java.lang.ClassLoader.loadClass(java.lang.String) (ClassLoader.java:312)
12-12 13:15:26.515: I/zygote(19758):   at okhttp3.internal.platform.android.SocketAdapter okhttp3.internal.platform.android.ConscryptSocketAdapter.buildIfSupported() (ConscryptSocketAdapter.kt:64)
12-12 13:15:26.515: I/zygote(19758):   at void okhttp3.internal.platform.AndroidPlatform.<init>() (AndroidPlatform.kt:45)
12-12 13:15:26.515: I/zygote(19758):   at okhttp3.internal.platform.Platform okhttp3.internal.platform.AndroidPlatform$Companion.buildIfSupported() (AndroidPlatform.kt:239)
12-12 13:15:26.516: I/zygote(19758):   at okhttp3.internal.platform.Platform okhttp3.internal.platform.Platform$Companion.findPlatform() (Platform.kt:211)
12-12 13:15:26.516: I/zygote(19758):   at okhttp3.internal.platform.Platform okhttp3.internal.platform.Platform$Companion.access$findPlatform(okhttp3.internal.platform.Platform$Companion) (Platform.kt:179)
12-12 13:15:26.516: I/zygote(19758):   at void okhttp3.internal.platform.Platform.<clinit>() (Platform.kt:180)
12-12 13:15:26.516: I/zygote(19758):   at void okhttp3.OkHttpClient.<init>(okhttp3.OkHttpClient$Builder) (OkHttpClient.kt:219)
12-12 13:15:26.516: I/zygote(19758):   at okhttp3.OkHttpClient okhttp3.OkHttpClient$Builder.build() (OkHttpClient.kt:955)
12-12 13:15:26.516: I/zygote(19758):   at void com.freenow.android_demo.utils.network.HttpClient.<init>() (HttpClient.java:45)
12-12 13:15:26.516: I/zygote(19758):   at com.freenow.android_demo.utils.network.HttpClient com.freenow.android_demo.dependencies.module.NetworkModule.provideHttpClient() (NetworkModule.java:16)
12-12 13:15:26.516: I/zygote(19758):   at com.freenow.android_demo.utils.network.HttpClient com.freenow.android_demo.dependencies.module.NetworkModule_ProvideHttpClientFactory.get() (NetworkModule_ProvideHttpClientFactory.java:18)
12-12 13:15:26.516: I/zygote(19758):   at java.lang.Object com.freenow.android_demo.dependencies.module.NetworkModule_ProvideHttpClientFactory.get() (NetworkModule_ProvideHttpClientFactory.java:8)
12-12 13:15:26.516: I/zygote(19758):   at java.lang.Object dagger.internal.DoubleCheck.get() (DoubleCheck.java:47)
12-12 13:15:26.516: I/zygote(19758):   at com.freenow.android_demo.activities.MainActivity com.freenow.android_demo.dependencies.component.DaggerAppComponent.injectMainActivity(com.freenow.android_demo.activities.MainActivity) (DaggerAppComponent.java:75)
12-12 13:15:26.516: I/zygote(19758):   at void com.freenow.android_demo.dependencies.component.DaggerAppComponent.inject(com.freenow.android_demo.activities.MainActivity) (DaggerAppComponent.java:54)
12-12 13:15:26.516: I/zygote(19758):   at void com.freenow.android_demo.activities.MainActivity.onCreate(android.os.Bundle) (MainActivity.java:91)
12-12 13:15:26.516: I/zygote(19758):   at void android.app.Activity.performCreate(android.os.Bundle) (Activity.java:6975)
12-12 13:15:26.516: I/zygote(19758):   at void android.app.Instrumentation.callActivityOnCreate(android.app.Activity, android.os.Bundle) (Instrumentation.java:1213)
12-12 13:15:26.516: I/zygote(19758):   at void android.support.test.runner.MonitoringInstrumentation.callActivityOnCreate(android.app.Activity, android.os.Bundle) (MonitoringInstrumentation.java:667)
12-12 13:15:26.516: I/zygote(19758):   at android.app.Activity android.app.ActivityThread.performLaunchActivity(android.app.ActivityThread$ActivityClientRecord, android.content.Intent) (ActivityThread.java:2770)
12-12 13:15:26.516: I/zygote(19758):   at void android.app.ActivityThread.handleLaunchActivity(android.app.ActivityThread$ActivityClientRecord, android.content.Intent, java.lang.String) (ActivityThread.java:2892)
12-12 13:15:26.516: I/zygote(19758):   at void android.app.ActivityThread.-wrap11(android.app.ActivityThread, android.app.ActivityThread$ActivityClientRecord, android.content.Intent, java.lang.String) (ActivityThread.java:-1)
12-12 13:15:26.516: I/zygote(19758):   at void android.app.ActivityThread$H.handleMessage(android.os.Message) (ActivityThread.java:1593)
12-12 13:15:26.516: I/zygote(19758):   at void android.os.Handler.dispatchMessage(android.os.Message) (Handler.java:105)
12-12 13:15:26.516: I/zygote(19758):   at void android.os.Looper.loop() (Looper.java:164)
12-12 13:15:26.516: I/zygote(19758):   at void android.app.ActivityThread.main(java.lang.String[]) (ActivityThread.java:6541)
12-12 13:15:26.516: I/zygote(19758):   at java.lang.Object java.lang.reflect.Method.invoke(java.lang.Object, java.lang.Object[]) (Method.java:-2)
12-12 13:15:26.516: I/zygote(19758):   at void com.android.internal.os.Zygote$MethodAndArgsCaller.run() (Zygote.java:240)
12-12 13:15:26.516: I/zygote(19758):   at void com.android.internal.os.ZygoteInit.main(java.lang.String[]) (ZygoteInit.java:767)
12-12 13:15:26.517: I/zygote(19758): Rejecting re-init on previously-failed class java.lang.Class<okhttp3.internal.platform.ConscryptPlatform$configureTrustManager$1>: java.lang.NoClassDefFoundError: Failed resolution of: Lorg/conscrypt/ConscryptHostnameVerifier;
12-12 13:15:26.517: I/zygote(19758):   at okhttp3.internal.platform.android.SocketAdapter okhttp3.internal.platform.android.ConscryptSocketAdapter.buildIfSupported() (ConscryptSocketAdapter.kt:64)
12-12 13:15:26.517: I/zygote(19758):   at void okhttp3.internal.platform.AndroidPlatform.<init>() (AndroidPlatform.kt:45)
12-12 13:15:26.517: I/zygote(19758):   at okhttp3.internal.platform.Platform okhttp3.internal.platform.AndroidPlatform$Companion.buildIfSupported() (AndroidPlatform.kt:239)
12-12 13:15:26.517: I/zygote(19758):   at okhttp3.internal.platform.Platform okhttp3.internal.platform.Platform$Companion.findPlatform() (Platform.kt:211)
12-12 13:15:26.517: I/zygote(19758):   at okhttp3.internal.platform.Platform okhttp3.internal.platform.Platform$Companion.access$findPlatform(okhttp3.internal.platform.Platform$Companion) (Platform.kt:179)
12-12 13:15:26.517: I/zygote(19758):   at void okhttp3.internal.platform.Platform.<clinit>() (Platform.kt:180)
12-12 13:15:26.517: I/zygote(19758):   at void okhttp3.OkHttpClient.<init>(okhttp3.OkHttpClient$Builder) (OkHttpClient.kt:219)
12-12 13:15:26.517: I/zygote(19758):   at okhttp3.OkHttpClient okhttp3.OkHttpClient$Builder.build() (OkHttpClient.kt:955)
12-12 13:15:26.517: I/zygote(19758):   at void com.freenow.android_demo.utils.network.HttpClient.<init>() (HttpClient.java:45)
12-12 13:15:26.517: I/zygote(19758):   at com.freenow.android_demo.utils.network.HttpClient com.freenow.android_demo.dependencies.module.NetworkModule.provideHttpClient() (NetworkModule.java:16)
12-12 13:15:26.517: I/zygote(19758):   at com.freenow.android_demo.utils.network.HttpClient com.freenow.android_demo.dependencies.module.NetworkModule_ProvideHttpClientFactory.get() (NetworkModule_ProvideHttpClientFactory.java:18)
12-12 13:15:26.517: I/zygote(19758):   at java.lang.Object com.freenow.android_demo.dependencies.module.NetworkModule_ProvideHttpClientFactory.get() (NetworkModule_ProvideHttpClientFactory.java:8)
12-12 13:15:26.517: I/zygote(19758):   at java.lang.Object dagger.internal.DoubleCheck.get() (DoubleCheck.java:47)
12-12 13:15:26.517: I/zygote(19758):   at com.freenow.android_demo.activities.MainActivity com.freenow.android_demo.dependencies.component.DaggerAppComponent.injectMainActivity(com.freenow.android_demo.activities.MainActivity) (DaggerAppComponent.java:75)
12-12 13:15:26.517: I/zygote(19758):   at void com.freenow.android_demo.dependencies.component.DaggerAppComponent.inject(com.freenow.android_demo.activities.MainActivity) (DaggerAppComponent.java:54)
12-12 13:15:26.517: I/zygote(19758):   at void com.freenow.android_demo.activities.MainActivity.onCreate(android.os.Bundle) (MainActivity.java:91)
12-12 13:15:26.517: I/zygote(19758):   at void android.app.Activity.performCreate(android.os.Bundle) (Activity.java:6975)
12-12 13:15:26.517: I/zygote(19758):   at void android.app.Instrumentation.callActivityOnCreate(android.app.Activity, android.os.Bundle) (Instrumentation.java:1213)
12-12 13:15:26.517: I/zygote(19758):   at void android.support.test.runner.MonitoringInstrumentation.callActivityOnCreate(android.app.Activity, android.os.Bundle) (MonitoringInstrumentation.java:667)
12-12 13:15:26.517: I/zygote(19758):   at android.app.Activity android.app.ActivityThread.performLaunchActivity(android.app.ActivityThread$ActivityClientRecord, android.content.Intent) (ActivityThread.java:2770)
12-12 13:15:26.517: I/zygote(19758):   at void android.app.ActivityThread.handleLaunchActivity(android.app.ActivityThread$ActivityClientRecord, android.content.Intent, java.lang.String) (ActivityThread.java:2892)
12-12 13:15:26.517: I/zygote(19758):   at void android.app.ActivityThread.-wrap11(android.app.ActivityThread, android.app.ActivityThread$ActivityClientRecord, android.content.Intent, java.lang.String) (ActivityThread.java:-1)
12-12 13:15:26.517: I/zygote(19758):   at void android.app.ActivityThread$H.handleMessage(android.os.Message) (ActivityThread.java:1593)
12-12 13:15:26.517: I/zygote(19758):   at void android.os.Handler.dispatchMessage(android.os.Message) (Handler.java:105)
12-12 13:15:26.517: I/zygote(19758):   at void android.os.Looper.loop() (Looper.java:164)
12-12 13:15:26.517: I/zygote(19758):   at void android.app.ActivityThread.main(java.lang.String[]) (ActivityThread.java:6541)
12-12 13:15:26.517: I/zygote(19758):   at java.lang.Object java.lang.reflect.Method.invoke(java.lang.Object, java.lang.Object[]) (Method.java:-2)
12-12 13:15:26.517: I/zygote(19758):   at void com.android.internal.os.Zygote$MethodAndArgsCaller.run() (Zygote.java:240)
12-12 13:15:26.517: I/zygote(19758):   at void com.android.internal.os.ZygoteInit.main(java.lang.String[]) (ZygoteInit.java:767)
12-12 13:15:26.517: I/zygote(19758): Caused by: java.lang.ClassNotFoundException: Didn't find class "org.conscrypt.ConscryptHostnameVerifier" on path: DexPathList[[zip file "/system/framework/android.test.runner.jar", zip file "/data/app/com.freenow.android_demo.test-sknCZ4HPqj1h8FQlWiYsJg==/base.apk", zip file "/data/app/com.freenow.android_demo-tlawTE6S8wQvT6mbXR7GeQ==/base.apk"],nativeLibraryDirectories=[/data/app/com.freenow.android_demo.test-sknCZ4HPqj1h8FQlWiYsJg==/lib/x86, /data/app/com.freenow.android_demo-tlawTE6S8wQvT6mbXR7GeQ==/lib/x86, /system/lib, /vendor/lib]]
12-12 13:15:26.517: I/zygote(19758):   at java.lang.Class dalvik.system.BaseDexClassLoader.findClass(java.lang.String) (BaseDexClassLoader.java:93)
12-12 13:15:26.517: I/zygote(19758):   at java.lang.Class java.lang.ClassLoader.loadClass(java.lang.String, boolean) (ClassLoader.java:379)
12-12 13:15:26.517: I/zygote(19758):   at java.lang.Class java.lang.ClassLoader.loadClass(java.lang.String) (ClassLoader.java:312)
12-12 13:15:26.517: I/zygote(19758):   at okhttp3.internal.platform.android.SocketAdapter okhttp3.internal.platform.android.ConscryptSocketAdapter.buildIfSupported() (ConscryptSocketAdapter.kt:64)
12-12 13:15:26.517: I/zygote(19758):   at void okhttp3.internal.platform.AndroidPlatform.<init>() (AndroidPlatform.kt:45)
12-12 13:15:26.517: I/zygote(19758):   at okhttp3.internal.platform.Platform okhttp3.internal.platform.AndroidPlatform$Companion.buildIfSupported() (AndroidPlatform.kt:239)
12-12 13:15:26.517: I/zygote(19758):   at okhttp3.internal.platform.Platform okhttp3.internal.platform.Platform$Companion.findPlatform() (Platform.kt:211)
12-12 13:15:26.517: I/zygote(19758):   at okhttp3.internal.platform.Platform okhttp3.internal.platform.Platform$Companion.access$findPlatform(okhttp3.internal.platform.Platform$Companion) (Platform.kt:179)
12-12 13:15:26.517: I/zygote(19758):   at void okhttp3.internal.platform.Platform.<clinit>() (Platform.kt:180)
12-12 13:15:26.517: I/zygote(19758):   at void okhttp3.OkHttpClient.<init>(okhttp3.OkHttpClient$Builder) (OkHttpClient.kt:219)
12-12 13:15:26.517: I/zygote(19758):   at okhttp3.OkHttpClient okhttp3.OkHttpClient$Builder.build() (OkHttpClient.kt:955)
12-12 13:15:26.517: I/zygote(19758):   at void com.freenow.android_demo.utils.network.HttpClient.<init>() (HttpClient.java:45)
12-12 13:15:26.517: I/zygote(19758):   at com.freenow.android_demo.utils.network.HttpClient com.freenow.android_demo.dependencies.module.NetworkModule.provideHttpClient() (NetworkModule.java:16)
12-12 13:15:26.517: I/zygote(19758):   at com.freenow.android_demo.utils.network.HttpClient com.freenow.android_demo.dependencies.module.NetworkModule_ProvideHttpClientFactory.get() (NetworkModule_ProvideHttpClientFactory.java:18)
12-12 13:15:26.517: I/zygote(19758):   at java.lang.Object com.freenow.android_demo.dependencies.module.NetworkModule_ProvideHttpClientFactory.get() (NetworkModule_ProvideHttpClientFactory.java:8)
12-12 13:15:26.517: I/zygote(19758):   at java.lang.Object dagger.internal.DoubleCheck.get() (DoubleCheck.java:47)
12-12 13:15:26.517: I/zygote(19758):   at com.freenow.android_demo.activities.MainActivity com.freenow.android_demo.dependencies.component.DaggerAppComponent.injectMainActivity(com.freenow.android_demo.activities.MainActivity) (DaggerAppComponent.java:75)
12-12 13:15:26.517: I/zygote(19758):   at void com.freenow.android_demo.dependencies.component.DaggerAppComponent.inject(com.freenow.android_demo.activities.MainActivity) (DaggerAppComponent.java:54)
12-12 13:15:26.517: I/zygote(19758):   at void com.freenow.android_demo.activities.MainActivity.onCreate(android.os.Bundle) (MainActivity.java:91)
12-12 13:15:26.517: I/zygote(19758):   at void android.app.Activity.performCreate(android.os.Bundle) (Activity.java:6975)
12-12 13:15:26.517: I/zygote(19758):   at void android.app.Instrumentation.callActivityOnCreate(android.app.Activity, android.os.Bundle) (Instrumentation.java:1213)
12-12 13:15:26.517: I/zygote(19758):   at void android.support.test.runner.MonitoringInstrumentation.callActivityOnCreate(android.app.Activity, android.os.Bundle) (MonitoringInstrumentation.java:667)
12-12 13:15:26.517: I/zygote(19758):   at android.app.Activity android.app.ActivityThread.performLaunchActivity(android.app.ActivityThread$ActivityClientRecord, android.content.Intent) (ActivityThread.java:2770)
12-12 13:15:26.517: I/zygote(19758):   at void android.app.ActivityThread.handleLaunchActivity(android.app.ActivityThread$ActivityClientRecord, android.content.Intent, java.lang.String) (ActivityThread.java:2892)
12-12 13:15:26.517: I/zygote(19758):   at void android.app.ActivityThread.-wrap11(android.app.ActivityThread, android.app.ActivityThread$ActivityClientRecord, android.content.Intent, java.lang.String) (ActivityThread.java:-1)
12-12 13:15:26.517: I/zygote(19758):   at void android.app.ActivityThread$H.handleMessage(android.os.Message) (ActivityThread.java:1593)
12-12 13:15:26.517: I/zygote(19758):   at void android.os.Handler.dispatchMessage(android.os.Message) (Handler.java:105)
12-12 13:15:26.517: I/zygote(19758):   at void android.os.Looper.loop() (Looper.java:164)
12-12 13:15:26.517: I/zygote(19758):   at void android.app.ActivityThread.main(java.lang.String[]) (ActivityThread.java:6541)
12-12 13:15:26.517: I/zygote(19758):   at java.lang.Object java.lang.reflect.Method.invoke(java.lang.Object, java.lang.Object[]) (Method.java:-2)
12-12 13:15:26.517: I/zygote(19758):   at void com.android.internal.os.Zygote$MethodAndArgsCaller.run() (Zygote.java:240)
12-12 13:15:26.517: I/zygote(19758):   at void com.android.internal.os.ZygoteInit.main(java.lang.String[]) (ZygoteInit.java:767)
12-12 13:15:26.525: D/NetworkSecurityConfig(19758): No Network Security Config specified, using platform default
12-12 13:15:26.537: E/SurfaceFlinger(1453): ro.sf.lcd_density must be defined as a build property
12-12 13:15:26.564: D/Test(19758): Fetching drivers
12-12 13:15:26.577: D/LifecycleMonitor(19758): Lifecycle status change: com.freenow.android_demo.activities.MainActivity@2a6dcfa in: CREATED
12-12 13:15:26.582: D/LifecycleMonitor(19758): Lifecycle status change: com.freenow.android_demo.activities.MainActivity@2a6dcfa in: STARTED
12-12 13:15:26.599: I/ActivityManager(2044): START u0 {cmp=com.freenow.android_demo/.activities.AuthenticationActivity} from uid 10095
12-12 13:15:26.607: E/SurfaceFlinger(1453): ro.sf.lcd_density must be defined as a build property
12-12 13:15:26.626: E/SurfaceFlinger(1453): ro.sf.lcd_density must be defined as a build property
12-12 13:15:26.640: D/LifecycleMonitor(19758): Lifecycle status change: com.freenow.android_demo.activities.MainActivity@2a6dcfa in: RESUMED
12-12 13:15:26.674: E/SurfaceFlinger(1453): ro.sf.lcd_density must be defined as a build property
12-12 13:15:26.693: W/System.err(19758): java.net.ConnectException: Failed to connect to localhost/127.0.0.1:8080
12-12 13:15:26.693: W/System.err(19758): 	at okhttp3.internal.connection.RealConnection.connectSocket(RealConnection.kt:270)
12-12 13:15:26.694: W/System.err(19758): 	at okhttp3.internal.connection.RealConnection.connect(RealConnection.kt:176)
12-12 13:15:26.694: W/System.err(19758): 	at okhttp3.internal.connection.ExchangeFinder.findConnection(ExchangeFinder.kt:236)
12-12 13:15:26.694: W/System.err(19758): 	at okhttp3.internal.connection.ExchangeFinder.findHealthyConnection(ExchangeFinder.kt:109)
12-12 13:15:26.694: W/System.err(19758): 	at okhttp3.internal.connection.ExchangeFinder.find(ExchangeFinder.kt:77)
12-12 13:15:26.694: W/System.err(19758): 	at okhttp3.internal.connection.Transmitter.newExchange$okhttp(Transmitter.kt:162)
12-12 13:15:26.694: W/System.err(19758): 	at okhttp3.internal.connection.ConnectInterceptor.intercept(ConnectInterceptor.kt:35)
12-12 13:15:26.694: W/System.err(19758): 	at okhttp3.internal.http.RealInterceptorChain.proceed(RealInterceptorChain.kt:112)
12-12 13:15:26.694: W/System.err(19758): 	at okhttp3.internal.http.RealInterceptorChain.proceed(RealInterceptorChain.kt:87)
12-12 13:15:26.695: W/System.err(19758): 	at okhttp3.internal.cache.CacheInterceptor.intercept(CacheInterceptor.kt:82)
12-12 13:15:26.695: W/System.err(19758): 	at okhttp3.internal.http.RealInterceptorChain.proceed(RealInterceptorChain.kt:112)
12-12 13:15:26.695: W/System.err(19758): 	at okhttp3.internal.http.RealInterceptorChain.proceed(RealInterceptorChain.kt:87)
12-12 13:15:26.695: W/System.err(19758): 	at okhttp3.internal.http.BridgeInterceptor.intercept(BridgeInterceptor.kt:84)
12-12 13:15:26.695: W/System.err(19758): 	at okhttp3.internal.http.RealInterceptorChain.proceed(RealInterceptorChain.kt:112)
12-12 13:15:26.695: W/System.err(19758): 	at okhttp3.internal.http.RetryAndFollowUpInterceptor.intercept(RetryAndFollowUpInterceptor.kt:71)
12-12 13:15:26.695: W/System.err(19758): 	at okhttp3.internal.http.RealInterceptorChain.proceed(RealInterceptorChain.kt:112)
12-12 13:15:26.695: W/System.err(19758): 	at okhttp3.internal.http.RealInterceptorChain.proceed(RealInterceptorChain.kt:87)
12-12 13:15:26.695: W/System.err(19758): 	at net.rafaeltoledo.okir.OkHttp3IdlingResource.intercept(OkHttp3IdlingResource.java:39)
12-12 13:15:26.695: W/System.err(19758): 	at okhttp3.internal.http.RealInterceptorChain.proceed(RealInterceptorChain.kt:112)
12-12 13:15:26.695: W/System.err(19758): 	at okhttp3.internal.http.RealInterceptorChain.proceed(RealInterceptorChain.kt:87)
12-12 13:15:26.695: W/System.err(19758): 	at okhttp3.RealCall.getResponseWithInterceptorChain(RealCall.kt:184)
12-12 13:15:26.695: W/System.err(19758): 	at okhttp3.RealCall$AsyncCall.run(RealCall.kt:136)
12-12 13:15:26.695: W/System.err(19758): 	at java.util.concurrent.ThreadPoolExecutor.runWorker(ThreadPoolExecutor.java:1162)
12-12 13:15:26.696: W/System.err(19758): 	at java.util.concurrent.ThreadPoolExecutor$Worker.run(ThreadPoolExecutor.java:636)
12-12 13:15:26.696: W/System.err(19758): 	at java.lang.Thread.run(Thread.java:764)
12-12 13:15:26.696: W/System.err(19758): Caused by: java.net.ConnectException: failed to connect to localhost/127.0.0.1 (port 8080) from /127.0.0.1 (port 49804) after 10000ms: isConnected failed: ECONNREFUSED (Connection refused)
12-12 13:15:26.696: W/System.err(19758): 	at libcore.io.IoBridge.isConnected(IoBridge.java:273)
12-12 13:15:26.696: W/System.err(19758): 	at libcore.io.IoBridge.connectErrno(IoBridge.java:188)
12-12 13:15:26.696: W/System.err(19758): 	at libcore.io.IoBridge.connect(IoBridge.java:130)
12-12 13:15:26.696: W/System.err(19758): 	at java.net.PlainSocketImpl.socketConnect(PlainSocketImpl.java:129)
12-12 13:15:26.697: W/System.err(19758): 	at java.net.AbstractPlainSocketImpl.doConnect(AbstractPlainSocketImpl.java:356)
12-12 13:15:26.697: W/System.err(19758): 	at java.net.AbstractPlainSocketImpl.connectToAddress(AbstractPlainSocketImpl.java:200)
12-12 13:15:26.697: W/System.err(19758): 	at java.net.AbstractPlainSocketImpl.connect(AbstractPlainSocketImpl.java:182)
12-12 13:15:26.697: W/System.err(19758): 	at java.net.SocksSocketImpl.connect(SocksSocketImpl.java:356)
12-12 13:15:26.697: W/System.err(19758): 	at java.net.Socket.connect(Socket.java:616)
12-12 13:15:26.697: W/System.err(19758): 	at okhttp3.internal.platform.AndroidPlatform.connectSocket(AndroidPlatform.kt:58)
12-12 13:15:26.697: W/System.err(19758): 	at okhttp3.internal.connection.RealConnection.connectSocket(RealConnection.kt:268)
12-12 13:15:26.697: W/System.err(19758): 	... 24 more
12-12 13:15:26.704: W/System.err(19758): Caused by: android.system.ErrnoException: isConnected failed: ECONNREFUSED (Connection refused)
12-12 13:15:26.704: W/System.err(19758): 	at libcore.io.IoBridge.isConnected(IoBridge.java:262)
12-12 13:15:26.704: W/System.err(19758): 	... 34 more
12-12 13:15:26.706: E/SurfaceFlinger(1453): ro.sf.lcd_density must be defined as a build property
12-12 13:15:26.709: D/OpenGLRenderer(19758): HWUI GL Pipeline
12-12 13:15:26.768: D/LifecycleMonitor(19758): Lifecycle status change: com.freenow.android_demo.activities.MainActivity@2a6dcfa in: PAUSED
12-12 13:15:26.779: E/SurfaceFlinger(1453): ro.sf.lcd_density must be defined as a build property
12-12 13:15:26.782: I/zygote(19758): Background concurrent copying GC freed 8246(1347KB) AllocSpace objects, 0(0B) LOS objects, 50% free, 1536KB/3MB, paused 5.676ms total 84.697ms
12-12 13:15:26.803: E/SurfaceFlinger(1453): ro.sf.lcd_density must be defined as a build property
12-12 13:15:26.827: D/EGL_emulation(1453): eglMakeCurrent: 0xa9a20900: ver 3 0 (tinfo 0xa9a1b9e0)
12-12 13:15:26.901: I/chatty(1453): uid=1000(system) /system/bin/surfaceflinger identical 6 lines
12-12 13:15:26.908: D/EGL_emulation(1453): eglMakeCurrent: 0xa9a20900: ver 3 0 (tinfo 0xa9a1b9e0)
12-12 13:15:26.931: W/GCoreFlp(2810): No location to return for getLastLocation()
12-12 13:15:26.988: E/SurfaceFlinger(1453): ro.sf.lcd_density must be defined as a build property
12-12 13:15:27.037: E/SurfaceFlinger(1453): ro.sf.lcd_density must be defined as a build property
12-12 13:15:27.038: D/LifecycleMonitor(19758): Lifecycle status change: com.freenow.android_demo.activities.AuthenticationActivity@1c22b60 in: PRE_ON_CREATE
12-12 13:15:27.048: E/SurfaceFlinger(1453): ro.sf.lcd_density must be defined as a build property
12-12 13:15:27.066: E/Google Maps Android API(19758): Authorization failure.  Please see https://developers.google.com/maps/documentation/android-api/start for how to correctly set up the map.
12-12 13:15:27.071: E/Google Maps Android API(19758): In the Google Developer Console (https://console.developers.google.com)
12-12 13:15:27.071: E/Google Maps Android API(19758): Ensure that the "Google Maps Android API v2" is enabled.
12-12 13:15:27.071: E/Google Maps Android API(19758): Ensure that the following Android Key exists:
12-12 13:15:27.071: E/Google Maps Android API(19758): 	API Key: YOUR_KEY_HERE
12-12 13:15:27.071: E/Google Maps Android API(19758): 	Android Application (<cert_fingerprint>;<package_name>): 13:4F:1D:E7:E0:35:AB:D2:C4:2A:F3:B6:01:50:7C:4E:34:5F:5D:B1;com.freenow.android_demo
12-12 13:15:27.138: I/TextInputLayout(19758): EditText added is not a TextInputEditText. Please switch to using that class instead.
12-12 13:15:27.147: I/TextInputLayout(19758): EditText added is not a TextInputEditText. Please switch to using that class instead.
12-12 13:15:27.165: D/LifecycleMonitor(19758): Lifecycle status change: com.freenow.android_demo.activities.AuthenticationActivity@1c22b60 in: CREATED
12-12 13:15:27.166: D/LifecycleMonitor(19758): Lifecycle status change: com.freenow.android_demo.activities.AuthenticationActivity@1c22b60 in: STARTED
12-12 13:15:27.172: D/LifecycleMonitor(19758): Lifecycle status change: com.freenow.android_demo.activities.AuthenticationActivity@1c22b60 in: RESUMED
12-12 13:15:27.243: D/EGL_emulation(1453): eglMakeCurrent: 0xa9a20900: ver 3 0 (tinfo 0xa9a1b9e0)
12-12 13:15:27.245: D/gralloc_ranchu(1440): gralloc_alloc: Creating ashmem region of size 14749696
12-12 13:15:27.269: I/chatty(1440): uid=1000(system) allocator@2.0-s identical 1 line
12-12 13:15:27.293: D/gralloc_ranchu(1440): gralloc_alloc: Creating ashmem region of size 14749696
12-12 13:15:27.301: D/(19758): HostConnection::get() New Host Connection established 0x93966740, tid 19884
12-12 13:15:27.301: I/zygote(19758): Do partial code cache collection, code=55KB, data=56KB
12-12 13:15:27.302: I/zygote(19758): After code cache collection, code=55KB, data=56KB
12-12 13:15:27.302: I/zygote(19758): Increasing code cache capacity to 256KB
12-12 13:15:27.305: I/OpenGLRenderer(19758): Initialized EGL, version 1.4
12-12 13:15:27.305: D/OpenGLRenderer(19758): Swap behavior 1
12-12 13:15:27.305: I/zygote(19758): Do full code cache collection, code=55KB, data=73KB
12-12 13:15:27.306: W/OpenGLRenderer(19758): Failed to choose config with EGL_SWAP_BEHAVIOR_PRESERVED, retrying without...
12-12 13:15:27.306: D/OpenGLRenderer(19758): Swap behavior 0
12-12 13:15:27.308: I/zygote(19758): After code cache collection, code=0B, data=22KB
12-12 13:15:27.322: D/EGL_emulation(19758): eglCreateContext: 0xa4b06320: maj 3 min 0 rcv 3
12-12 13:15:27.323: D/EGL_emulation(1453): eglMakeCurrent: 0xa9a20900: ver 3 0 (tinfo 0xa9a1b9e0)
12-12 13:15:27.324: D/EGL_emulation(19758): eglMakeCurrent: 0xa4b06320: ver 3 0 (tinfo 0xa4b03720)
12-12 13:15:27.350: D/EGL_emulation(1453): eglMakeCurrent: 0xa9a20900: ver 3 0 (tinfo 0xa9a1b9e0)
12-12 13:15:27.408: I/chatty(1453): uid=1000(system) /system/bin/surfaceflinger identical 7 lines
12-12 13:15:27.418: D/EGL_emulation(1453): eglMakeCurrent: 0xa9a20900: ver 3 0 (tinfo 0xa9a1b9e0)
12-12 13:15:27.419: E/SurfaceFlinger(1453): ro.sf.lcd_density must be defined as a build property
12-12 13:15:27.437: D/EGL_emulation(1453): eglMakeCurrent: 0xa9a20900: ver 3 0 (tinfo 0xa9a1b9e0)
12-12 13:15:27.489: I/chatty(1453): uid=1000(system) /system/bin/surfaceflinger identical 4 lines
12-12 13:15:27.547: D/EGL_emulation(1453): eglMakeCurrent: 0xa9a20900: ver 3 0 (tinfo 0xa9a1b9e0)
12-12 13:15:27.553: D/EGL_emulation(19758): eglMakeCurrent: 0xa4b06320: ver 3 0 (tinfo 0xa4b03720)
12-12 13:15:27.556: D/EGL_emulation(1453): eglMakeCurrent: 0xa9a20900: ver 3 0 (tinfo 0xa9a1b9e0)
12-12 13:15:27.566: E/SurfaceFlinger(1453): ro.sf.lcd_density must be defined as a build property
12-12 13:15:27.577: D/EGL_emulation(1453): eglMakeCurrent: 0xa9a20900: ver 3 0 (tinfo 0xa9a1b9e0)
12-12 13:15:27.593: E/SurfaceFlinger(1453): ro.sf.lcd_density must be defined as a build property
12-12 13:15:27.593: D/EGL_emulation(1453): eglMakeCurrent: 0xa9a20900: ver 3 0 (tinfo 0xa9a1b9e0)
12-12 13:15:27.622: I/chatty(1453): uid=1000(system) /system/bin/surfaceflinger identical 3 lines
12-12 13:15:27.623: D/EGL_emulation(1453): eglMakeCurrent: 0xa9a20900: ver 3 0 (tinfo 0xa9a1b9e0)
12-12 13:15:27.691: E/SurfaceFlinger(1453): ro.sf.lcd_density must be defined as a build property
12-12 13:15:27.718: E/SurfaceFlinger(1453): ro.sf.lcd_density must be defined as a build property
12-12 13:15:27.764: D/EGL_emulation(1453): eglMakeCurrent: 0xa9a20900: ver 3 0 (tinfo 0xa9a1b9e0)
12-12 13:15:27.768: I/ActivityManager(2044): Displayed com.freenow.android_demo/.activities.AuthenticationActivity: +980ms (total +2s658ms)
