12-12 13:15:15.032: I/TestRunner(19232): started: login2(com.freenow.android_demo.tests.LoginTest)
12-12 13:15:15.035: I/MonitoringInstr(19232): Activities that are still in CREATED to STOPPED: 0
12-12 13:15:15.035: I/GrantPermissionCallable(19232): Permission: android.permission.ACCESS_FINE_LOCATION is already granted!
12-12 13:15:15.036: W/ActivityTestRule(19232): getActivityIntent() returned null using default: Intent(Intent.ACTION_MAIN)
12-12 13:15:15.039: I/ActivityManager(2044): START u0 {act=android.intent.action.MAIN flg=0x14000000 cmp=com.freenow.android_demo/.activities.MainActivity} from uid 10095
12-12 13:15:15.062: D/LifecycleMonitor(19232): Lifecycle status change: com.freenow.android_demo.activities.MainActivity@2a6dcfa in: PRE_ON_CREATE
12-12 13:15:15.071: D/gralloc_ranchu(1440): gralloc_alloc: Creating ashmem region of size 14749696
12-12 13:15:15.148: I/zzbz(19232): Making Creator dynamically
12-12 13:15:15.159: D/EGL_emulation(3561): eglMakeCurrent: 0xa470ea60: ver 3 0 (tinfo 0xa21ff450)
12-12 13:15:15.159: D/EGL_emulation(4101): eglMakeCurrent: 0xa4b05720: ver 3 0 (tinfo 0xa4b03570)
12-12 13:15:15.173: W/zygote(19232): Skipping duplicate class check due to unrecognized classloader
12-12 13:15:15.178: I/DynamiteModule(19232): Considering local module com.google.android.gms.maps_dynamite:0 and remote module com.google.android.gms.maps_dynamite:221
12-12 13:15:15.178: I/DynamiteModule(19232): Selected remote version of com.google.android.gms.maps_dynamite, version >= 221
12-12 13:15:15.191: E/ContentStoreEUAS(4101): Failed to commit the deferred actions
12-12 13:15:15.210: W/zygote(19232): Skipping duplicate class check due to unrecognized classloader
12-12 13:15:15.219: E/SurfaceFlinger(1453): ro.sf.lcd_density must be defined as a build property
12-12 13:15:15.224: I/OMXClient(19255): Treble IOmx obtained
12-12 13:15:15.227: I/OMXMaster(19435): makeComponentInstance(OMX.google.h264.encoder) in omx@1.0-service process
12-12 13:15:15.232: W/OMXUtils(19255): do not know color format 0x7f000789 = 2130708361
12-12 13:15:15.233: I/Google Maps Android API(19232): Google Play services client version: 12451000
12-12 13:15:15.235: I/ACodec(19255): setupAVCEncoderParameters with [profile: Baseline] [level: Level41]
12-12 13:15:15.236: I/ACodec(19255): [OMX.google.h264.encoder] cannot encode color aspects. Ignoring.
12-12 13:15:15.237: I/ACodec(19255): [OMX.google.h264.encoder] cannot encode HDR static metadata. Ignoring.
12-12 13:15:15.237: I/Google Maps Android API(19232): Google Play services package version: 16089022
12-12 13:15:15.237: I/ACodec(19255): setupVideoEncoder succeeded
12-12 13:15:15.239: W/OMXUtils(19255): do not know color format 0x7f000789 = 2130708361
12-12 13:15:15.239: E/OMXNodeInstance(19435): getConfig(0xb0a94180:google.h264.encoder, ConfigLatency(0x6f800005)) ERROR: Undefined(0x80001001)
12-12 13:15:15.240: E/OMXNodeInstance(19435): getConfig(0xb0a94180:google.h264.encoder, ConfigAndroidVendorExtension(0x6f100004)) ERROR: Undefined(0x80001001)
12-12 13:15:15.242: D/GraphicBufferSource(19435): setting dataspace: 0x104, acquired=0
12-12 13:15:15.243: D/GraphicBufferSource(19435): requesting color aspects (R:2(Limited), P:1(BT709_5), M:1(BT709_5), T:3(SMPTE170M))
12-12 13:15:15.245: W//system/bin/hw/android.hidl.allocator@1.0-service(1430): ashmem_create_region(12) returning hidl_memory(0xb219b850, 12)
12-12 13:15:15.247: W//system/bin/hw/android.hidl.allocator@1.0-service(1430): ashmem_create_region(12) returning hidl_memory(0xb219b850, 12)
12-12 13:15:15.249: W//system/bin/hw/android.hidl.allocator@1.0-service(1430): ashmem_create_region(2764800) returning hidl_memory(0xb219b850, 2764800)
12-12 13:15:15.250: W//system/bin/hw/android.hidl.allocator@1.0-service(1430): ashmem_create_region(2764800) returning hidl_memory(0xb219b850, 2764800)
12-12 13:15:15.252: D/SoftAVCEnc(19435): Params width 1440 height 2560 level 50 colorFormat 0
12-12 13:15:15.265: E/(1453): HpInterface: Wrong interface type.
12-12 13:15:15.273: E/FrameEvents(1453): Source mDeltas not empty.
12-12 13:15:15.273: E/FrameEvents(1453): Source mDeltas not empty.
12-12 13:15:15.274: W/GraphicBufferSource(19435): releasing an unpopulated slot: 0
12-12 13:15:15.274: W/GraphicBufferSource(19435): releasing an unpopulated slot: 1
12-12 13:15:15.274: W/GraphicBufferSource(19435): releasing an unpopulated slot: 2
12-12 13:15:15.274: W/GraphicBufferSource(19435): releasing an unpopulated slot: 3
12-12 13:15:15.274: W/GraphicBufferSource(19435): releasing an unpopulated slot: 4
12-12 13:15:15.274: W/GraphicBufferSource(19435): releasing an unpopulated slot: 5
12-12 13:15:15.274: W/GraphicBufferSource(19435): releasing an unpopulated slot: 6
12-12 13:15:15.274: W/GraphicBufferSource(19435): releasing an unpopulated slot: 7
12-12 13:15:15.274: W/GraphicBufferSource(19435): releasing an unpopulated slot: 8
12-12 13:15:15.274: W/GraphicBufferSource(19435): releasing an unpopulated slot: 9
12-12 13:15:15.274: W/GraphicBufferSource(19435): releasing an unpopulated slot: 10
12-12 13:15:15.274: W/GraphicBufferSource(19435): releasing an unpopulated slot: 11
12-12 13:15:15.274: W/GraphicBufferSource(19435): releasing an unpopulated slot: 12
12-12 13:15:15.274: W/GraphicBufferSource(19435): releasing an unpopulated slot: 13
12-12 13:15:15.274: W/GraphicBufferSource(19435): releasing an unpopulated slot: 14
12-12 13:15:15.274: W/GraphicBufferSource(19435): releasing an unpopulated slot: 15
12-12 13:15:15.274: W/GraphicBufferSource(19435): releasing an unpopulated slot: 16
12-12 13:15:15.274: W/GraphicBufferSource(19435): releasing an unpopulated slot: 17
12-12 13:15:15.274: W/GraphicBufferSource(19435): releasing an unpopulated slot: 18
12-12 13:15:15.274: W/GraphicBufferSource(19435): releasing an unpopulated slot: 19
12-12 13:15:15.274: W/GraphicBufferSource(19435): releasing an unpopulated slot: 20
12-12 13:15:15.274: W/GraphicBufferSource(19435): releasing an unpopulated slot: 21
12-12 13:15:15.274: W/GraphicBufferSource(19435): releasing an unpopulated slot: 22
12-12 13:15:15.274: W/GraphicBufferSource(19435): releasing an unpopulated slot: 23
12-12 13:15:15.274: W/GraphicBufferSource(19435): releasing an unpopulated slot: 24
12-12 13:15:15.274: W/GraphicBufferSource(19435): releasing an unpopulated slot: 25
12-12 13:15:15.274: W/GraphicBufferSource(19435): releasing an unpopulated slot: 26
12-12 13:15:15.274: W/GraphicBufferSource(19435): releasing an unpopulated slot: 27
12-12 13:15:15.274: W/GraphicBufferSource(19435): releasing an unpopulated slot: 28
12-12 13:15:15.274: W/GraphicBufferSource(19435): releasing an unpopulated slot: 29
12-12 13:15:15.274: W/GraphicBufferSource(19435): releasing an unpopulated slot: 30
12-12 13:15:15.274: W/GraphicBufferSource(19435): releasing an unpopulated slot: 31
12-12 13:15:15.274: W/GraphicBufferSource(19435): releasing an unpopulated slot: 32
12-12 13:15:15.274: W/GraphicBufferSource(19435): releasing an unpopulated slot: 33
12-12 13:15:15.274: W/GraphicBufferSource(19435): releasing an unpopulated slot: 34
12-12 13:15:15.274: W/GraphicBufferSource(19435): releasing an unpopulated slot: 35
12-12 13:15:15.274: W/GraphicBufferSource(19435): releasing an unpopulated slot: 36
12-12 13:15:15.274: W/GraphicBufferSource(19435): releasing an unpopulated slot: 37
12-12 13:15:15.274: W/GraphicBufferSource(19435): releasing an unpopulated slot: 38
12-12 13:15:15.274: W/GraphicBufferSource(19435): releasing an unpopulated slot: 39
12-12 13:15:15.274: W/GraphicBufferSource(19435): releasing an unpopulated slot: 40
12-12 13:15:15.274: W/GraphicBufferSource(19435): releasing an unpopulated slot: 41
12-12 13:15:15.274: W/GraphicBufferSource(19435): releasing an unpopulated slot: 42
12-12 13:15:15.274: W/GraphicBufferSource(19435): releasing an unpopulated slot: 43
12-12 13:15:15.274: W/GraphicBufferSource(19435): releasing an unpopulated slot: 44
12-12 13:15:15.274: W/GraphicBufferSource(19435): releasing an unpopulated slot: 45
12-12 13:15:15.274: W/GraphicBufferSource(19435): releasing an unpopulated slot: 46
12-12 13:15:15.274: W/GraphicBufferSource(19435): releasing an unpopulated slot: 47
12-12 13:15:15.274: W/GraphicBufferSource(19435): releasing an unpopulated slot: 48
12-12 13:15:15.274: W/GraphicBufferSource(19435): releasing an unpopulated slot: 49
12-12 13:15:15.274: W/GraphicBufferSource(19435): releasing an unpopulated slot: 50
12-12 13:15:15.274: W/GraphicBufferSource(19435): releasing an unpopulated slot: 51
12-12 13:15:15.274: W/GraphicBufferSource(19435): releasing an unpopulated slot: 52
12-12 13:15:15.274: W/GraphicBufferSource(19435): releasing an unpopulated slot: 53
12-12 13:15:15.274: W/GraphicBufferSource(19435): releasing an unpopulated slot: 54
12-12 13:15:15.274: W/GraphicBufferSource(19435): releasing an unpopulated slot: 55
12-12 13:15:15.274: W/GraphicBufferSource(19435): releasing an unpopulated slot: 56
12-12 13:15:15.274: W/GraphicBufferSource(19435): releasing an unpopulated slot: 57
12-12 13:15:15.274: W/GraphicBufferSource(19435): releasing an unpopulated slot: 58
12-12 13:15:15.274: W/GraphicBufferSource(19435): releasing an unpopulated slot: 59
12-12 13:15:15.274: W/GraphicBufferSource(19435): releasing an unpopulated slot: 60
12-12 13:15:15.274: W/GraphicBufferSource(19435): releasing an unpopulated slot: 61
12-12 13:15:15.274: W/GraphicBufferSource(19435): releasing an unpopulated slot: 62
12-12 13:15:15.274: W/GraphicBufferSource(19435): releasing an unpopulated slot: 63
12-12 13:15:15.276: D/gralloc_ranchu(1440): gralloc_alloc: Creating ashmem region of size 14749696
12-12 13:15:15.308: D/(19255): HostConnection::get() New Host Connection established 0xb0ec8900, tid 19281
12-12 13:15:15.329: D/EGL_emulation(1453): eglMakeCurrent: 0xa9a20900: ver 3 0 (tinfo 0xa9a1b9e0)
12-12 13:15:15.337: D/GraphicBufferSource(19435): got buffer with new dataSpace #104
12-12 13:15:15.338: D/ACodec(19255): dataspace changed to 0x10c10000 (R:2(Limited), P:1(BT709_5), M:1(BT709_5), T:3(SMPTE170M)) (R:2(Limited), S:1(BT709), T:3(SMPTE_170M))
12-12 13:15:15.338: D/gralloc_ranchu(1440): gralloc_alloc: Creating ashmem region of size 14749696
12-12 13:15:15.339: I/MPEG4Writer(19255): limits: 4294967295/0 bytes/us, bit rate: -1 bps and the estimated moov size 3195 bytes
12-12 13:15:15.340: D/(19435): HostConnection::get() New Host Connection established 0xb0e48f00, tid 19270
12-12 13:15:15.371: D/(19255): HostConnection::get() New Host Connection established 0xb0c23000, tid 19263
12-12 13:15:15.382: D/EGL_emulation(1453): eglMakeCurrent: 0xa9a20900: ver 3 0 (tinfo 0xa9a1b9e0)
12-12 13:15:15.422: D/VoldConnector(2044): SND -> {47 volume mkdirs /storage/emulated/0/Android/data/com.freenow.android_demo/cache/}
12-12 13:15:15.423: D/VoldConnector(2044): RCV <- {200 47 Command succeeded}
12-12 13:15:15.431: I/zygote(19232): Do partial code cache collection, code=29KB, data=21KB
12-12 13:15:15.446: I/zygote(19232): After code cache collection, code=29KB, data=21KB
12-12 13:15:15.446: I/zygote(19232): Increasing code cache capacity to 128KB
12-12 13:15:15.471: E/SurfaceFlinger(1453): ro.sf.lcd_density must be defined as a build property
12-12 13:15:15.472: I/MPEG4Writer(19255): setStartTimestampUs: 75226370185
12-12 13:15:15.472: I/MPEG4Writer(19255): Earliest track starting time: 75226370185
12-12 13:15:15.473: D/EGL_emulation(1453): eglMakeCurrent: 0xa9a20900: ver 3 0 (tinfo 0xa9a1b9e0)
12-12 13:15:15.506: I/chatty(1453): uid=1000(system) /system/bin/surfaceflinger identical 4 lines
12-12 13:15:15.515: D/EGL_emulation(1453): eglMakeCurrent: 0xa9a20900: ver 3 0 (tinfo 0xa9a1b9e0)
12-12 13:15:15.530: D/gralloc_ranchu(1440): gralloc_alloc: Creating ashmem region of size 14749696
12-12 13:15:15.585: D/EGL_emulation(1453): eglMakeCurrent: 0xa9a20900: ver 3 0 (tinfo 0xa9a1b9e0)
12-12 13:15:15.590: I/chatty(1453): uid=1000(system) /system/bin/surfaceflinger identical 2 lines
12-12 13:15:15.600: D/EGL_emulation(1453): eglMakeCurrent: 0xa9a20900: ver 3 0 (tinfo 0xa9a1b9e0)
12-12 13:15:15.608: D/gralloc_ranchu(1440): gralloc_alloc: Creating ashmem region of size 14749696
12-12 13:15:15.629: D/(19435): HostConnection::get() New Host Connection established 0xb0a97180, tid 19271
12-12 13:15:15.641: E/SurfaceFlinger(1453): ro.sf.lcd_density must be defined as a build property
12-12 13:15:15.645: I/zygote(19232): Rejecting re-init on previously-failed class java.lang.Class<okhttp3.internal.platform.ConscryptPlatform$configureTrustManager$1>: java.lang.NoClassDefFoundError: Failed resolution of: Lorg/conscrypt/ConscryptHostnameVerifier;
12-12 13:15:15.645: I/zygote(19232):   at okhttp3.internal.platform.android.SocketAdapter okhttp3.internal.platform.android.ConscryptSocketAdapter.buildIfSupported() (ConscryptSocketAdapter.kt:64)
12-12 13:15:15.645: I/zygote(19232):   at void okhttp3.internal.platform.AndroidPlatform.<init>() (AndroidPlatform.kt:45)
12-12 13:15:15.645: I/zygote(19232):   at okhttp3.internal.platform.Platform okhttp3.internal.platform.AndroidPlatform$Companion.buildIfSupported() (AndroidPlatform.kt:239)
12-12 13:15:15.645: I/zygote(19232):   at okhttp3.internal.platform.Platform okhttp3.internal.platform.Platform$Companion.findPlatform() (Platform.kt:211)
12-12 13:15:15.645: I/zygote(19232):   at okhttp3.internal.platform.Platform okhttp3.internal.platform.Platform$Companion.access$findPlatform(okhttp3.internal.platform.Platform$Companion) (Platform.kt:179)
12-12 13:15:15.645: I/zygote(19232):   at void okhttp3.internal.platform.Platform.<clinit>() (Platform.kt:180)
12-12 13:15:15.645: I/zygote(19232):   at void okhttp3.OkHttpClient.<init>(okhttp3.OkHttpClient$Builder) (OkHttpClient.kt:219)
12-12 13:15:15.645: I/zygote(19232):   at okhttp3.OkHttpClient okhttp3.OkHttpClient$Builder.build() (OkHttpClient.kt:955)
12-12 13:15:15.645: I/zygote(19232):   at void com.freenow.android_demo.utils.network.HttpClient.<init>() (HttpClient.java:45)
12-12 13:15:15.645: I/zygote(19232):   at com.freenow.android_demo.utils.network.HttpClient com.freenow.android_demo.dependencies.module.NetworkModule.provideHttpClient() (NetworkModule.java:16)
12-12 13:15:15.645: I/zygote(19232):   at com.freenow.android_demo.utils.network.HttpClient com.freenow.android_demo.dependencies.module.NetworkModule_ProvideHttpClientFactory.get() (NetworkModule_ProvideHttpClientFactory.java:18)
12-12 13:15:15.645: I/zygote(19232):   at java.lang.Object com.freenow.android_demo.dependencies.module.NetworkModule_ProvideHttpClientFactory.get() (NetworkModule_ProvideHttpClientFactory.java:8)
12-12 13:15:15.645: I/zygote(19232):   at java.lang.Object dagger.internal.DoubleCheck.get() (DoubleCheck.java:47)
12-12 13:15:15.645: I/zygote(19232):   at com.freenow.android_demo.activities.MainActivity com.freenow.android_demo.dependencies.component.DaggerAppComponent.injectMainActivity(com.freenow.android_demo.activities.MainActivity) (DaggerAppComponent.java:75)
12-12 13:15:15.645: I/zygote(19232):   at void com.freenow.android_demo.dependencies.component.DaggerAppComponent.inject(com.freenow.android_demo.activities.MainActivity) (DaggerAppComponent.java:54)
12-12 13:15:15.645: I/zygote(19232):   at void com.freenow.android_demo.activities.MainActivity.onCreate(android.os.Bundle) (MainActivity.java:91)
12-12 13:15:15.645: I/zygote(19232):   at void android.app.Activity.performCreate(android.os.Bundle) (Activity.java:6975)
12-12 13:15:15.645: I/zygote(19232):   at void android.app.Instrumentation.callActivityOnCreate(android.app.Activity, android.os.Bundle) (Instrumentation.java:1213)
12-12 13:15:15.645: I/zygote(19232):   at void android.support.test.runner.MonitoringInstrumentation.callActivityOnCreate(android.app.Activity, android.os.Bundle) (MonitoringInstrumentation.java:667)
12-12 13:15:15.645: I/zygote(19232):   at android.app.Activity android.app.ActivityThread.performLaunchActivity(android.app.ActivityThread$ActivityClientRecord, android.content.Intent) (ActivityThread.java:2770)
12-12 13:15:15.645: I/zygote(19232):   at void android.app.ActivityThread.handleLaunchActivity(android.app.ActivityThread$ActivityClientRecord, android.content.Intent, java.lang.String) (ActivityThread.java:2892)
12-12 13:15:15.645: I/zygote(19232):   at void android.app.ActivityThread.-wrap11(android.app.ActivityThread, android.app.ActivityThread$ActivityClientRecord, android.content.Intent, java.lang.String) (ActivityThread.java:-1)
12-12 13:15:15.645: I/zygote(19232):   at void android.app.ActivityThread$H.handleMessage(android.os.Message) (ActivityThread.java:1593)
12-12 13:15:15.645: I/zygote(19232):   at void android.os.Handler.dispatchMessage(android.os.Message) (Handler.java:105)
12-12 13:15:15.645: I/zygote(19232):   at void android.os.Looper.loop() (Looper.java:164)
12-12 13:15:15.645: I/zygote(19232):   at void android.app.ActivityThread.main(java.lang.String[]) (ActivityThread.java:6541)
12-12 13:15:15.645: I/zygote(19232):   at java.lang.Object java.lang.reflect.Method.invoke(java.lang.Object, java.lang.Object[]) (Method.java:-2)
12-12 13:15:15.645: I/zygote(19232):   at void com.android.internal.os.Zygote$MethodAndArgsCaller.run() (Zygote.java:240)
12-12 13:15:15.645: I/zygote(19232):   at void com.android.internal.os.ZygoteInit.main(java.lang.String[]) (ZygoteInit.java:767)
12-12 13:15:15.645: I/zygote(19232): Caused by: java.lang.ClassNotFoundException: Didn't find class "org.conscrypt.ConscryptHostnameVerifier" on path: DexPathList[[zip file "/system/framework/android.test.runner.jar", zip file "/data/app/com.freenow.android_demo.test-sknCZ4HPqj1h8FQlWiYsJg==/base.apk", zip file "/data/app/com.freenow.android_demo-tlawTE6S8wQvT6mbXR7GeQ==/base.apk"],nativeLibraryDirectories=[/data/app/com.freenow.android_demo.test-sknCZ4HPqj1h8FQlWiYsJg==/lib/x86, /data/app/com.freenow.android_demo-tlawTE6S8wQvT6mbXR7GeQ==/lib/x86, /system/lib, /vendor/lib]]
12-12 13:15:15.645: I/zygote(19232):   at java.lang.Class dalvik.system.BaseDexClassLoader.findClass(java.lang.String) (BaseDexClassLoader.java:93)
12-12 13:15:15.645: I/zygote(19232):   at java.lang.Class java.lang.ClassLoader.loadClass(java.lang.String, boolean) (ClassLoader.java:379)
12-12 13:15:15.645: I/zygote(19232):   at java.lang.Class java.lang.ClassLoader.loadClass(java.lang.String) (ClassLoader.java:312)
12-12 13:15:15.645: I/zygote(19232):   at okhttp3.internal.platform.android.SocketAdapter okhttp3.internal.platform.android.ConscryptSocketAdapter.buildIfSupported() (ConscryptSocketAdapter.kt:64)
12-12 13:15:15.645: I/zygote(19232):   at void okhttp3.internal.platform.AndroidPlatform.<init>() (AndroidPlatform.kt:45)
12-12 13:15:15.645: I/zygote(19232):   at okhttp3.internal.platform.Platform okhttp3.internal.platform.AndroidPlatform$Companion.buildIfSupported() (AndroidPlatform.kt:239)
12-12 13:15:15.645: I/zygote(19232):   at okhttp3.internal.platform.Platform okhttp3.internal.platform.Platform$Companion.findPlatform() (Platform.kt:211)
12-12 13:15:15.645: I/zygote(19232):   at okhttp3.internal.platform.Platform okhttp3.internal.platform.Platform$Companion.access$findPlatform(okhttp3.internal.platform.Platform$Companion) (Platform.kt:179)
12-12 13:15:15.645: I/zygote(19232):   at void okhttp3.internal.platform.Platform.<clinit>() (Platform.kt:180)
12-12 13:15:15.645: I/zygote(19232):   at void okhttp3.OkHttpClient.<init>(okhttp3.OkHttpClient$Builder) (OkHttpClient.kt:219)
12-12 13:15:15.645: I/zygote(19232):   at okhttp3.OkHttpClient okhttp3.OkHttpClient$Builder.build() (OkHttpClient.kt:955)
12-12 13:15:15.645: I/zygote(19232):   at void com.freenow.android_demo.utils.network.HttpClient.<init>() (HttpClient.java:45)
12-12 13:15:15.645: I/zygote(19232):   at com.freenow.android_demo.utils.network.HttpClient com.freenow.android_demo.dependencies.module.NetworkModule.provideHttpClient() (NetworkModule.java:16)
12-12 13:15:15.645: I/zygote(19232):   at com.freenow.android_demo.utils.network.HttpClient com.freenow.android_demo.dependencies.module.NetworkModule_ProvideHttpClientFactory.get() (NetworkModule_ProvideHttpClientFactory.java:18)
12-12 13:15:15.645: I/zygote(19232):   at java.lang.Object com.freenow.android_demo.dependencies.module.NetworkModule_ProvideHttpClientFactory.get() (NetworkModule_ProvideHttpClientFactory.java:8)
12-12 13:15:15.645: I/zygote(19232):   at java.lang.Object dagger.internal.DoubleCheck.get() (DoubleCheck.java:47)
12-12 13:15:15.645: I/zygote(19232):   at com.freenow.android_demo.activities.MainActivity com.freenow.android_demo.dependencies.component.DaggerAppComponent.injectMainActivity(com.freenow.android_demo.activities.MainActivity) (DaggerAppComponent.java:75)
12-12 13:15:15.645: I/zygote(19232):   at void com.freenow.android_demo.dependencies.component.DaggerAppComponent.inject(com.freenow.android_demo.activities.MainActivity) (DaggerAppComponent.java:54)
12-12 13:15:15.645: I/zygote(19232):   at void com.freenow.android_demo.activities.MainActivity.onCreate(android.os.Bundle) (MainActivity.java:91)
12-12 13:15:15.645: I/zygote(19232):   at void android.app.Activity.performCreate(android.os.Bundle) (Activity.java:6975)
12-12 13:15:15.645: I/zygote(19232):   at void android.app.Instrumentation.callActivityOnCreate(android.app.Activity, android.os.Bundle) (Instrumentation.java:1213)
12-12 13:15:15.645: I/zygote(19232):   at void android.support.test.runner.MonitoringInstrumentation.callActivityOnCreate(android.app.Activity, android.os.Bundle) (MonitoringInstrumentation.java:667)
12-12 13:15:15.645: I/zygote(19232):   at android.app.Activity android.app.ActivityThread.performLaunchActivity(android.app.ActivityThread$ActivityClientRecord, android.content.Intent) (ActivityThread.java:2770)
12-12 13:15:15.645: I/zygote(19232):   at void android.app.ActivityThread.handleLaunchActivity(android.app.ActivityThread$ActivityClientRecord, android.content.Intent, java.lang.String) (ActivityThread.java:2892)
12-12 13:15:15.645: I/zygote(19232):   at void android.app.ActivityThread.-wrap11(android.app.ActivityThread, android.app.ActivityThread$ActivityClientRecord, android.content.Intent, java.lang.String) (ActivityThread.java:-1)
12-12 13:15:15.645: I/zygote(19232):   at void android.app.ActivityThread$H.handleMessage(android.os.Message) (ActivityThread.java:1593)
12-12 13:15:15.645: I/zygote(19232):   at void android.os.Handler.dispatchMessage(android.os.Message) (Handler.java:105)
12-12 13:15:15.645: I/zygote(19232):   at void android.os.Looper.loop() (Looper.java:164)
12-12 13:15:15.645: I/zygote(19232):   at void android.app.ActivityThread.main(java.lang.String[]) (ActivityThread.java:6541)
12-12 13:15:15.645: I/zygote(19232):   at java.lang.Object java.lang.reflect.Method.invoke(java.lang.Object, java.lang.Object[]) (Method.java:-2)
12-12 13:15:15.645: I/zygote(19232):   at void com.android.internal.os.Zygote$MethodAndArgsCaller.run() (Zygote.java:240)
12-12 13:15:15.645: I/zygote(19232):   at void com.android.internal.os.ZygoteInit.main(java.lang.String[]) (ZygoteInit.java:767)
12-12 13:15:15.646: I/zygote(19232): Rejecting re-init on previously-failed class java.lang.Class<okhttp3.internal.platform.ConscryptPlatform$configureTrustManager$1>: java.lang.NoClassDefFoundError: Failed resolution of: Lorg/conscrypt/ConscryptHostnameVerifier;
12-12 13:15:15.646: I/zygote(19232):   at okhttp3.internal.platform.android.SocketAdapter okhttp3.internal.platform.android.ConscryptSocketAdapter.buildIfSupported() (ConscryptSocketAdapter.kt:64)
12-12 13:15:15.646: I/zygote(19232):   at void okhttp3.internal.platform.AndroidPlatform.<init>() (AndroidPlatform.kt:45)
12-12 13:15:15.646: I/zygote(19232):   at okhttp3.internal.platform.Platform okhttp3.internal.platform.AndroidPlatform$Companion.buildIfSupported() (AndroidPlatform.kt:239)
12-12 13:15:15.646: I/zygote(19232):   at okhttp3.internal.platform.Platform okhttp3.internal.platform.Platform$Companion.findPlatform() (Platform.kt:211)
12-12 13:15:15.646: I/zygote(19232):   at okhttp3.internal.platform.Platform okhttp3.internal.platform.Platform$Companion.access$findPlatform(okhttp3.internal.platform.Platform$Companion) (Platform.kt:179)
12-12 13:15:15.646: I/zygote(19232):   at void okhttp3.internal.platform.Platform.<clinit>() (Platform.kt:180)
12-12 13:15:15.646: I/zygote(19232):   at void okhttp3.OkHttpClient.<init>(okhttp3.OkHttpClient$Builder) (OkHttpClient.kt:219)
12-12 13:15:15.646: I/zygote(19232):   at okhttp3.OkHttpClient okhttp3.OkHttpClient$Builder.build() (OkHttpClient.kt:955)
12-12 13:15:15.646: I/zygote(19232):   at void com.freenow.android_demo.utils.network.HttpClient.<init>() (HttpClient.java:45)
12-12 13:15:15.646: I/zygote(19232):   at com.freenow.android_demo.utils.network.HttpClient com.freenow.android_demo.dependencies.module.NetworkModule.provideHttpClient() (NetworkModule.java:16)
12-12 13:15:15.646: I/zygote(19232):   at com.freenow.android_demo.utils.network.HttpClient com.freenow.android_demo.dependencies.module.NetworkModule_ProvideHttpClientFactory.get() (NetworkModule_ProvideHttpClientFactory.java:18)
12-12 13:15:15.646: I/zygote(19232):   at java.lang.Object com.freenow.android_demo.dependencies.module.NetworkModule_ProvideHttpClientFactory.get() (NetworkModule_ProvideHttpClientFactory.java:8)
12-12 13:15:15.646: I/zygote(19232):   at java.lang.Object dagger.internal.DoubleCheck.get() (DoubleCheck.java:47)
12-12 13:15:15.646: I/zygote(19232):   at com.freenow.android_demo.activities.MainActivity com.freenow.android_demo.dependencies.component.DaggerAppComponent.injectMainActivity(com.freenow.android_demo.activities.MainActivity) (DaggerAppComponent.java:75)
12-12 13:15:15.646: I/zygote(19232):   at void com.freenow.android_demo.dependencies.component.DaggerAppComponent.inject(com.freenow.android_demo.activities.MainActivity) (DaggerAppComponent.java:54)
12-12 13:15:15.646: I/zygote(19232):   at void com.freenow.android_demo.activities.MainActivity.onCreate(android.os.Bundle) (MainActivity.java:91)
12-12 13:15:15.646: I/zygote(19232):   at void android.app.Activity.performCreate(android.os.Bundle) (Activity.java:6975)
12-12 13:15:15.646: I/zygote(19232):   at void android.app.Instrumentation.callActivityOnCreate(android.app.Activity, android.os.Bundle) (Instrumentation.java:1213)
12-12 13:15:15.646: I/zygote(19232):   at void android.support.test.runner.MonitoringInstrumentation.callActivityOnCreate(android.app.Activity, android.os.Bundle) (MonitoringInstrumentation.java:667)
12-12 13:15:15.646: I/zygote(19232):   at android.app.Activity android.app.ActivityThread.performLaunchActivity(android.app.ActivityThread$ActivityClientRecord, android.content.Intent) (ActivityThread.java:2770)
12-12 13:15:15.646: I/zygote(19232):   at void android.app.ActivityThread.handleLaunchActivity(android.app.ActivityThread$ActivityClientRecord, android.content.Intent, java.lang.String) (ActivityThread.java:2892)
12-12 13:15:15.646: I/zygote(19232):   at void android.app.ActivityThread.-wrap11(android.app.ActivityThread, android.app.ActivityThread$ActivityClientRecord, android.content.Intent, java.lang.String) (ActivityThread.java:-1)
12-12 13:15:15.646: I/zygote(19232):   at void android.app.ActivityThread$H.handleMessage(android.os.Message) (ActivityThread.java:1593)
12-12 13:15:15.646: I/zygote(19232):   at void android.os.Handler.dispatchMessage(android.os.Message) (Handler.java:105)
12-12 13:15:15.646: I/zygote(19232):   at void android.os.Looper.loop() (Looper.java:164)
12-12 13:15:15.646: I/zygote(19232):   at void android.app.ActivityThread.main(java.lang.String[]) (ActivityThread.java:6541)
12-12 13:15:15.646: I/zygote(19232):   at java.lang.Object java.lang.reflect.Method.invoke(java.lang.Object, java.lang.Object[]) (Method.java:-2)
12-12 13:15:15.646: I/zygote(19232):   at void com.android.internal.os.Zygote$MethodAndArgsCaller.run() (Zygote.java:240)
12-12 13:15:15.646: I/zygote(19232):   at void com.android.internal.os.ZygoteInit.main(java.lang.String[]) (ZygoteInit.java:767)
12-12 13:15:15.646: I/zygote(19232): Caused by: java.lang.ClassNotFoundException: Didn't find class "org.conscrypt.ConscryptHostnameVerifier" on path: DexPathList[[zip file "/system/framework/android.test.runner.jar", zip file "/data/app/com.freenow.android_demo.test-sknCZ4HPqj1h8FQlWiYsJg==/base.apk", zip file "/data/app/com.freenow.android_demo-tlawTE6S8wQvT6mbXR7GeQ==/base.apk"],nativeLibraryDirectories=[/data/app/com.freenow.android_demo.test-sknCZ4HPqj1h8FQlWiYsJg==/lib/x86, /data/app/com.freenow.android_demo-tlawTE6S8wQvT6mbXR7GeQ==/lib/x86, /system/lib, /vendor/lib]]
12-12 13:15:15.646: I/zygote(19232):   at java.lang.Class dalvik.system.BaseDexClassLoader.findClass(java.lang.String) (BaseDexClassLoader.java:93)
12-12 13:15:15.646: I/zygote(19232):   at java.lang.Class java.lang.ClassLoader.loadClass(java.lang.String, boolean) (ClassLoader.java:379)
12-12 13:15:15.646: I/zygote(19232):   at java.lang.Class java.lang.ClassLoader.loadClass(java.lang.String) (ClassLoader.java:312)
12-12 13:15:15.646: I/zygote(19232):   at okhttp3.internal.platform.android.SocketAdapter okhttp3.internal.platform.android.ConscryptSocketAdapter.buildIfSupported() (ConscryptSocketAdapter.kt:64)
12-12 13:15:15.646: I/zygote(19232):   at void okhttp3.internal.platform.AndroidPlatform.<init>() (AndroidPlatform.kt:45)
12-12 13:15:15.646: I/zygote(19232):   at okhttp3.internal.platform.Platform okhttp3.internal.platform.AndroidPlatform$Companion.buildIfSupported() (AndroidPlatform.kt:239)
12-12 13:15:15.646: I/zygote(19232):   at okhttp3.internal.platform.Platform okhttp3.internal.platform.Platform$Companion.findPlatform() (Platform.kt:211)
12-12 13:15:15.646: I/zygote(19232):   at okhttp3.internal.platform.Platform okhttp3.internal.platform.Platform$Companion.access$findPlatform(okhttp3.internal.platform.Platform$Companion) (Platform.kt:179)
12-12 13:15:15.647: I/zygote(19232):   at void okhttp3.internal.platform.Platform.<clinit>() (Platform.kt:180)
12-12 13:15:15.647: I/zygote(19232):   at void okhttp3.OkHttpClient.<init>(okhttp3.OkHttpClient$Builder) (OkHttpClient.kt:219)
12-12 13:15:15.647: I/zygote(19232):   at okhttp3.OkHttpClient okhttp3.OkHttpClient$Builder.build() (OkHttpClient.kt:955)
12-12 13:15:15.647: I/zygote(19232):   at void com.freenow.android_demo.utils.network.HttpClient.<init>() (HttpClient.java:45)
12-12 13:15:15.647: I/zygote(19232):   at com.freenow.android_demo.utils.network.HttpClient com.freenow.android_demo.dependencies.module.NetworkModule.provideHttpClient() (NetworkModule.java:16)
12-12 13:15:15.647: I/zygote(19232):   at com.freenow.android_demo.utils.network.HttpClient com.freenow.android_demo.dependencies.module.NetworkModule_ProvideHttpClientFactory.get() (NetworkModule_ProvideHttpClientFactory.java:18)
12-12 13:15:15.647: I/zygote(19232):   at java.lang.Object com.freenow.android_demo.dependencies.module.NetworkModule_ProvideHttpClientFactory.get() (NetworkModule_ProvideHttpClientFactory.java:8)
12-12 13:15:15.647: I/zygote(19232):   at java.lang.Object dagger.internal.DoubleCheck.get() (DoubleCheck.java:47)
12-12 13:15:15.647: I/zygote(19232):   at com.freenow.android_demo.activities.MainActivity com.freenow.android_demo.dependencies.component.DaggerAppComponent.injectMainActivity(com.freenow.android_demo.activities.MainActivity) (DaggerAppComponent.java:75)
12-12 13:15:15.647: I/zygote(19232):   at void com.freenow.android_demo.dependencies.component.DaggerAppComponent.inject(com.freenow.android_demo.activities.MainActivity) (DaggerAppComponent.java:54)
12-12 13:15:15.647: I/zygote(19232):   at void com.freenow.android_demo.activities.MainActivity.onCreate(android.os.Bundle) (MainActivity.java:91)
12-12 13:15:15.647: I/zygote(19232):   at void android.app.Activity.performCreate(android.os.Bundle) (Activity.java:6975)
12-12 13:15:15.647: I/zygote(19232):   at void android.app.Instrumentation.callActivityOnCreate(android.app.Activity, android.os.Bundle) (Instrumentation.java:1213)
12-12 13:15:15.647: I/zygote(19232):   at void android.support.test.runner.MonitoringInstrumentation.callActivityOnCreate(android.app.Activity, android.os.Bundle) (MonitoringInstrumentation.java:667)
12-12 13:15:15.647: I/zygote(19232):   at android.app.Activity android.app.ActivityThread.performLaunchActivity(android.app.ActivityThread$ActivityClientRecord, android.content.Intent) (ActivityThread.java:2770)
12-12 13:15:15.647: I/zygote(19232):   at void android.app.ActivityThread.handleLaunchActivity(android.app.ActivityThread$ActivityClientRecord, android.content.Intent, java.lang.String) (ActivityThread.java:2892)
12-12 13:15:15.647: I/zygote(19232):   at void android.app.ActivityThread.-wrap11(android.app.ActivityThread, android.app.ActivityThread$ActivityClientRecord, android.content.Intent, java.lang.String) (ActivityThread.java:-1)
12-12 13:15:15.647: I/zygote(19232):   at void android.app.ActivityThread$H.handleMessage(android.os.Message) (ActivityThread.java:1593)
12-12 13:15:15.647: I/zygote(19232):   at void android.os.Handler.dispatchMessage(android.os.Message) (Handler.java:105)
12-12 13:15:15.647: I/zygote(19232):   at void android.os.Looper.loop() (Looper.java:164)
12-12 13:15:15.647: I/zygote(19232):   at void android.app.ActivityThread.main(java.lang.String[]) (ActivityThread.java:6541)
12-12 13:15:15.647: I/zygote(19232):   at java.lang.Object java.lang.reflect.Method.invoke(java.lang.Object, java.lang.Object[]) (Method.java:-2)
12-12 13:15:15.647: I/zygote(19232):   at void com.android.internal.os.Zygote$MethodAndArgsCaller.run() (Zygote.java:240)
12-12 13:15:15.647: I/zygote(19232):   at void com.android.internal.os.ZygoteInit.main(java.lang.String[]) (ZygoteInit.java:767)
12-12 13:15:15.673: D/NetworkSecurityConfig(19232): No Network Security Config specified, using platform default
12-12 13:15:15.686: D/EGL_emulation(1453): eglMakeCurrent: 0xa9a20900: ver 3 0 (tinfo 0xa9a1b9e0)
12-12 13:15:15.690: I/chatty(1453): uid=1000(system) /system/bin/surfaceflinger identical 2 lines
12-12 13:15:15.701: D/EGL_emulation(1453): eglMakeCurrent: 0xa9a20900: ver 3 0 (tinfo 0xa9a1b9e0)
12-12 13:15:15.717: D/Test(19232): Fetching drivers
12-12 13:15:15.724: D/LifecycleMonitor(19232): Lifecycle status change: com.freenow.android_demo.activities.MainActivity@2a6dcfa in: CREATED
12-12 13:15:15.728: D/EGL_emulation(1453): eglMakeCurrent: 0xa9a20900: ver 3 0 (tinfo 0xa9a1b9e0)
12-12 13:15:15.730: D/EGL_emulation(1453): eglMakeCurrent: 0xa9a20900: ver 3 0 (tinfo 0xa9a1b9e0)
12-12 13:15:15.731: E/SurfaceFlinger(1453): ro.sf.lcd_density must be defined as a build property
12-12 13:15:15.736: D/LifecycleMonitor(19232): Lifecycle status change: com.freenow.android_demo.activities.MainActivity@2a6dcfa in: STARTED
12-12 13:15:15.737: D/EGL_emulation(1453): eglMakeCurrent: 0xa9a20900: ver 3 0 (tinfo 0xa9a1b9e0)
12-12 13:15:15.755: I/ActivityManager(2044): START u0 {cmp=com.freenow.android_demo/.activities.AuthenticationActivity} from uid 10095
12-12 13:15:15.763: D/EGL_emulation(1453): eglMakeCurrent: 0xa9a20900: ver 3 0 (tinfo 0xa9a1b9e0)
12-12 13:15:15.763: W/System.err(19232): java.net.ConnectException: Failed to connect to localhost/127.0.0.1:8080
12-12 13:15:15.764: W/System.err(19232): 	at okhttp3.internal.connection.RealConnection.connectSocket(RealConnection.kt:270)
12-12 13:15:15.764: W/System.err(19232): 	at okhttp3.internal.connection.RealConnection.connect(RealConnection.kt:176)
12-12 13:15:15.764: W/System.err(19232): 	at okhttp3.internal.connection.ExchangeFinder.findConnection(ExchangeFinder.kt:236)
12-12 13:15:15.764: W/System.err(19232): 	at okhttp3.internal.connection.ExchangeFinder.findHealthyConnection(ExchangeFinder.kt:109)
12-12 13:15:15.764: W/System.err(19232): 	at okhttp3.internal.connection.ExchangeFinder.find(ExchangeFinder.kt:77)
12-12 13:15:15.764: W/System.err(19232): 	at okhttp3.internal.connection.Transmitter.newExchange$okhttp(Transmitter.kt:162)
12-12 13:15:15.764: W/System.err(19232): 	at okhttp3.internal.connection.ConnectInterceptor.intercept(ConnectInterceptor.kt:35)
12-12 13:15:15.764: W/System.err(19232): 	at okhttp3.internal.http.RealInterceptorChain.proceed(RealInterceptorChain.kt:112)
12-12 13:15:15.764: W/System.err(19232): 	at okhttp3.internal.http.RealInterceptorChain.proceed(RealInterceptorChain.kt:87)
12-12 13:15:15.764: W/System.err(19232): 	at okhttp3.internal.cache.CacheInterceptor.intercept(CacheInterceptor.kt:82)
12-12 13:15:15.764: W/System.err(19232): 	at okhttp3.internal.http.RealInterceptorChain.proceed(RealInterceptorChain.kt:112)
12-12 13:15:15.764: W/System.err(19232): 	at okhttp3.internal.http.RealInterceptorChain.proceed(RealInterceptorChain.kt:87)
12-12 13:15:15.764: W/System.err(19232): 	at okhttp3.internal.http.BridgeInterceptor.intercept(BridgeInterceptor.kt:84)
12-12 13:15:15.764: W/System.err(19232): 	at okhttp3.internal.http.RealInterceptorChain.proceed(RealInterceptorChain.kt:112)
12-12 13:15:15.764: W/System.err(19232): 	at okhttp3.internal.http.RetryAndFollowUpInterceptor.intercept(RetryAndFollowUpInterceptor.kt:71)
12-12 13:15:15.764: W/System.err(19232): 	at okhttp3.internal.http.RealInterceptorChain.proceed(RealInterceptorChain.kt:112)
12-12 13:15:15.764: W/System.err(19232): 	at okhttp3.internal.http.RealInterceptorChain.proceed(RealInterceptorChain.kt:87)
12-12 13:15:15.765: W/System.err(19232): 	at net.rafaeltoledo.okir.OkHttp3IdlingResource.intercept(OkHttp3IdlingResource.java:39)
12-12 13:15:15.765: W/System.err(19232): 	at okhttp3.internal.http.RealInterceptorChain.proceed(RealInterceptorChain.kt:112)
12-12 13:15:15.765: W/System.err(19232): 	at okhttp3.internal.http.RealInterceptorChain.proceed(RealInterceptorChain.kt:87)
12-12 13:15:15.765: W/System.err(19232): 	at okhttp3.RealCall.getResponseWithInterceptorChain(RealCall.kt:184)
12-12 13:15:15.765: W/System.err(19232): 	at okhttp3.RealCall$AsyncCall.run(RealCall.kt:136)
12-12 13:15:15.765: W/System.err(19232): 	at java.util.concurrent.ThreadPoolExecutor.runWorker(ThreadPoolExecutor.java:1162)
12-12 13:15:15.765: W/System.err(19232): 	at java.util.concurrent.ThreadPoolExecutor$Worker.run(ThreadPoolExecutor.java:636)
12-12 13:15:15.765: W/System.err(19232): 	at java.lang.Thread.run(Thread.java:764)
12-12 13:15:15.765: D/EGL_emulation(1453): eglMakeCurrent: 0xa9a20900: ver 3 0 (tinfo 0xa9a1b9e0)
12-12 13:15:15.765: W/System.err(19232): Caused by: java.net.ConnectException: failed to connect to localhost/127.0.0.1 (port 8080) from /127.0.0.1 (port 49800) after 10000ms: isConnected failed: ECONNREFUSED (Connection refused)
12-12 13:15:15.765: W/System.err(19232): 	at libcore.io.IoBridge.isConnected(IoBridge.java:273)
12-12 13:15:15.765: W/System.err(19232): 	at libcore.io.IoBridge.connectErrno(IoBridge.java:188)
12-12 13:15:15.766: W/System.err(19232): 	at libcore.io.IoBridge.connect(IoBridge.java:130)
12-12 13:15:15.766: W/System.err(19232): 	at java.net.PlainSocketImpl.socketConnect(PlainSocketImpl.java:129)
12-12 13:15:15.766: W/System.err(19232): 	at java.net.AbstractPlainSocketImpl.doConnect(AbstractPlainSocketImpl.java:356)
12-12 13:15:15.766: W/System.err(19232): 	at java.net.AbstractPlainSocketImpl.connectToAddress(AbstractPlainSocketImpl.java:200)
12-12 13:15:15.766: W/System.err(19232): 	at java.net.AbstractPlainSocketImpl.connect(AbstractPlainSocketImpl.java:182)
12-12 13:15:15.766: W/System.err(19232): 	at java.net.SocksSocketImpl.connect(SocksSocketImpl.java:356)
12-12 13:15:15.766: W/System.err(19232): 	at java.net.Socket.connect(Socket.java:616)
12-12 13:15:15.767: W/System.err(19232): 	at okhttp3.internal.platform.AndroidPlatform.connectSocket(AndroidPlatform.kt:58)
12-12 13:15:15.767: W/System.err(19232): 	at okhttp3.internal.connection.RealConnection.connectSocket(RealConnection.kt:268)
12-12 13:15:15.767: W/System.err(19232): 	... 24 more
12-12 13:15:15.767: W/System.err(19232): Caused by: android.system.ErrnoException: isConnected failed: ECONNREFUSED (Connection refused)
12-12 13:15:15.767: W/System.err(19232): 	at libcore.io.IoBridge.isConnected(IoBridge.java:262)
12-12 13:15:15.767: W/System.err(19232): 	... 34 more
12-12 13:15:15.769: D/LifecycleMonitor(19232): Lifecycle status change: com.freenow.android_demo.activities.MainActivity@2a6dcfa in: RESUMED
12-12 13:15:15.771: D/EGL_emulation(1453): eglMakeCurrent: 0xa9a20900: ver 3 0 (tinfo 0xa9a1b9e0)
12-12 13:15:15.775: I/zygote(19232): Background concurrent copying GC freed 6581(1213KB) AllocSpace objects, 0(0B) LOS objects, 49% free, 1663KB/3MB, paused 1.230ms total 108.354ms
12-12 13:15:15.783: D/EGL_emulation(1453): eglMakeCurrent: 0xa9a20900: ver 3 0 (tinfo 0xa9a1b9e0)
12-12 13:15:15.792: E/SurfaceFlinger(1453): ro.sf.lcd_density must be defined as a build property
12-12 13:15:15.795: D/EGL_emulation(1453): eglMakeCurrent: 0xa9a20900: ver 3 0 (tinfo 0xa9a1b9e0)
12-12 13:15:15.795: D/OpenGLRenderer(19232): HWUI GL Pipeline
12-12 13:15:15.796: D/EGL_emulation(1453): eglMakeCurrent: 0xa9a20900: ver 3 0 (tinfo 0xa9a1b9e0)
12-12 13:15:15.811: W/BroadcastQueue(2044): Background execution not allowed: receiving Intent { act=android.intent.action.DROPBOX_ENTRY_ADDED flg=0x10 (has extras) } to com.google.android.gms/.stats.service.DropBoxEntryAddedReceiver
12-12 13:15:15.811: W/BroadcastQueue(2044): Background execution not allowed: receiving Intent { act=android.intent.action.DROPBOX_ENTRY_ADDED flg=0x10 (has extras) } to com.google.android.gms/.chimera.GmsIntentOperationService$PersistentTrustedReceiver
12-12 13:15:15.820: I/chatty(1453): uid=1000(system) /system/bin/surfaceflinger identical 4 lines
12-12 13:15:15.822: D/EGL_emulation(1453): eglMakeCurrent: 0xa9a20900: ver 3 0 (tinfo 0xa9a1b9e0)
12-12 13:15:15.825: D/LifecycleMonitor(19232): Lifecycle status change: com.freenow.android_demo.activities.MainActivity@2a6dcfa in: PAUSED
12-12 13:15:15.829: D/EGL_emulation(1453): eglMakeCurrent: 0xa9a20900: ver 3 0 (tinfo 0xa9a1b9e0)
12-12 13:15:15.856: I/chatty(1453): uid=1000(system) /system/bin/surfaceflinger identical 7 lines
12-12 13:15:15.861: D/EGL_emulation(1453): eglMakeCurrent: 0xa9a20900: ver 3 0 (tinfo 0xa9a1b9e0)
12-12 13:15:15.862: W/GCoreFlp(2810): No location to return for getLastLocation()
12-12 13:15:15.869: D/EGL_emulation(1453): eglMakeCurrent: 0xa9a20900: ver 3 0 (tinfo 0xa9a1b9e0)
12-12 13:15:15.871: D/EGL_emulation(1453): eglMakeCurrent: 0xa9a20900: ver 3 0 (tinfo 0xa9a1b9e0)
12-12 13:15:15.890: E/SurfaceFlinger(1453): ro.sf.lcd_density must be defined as a build property
12-12 13:15:15.899: D/LifecycleMonitor(19232): Lifecycle status change: com.freenow.android_demo.activities.AuthenticationActivity@1c22b60 in: PRE_ON_CREATE
12-12 13:15:15.905: D/EGL_emulation(1453): eglMakeCurrent: 0xa9a20900: ver 3 0 (tinfo 0xa9a1b9e0)
12-12 13:15:15.924: I/chatty(1453): uid=1000(system) /system/bin/surfaceflinger identical 2 lines
12-12 13:15:15.925: D/EGL_emulation(1453): eglMakeCurrent: 0xa9a20900: ver 3 0 (tinfo 0xa9a1b9e0)
12-12 13:15:15.963: I/TextInputLayout(19232): EditText added is not a TextInputEditText. Please switch to using that class instead.
12-12 13:15:15.971: I/TextInputLayout(19232): EditText added is not a TextInputEditText. Please switch to using that class instead.
12-12 13:15:15.977: D/LifecycleMonitor(19232): Lifecycle status change: com.freenow.android_demo.activities.AuthenticationActivity@1c22b60 in: CREATED
12-12 13:15:15.978: D/LifecycleMonitor(19232): Lifecycle status change: com.freenow.android_demo.activities.AuthenticationActivity@1c22b60 in: STARTED
12-12 13:15:15.980: D/LifecycleMonitor(19232): Lifecycle status change: com.freenow.android_demo.activities.AuthenticationActivity@1c22b60 in: RESUMED
12-12 13:15:16.006: E/SurfaceFlinger(1453): ro.sf.lcd_density must be defined as a build property
12-12 13:15:16.038: D/EGL_emulation(1453): eglMakeCurrent: 0xa9a20900: ver 3 0 (tinfo 0xa9a1b9e0)
12-12 13:15:16.042: D/gralloc_ranchu(1440): gralloc_alloc: Creating ashmem region of size 14749696
12-12 13:15:16.043: D/(19232): HostConnection::get() New Host Connection established 0x9172c840, tid 19316
12-12 13:15:16.045: I/OpenGLRenderer(19232): Initialized EGL, version 1.4
12-12 13:15:16.045: D/OpenGLRenderer(19232): Swap behavior 1
12-12 13:15:16.045: W/OpenGLRenderer(19232): Failed to choose config with EGL_SWAP_BEHAVIOR_PRESERVED, retrying without...
12-12 13:15:16.045: D/OpenGLRenderer(19232): Swap behavior 0
12-12 13:15:16.052: E/Google Maps Android API(19232): Authorization failure.  Please see https://developers.google.com/maps/documentation/android-api/start for how to correctly set up the map.
12-12 13:15:16.054: E/Google Maps Android API(19232): In the Google Developer Console (https://console.developers.google.com)
12-12 13:15:16.054: E/Google Maps Android API(19232): Ensure that the "Google Maps Android API v2" is enabled.
12-12 13:15:16.054: E/Google Maps Android API(19232): Ensure that the following Android Key exists:
12-12 13:15:16.054: E/Google Maps Android API(19232): 	API Key: YOUR_KEY_HERE
12-12 13:15:16.054: E/Google Maps Android API(19232): 	Android Application (<cert_fingerprint>;<package_name>): 13:4F:1D:E7:E0:35:AB:D2:C4:2A:F3:B6:01:50:7C:4E:34:5F:5D:B1;com.freenow.android_demo
12-12 13:15:16.058: D/EGL_emulation(19232): eglCreateContext: 0xa470c1e0: maj 3 min 0 rcv 3
12-12 13:15:16.058: D/gralloc_ranchu(1440): gralloc_alloc: Creating ashmem region of size 14749696
12-12 13:15:16.074: D/EGL_emulation(1453): eglMakeCurrent: 0xa9a20900: ver 3 0 (tinfo 0xa9a1b9e0)
12-12 13:15:16.074: D/gralloc_ranchu(1440): gralloc_alloc: Creating ashmem region of size 14749696
12-12 13:15:16.075: D/EGL_emulation(19232): eglMakeCurrent: 0xa470c1e0: ver 3 0 (tinfo 0xa21ffbe0)
12-12 13:15:16.085: E/SurfaceFlinger(1453): ro.sf.lcd_density must be defined as a build property
12-12 13:15:16.091: I/zygote(19232): Do partial code cache collection, code=56KB, data=57KB
12-12 13:15:16.091: I/zygote(19232): After code cache collection, code=56KB, data=57KB
12-12 13:15:16.091: I/zygote(19232): Increasing code cache capacity to 256KB
12-12 13:15:16.091: I/zygote(19232): Do full code cache collection, code=56KB, data=74KB
12-12 13:15:16.092: I/zygote(19232): After code cache collection, code=0B, data=22KB
12-12 13:15:16.107: D/EGL_emulation(1453): eglMakeCurrent: 0xa9a20900: ver 3 0 (tinfo 0xa9a1b9e0)
12-12 13:15:16.137: I/chatty(1453): uid=1000(system) /system/bin/surfaceflinger identical 4 lines
12-12 13:15:16.138: D/EGL_emulation(1453): eglMakeCurrent: 0xa9a20900: ver 3 0 (tinfo 0xa9a1b9e0)
12-12 13:15:16.157: E/SurfaceFlinger(1453): ro.sf.lcd_density must be defined as a build property
12-12 13:15:16.174: D/EGL_emulation(19232): eglMakeCurrent: 0xa470c1e0: ver 3 0 (tinfo 0xa21ffbe0)
12-12 13:15:16.176: D/EGL_emulation(1453): eglMakeCurrent: 0xa9a20900: ver 3 0 (tinfo 0xa9a1b9e0)
12-12 13:15:16.201: I/chatty(1453): uid=1000(system) /system/bin/surfaceflinger identical 2 lines
12-12 13:15:16.202: D/EGL_emulation(1453): eglMakeCurrent: 0xa9a20900: ver 3 0 (tinfo 0xa9a1b9e0)
12-12 13:15:16.242: E/SurfaceFlinger(1453): ro.sf.lcd_density must be defined as a build property
12-12 13:15:16.303: E/SurfaceFlinger(1453): ro.sf.lcd_density must be defined as a build property
12-12 13:15:16.338: D/EGL_emulation(1453): eglMakeCurrent: 0xa9a20900: ver 3 0 (tinfo 0xa9a1b9e0)
12-12 13:15:16.344: D/EGL_emulation(1453): eglMakeCurrent: 0xa9a20900: ver 3 0 (tinfo 0xa9a1b9e0)
12-12 13:15:16.352: I/ActivityManager(2044): Displayed com.freenow.android_demo/.activities.AuthenticationActivity: +521ms (total +1s301ms)
12-12 13:15:16.364: D/EGL_emulation(1453): eglMakeCurrent: 0xa9a20900: ver 3 0 (tinfo 0xa9a1b9e0)
12-12 13:15:16.367: D/EGL_emulation(1453): eglMakeCurrent: 0xa9a20900: ver 3 0 (tinfo 0xa9a1b9e0)
12-12 13:15:16.369: E/SurfaceFlinger(1453): ro.sf.lcd_density must be defined as a build property
12-12 13:15:16.369: W/View(19232): dispatchProvideAutofillStructure(): not laid out, ignoring
12-12 13:15:16.369: W/Binder(2044): Outgoing transactions from this process must be FLAG_ONEWAY
12-12 13:15:16.369: W/Binder(2044): java.lang.Throwable
12-12 13:15:16.369: W/Binder(2044): 	at android.os.BinderProxy.transact(Binder.java:736)
12-12 13:15:16.369: W/Binder(2044): 	at android.app.assist.AssistStructure$ParcelTransferReader.fetchData(AssistStructure.java:407)
12-12 13:15:16.369: W/Binder(2044): 	at android.app.assist.AssistStructure$ParcelTransferReader.go(AssistStructure.java:343)
12-12 13:15:16.369: W/Binder(2044): 	at android.app.assist.AssistStructure.ensureData(AssistStructure.java:2106)
12-12 13:15:16.369: W/Binder(2044): 	at com.android.server.autofill.Session$1.send(Session.java:200)
12-12 13:15:16.369: W/Binder(2044): 	at com.android.server.am.ActivityManagerService.reportAssistContextExtras(ActivityManagerService.java:13139)
12-12 13:15:16.369: W/Binder(2044): 	at android.app.IActivityManager$Stub.onTransact(IActivityManager.java:2466)
12-12 13:15:16.369: W/Binder(2044): 	at com.android.server.am.ActivityManagerService.onTransact(ActivityManagerService.java:2935)
12-12 13:15:16.369: W/Binder(2044): 	at android.os.Binder.execTransact(Binder.java:674)
12-12 13:15:16.373: I/AssistStructure(19232): Flattened final assist data: 2428 bytes, containing 1 windows, 9 views
12-12 13:15:16.373: D/EGL_emulation(1453): eglMakeCurrent: 0xa9a20900: ver 3 0 (tinfo 0xa9a1b9e0)
12-12 13:15:16.388: I/AssistStructure(2044): Flattened final assist data: 2228 bytes, containing 1 windows, 9 views
12-12 13:15:16.391: D/EGL_emulation(1453): eglMakeCurrent: 0xa9a20900: ver 3 0 (tinfo 0xa9a1b9e0)
12-12 13:15:16.402: I/chatty(1453): uid=1000(system) /system/bin/surfaceflinger identical 1 line
12-12 13:15:16.404: D/EGL_emulation(1453): eglMakeCurrent: 0xa9a20900: ver 3 0 (tinfo 0xa9a1b9e0)
12-12 13:15:16.407: D/LifecycleMonitor(19232): Lifecycle status change: com.freenow.android_demo.activities.MainActivity@2a6dcfa in: STOPPED
12-12 13:15:16.407: D/LifecycleMonitor(19232): running callback: android.support.test.rule.ActivityTestRule$LifecycleCallback@68b016b
12-12 13:15:16.407: D/LifecycleMonitor(19232): callback completes: android.support.test.rule.ActivityTestRule$LifecycleCallback@68b016b
