12-12 13:15:41.302: I/chatty(1453): uid=1000(system) /system/bin/surfaceflinger identical 9 lines
12-12 13:15:41.304: D/EGL_emulation(1453): eglMakeCurrent: 0xa9a20900: ver 3 0 (tinfo 0xa9a1b9e0)
12-12 13:15:41.312: D/(20338): HostConnection::get() New Host Connection established 0x91aa28c0, tid 20491
12-12 13:15:41.313: D/gralloc_ranchu(1440): gralloc_alloc: Creating ashmem region of size 14749696
12-12 13:15:41.315: I/OpenGLRenderer(20338): Initialized EGL, version 1.4
12-12 13:15:41.315: D/OpenGLRenderer(20338): Swap behavior 1
12-12 13:15:41.316: W/OpenGLRenderer(20338): Failed to choose config with EGL_SWAP_BEHAVIOR_PRESERVED, retrying without...
12-12 13:15:41.316: D/OpenGLRenderer(20338): Swap behavior 0
12-12 13:15:41.333: D/EGL_emulation(1453): eglMakeCurrent: 0xa9a20900: ver 3 0 (tinfo 0xa9a1b9e0)
12-12 13:15:41.335: D/gralloc_ranchu(1440): gralloc_alloc: Creating ashmem region of size 14749696
12-12 13:15:41.335: D/EGL_emulation(20338): eglCreateContext: 0xa2ca7fc0: maj 3 min 0 rcv 3
12-12 13:15:41.355: D/gralloc_ranchu(1440): gralloc_alloc: Creating ashmem region of size 14749696
12-12 13:15:41.389: D/EGL_emulation(20338): eglMakeCurrent: 0xa2ca7fc0: ver 3 0 (tinfo 0xa21ffdc0)
12-12 13:15:41.392: E/SurfaceFlinger(1453): ro.sf.lcd_density must be defined as a build property
12-12 13:15:41.396: E/SurfaceFlinger(1453): ro.sf.lcd_density must be defined as a build property
12-12 13:15:41.402: D/EGL_emulation(1453): eglMakeCurrent: 0xa9a20900: ver 3 0 (tinfo 0xa9a1b9e0)
12-12 13:15:41.573: I/chatty(1453): uid=1000(system) /system/bin/surfaceflinger identical 14 lines
12-12 13:15:41.593: D/EGL_emulation(1453): eglMakeCurrent: 0xa9a20900: ver 3 0 (tinfo 0xa9a1b9e0)
12-12 13:15:41.600: D/gralloc_ranchu(1440): gralloc_alloc: Creating ashmem region of size 14749696
12-12 13:15:41.666: E/SurfaceFlinger(1453): ro.sf.lcd_density must be defined as a build property
12-12 13:15:41.706: I/chatty(1453): uid=1000(system) Binder:1453_3 identical 1 line
12-12 13:15:41.732: E/SurfaceFlinger(1453): ro.sf.lcd_density must be defined as a build property
12-12 13:15:41.749: W/GCoreFlp(2810): No location to return for getLastLocation()
12-12 13:15:41.810: E/SurfaceFlinger(1453): ro.sf.lcd_density must be defined as a build property
12-12 13:15:41.934: D/(19435): HostConnection::get() New Host Connection established 0xab1c6c00, tid 20456
12-12 13:15:42.006: E/SurfaceFlinger(1453): ro.sf.lcd_density must be defined as a build property
12-12 13:15:42.154: I/chatty(1453): uid=1000(system) Binder:1453_3 identical 3 lines
12-12 13:15:42.183: E/SurfaceFlinger(1453): ro.sf.lcd_density must be defined as a build property
12-12 13:15:42.187: I/Choreographer(20338): Skipped 77 frames!  The application may be doing too much work on its main thread.
12-12 13:15:42.200: D/EGL_emulation(20338): eglMakeCurrent: 0xa2ca7fc0: ver 3 0 (tinfo 0xa21ffdc0)
12-12 13:15:42.264: W/DynamiteModule(20338): Local module descriptor class for com.google.android.gms.googlecertificates not found.
12-12 13:15:42.276: E/SurfaceFlinger(1453): ro.sf.lcd_density must be defined as a build property
12-12 13:15:42.283: I/DynamiteModule(20338): Considering local module com.google.android.gms.googlecertificates:0 and remote module com.google.android.gms.googlecertificates:4
12-12 13:15:42.283: I/DynamiteModule(20338): Selected remote version of com.google.android.gms.googlecertificates, version >= 4
12-12 13:15:42.316: W/zygote(20338): Skipping duplicate class check due to unrecognized classloader
12-12 13:15:42.337: D/EGL_emulation(1453): eglMakeCurrent: 0xa9a20900: ver 3 0 (tinfo 0xa9a1b9e0)
12-12 13:15:42.338: E/SurfaceFlinger(1453): ro.sf.lcd_density must be defined as a build property
12-12 13:15:42.339: D/EGL_emulation(1453): eglMakeCurrent: 0xa9a20900: ver 3 0 (tinfo 0xa9a1b9e0)
12-12 13:15:42.339: E/SurfaceFlinger(1453): ro.sf.lcd_density must be defined as a build property
12-12 13:15:42.344: D/EGL_emulation(1453): eglMakeCurrent: 0xa9a20900: ver 3 0 (tinfo 0xa9a1b9e0)
12-12 13:15:42.358: I/chatty(1453): uid=1000(system) /system/bin/surfaceflinger identical 2 lines
12-12 13:15:42.361: D/EGL_emulation(1453): eglMakeCurrent: 0xa9a20900: ver 3 0 (tinfo 0xa9a1b9e0)
12-12 13:15:42.390: I/ActivityManager(2044): Displayed com.freenow.android_demo/.activities.AuthenticationActivity: +1s821ms (total +3s791ms)
12-12 13:15:42.392: D/EGL_emulation(1453): eglMakeCurrent: 0xa9a20900: ver 3 0 (tinfo 0xa9a1b9e0)
12-12 13:15:42.399: I/chatty(1453): uid=1000(system) /system/bin/surfaceflinger identical 1 line
12-12 13:15:42.420: D/EGL_emulation(1453): eglMakeCurrent: 0xa9a20900: ver 3 0 (tinfo 0xa9a1b9e0)
12-12 13:15:42.428: E/memtrack(2044): Couldn't load memtrack module
12-12 13:15:42.428: W/android.os.Debug(2044): failed to get memory consumption info: -1
12-12 13:15:42.433: D/EGL_emulation(1453): eglMakeCurrent: 0xa9a20900: ver 3 0 (tinfo 0xa9a1b9e0)
12-12 13:15:42.435: W/View(20338): dispatchProvideAutofillStructure(): not laid out, ignoring
12-12 13:15:42.435: W/Binder(2044): Outgoing transactions from this process must be FLAG_ONEWAY
12-12 13:15:42.435: W/Binder(2044): java.lang.Throwable
12-12 13:15:42.435: W/Binder(2044): 	at android.os.BinderProxy.transact(Binder.java:736)
12-12 13:15:42.435: W/Binder(2044): 	at android.app.assist.AssistStructure$ParcelTransferReader.fetchData(AssistStructure.java:407)
12-12 13:15:42.435: W/Binder(2044): 	at android.app.assist.AssistStructure$ParcelTransferReader.go(AssistStructure.java:343)
12-12 13:15:42.435: W/Binder(2044): 	at android.app.assist.AssistStructure.ensureData(AssistStructure.java:2106)
12-12 13:15:42.435: W/Binder(2044): 	at com.android.server.autofill.Session$1.send(Session.java:200)
12-12 13:15:42.435: W/Binder(2044): 	at com.android.server.am.ActivityManagerService.reportAssistContextExtras(ActivityManagerService.java:13139)
12-12 13:15:42.435: W/Binder(2044): 	at android.app.IActivityManager$Stub.onTransact(IActivityManager.java:2466)
12-12 13:15:42.435: W/Binder(2044): 	at com.android.server.am.ActivityManagerService.onTransact(ActivityManagerService.java:2935)
12-12 13:15:42.435: W/Binder(2044): 	at android.os.Binder.execTransact(Binder.java:674)
12-12 13:15:42.437: I/AssistStructure(20338): Flattened final assist data: 2428 bytes, containing 1 windows, 9 views
12-12 13:15:42.440: D/EGL_emulation(1453): eglMakeCurrent: 0xa9a20900: ver 3 0 (tinfo 0xa9a1b9e0)
12-12 13:15:42.458: I/AssistStructure(2044): Flattened final assist data: 2228 bytes, containing 1 windows, 9 views
12-12 13:15:42.459: D/EGL_emulation(1453): eglMakeCurrent: 0xa9a20900: ver 3 0 (tinfo 0xa9a1b9e0)
12-12 13:15:42.480: D/EGL_emulation(1453): eglMakeCurrent: 0xa9a20900: ver 3 0 (tinfo 0xa9a1b9e0)
12-12 13:15:42.480: D/LifecycleMonitor(20338): Lifecycle status change: com.freenow.android_demo.activities.MainActivity@2a6dcfa in: STOPPED
12-12 13:15:42.480: D/LifecycleMonitor(20338): running callback: android.support.test.rule.ActivityTestRule$LifecycleCallback@fd04e0
12-12 13:15:42.480: D/LifecycleMonitor(20338): callback completes: android.support.test.rule.ActivityTestRule$LifecycleCallback@fd04e0
12-12 13:15:42.481: D/EGL_emulation(1453): eglMakeCurrent: 0xa9a20900: ver 3 0 (tinfo 0xa9a1b9e0)
12-12 13:15:42.493: I/ActivityManager(2044): Activity reported stop, but no longer stopping: ActivityRecord{aaec66b u0 com.freenow.android_demo/.activities.MainActivity t90 f}
12-12 13:15:42.489: I/chatty(1453): uid=1000(system) /system/bin/surfaceflinger identical 4 lines
12-12 13:15:42.493: D/EGL_emulation(1453): eglMakeCurrent: 0xa9a20900: ver 3 0 (tinfo 0xa9a1b9e0)
12-12 13:15:42.493: D/LifecycleMonitor(20338): Lifecycle status change: com.freenow.android_demo.activities.MainActivity@2a6dcfa in: DESTROYED
12-12 13:15:42.494: D/LifecycleMonitor(20338): running callback: android.support.test.rule.ActivityTestRule$LifecycleCallback@fd04e0
12-12 13:15:42.494: D/LifecycleMonitor(20338): callback completes: android.support.test.rule.ActivityTestRule$LifecycleCallback@fd04e0
12-12 13:15:42.503: D/EGL_emulation(1453): eglMakeCurrent: 0xa9a20900: ver 3 0 (tinfo 0xa9a1b9e0)
12-12 13:15:42.510: I/TestRunner(20338): failed: loginFlaky3(com.freenow.android_demo.tests.LoginTest)
12-12 13:15:42.510: I/TestRunner(20338): ----- begin exception -----
12-12 13:15:42.512: D/EGL_emulation(1453): eglMakeCurrent: 0xa9a20900: ver 3 0 (tinfo 0xa9a1b9e0)
12-12 13:15:42.518: D/EGL_emulation(1453): eglMakeCurrent: 0xa9a20900: ver 3 0 (tinfo 0xa9a1b9e0)
12-12 13:15:42.519: I/TestRunner(20338): java.lang.AssertionError: expected:<1> but was:<0>
12-12 13:15:42.519: I/TestRunner(20338): 	at org.junit.Assert.fail(Assert.java:88)
12-12 13:15:42.519: I/TestRunner(20338): 	at org.junit.Assert.failNotEquals(Assert.java:834)
12-12 13:15:42.519: I/TestRunner(20338): 	at org.junit.Assert.assertEquals(Assert.java:118)
12-12 13:15:42.519: I/TestRunner(20338): 	at org.junit.Assert.assertEquals(Assert.java:144)
12-12 13:15:42.519: I/TestRunner(20338): 	at com.freenow.android_demo.tests.LoginTest.loginFlaky3(LoginTest.kt:72)
12-12 13:15:42.519: I/TestRunner(20338): 	at java.lang.reflect.Method.invoke(Native Method)
12-12 13:15:42.519: I/TestRunner(20338): 	at org.junit.runners.model.FrameworkMethod$1.runReflectiveCall(FrameworkMethod.java:50)
12-12 13:15:42.519: I/TestRunner(20338): 	at org.junit.internal.runners.model.ReflectiveCallable.run(ReflectiveCallable.java:12)
12-12 13:15:42.519: I/TestRunner(20338): 	at org.junit.runners.model.FrameworkMethod.invokeExplosively(FrameworkMethod.java:47)
12-12 13:15:42.519: I/TestRunner(20338): 	at org.junit.internal.runners.statements.InvokeMethod.evaluate(InvokeMethod.java:17)
12-12 13:15:42.519: I/TestRunner(20338): 	at android.support.test.internal.runner.junit4.statement.RunBefores.evaluate(RunBefores.java:80)
12-12 13:15:42.519: I/TestRunner(20338): 	at android.support.test.internal.runner.junit4.statement.RunAfters.evaluate(RunAfters.java:61)
12-12 13:15:42.519: I/TestRunner(20338): 	at android.support.test.rule.ActivityTestRule$ActivityStatement.evaluate(ActivityTestRule.java:527)
12-12 13:15:42.519: I/TestRunner(20338): 	at com.freenow.android_demo.utils.ClearPreferencesRule$apply$1.evaluate(ClearPreferencesRule.kt:41)
12-12 13:15:42.519: I/TestRunner(20338): 	at android.support.test.rule.GrantPermissionRule$RequestPermissionStatement.evaluate(GrantPermissionRule.java:129)
12-12 13:15:42.519: I/TestRunner(20338): 	at org.junit.rules.RunRules.evaluate(RunRules.java:20)
12-12 13:15:42.519: I/TestRunner(20338): 	at org.junit.runners.ParentRunner.runLeaf(ParentRunner.java:325)
12-12 13:15:42.519: I/TestRunner(20338): 	at org.junit.runners.BlockJUnit4ClassRunner.runChild(BlockJUnit4ClassRunner.java:78)
12-12 13:15:42.519: I/TestRunner(20338): 	at org.junit.runners.BlockJUnit4ClassRunner.runChild(BlockJUnit4ClassRunner.java:57)
12-12 13:15:42.519: I/TestRunner(20338): 	at org.junit.runners.ParentRunner$3.run(ParentRunner.java:290)
12-12 13:15:42.519: I/TestRunner(20338): 	at org.junit.runners.ParentRunner$1.schedule(ParentRunner.java:71)
12-12 13:15:42.519: I/TestRunner(20338): 	at org.junit.runners.ParentRunner.runChildren(ParentRunner.java:288)
12-12 13:15:42.519: I/TestRunner(20338): 	at org.junit.runners.ParentRunner.access$000(ParentRunner.java:58)
12-12 13:15:42.519: I/TestRunner(20338): 	at org.junit.runners.ParentRunner$2.evaluate(ParentRunner.java:268)
12-12 13:15:42.519: I/TestRunner(20338): 	at org.junit.runners.ParentRunner.run(ParentRunner.java:363)
12-12 13:15:42.519: I/TestRunner(20338): 	at android.support.test.runner.AndroidJUnit4.run(AndroidJUnit4.java:101)
12-12 13:15:42.519: I/TestRunner(20338): 	at org.junit.runners.Suite.runChild(Suite.java:128)
12-12 13:15:42.519: I/TestRunner(20338): 	at org.junit.runners.Suite.runChild(Suite.java:27)
12-12 13:15:42.519: I/TestRunner(20338): 	at org.junit.runners.ParentRunner$3.run(ParentRunner.java:290)
12-12 13:15:42.519: I/TestRunner(20338): 	at org.junit.runners.ParentRunner$1.schedule(ParentRunner.java:71)
12-12 13:15:42.519: I/TestRunner(20338): 	at org.junit.runners.ParentRunner.runChildren(ParentRunner.java:288)
12-12 13:15:42.519: I/TestRunner(20338): 	at org.junit.runners.ParentRunner.access$000(ParentRunner.java:58)
12-12 13:15:42.519: I/TestRunner(20338): 	at org.junit.runners.ParentRunner$2.evaluate(ParentRunner.java:268)
12-12 13:15:42.519: I/TestRunner(20338): 	at org.junit.runners.ParentRunner.run(ParentRunner.java:363)
12-12 13:15:42.519: I/TestRunner(20338): 	at org.junit.runner.JUnitCore.run(JUnitCore.java:137)
12-12 13:15:42.519: I/TestRunner(20338): 	at org.junit.runner.JUnitCore.run(JUnitCore.java:115)
12-12 13:15:42.519: I/TestRunner(20338): 	at android.support.test.internal.runner.TestExecutor.execute(TestExecutor.java:56)
12-12 13:15:42.519: I/TestRunner(20338): 	at android.support.test.runner.AndroidJUnitRunner.onStart(AndroidJUnitRunner.java:384)
12-12 13:15:42.519: I/TestRunner(20338): 	at android.app.Instrumentation$InstrumentationThread.run(Instrumentation.java:2074)
12-12 13:15:42.519: I/TestRunner(20338): ----- end exception -----
12-12 13:15:42.524: D/EGL_emulation(1453): eglMakeCurrent: 0xa9a20900: ver 3 0 (tinfo 0xa9a1b9e0)
12-12 13:15:42.529: I/TestRunner(20338): finished: loginFlaky3(com.freenow.android_demo.tests.LoginTest)
