12-12 13:15:21.084: I/TestRunner(19544): started: loginFailing0(com.freenow.android_demo.tests.LoginTest)
12-12 13:15:21.088: I/MonitoringInstr(19544): Activities that are still in CREATED to STOPPED: 0
12-12 13:15:21.089: I/GrantPermissionCallable(19544): Permission: android.permission.ACCESS_FINE_LOCATION is already granted!
12-12 13:15:21.094: W/ActivityTestRule(19544): getActivityIntent() returned null using default: Intent(Intent.ACTION_MAIN)
12-12 13:15:21.098: I/ActivityManager(2044): START u0 {act=android.intent.action.MAIN flg=0x14000000 cmp=com.freenow.android_demo/.activities.MainActivity} from uid 10095
12-12 13:15:21.136: D/EGL_emulation(1453): eglMakeCurrent: 0xa9a20900: ver 3 0 (tinfo 0xa9a1b9e0)
12-12 13:15:21.152: D/gralloc_ranchu(1440): gralloc_alloc: Creating ashmem region of size 14749696
12-12 13:15:21.156: D/LifecycleMonitor(19544): Lifecycle status change: com.freenow.android_demo.activities.MainActivity@2a6dcfa in: PRE_ON_CREATE
12-12 13:15:21.175: D/EGL_emulation(1453): eglMakeCurrent: 0xa9a20900: ver 3 0 (tinfo 0xa9a1b9e0)
12-12 13:15:21.198: I/chatty(1453): uid=1000(system) /system/bin/surfaceflinger identical 1 line
12-12 13:15:21.200: D/EGL_emulation(1453): eglMakeCurrent: 0xa9a20900: ver 3 0 (tinfo 0xa9a1b9e0)
12-12 13:15:21.223: E/ContentStoreEUAS(4101): Failed to commit the deferred actions
12-12 13:15:21.251: D/EGL_emulation(4101): eglMakeCurrent: 0xa4b05720: ver 3 0 (tinfo 0xa4b03570)
12-12 13:15:21.251: D/EGL_emulation(3561): eglMakeCurrent: 0xa470ea60: ver 3 0 (tinfo 0xa21ff450)
12-12 13:15:21.260: E/SurfaceFlinger(1453): ro.sf.lcd_density must be defined as a build property
12-12 13:15:21.263: I/OMXClient(19568): Treble IOmx obtained
12-12 13:15:21.265: I/OMXMaster(19435): makeComponentInstance(OMX.google.h264.encoder) in omx@1.0-service process
12-12 13:15:21.269: W/OMXUtils(19568): do not know color format 0x7f000789 = 2130708361
12-12 13:15:21.269: D/EGL_emulation(1453): eglMakeCurrent: 0xa9a20900: ver 3 0 (tinfo 0xa9a1b9e0)
12-12 13:15:21.275: I/ACodec(19568): setupAVCEncoderParameters with [profile: Baseline] [level: Level41]
12-12 13:15:21.277: I/ACodec(19568): [OMX.google.h264.encoder] cannot encode color aspects. Ignoring.
12-12 13:15:21.277: I/ACodec(19568): [OMX.google.h264.encoder] cannot encode HDR static metadata. Ignoring.
12-12 13:15:21.277: I/ACodec(19568): setupVideoEncoder succeeded
12-12 13:15:21.279: W/OMXUtils(19568): do not know color format 0x7f000789 = 2130708361
12-12 13:15:21.279: E/OMXNodeInstance(19435): getConfig(0xb0e213e0:google.h264.encoder, ConfigLatency(0x6f800005)) ERROR: Undefined(0x80001001)
12-12 13:15:21.279: E/OMXNodeInstance(19435): getConfig(0xb0e213e0:google.h264.encoder, ConfigAndroidVendorExtension(0x6f100004)) ERROR: Undefined(0x80001001)
12-12 13:15:21.282: D/GraphicBufferSource(19435): setting dataspace: 0x104, acquired=0
12-12 13:15:21.282: D/EGL_emulation(1453): eglMakeCurrent: 0xa9a20900: ver 3 0 (tinfo 0xa9a1b9e0)
12-12 13:15:21.282: D/GraphicBufferSource(19435): requesting color aspects (R:2(Limited), P:1(BT709_5), M:1(BT709_5), T:3(SMPTE170M))
12-12 13:15:21.282: I/zzbz(19544): Making Creator dynamically
12-12 13:15:21.284: W//system/bin/hw/android.hidl.allocator@1.0-service(1430): ashmem_create_region(12) returning hidl_memory(0xb219b850, 12)
12-12 13:15:21.286: W//system/bin/hw/android.hidl.allocator@1.0-service(1430): ashmem_create_region(12) returning hidl_memory(0xb219b850, 12)
12-12 13:15:21.290: W//system/bin/hw/android.hidl.allocator@1.0-service(1430): ashmem_create_region(2764800) returning hidl_memory(0xb219b850, 2764800)
12-12 13:15:21.291: W//system/bin/hw/android.hidl.allocator@1.0-service(1430): ashmem_create_region(2764800) returning hidl_memory(0xb219b850, 2764800)
12-12 13:15:21.298: D/(19435): HostConnection::get() New Host Connection established 0xab1c61c0, tid 19272
12-12 13:15:21.299: D/SoftAVCEnc(19435): Params width 1440 height 2560 level 50 colorFormat 0
12-12 13:15:21.306: W/zygote(19544): Skipping duplicate class check due to unrecognized classloader
12-12 13:15:21.308: I/DynamiteModule(19544): Considering local module com.google.android.gms.maps_dynamite:0 and remote module com.google.android.gms.maps_dynamite:221
12-12 13:15:21.308: I/DynamiteModule(19544): Selected remote version of com.google.android.gms.maps_dynamite, version >= 221
12-12 13:15:21.326: E/(1453): HpInterface: Wrong interface type.
12-12 13:15:21.328: I/zygote(4101): Do full code cache collection, code=2013KB, data=1181KB
12-12 13:15:21.330: D/EGL_emulation(1453): eglMakeCurrent: 0xa9a20900: ver 3 0 (tinfo 0xa9a1b9e0)
12-12 13:15:21.334: D/EGL_emulation(1453): eglMakeCurrent: 0xa9a20900: ver 3 0 (tinfo 0xa9a1b9e0)
12-12 13:15:21.335: I/zygote(4101): After code cache collection, code=1861KB, data=1037KB
12-12 13:15:21.344: E/FrameEvents(1453): Source mDeltas not empty.
12-12 13:15:21.344: E/FrameEvents(1453): Source mDeltas not empty.
12-12 13:15:21.344: W/GraphicBufferSource(19435): releasing an unpopulated slot: 0
12-12 13:15:21.344: W/GraphicBufferSource(19435): releasing an unpopulated slot: 1
12-12 13:15:21.344: W/GraphicBufferSource(19435): releasing an unpopulated slot: 2
12-12 13:15:21.344: W/GraphicBufferSource(19435): releasing an unpopulated slot: 3
12-12 13:15:21.344: W/GraphicBufferSource(19435): releasing an unpopulated slot: 4
12-12 13:15:21.344: W/GraphicBufferSource(19435): releasing an unpopulated slot: 5
12-12 13:15:21.344: W/GraphicBufferSource(19435): releasing an unpopulated slot: 6
12-12 13:15:21.344: W/GraphicBufferSource(19435): releasing an unpopulated slot: 7
12-12 13:15:21.344: W/GraphicBufferSource(19435): releasing an unpopulated slot: 8
12-12 13:15:21.344: W/GraphicBufferSource(19435): releasing an unpopulated slot: 9
12-12 13:15:21.344: W/GraphicBufferSource(19435): releasing an unpopulated slot: 10
12-12 13:15:21.344: W/GraphicBufferSource(19435): releasing an unpopulated slot: 11
12-12 13:15:21.344: W/GraphicBufferSource(19435): releasing an unpopulated slot: 12
12-12 13:15:21.344: W/GraphicBufferSource(19435): releasing an unpopulated slot: 13
12-12 13:15:21.344: W/GraphicBufferSource(19435): releasing an unpopulated slot: 14
12-12 13:15:21.344: W/GraphicBufferSource(19435): releasing an unpopulated slot: 15
12-12 13:15:21.344: W/GraphicBufferSource(19435): releasing an unpopulated slot: 16
12-12 13:15:21.344: W/GraphicBufferSource(19435): releasing an unpopulated slot: 17
12-12 13:15:21.344: W/GraphicBufferSource(19435): releasing an unpopulated slot: 18
12-12 13:15:21.344: W/GraphicBufferSource(19435): releasing an unpopulated slot: 19
12-12 13:15:21.344: W/GraphicBufferSource(19435): releasing an unpopulated slot: 20
12-12 13:15:21.344: W/GraphicBufferSource(19435): releasing an unpopulated slot: 21
12-12 13:15:21.344: W/GraphicBufferSource(19435): releasing an unpopulated slot: 22
12-12 13:15:21.344: W/GraphicBufferSource(19435): releasing an unpopulated slot: 23
12-12 13:15:21.344: W/GraphicBufferSource(19435): releasing an unpopulated slot: 24
12-12 13:15:21.344: W/GraphicBufferSource(19435): releasing an unpopulated slot: 25
12-12 13:15:21.344: W/GraphicBufferSource(19435): releasing an unpopulated slot: 26
12-12 13:15:21.344: W/GraphicBufferSource(19435): releasing an unpopulated slot: 27
12-12 13:15:21.344: W/GraphicBufferSource(19435): releasing an unpopulated slot: 28
12-12 13:15:21.344: W/GraphicBufferSource(19435): releasing an unpopulated slot: 29
12-12 13:15:21.344: W/GraphicBufferSource(19435): releasing an unpopulated slot: 30
12-12 13:15:21.344: W/GraphicBufferSource(19435): releasing an unpopulated slot: 31
12-12 13:15:21.344: W/GraphicBufferSource(19435): releasing an unpopulated slot: 32
12-12 13:15:21.344: W/GraphicBufferSource(19435): releasing an unpopulated slot: 33
12-12 13:15:21.344: W/GraphicBufferSource(19435): releasing an unpopulated slot: 34
12-12 13:15:21.345: W/GraphicBufferSource(19435): releasing an unpopulated slot: 35
12-12 13:15:21.345: W/GraphicBufferSource(19435): releasing an unpopulated slot: 36
12-12 13:15:21.345: W/GraphicBufferSource(19435): releasing an unpopulated slot: 37
12-12 13:15:21.345: W/GraphicBufferSource(19435): releasing an unpopulated slot: 38
12-12 13:15:21.345: W/GraphicBufferSource(19435): releasing an unpopulated slot: 39
12-12 13:15:21.345: W/GraphicBufferSource(19435): releasing an unpopulated slot: 40
12-12 13:15:21.345: W/GraphicBufferSource(19435): releasing an unpopulated slot: 41
12-12 13:15:21.345: W/GraphicBufferSource(19435): releasing an unpopulated slot: 42
12-12 13:15:21.345: W/GraphicBufferSource(19435): releasing an unpopulated slot: 43
12-12 13:15:21.345: W/GraphicBufferSource(19435): releasing an unpopulated slot: 44
12-12 13:15:21.345: W/GraphicBufferSource(19435): releasing an unpopulated slot: 45
12-12 13:15:21.345: W/GraphicBufferSource(19435): releasing an unpopulated slot: 46
12-12 13:15:21.345: W/GraphicBufferSource(19435): releasing an unpopulated slot: 47
12-12 13:15:21.345: W/GraphicBufferSource(19435): releasing an unpopulated slot: 48
12-12 13:15:21.345: W/GraphicBufferSource(19435): releasing an unpopulated slot: 49
12-12 13:15:21.345: W/GraphicBufferSource(19435): releasing an unpopulated slot: 50
12-12 13:15:21.345: W/GraphicBufferSource(19435): releasing an unpopulated slot: 51
12-12 13:15:21.345: W/GraphicBufferSource(19435): releasing an unpopulated slot: 52
12-12 13:15:21.345: W/GraphicBufferSource(19435): releasing an unpopulated slot: 53
12-12 13:15:21.345: W/GraphicBufferSource(19435): releasing an unpopulated slot: 54
12-12 13:15:21.345: W/GraphicBufferSource(19435): releasing an unpopulated slot: 55
12-12 13:15:21.345: W/GraphicBufferSource(19435): releasing an unpopulated slot: 56
12-12 13:15:21.345: W/GraphicBufferSource(19435): releasing an unpopulated slot: 57
12-12 13:15:21.345: W/GraphicBufferSource(19435): releasing an unpopulated slot: 58
12-12 13:15:21.345: W/GraphicBufferSource(19435): releasing an unpopulated slot: 59
12-12 13:15:21.345: W/GraphicBufferSource(19435): releasing an unpopulated slot: 60
12-12 13:15:21.345: W/GraphicBufferSource(19435): releasing an unpopulated slot: 61
12-12 13:15:21.345: W/GraphicBufferSource(19435): releasing an unpopulated slot: 62
12-12 13:15:21.345: W/GraphicBufferSource(19435): releasing an unpopulated slot: 63
12-12 13:15:21.347: D/gralloc_ranchu(1440): gralloc_alloc: Creating ashmem region of size 14749696
12-12 13:15:21.352: I/zygote(19544): Background concurrent copying GC freed 5497(1125KB) AllocSpace objects, 2(40KB) LOS objects, 63% free, 876KB/2MB, paused 1.004ms total 149.467ms
12-12 13:15:21.367: W/zygote(19544): Skipping duplicate class check due to unrecognized classloader
12-12 13:15:21.381: E/SurfaceFlinger(1453): ro.sf.lcd_density must be defined as a build property
12-12 13:15:21.393: D/(19568): HostConnection::get() New Host Connection established 0xa611c100, tid 19578
12-12 13:15:21.400: W/RemoteFillService(2044): Not handling { when=0 what=3 target=com.android.internal.os.HandlerCaller$MyHandler } as service for ComponentInfo{com.google.android.gms/com.google.android.gms.autofill.service.AutofillService} is already destroyed
12-12 13:15:21.412: D/EGL_emulation(1453): eglMakeCurrent: 0xa9a20900: ver 3 0 (tinfo 0xa9a1b9e0)
12-12 13:15:21.426: D/GraphicBufferSource(19435): got buffer with new dataSpace #104
12-12 13:15:21.426: D/ACodec(19568): dataspace changed to 0x10c10000 (R:2(Limited), P:1(BT709_5), M:1(BT709_5), T:3(SMPTE170M)) (R:2(Limited), S:1(BT709), T:3(SMPTE_170M))
12-12 13:15:21.427: I/MPEG4Writer(19568): limits: 4294967295/0 bytes/us, bit rate: -1 bps and the estimated moov size 3195 bytes
12-12 13:15:21.427: D/(19435): HostConnection::get() New Host Connection established 0xb0a97700, tid 19576
12-12 13:15:21.429: D/gralloc_ranchu(1440): gralloc_alloc: Creating ashmem region of size 14749696
12-12 13:15:21.432: I/Google Maps Android API(19544): Google Play services client version: 12451000
12-12 13:15:21.436: I/Google Maps Android API(19544): Google Play services package version: 16089022
12-12 13:15:21.481: D/(19568): HostConnection::get() New Host Connection established 0xa65c8800, tid 19572
12-12 13:15:21.503: D/EGL_emulation(1453): eglMakeCurrent: 0xa9a20900: ver 3 0 (tinfo 0xa9a1b9e0)
12-12 13:15:21.503: E/SurfaceFlinger(1453): ro.sf.lcd_density must be defined as a build property
12-12 13:15:21.513: D/EGL_emulation(1453): eglMakeCurrent: 0xa9a20900: ver 3 0 (tinfo 0xa9a1b9e0)
12-12 13:15:21.537: I/chatty(1453): uid=1000(system) /system/bin/surfaceflinger identical 3 lines
12-12 13:15:21.568: D/EGL_emulation(1453): eglMakeCurrent: 0xa9a20900: ver 3 0 (tinfo 0xa9a1b9e0)
12-12 13:15:21.579: D/gralloc_ranchu(1440): gralloc_alloc: Creating ashmem region of size 14749696
12-12 13:15:21.665: D/EGL_emulation(1453): eglMakeCurrent: 0xa9a20900: ver 3 0 (tinfo 0xa9a1b9e0)
12-12 13:15:21.679: D/EGL_emulation(1453): eglMakeCurrent: 0xa9a20900: ver 3 0 (tinfo 0xa9a1b9e0)
12-12 13:15:21.698: E/SurfaceFlinger(1453): ro.sf.lcd_density must be defined as a build property
12-12 13:15:21.715: D/EGL_emulation(1453): eglMakeCurrent: 0xa9a20900: ver 3 0 (tinfo 0xa9a1b9e0)
12-12 13:15:21.725: I/chatty(1453): uid=1000(system) /system/bin/surfaceflinger identical 2 lines
12-12 13:15:21.728: D/EGL_emulation(1453): eglMakeCurrent: 0xa9a20900: ver 3 0 (tinfo 0xa9a1b9e0)
12-12 13:15:21.740: D/(19435): HostConnection::get() New Host Connection established 0xab1c6240, tid 19577
12-12 13:15:21.745: D/EGL_emulation(1453): eglMakeCurrent: 0xa9a20900: ver 3 0 (tinfo 0xa9a1b9e0)
12-12 13:15:21.751: E/SurfaceFlinger(1453): ro.sf.lcd_density must be defined as a build property
12-12 13:15:21.751: I/MPEG4Writer(19568): setStartTimestampUs: 75232458933
12-12 13:15:21.751: I/MPEG4Writer(19568): Earliest track starting time: 75232458933
12-12 13:15:21.762: D/EGL_emulation(1453): eglMakeCurrent: 0xa9a20900: ver 3 0 (tinfo 0xa9a1b9e0)
12-12 13:15:21.780: I/chatty(1453): uid=1000(system) /system/bin/surfaceflinger identical 3 lines
12-12 13:15:21.789: D/EGL_emulation(1453): eglMakeCurrent: 0xa9a20900: ver 3 0 (tinfo 0xa9a1b9e0)
12-12 13:15:21.799: D/gralloc_ranchu(1440): gralloc_alloc: Creating ashmem region of size 14749696
12-12 13:15:21.825: D/(19568): HostConnection::get() New Host Connection established 0xa611c440, tid 19599
12-12 13:15:21.829: E/SurfaceFlinger(1453): ro.sf.lcd_density must be defined as a build property
12-12 13:15:21.865: D/EGL_emulation(1453): eglMakeCurrent: 0xa9a20900: ver 3 0 (tinfo 0xa9a1b9e0)
12-12 13:15:22.008: I/chatty(1453): uid=1000(system) /system/bin/surfaceflinger identical 21 lines
12-12 13:15:22.011: D/EGL_emulation(1453): eglMakeCurrent: 0xa9a20900: ver 3 0 (tinfo 0xa9a1b9e0)
12-12 13:15:22.011: W/audio_hw_generic(1432): Not supplying enough data to HAL, expected position 9321544 , only wrote 9169200
12-12 13:15:22.017: E/SurfaceFlinger(1453): ro.sf.lcd_density must be defined as a build property
12-12 13:15:22.018: D/EGL_emulation(1453): eglMakeCurrent: 0xa9a20900: ver 3 0 (tinfo 0xa9a1b9e0)
12-12 13:15:22.040: I/chatty(1453): uid=1000(system) /system/bin/surfaceflinger identical 4 lines
12-12 13:15:22.041: D/EGL_emulation(1453): eglMakeCurrent: 0xa9a20900: ver 3 0 (tinfo 0xa9a1b9e0)
12-12 13:15:22.062: I/zygote(19544): Do partial code cache collection, code=28KB, data=23KB
12-12 13:15:22.064: I/zygote(19544): After code cache collection, code=28KB, data=23KB
12-12 13:15:22.064: I/zygote(19544): Increasing code cache capacity to 128KB
12-12 13:15:22.074: E/SurfaceFlinger(1453): ro.sf.lcd_density must be defined as a build property
12-12 13:15:22.103: I/zygote(19544): Background concurrent copying GC freed 10154(1367KB) AllocSpace objects, 0(0B) LOS objects, 49% free, 1911KB/3MB, paused 6.507ms total 211.590ms
12-12 13:15:22.120: I/zygote(19544): Rejecting re-init on previously-failed class java.lang.Class<okhttp3.internal.platform.ConscryptPlatform$configureTrustManager$1>: java.lang.NoClassDefFoundError: Failed resolution of: Lorg/conscrypt/ConscryptHostnameVerifier;
12-12 13:15:22.120: I/zygote(19544):   at okhttp3.internal.platform.android.SocketAdapter okhttp3.internal.platform.android.ConscryptSocketAdapter.buildIfSupported() (ConscryptSocketAdapter.kt:64)
12-12 13:15:22.120: I/zygote(19544):   at void okhttp3.internal.platform.AndroidPlatform.<init>() (AndroidPlatform.kt:45)
12-12 13:15:22.120: I/zygote(19544):   at okhttp3.internal.platform.Platform okhttp3.internal.platform.AndroidPlatform$Companion.buildIfSupported() (AndroidPlatform.kt:239)
12-12 13:15:22.120: I/zygote(19544):   at okhttp3.internal.platform.Platform okhttp3.internal.platform.Platform$Companion.findPlatform() (Platform.kt:211)
12-12 13:15:22.120: I/zygote(19544):   at okhttp3.internal.platform.Platform okhttp3.internal.platform.Platform$Companion.access$findPlatform(okhttp3.internal.platform.Platform$Companion) (Platform.kt:179)
12-12 13:15:22.120: I/zygote(19544):   at void okhttp3.internal.platform.Platform.<clinit>() (Platform.kt:180)
12-12 13:15:22.120: I/zygote(19544):   at void okhttp3.OkHttpClient.<init>(okhttp3.OkHttpClient$Builder) (OkHttpClient.kt:219)
12-12 13:15:22.120: I/zygote(19544):   at okhttp3.OkHttpClient okhttp3.OkHttpClient$Builder.build() (OkHttpClient.kt:955)
12-12 13:15:22.120: I/zygote(19544):   at void com.freenow.android_demo.utils.network.HttpClient.<init>() (HttpClient.java:45)
12-12 13:15:22.120: I/zygote(19544):   at com.freenow.android_demo.utils.network.HttpClient com.freenow.android_demo.dependencies.module.NetworkModule.provideHttpClient() (NetworkModule.java:16)
12-12 13:15:22.120: I/zygote(19544):   at com.freenow.android_demo.utils.network.HttpClient com.freenow.android_demo.dependencies.module.NetworkModule_ProvideHttpClientFactory.get() (NetworkModule_ProvideHttpClientFactory.java:18)
12-12 13:15:22.120: I/zygote(19544):   at java.lang.Object com.freenow.android_demo.dependencies.module.NetworkModule_ProvideHttpClientFactory.get() (NetworkModule_ProvideHttpClientFactory.java:8)
12-12 13:15:22.120: I/zygote(19544):   at java.lang.Object dagger.internal.DoubleCheck.get() (DoubleCheck.java:47)
12-12 13:15:22.120: I/zygote(19544):   at com.freenow.android_demo.activities.MainActivity com.freenow.android_demo.dependencies.component.DaggerAppComponent.injectMainActivity(com.freenow.android_demo.activities.MainActivity) (DaggerAppComponent.java:75)
12-12 13:15:22.120: I/zygote(19544):   at void com.freenow.android_demo.dependencies.component.DaggerAppComponent.inject(com.freenow.android_demo.activities.MainActivity) (DaggerAppComponent.java:54)
12-12 13:15:22.120: I/zygote(19544):   at void com.freenow.android_demo.activities.MainActivity.onCreate(android.os.Bundle) (MainActivity.java:91)
12-12 13:15:22.120: I/zygote(19544):   at void android.app.Activity.performCreate(android.os.Bundle) (Activity.java:6975)
12-12 13:15:22.120: I/zygote(19544):   at void android.app.Instrumentation.callActivityOnCreate(android.app.Activity, android.os.Bundle) (Instrumentation.java:1213)
12-12 13:15:22.120: I/zygote(19544):   at void android.support.test.runner.MonitoringInstrumentation.callActivityOnCreate(android.app.Activity, android.os.Bundle) (MonitoringInstrumentation.java:667)
12-12 13:15:22.120: I/zygote(19544):   at android.app.Activity android.app.ActivityThread.performLaunchActivity(android.app.ActivityThread$ActivityClientRecord, android.content.Intent) (ActivityThread.java:2770)
12-12 13:15:22.120: I/zygote(19544):   at void android.app.ActivityThread.handleLaunchActivity(android.app.ActivityThread$ActivityClientRecord, android.content.Intent, java.lang.String) (ActivityThread.java:2892)
12-12 13:15:22.120: I/zygote(19544):   at void android.app.ActivityThread.-wrap11(android.app.ActivityThread, android.app.ActivityThread$ActivityClientRecord, android.content.Intent, java.lang.String) (ActivityThread.java:-1)
12-12 13:15:22.120: I/zygote(19544):   at void android.app.ActivityThread$H.handleMessage(android.os.Message) (ActivityThread.java:1593)
12-12 13:15:22.120: I/zygote(19544):   at void android.os.Handler.dispatchMessage(android.os.Message) (Handler.java:105)
12-12 13:15:22.120: I/zygote(19544):   at void android.os.Looper.loop() (Looper.java:164)
12-12 13:15:22.120: I/zygote(19544):   at void android.app.ActivityThread.main(java.lang.String[]) (ActivityThread.java:6541)
12-12 13:15:22.120: I/zygote(19544):   at java.lang.Object java.lang.reflect.Method.invoke(java.lang.Object, java.lang.Object[]) (Method.java:-2)
12-12 13:15:22.120: I/zygote(19544):   at void com.android.internal.os.Zygote$MethodAndArgsCaller.run() (Zygote.java:240)
12-12 13:15:22.120: I/zygote(19544):   at void com.android.internal.os.ZygoteInit.main(java.lang.String[]) (ZygoteInit.java:767)
12-12 13:15:22.120: I/zygote(19544): Caused by: java.lang.ClassNotFoundException: Didn't find class "org.conscrypt.ConscryptHostnameVerifier" on path: DexPathList[[zip file "/system/framework/android.test.runner.jar", zip file "/data/app/com.freenow.android_demo.test-sknCZ4HPqj1h8FQlWiYsJg==/base.apk", zip file "/data/app/com.freenow.android_demo-tlawTE6S8wQvT6mbXR7GeQ==/base.apk"],nativeLibraryDirectories=[/data/app/com.freenow.android_demo.test-sknCZ4HPqj1h8FQlWiYsJg==/lib/x86, /data/app/com.freenow.android_demo-tlawTE6S8wQvT6mbXR7GeQ==/lib/x86, /system/lib, /vendor/lib]]
12-12 13:15:22.120: I/zygote(19544):   at java.lang.Class dalvik.system.BaseDexClassLoader.findClass(java.lang.String) (BaseDexClassLoader.java:93)
12-12 13:15:22.120: I/zygote(19544):   at java.lang.Class java.lang.ClassLoader.loadClass(java.lang.String, boolean) (ClassLoader.java:379)
12-12 13:15:22.120: I/zygote(19544):   at java.lang.Class java.lang.ClassLoader.loadClass(java.lang.String) (ClassLoader.java:312)
12-12 13:15:22.120: I/zygote(19544):   at okhttp3.internal.platform.android.SocketAdapter okhttp3.internal.platform.android.ConscryptSocketAdapter.buildIfSupported() (ConscryptSocketAdapter.kt:64)
12-12 13:15:22.120: I/zygote(19544):   at void okhttp3.internal.platform.AndroidPlatform.<init>() (AndroidPlatform.kt:45)
12-12 13:15:22.120: I/zygote(19544):   at okhttp3.internal.platform.Platform okhttp3.internal.platform.AndroidPlatform$Companion.buildIfSupported() (AndroidPlatform.kt:239)
12-12 13:15:22.120: I/zygote(19544):   at okhttp3.internal.platform.Platform okhttp3.internal.platform.Platform$Companion.findPlatform() (Platform.kt:211)
12-12 13:15:22.120: I/zygote(19544):   at okhttp3.internal.platform.Platform okhttp3.internal.platform.Platform$Companion.access$findPlatform(okhttp3.internal.platform.Platform$Companion) (Platform.kt:179)
12-12 13:15:22.120: I/zygote(19544):   at void okhttp3.internal.platform.Platform.<clinit>() (Platform.kt:180)
12-12 13:15:22.120: I/zygote(19544):   at void okhttp3.OkHttpClient.<init>(okhttp3.OkHttpClient$Builder) (OkHttpClient.kt:219)
12-12 13:15:22.120: I/zygote(19544):   at okhttp3.OkHttpClient okhttp3.OkHttpClient$Builder.build() (OkHttpClient.kt:955)
12-12 13:15:22.120: I/zygote(19544):   at void com.freenow.android_demo.utils.network.HttpClient.<init>() (HttpClient.java:45)
12-12 13:15:22.120: I/zygote(19544):   at com.freenow.android_demo.utils.network.HttpClient com.freenow.android_demo.dependencies.module.NetworkModule.provideHttpClient() (NetworkModule.java:16)
12-12 13:15:22.120: I/zygote(19544):   at com.freenow.android_demo.utils.network.HttpClient com.freenow.android_demo.dependencies.module.NetworkModule_ProvideHttpClientFactory.get() (NetworkModule_ProvideHttpClientFactory.java:18)
12-12 13:15:22.120: I/zygote(19544):   at java.lang.Object com.freenow.android_demo.dependencies.module.NetworkModule_ProvideHttpClientFactory.get() (NetworkModule_ProvideHttpClientFactory.java:8)
12-12 13:15:22.120: I/zygote(19544):   at java.lang.Object dagger.internal.DoubleCheck.get() (DoubleCheck.java:47)
12-12 13:15:22.120: I/zygote(19544):   at com.freenow.android_demo.activities.MainActivity com.freenow.android_demo.dependencies.component.DaggerAppComponent.injectMainActivity(com.freenow.android_demo.activities.MainActivity) (DaggerAppComponent.java:75)
12-12 13:15:22.120: I/zygote(19544):   at void com.freenow.android_demo.dependencies.component.DaggerAppComponent.inject(com.freenow.android_demo.activities.MainActivity) (DaggerAppComponent.java:54)
12-12 13:15:22.120: I/zygote(19544):   at void com.freenow.android_demo.activities.MainActivity.onCreate(android.os.Bundle) (MainActivity.java:91)
12-12 13:15:22.120: I/zygote(19544):   at void android.app.Activity.performCreate(android.os.Bundle) (Activity.java:6975)
12-12 13:15:22.120: I/zygote(19544):   at void android.app.Instrumentation.callActivityOnCreate(android.app.Activity, android.os.Bundle) (Instrumentation.java:1213)
12-12 13:15:22.120: I/zygote(19544):   at void android.support.test.runner.MonitoringInstrumentation.callActivityOnCreate(android.app.Activity, android.os.Bundle) (MonitoringInstrumentation.java:667)
12-12 13:15:22.120: I/zygote(19544):   at android.app.Activity android.app.ActivityThread.performLaunchActivity(android.app.ActivityThread$ActivityClientRecord, android.content.Intent) (ActivityThread.java:2770)
12-12 13:15:22.120: I/zygote(19544):   at void android.app.ActivityThread.handleLaunchActivity(android.app.ActivityThread$ActivityClientRecord, android.content.Intent, java.lang.String) (ActivityThread.java:2892)
12-12 13:15:22.120: I/zygote(19544):   at void android.app.ActivityThread.-wrap11(android.app.ActivityThread, android.app.ActivityThread$ActivityClientRecord, android.content.Intent, java.lang.String) (ActivityThread.java:-1)
12-12 13:15:22.120: I/zygote(19544):   at void android.app.ActivityThread$H.handleMessage(android.os.Message) (ActivityThread.java:1593)
12-12 13:15:22.120: I/zygote(19544):   at void android.os.Handler.dispatchMessage(android.os.Message) (Handler.java:105)
12-12 13:15:22.120: I/zygote(19544):   at void android.os.Looper.loop() (Looper.java:164)
12-12 13:15:22.120: I/zygote(19544):   at void android.app.ActivityThread.main(java.lang.String[]) (ActivityThread.java:6541)
12-12 13:15:22.120: I/zygote(19544):   at java.lang.Object java.lang.reflect.Method.invoke(java.lang.Object, java.lang.Object[]) (Method.java:-2)
12-12 13:15:22.120: I/zygote(19544):   at void com.android.internal.os.Zygote$MethodAndArgsCaller.run() (Zygote.java:240)
12-12 13:15:22.120: I/zygote(19544):   at void com.android.internal.os.ZygoteInit.main(java.lang.String[]) (ZygoteInit.java:767)
12-12 13:15:22.120: I/zygote(19544): Rejecting re-init on previously-failed class java.lang.Class<okhttp3.internal.platform.ConscryptPlatform$configureTrustManager$1>: java.lang.NoClassDefFoundError: Failed resolution of: Lorg/conscrypt/ConscryptHostnameVerifier;
12-12 13:15:22.120: I/zygote(19544):   at okhttp3.internal.platform.android.SocketAdapter okhttp3.internal.platform.android.ConscryptSocketAdapter.buildIfSupported() (ConscryptSocketAdapter.kt:64)
12-12 13:15:22.120: I/zygote(19544):   at void okhttp3.internal.platform.AndroidPlatform.<init>() (AndroidPlatform.kt:45)
12-12 13:15:22.120: I/zygote(19544):   at okhttp3.internal.platform.Platform okhttp3.internal.platform.AndroidPlatform$Companion.buildIfSupported() (AndroidPlatform.kt:239)
12-12 13:15:22.120: I/zygote(19544):   at okhttp3.internal.platform.Platform okhttp3.internal.platform.Platform$Companion.findPlatform() (Platform.kt:211)
12-12 13:15:22.120: I/zygote(19544):   at okhttp3.internal.platform.Platform okhttp3.internal.platform.Platform$Companion.access$findPlatform(okhttp3.internal.platform.Platform$Companion) (Platform.kt:179)
12-12 13:15:22.120: I/zygote(19544):   at void okhttp3.internal.platform.Platform.<clinit>() (Platform.kt:180)
12-12 13:15:22.120: I/zygote(19544):   at void okhttp3.OkHttpClient.<init>(okhttp3.OkHttpClient$Builder) (OkHttpClient.kt:219)
12-12 13:15:22.120: I/zygote(19544):   at okhttp3.OkHttpClient okhttp3.OkHttpClient$Builder.build() (OkHttpClient.kt:955)
12-12 13:15:22.120: I/zygote(19544):   at void com.freenow.android_demo.utils.network.HttpClient.<init>() (HttpClient.java:45)
12-12 13:15:22.120: I/zygote(19544):   at com.freenow.android_demo.utils.network.HttpClient com.freenow.android_demo.dependencies.module.NetworkModule.provideHttpClient() (NetworkModule.java:16)
12-12 13:15:22.120: I/zygote(19544):   at com.freenow.android_demo.utils.network.HttpClient com.freenow.android_demo.dependencies.module.NetworkModule_ProvideHttpClientFactory.get() (NetworkModule_ProvideHttpClientFactory.java:18)
12-12 13:15:22.120: I/zygote(19544):   at java.lang.Object com.freenow.android_demo.dependencies.module.NetworkModule_ProvideHttpClientFactory.get() (NetworkModule_ProvideHttpClientFactory.java:8)
12-12 13:15:22.120: I/zygote(19544):   at java.lang.Object dagger.internal.DoubleCheck.get() (DoubleCheck.java:47)
12-12 13:15:22.120: I/zygote(19544):   at com.freenow.android_demo.activities.MainActivity com.freenow.android_demo.dependencies.component.DaggerAppComponent.injectMainActivity(com.freenow.android_demo.activities.MainActivity) (DaggerAppComponent.java:75)
12-12 13:15:22.120: I/zygote(19544):   at void com.freenow.android_demo.dependencies.component.DaggerAppComponent.inject(com.freenow.android_demo.activities.MainActivity) (DaggerAppComponent.java:54)
12-12 13:15:22.120: I/zygote(19544):   at void com.freenow.android_demo.activities.MainActivity.onCreate(android.os.Bundle) (MainActivity.java:91)
12-12 13:15:22.120: I/zygote(19544):   at void android.app.Activity.performCreate(android.os.Bundle) (Activity.java:6975)
12-12 13:15:22.120: I/zygote(19544):   at void android.app.Instrumentation.callActivityOnCreate(android.app.Activity, android.os.Bundle) (Instrumentation.java:1213)
12-12 13:15:22.120: I/zygote(19544):   at void android.support.test.runner.MonitoringInstrumentation.callActivityOnCreate(android.app.Activity, android.os.Bundle) (MonitoringInstrumentation.java:667)
12-12 13:15:22.120: I/zygote(19544):   at android.app.Activity android.app.ActivityThread.performLaunchActivity(android.app.ActivityThread$ActivityClientRecord, android.content.Intent) (ActivityThread.java:2770)
12-12 13:15:22.120: I/zygote(19544):   at void android.app.ActivityThread.handleLaunchActivity(android.app.ActivityThread$ActivityClientRecord, android.content.Intent, java.lang.String) (ActivityThread.java:2892)
12-12 13:15:22.120: I/zygote(19544):   at void android.app.ActivityThread.-wrap11(android.app.ActivityThread, android.app.ActivityThread$ActivityClientRecord, android.content.Intent, java.lang.String) (ActivityThread.java:-1)
12-12 13:15:22.120: I/zygote(19544):   at void android.app.ActivityThread$H.handleMessage(android.os.Message) (ActivityThread.java:1593)
12-12 13:15:22.120: I/zygote(19544):   at void android.os.Handler.dispatchMessage(android.os.Message) (Handler.java:105)
12-12 13:15:22.120: I/zygote(19544):   at void android.os.Looper.loop() (Looper.java:164)
12-12 13:15:22.120: I/zygote(19544):   at void android.app.ActivityThread.main(java.lang.String[]) (ActivityThread.java:6541)
12-12 13:15:22.120: I/zygote(19544):   at java.lang.Object java.lang.reflect.Method.invoke(java.lang.Object, java.lang.Object[]) (Method.java:-2)
12-12 13:15:22.120: I/zygote(19544):   at void com.android.internal.os.Zygote$MethodAndArgsCaller.run() (Zygote.java:240)
12-12 13:15:22.120: I/zygote(19544):   at void com.android.internal.os.ZygoteInit.main(java.lang.String[]) (ZygoteInit.java:767)
12-12 13:15:22.120: I/zygote(19544): Caused by: java.lang.ClassNotFoundException: Didn't find class "org.conscrypt.ConscryptHostnameVerifier" on path: DexPathList[[zip file "/system/framework/android.test.runner.jar", zip file "/data/app/com.freenow.android_demo.test-sknCZ4HPqj1h8FQlWiYsJg==/base.apk", zip file "/data/app/com.freenow.android_demo-tlawTE6S8wQvT6mbXR7GeQ==/base.apk"],nativeLibraryDirectories=[/data/app/com.freenow.android_demo.test-sknCZ4HPqj1h8FQlWiYsJg==/lib/x86, /data/app/com.freenow.android_demo-tlawTE6S8wQvT6mbXR7GeQ==/lib/x86, /system/lib, /vendor/lib]]
12-12 13:15:22.120: I/zygote(19544):   at java.lang.Class dalvik.system.BaseDexClassLoader.findClass(java.lang.String) (BaseDexClassLoader.java:93)
12-12 13:15:22.121: I/zygote(19544):   at java.lang.Class java.lang.ClassLoader.loadClass(java.lang.String, boolean) (ClassLoader.java:379)
12-12 13:15:22.121: I/zygote(19544):   at java.lang.Class java.lang.ClassLoader.loadClass(java.lang.String) (ClassLoader.java:312)
12-12 13:15:22.121: I/zygote(19544):   at okhttp3.internal.platform.android.SocketAdapter okhttp3.internal.platform.android.ConscryptSocketAdapter.buildIfSupported() (ConscryptSocketAdapter.kt:64)
12-12 13:15:22.121: I/zygote(19544):   at void okhttp3.internal.platform.AndroidPlatform.<init>() (AndroidPlatform.kt:45)
12-12 13:15:22.121: I/zygote(19544):   at okhttp3.internal.platform.Platform okhttp3.internal.platform.AndroidPlatform$Companion.buildIfSupported() (AndroidPlatform.kt:239)
12-12 13:15:22.121: I/zygote(19544):   at okhttp3.internal.platform.Platform okhttp3.internal.platform.Platform$Companion.findPlatform() (Platform.kt:211)
12-12 13:15:22.121: I/zygote(19544):   at okhttp3.internal.platform.Platform okhttp3.internal.platform.Platform$Companion.access$findPlatform(okhttp3.internal.platform.Platform$Companion) (Platform.kt:179)
12-12 13:15:22.121: I/zygote(19544):   at void okhttp3.internal.platform.Platform.<clinit>() (Platform.kt:180)
12-12 13:15:22.121: I/zygote(19544):   at void okhttp3.OkHttpClient.<init>(okhttp3.OkHttpClient$Builder) (OkHttpClient.kt:219)
12-12 13:15:22.121: I/zygote(19544):   at okhttp3.OkHttpClient okhttp3.OkHttpClient$Builder.build() (OkHttpClient.kt:955)
12-12 13:15:22.121: I/zygote(19544):   at void com.freenow.android_demo.utils.network.HttpClient.<init>() (HttpClient.java:45)
12-12 13:15:22.121: I/zygote(19544):   at com.freenow.android_demo.utils.network.HttpClient com.freenow.android_demo.dependencies.module.NetworkModule.provideHttpClient() (NetworkModule.java:16)
12-12 13:15:22.121: I/zygote(19544):   at com.freenow.android_demo.utils.network.HttpClient com.freenow.android_demo.dependencies.module.NetworkModule_ProvideHttpClientFactory.get() (NetworkModule_ProvideHttpClientFactory.java:18)
12-12 13:15:22.121: I/zygote(19544):   at java.lang.Object com.freenow.android_demo.dependencies.module.NetworkModule_ProvideHttpClientFactory.get() (NetworkModule_ProvideHttpClientFactory.java:8)
12-12 13:15:22.121: I/zygote(19544):   at java.lang.Object dagger.internal.DoubleCheck.get() (DoubleCheck.java:47)
12-12 13:15:22.121: I/zygote(19544):   at com.freenow.android_demo.activities.MainActivity com.freenow.android_demo.dependencies.component.DaggerAppComponent.injectMainActivity(com.freenow.android_demo.activities.MainActivity) (DaggerAppComponent.java:75)
12-12 13:15:22.121: I/zygote(19544):   at void com.freenow.android_demo.dependencies.component.DaggerAppComponent.inject(com.freenow.android_demo.activities.MainActivity) (DaggerAppComponent.java:54)
12-12 13:15:22.121: I/zygote(19544):   at void com.freenow.android_demo.activities.MainActivity.onCreate(android.os.Bundle) (MainActivity.java:91)
12-12 13:15:22.121: I/zygote(19544):   at void android.app.Activity.performCreate(android.os.Bundle) (Activity.java:6975)
12-12 13:15:22.121: I/zygote(19544):   at void android.app.Instrumentation.callActivityOnCreate(android.app.Activity, android.os.Bundle) (Instrumentation.java:1213)
12-12 13:15:22.121: I/zygote(19544):   at void android.support.test.runner.MonitoringInstrumentation.callActivityOnCreate(android.app.Activity, android.os.Bundle) (MonitoringInstrumentation.java:667)
12-12 13:15:22.121: I/zygote(19544):   at android.app.Activity android.app.ActivityThread.performLaunchActivity(android.app.ActivityThread$ActivityClientRecord, android.content.Intent) (ActivityThread.java:2770)
12-12 13:15:22.121: I/zygote(19544):   at void android.app.ActivityThread.handleLaunchActivity(android.app.ActivityThread$ActivityClientRecord, android.content.Intent, java.lang.String) (ActivityThread.java:2892)
12-12 13:15:22.121: I/zygote(19544):   at void android.app.ActivityThread.-wrap11(android.app.ActivityThread, android.app.ActivityThread$ActivityClientRecord, android.content.Intent, java.lang.String) (ActivityThread.java:-1)
12-12 13:15:22.121: I/zygote(19544):   at void android.app.ActivityThread$H.handleMessage(android.os.Message) (ActivityThread.java:1593)
12-12 13:15:22.121: I/zygote(19544):   at void android.os.Handler.dispatchMessage(android.os.Message) (Handler.java:105)
12-12 13:15:22.121: I/zygote(19544):   at void android.os.Looper.loop() (Looper.java:164)
12-12 13:15:22.121: I/zygote(19544):   at void android.app.ActivityThread.main(java.lang.String[]) (ActivityThread.java:6541)
12-12 13:15:22.121: I/zygote(19544):   at java.lang.Object java.lang.reflect.Method.invoke(java.lang.Object, java.lang.Object[]) (Method.java:-2)
12-12 13:15:22.121: I/zygote(19544):   at void com.android.internal.os.Zygote$MethodAndArgsCaller.run() (Zygote.java:240)
12-12 13:15:22.121: I/zygote(19544):   at void com.android.internal.os.ZygoteInit.main(java.lang.String[]) (ZygoteInit.java:767)
12-12 13:15:22.125: D/NetworkSecurityConfig(19544): No Network Security Config specified, using platform default
12-12 13:15:22.167: D/Test(19544): Fetching drivers
12-12 13:15:22.177: D/LifecycleMonitor(19544): Lifecycle status change: com.freenow.android_demo.activities.MainActivity@2a6dcfa in: CREATED
12-12 13:15:22.178: E/SurfaceFlinger(1453): ro.sf.lcd_density must be defined as a build property
12-12 13:15:22.184: D/LifecycleMonitor(19544): Lifecycle status change: com.freenow.android_demo.activities.MainActivity@2a6dcfa in: STARTED
12-12 13:15:22.198: I/ActivityManager(2044): START u0 {cmp=com.freenow.android_demo/.activities.AuthenticationActivity} from uid 10095
12-12 13:15:22.202: W/System.err(19544): java.net.ConnectException: Failed to connect to localhost/127.0.0.1:8080
12-12 13:15:22.203: D/LifecycleMonitor(19544): Lifecycle status change: com.freenow.android_demo.activities.MainActivity@2a6dcfa in: RESUMED
12-12 13:15:22.203: W/System.err(19544): 	at okhttp3.internal.connection.RealConnection.connectSocket(RealConnection.kt:270)
12-12 13:15:22.203: W/System.err(19544): 	at okhttp3.internal.connection.RealConnection.connect(RealConnection.kt:176)
12-12 13:15:22.204: W/System.err(19544): 	at okhttp3.internal.connection.ExchangeFinder.findConnection(ExchangeFinder.kt:236)
12-12 13:15:22.204: W/System.err(19544): 	at okhttp3.internal.connection.ExchangeFinder.findHealthyConnection(ExchangeFinder.kt:109)
12-12 13:15:22.204: W/System.err(19544): 	at okhttp3.internal.connection.ExchangeFinder.find(ExchangeFinder.kt:77)
12-12 13:15:22.204: W/System.err(19544): 	at okhttp3.internal.connection.Transmitter.newExchange$okhttp(Transmitter.kt:162)
12-12 13:15:22.204: W/System.err(19544): 	at okhttp3.internal.connection.ConnectInterceptor.intercept(ConnectInterceptor.kt:35)
12-12 13:15:22.204: W/System.err(19544): 	at okhttp3.internal.http.RealInterceptorChain.proceed(RealInterceptorChain.kt:112)
12-12 13:15:22.204: W/System.err(19544): 	at okhttp3.internal.http.RealInterceptorChain.proceed(RealInterceptorChain.kt:87)
12-12 13:15:22.204: W/System.err(19544): 	at okhttp3.internal.cache.CacheInterceptor.intercept(CacheInterceptor.kt:82)
12-12 13:15:22.204: W/System.err(19544): 	at okhttp3.internal.http.RealInterceptorChain.proceed(RealInterceptorChain.kt:112)
12-12 13:15:22.204: W/System.err(19544): 	at okhttp3.internal.http.RealInterceptorChain.proceed(RealInterceptorChain.kt:87)
12-12 13:15:22.205: W/System.err(19544): 	at okhttp3.internal.http.BridgeInterceptor.intercept(BridgeInterceptor.kt:84)
12-12 13:15:22.205: W/System.err(19544): 	at okhttp3.internal.http.RealInterceptorChain.proceed(RealInterceptorChain.kt:112)
12-12 13:15:22.205: W/System.err(19544): 	at okhttp3.internal.http.RetryAndFollowUpInterceptor.intercept(RetryAndFollowUpInterceptor.kt:71)
12-12 13:15:22.205: W/System.err(19544): 	at okhttp3.internal.http.RealInterceptorChain.proceed(RealInterceptorChain.kt:112)
12-12 13:15:22.205: W/System.err(19544): 	at okhttp3.internal.http.RealInterceptorChain.proceed(RealInterceptorChain.kt:87)
12-12 13:15:22.205: W/System.err(19544): 	at net.rafaeltoledo.okir.OkHttp3IdlingResource.intercept(OkHttp3IdlingResource.java:39)
12-12 13:15:22.205: W/System.err(19544): 	at okhttp3.internal.http.RealInterceptorChain.proceed(RealInterceptorChain.kt:112)
12-12 13:15:22.205: W/System.err(19544): 	at okhttp3.internal.http.RealInterceptorChain.proceed(RealInterceptorChain.kt:87)
12-12 13:15:22.205: W/System.err(19544): 	at okhttp3.RealCall.getResponseWithInterceptorChain(RealCall.kt:184)
12-12 13:15:22.205: W/System.err(19544): 	at okhttp3.RealCall$AsyncCall.run(RealCall.kt:136)
12-12 13:15:22.205: W/System.err(19544): 	at java.util.concurrent.ThreadPoolExecutor.runWorker(ThreadPoolExecutor.java:1162)
12-12 13:15:22.205: W/System.err(19544): 	at java.util.concurrent.ThreadPoolExecutor$Worker.run(ThreadPoolExecutor.java:636)
12-12 13:15:22.205: W/System.err(19544): 	at java.lang.Thread.run(Thread.java:764)
12-12 13:15:22.205: W/System.err(19544): Caused by: java.net.ConnectException: failed to connect to localhost/127.0.0.1 (port 8080) from /127.0.0.1 (port 49803) after 10000ms: isConnected failed: ECONNREFUSED (Connection refused)
12-12 13:15:22.205: W/System.err(19544): 	at libcore.io.IoBridge.isConnected(IoBridge.java:273)
12-12 13:15:22.205: W/System.err(19544): 	at libcore.io.IoBridge.connectErrno(IoBridge.java:188)
12-12 13:15:22.205: W/System.err(19544): 	at libcore.io.IoBridge.connect(IoBridge.java:130)
12-12 13:15:22.205: W/System.err(19544): 	at java.net.PlainSocketImpl.socketConnect(PlainSocketImpl.java:129)
12-12 13:15:22.208: W/System.err(19544): 	at java.net.AbstractPlainSocketImpl.doConnect(AbstractPlainSocketImpl.java:356)
12-12 13:15:22.208: W/System.err(19544): 	at java.net.AbstractPlainSocketImpl.connectToAddress(AbstractPlainSocketImpl.java:200)
12-12 13:15:22.208: W/System.err(19544): 	at java.net.AbstractPlainSocketImpl.connect(AbstractPlainSocketImpl.java:182)
12-12 13:15:22.208: W/System.err(19544): 	at java.net.SocksSocketImpl.connect(SocksSocketImpl.java:356)
12-12 13:15:22.208: W/System.err(19544): 	at java.net.Socket.connect(Socket.java:616)
12-12 13:15:22.208: W/System.err(19544): 	at okhttp3.internal.platform.AndroidPlatform.connectSocket(AndroidPlatform.kt:58)
12-12 13:15:22.208: W/System.err(19544): 	at okhttp3.internal.connection.RealConnection.connectSocket(RealConnection.kt:268)
12-12 13:15:22.208: W/System.err(19544): 	... 24 more
12-12 13:15:22.210: W/System.err(19544): Caused by: android.system.ErrnoException: isConnected failed: ECONNREFUSED (Connection refused)
12-12 13:15:22.210: W/System.err(19544): 	at libcore.io.IoBridge.isConnected(IoBridge.java:262)
12-12 13:15:22.210: W/System.err(19544): 	... 34 more
12-12 13:15:22.218: E/SurfaceFlinger(1453): ro.sf.lcd_density must be defined as a build property
12-12 13:15:22.219: D/OpenGLRenderer(19544): HWUI GL Pipeline
12-12 13:15:22.228: E/SurfaceFlinger(1453): ro.sf.lcd_density must be defined as a build property
12-12 13:15:22.238: D/LifecycleMonitor(19544): Lifecycle status change: com.freenow.android_demo.activities.MainActivity@2a6dcfa in: PAUSED
12-12 13:15:22.280: W/GCoreFlp(2810): No location to return for getLastLocation()
12-12 13:15:22.285: D/EGL_emulation(1453): eglMakeCurrent: 0xa9a20900: ver 3 0 (tinfo 0xa9a1b9e0)
12-12 13:15:22.304: I/chatty(1453): uid=1000(system) /system/bin/surfaceflinger identical 4 lines
12-12 13:15:22.305: D/EGL_emulation(1453): eglMakeCurrent: 0xa9a20900: ver 3 0 (tinfo 0xa9a1b9e0)
12-12 13:15:22.358: D/LifecycleMonitor(19544): Lifecycle status change: com.freenow.android_demo.activities.AuthenticationActivity@1c22b60 in: PRE_ON_CREATE
12-12 13:15:22.367: E/SurfaceFlinger(1453): ro.sf.lcd_density must be defined as a build property
12-12 13:15:22.374: E/Google Maps Android API(19544): Authorization failure.  Please see https://developers.google.com/maps/documentation/android-api/start for how to correctly set up the map.
12-12 13:15:22.398: E/SurfaceFlinger(1453): ro.sf.lcd_density must be defined as a build property
12-12 13:15:22.399: I/zygote(3226): Background concurrent copying GC freed 40272(2MB) AllocSpace objects, 9(180KB) LOS objects, 37% free, 9MB/15MB, paused 122us total 151.424ms
12-12 13:15:22.402: E/Google Maps Android API(19544): In the Google Developer Console (https://console.developers.google.com)
12-12 13:15:22.402: E/Google Maps Android API(19544): Ensure that the "Google Maps Android API v2" is enabled.
12-12 13:15:22.402: E/Google Maps Android API(19544): Ensure that the following Android Key exists:
12-12 13:15:22.402: E/Google Maps Android API(19544): 	API Key: YOUR_KEY_HERE
12-12 13:15:22.402: E/Google Maps Android API(19544): 	Android Application (<cert_fingerprint>;<package_name>): 13:4F:1D:E7:E0:35:AB:D2:C4:2A:F3:B6:01:50:7C:4E:34:5F:5D:B1;com.freenow.android_demo
12-12 13:15:22.433: I/zygote(2810): Background concurrent copying GC freed 109961(6MB) AllocSpace objects, 0(0B) LOS objects, 41% free, 8MB/14MB, paused 62us total 159.011ms
12-12 13:15:22.480: I/TextInputLayout(19544): EditText added is not a TextInputEditText. Please switch to using that class instead.
12-12 13:15:22.490: I/TextInputLayout(19544): EditText added is not a TextInputEditText. Please switch to using that class instead.
12-12 13:15:22.496: E/SurfaceFlinger(1453): ro.sf.lcd_density must be defined as a build property
12-12 13:15:22.498: E/SurfaceFlinger(1453): ro.sf.lcd_density must be defined as a build property
12-12 13:15:22.514: D/LifecycleMonitor(19544): Lifecycle status change: com.freenow.android_demo.activities.AuthenticationActivity@1c22b60 in: CREATED
12-12 13:15:22.515: D/LifecycleMonitor(19544): Lifecycle status change: com.freenow.android_demo.activities.AuthenticationActivity@1c22b60 in: STARTED
12-12 13:15:22.521: D/LifecycleMonitor(19544): Lifecycle status change: com.freenow.android_demo.activities.AuthenticationActivity@1c22b60 in: RESUMED
12-12 13:15:22.560: I/zygote(19544): Do partial code cache collection, code=55KB, data=54KB
12-12 13:15:22.560: I/zygote(19544): After code cache collection, code=55KB, data=54KB
12-12 13:15:22.560: I/zygote(19544): Increasing code cache capacity to 256KB
12-12 13:15:22.562: I/zygote(19544): Do full code cache collection, code=55KB, data=71KB
12-12 13:15:22.563: I/zygote(19544): After code cache collection, code=7KB, data=26KB
12-12 13:15:22.565: D/(19544): HostConnection::get() New Host Connection established 0x93a69840, tid 19642
12-12 13:15:22.565: D/gralloc_ranchu(1440): gralloc_alloc: Creating ashmem region of size 14749696
12-12 13:15:22.570: I/OpenGLRenderer(19544): Initialized EGL, version 1.4
12-12 13:15:22.570: D/OpenGLRenderer(19544): Swap behavior 1
12-12 13:15:22.570: W/OpenGLRenderer(19544): Failed to choose config with EGL_SWAP_BEHAVIOR_PRESERVED, retrying without...
12-12 13:15:22.570: D/OpenGLRenderer(19544): Swap behavior 0
12-12 13:15:22.583: D/EGL_emulation(1453): eglMakeCurrent: 0xa9a20900: ver 3 0 (tinfo 0xa9a1b9e0)
12-12 13:15:22.584: D/EGL_emulation(19544): eglCreateContext: 0xa2ca7fc0: maj 3 min 0 rcv 3
12-12 13:15:22.584: D/gralloc_ranchu(1440): gralloc_alloc: Creating ashmem region of size 14749696
12-12 13:15:22.588: E/SurfaceFlinger(1453): ro.sf.lcd_density must be defined as a build property
12-12 13:15:22.600: D/EGL_emulation(19544): eglMakeCurrent: 0xa2ca7fc0: ver 3 0 (tinfo 0xa21ffc50)
12-12 13:15:22.603: D/gralloc_ranchu(1440): gralloc_alloc: Creating ashmem region of size 14749696
12-12 13:15:22.625: D/EGL_emulation(1453): eglMakeCurrent: 0xa9a20900: ver 3 0 (tinfo 0xa9a1b9e0)
12-12 13:15:22.710: I/chatty(1453): uid=1000(system) /system/bin/surfaceflinger identical 10 lines
12-12 13:15:22.750: D/EGL_emulation(1453): eglMakeCurrent: 0xa9a20900: ver 3 0 (tinfo 0xa9a1b9e0)
12-12 13:15:22.753: D/EGL_emulation(19544): eglMakeCurrent: 0xa2ca7fc0: ver 3 0 (tinfo 0xa21ffc50)
12-12 13:15:22.756: D/EGL_emulation(1453): eglMakeCurrent: 0xa9a20900: ver 3 0 (tinfo 0xa9a1b9e0)
12-12 13:15:22.769: I/chatty(1453): uid=1000(system) /system/bin/surfaceflinger identical 3 lines
12-12 13:15:22.771: D/EGL_emulation(1453): eglMakeCurrent: 0xa9a20900: ver 3 0 (tinfo 0xa9a1b9e0)
12-12 13:15:22.783: E/SurfaceFlinger(1453): ro.sf.lcd_density must be defined as a build property
12-12 13:15:22.812: I/chatty(1453): uid=1000(system) Binder:1453_1 identical 1 line
12-12 13:15:22.878: E/SurfaceFlinger(1453): ro.sf.lcd_density must be defined as a build property
12-12 13:15:22.917: D/EGL_emulation(1453): eglMakeCurrent: 0xa9a20900: ver 3 0 (tinfo 0xa9a1b9e0)
12-12 13:15:22.922: D/EGL_emulation(1453): eglMakeCurrent: 0xa9a20900: ver 3 0 (tinfo 0xa9a1b9e0)
12-12 13:15:22.924: I/ActivityManager(2044): Displayed com.freenow.android_demo/.activities.AuthenticationActivity: +678ms (total +1s803ms)
12-12 13:15:22.926: D/EGL_emulation(1453): eglMakeCurrent: 0xa9a20900: ver 3 0 (tinfo 0xa9a1b9e0)
12-12 13:15:22.938: I/chatty(1453): uid=1000(system) /system/bin/surfaceflinger identical 2 lines
12-12 13:15:22.939: D/EGL_emulation(1453): eglMakeCurrent: 0xa9a20900: ver 3 0 (tinfo 0xa9a1b9e0)
12-12 13:15:22.941: W/View(19544): dispatchProvideAutofillStructure(): not laid out, ignoring
12-12 13:15:22.941: D/EGL_emulation(1453): eglMakeCurrent: 0xa9a20900: ver 3 0 (tinfo 0xa9a1b9e0)
12-12 13:15:22.944: W/Binder(2044): Outgoing transactions from this process must be FLAG_ONEWAY
12-12 13:15:22.944: W/Binder(2044): java.lang.Throwable
12-12 13:15:22.944: W/Binder(2044): 	at android.os.BinderProxy.transact(Binder.java:736)
12-12 13:15:22.944: W/Binder(2044): 	at android.app.assist.AssistStructure$ParcelTransferReader.fetchData(AssistStructure.java:407)
12-12 13:15:22.944: W/Binder(2044): 	at android.app.assist.AssistStructure$ParcelTransferReader.go(AssistStructure.java:343)
12-12 13:15:22.944: W/Binder(2044): 	at android.app.assist.AssistStructure.ensureData(AssistStructure.java:2106)
12-12 13:15:22.944: W/Binder(2044): 	at com.android.server.autofill.Session$1.send(Session.java:200)
