12-12 13:15:16.414: D/EGL_emulation(1453): eglMakeCurrent: 0xa9a20900: ver 3 0 (tinfo 0xa9a1b9e0)
12-12 13:15:16.416: D/InputManagerEventInjectionStrategy(19232): Creating injection strategy with input manager.
12-12 13:15:16.427: D/EGL_emulation(1453): eglMakeCurrent: 0xa9a20900: ver 3 0 (tinfo 0xa9a1b9e0)
12-12 13:15:16.435: I/chatty(1453): uid=1000(system) /system/bin/surfaceflinger identical 1 line
12-12 13:15:16.437: D/EGL_emulation(1453): eglMakeCurrent: 0xa9a20900: ver 3 0 (tinfo 0xa9a1b9e0)
12-12 13:15:16.437: I/ViewInteraction(19232): Performing 'replace text' action on view with id: com.freenow.android_demo:id/edt_username
12-12 13:15:16.438: W/SurfaceFlinger(1453): couldn't log to binary event log: overflow.
12-12 13:15:16.440: D/EGL_emulation(1453): eglMakeCurrent: 0xa9a20900: ver 3 0 (tinfo 0xa9a1b9e0)
12-12 13:15:16.458: I/chatty(1453): uid=1000(system) /system/bin/surfaceflinger identical 2 lines
12-12 13:15:16.460: D/EGL_emulation(1453): eglMakeCurrent: 0xa9a20900: ver 3 0 (tinfo 0xa9a1b9e0)
12-12 13:15:16.462: I/ViewInteraction(19232): Performing 'type text(crazydog335)' action on view with id: com.freenow.android_demo:id/edt_username
12-12 13:15:16.464: D/EGL_emulation(1453): eglMakeCurrent: 0xa9a20900: ver 3 0 (tinfo 0xa9a1b9e0)
12-12 13:15:16.475: D/EGL_emulation(1453): eglMakeCurrent: 0xa9a20900: ver 3 0 (tinfo 0xa9a1b9e0)
12-12 13:15:16.477: E/SurfaceFlinger(1453): ro.sf.lcd_density must be defined as a build property
12-12 13:15:16.502: D/EGL_emulation(1453): eglMakeCurrent: 0xa9a20900: ver 3 0 (tinfo 0xa9a1b9e0)
12-12 13:15:16.503: D/EGL_emulation(1453): eglMakeCurrent: 0xa9a20900: ver 3 0 (tinfo 0xa9a1b9e0)
12-12 13:15:16.510: I/PBSessionCacheImpl(4101): Deleted sessionId[153200475005] from persistence.
12-12 13:15:16.513: D/EGL_emulation(1453): eglMakeCurrent: 0xa9a20900: ver 3 0 (tinfo 0xa9a1b9e0)
12-12 13:15:16.529: D/EGL_emulation(1453): eglMakeCurrent: 0xa9a20900: ver 3 0 (tinfo 0xa9a1b9e0)
12-12 13:15:16.532: W/SearchService(4101): Abort, client detached.
12-12 13:15:16.571: D/EGL_emulation(1453): eglMakeCurrent: 0xa9a20900: ver 3 0 (tinfo 0xa9a1b9e0)
12-12 13:15:16.607: I/chatty(1453): uid=1000(system) /system/bin/surfaceflinger identical 4 lines
12-12 13:15:16.618: D/EGL_emulation(1453): eglMakeCurrent: 0xa9a20900: ver 3 0 (tinfo 0xa9a1b9e0)
12-12 13:15:16.626: E/SurfaceFlinger(1453): ro.sf.lcd_density must be defined as a build property
12-12 13:15:16.634: W/InputConnectionWrapper(2822): Fixing selection indices to 0, 0
12-12 13:15:16.627: E/ctxmgr(2810): [AppIntervalImpl]closeInterval: ongoing [CONTEXT service_id=47 ]
12-12 13:15:16.634: W/InputConnectionWrapper(2822): Fixing selection indices to 0, 0
12-12 13:15:16.652: D/EGL_emulation(1453): eglMakeCurrent: 0xa9a20900: ver 3 0 (tinfo 0xa9a1b9e0)
12-12 13:15:16.668: D/EGL_emulation(1453): eglMakeCurrent: 0xa9a20900: ver 3 0 (tinfo 0xa9a1b9e0)
12-12 13:15:16.672: I/Places(2810): ?: Couldn't find platform key file.
12-12 13:15:16.678: D/EGL_emulation(1453): eglMakeCurrent: 0xa9a20900: ver 3 0 (tinfo 0xa9a1b9e0)
12-12 13:15:16.680: I/chatty(1453): uid=1000(system) /system/bin/surfaceflinger identical 1 line
12-12 13:15:16.689: D/EGL_emulation(1453): eglMakeCurrent: 0xa9a20900: ver 3 0 (tinfo 0xa9a1b9e0)
12-12 13:15:16.702: I/Places(2810): ?: PlacesBleScanner stop()
12-12 13:15:16.706: I/BeaconBle(2810): Scan : No clients left, canceling alarm.
12-12 13:15:16.706: I/BeaconBle(2810): Scan canceled successfully.
12-12 13:15:16.707: D/EGL_emulation(2839): eglMakeCurrent: 0xa4b05660: ver 3 0 (tinfo 0xa4b03530)
12-12 13:15:16.712: D/EGL_emulation(1453): eglMakeCurrent: 0xa9a20900: ver 3 0 (tinfo 0xa9a1b9e0)
12-12 13:15:16.715: I/PlaceInferenceEngine(2810): [anon] Changed inference mode: 0
12-12 13:15:16.721: W/GCoreFlp(2810): No location to return for getLastLocation()
12-12 13:15:16.723: D/EGL_emulation(1453): eglMakeCurrent: 0xa9a20900: ver 3 0 (tinfo 0xa9a1b9e0)
12-12 13:15:16.750: I/chatty(1453): uid=1000(system) /system/bin/surfaceflinger identical 2 lines
12-12 13:15:16.752: D/EGL_emulation(1453): eglMakeCurrent: 0xa9a20900: ver 3 0 (tinfo 0xa9a1b9e0)
12-12 13:15:16.753: E/SurfaceFlinger(1453): ro.sf.lcd_density must be defined as a build property
12-12 13:15:16.772: D/EGL_emulation(1453): eglMakeCurrent: 0xa9a20900: ver 3 0 (tinfo 0xa9a1b9e0)
12-12 13:15:16.775: D/gralloc_ranchu(1440): gralloc_alloc: Creating ashmem region of size 14262272
12-12 13:15:16.800: D/UiControllerImpl(19232): Injecting string: "crazydog335"
12-12 13:15:16.801: D/gralloc_ranchu(1440): gralloc_alloc: Creating ashmem region of size 14262272
12-12 13:15:16.820: D/gralloc_ranchu(1440): gralloc_alloc: Creating ashmem region of size 14262272
12-12 13:15:16.846: D/EGL_emulation(1453): eglMakeCurrent: 0xa9a20900: ver 3 0 (tinfo 0xa9a1b9e0)
12-12 13:15:16.867: D/EGL_emulation(1453): eglMakeCurrent: 0xa9a20900: ver 3 0 (tinfo 0xa9a1b9e0)
12-12 13:15:16.869: D/EGL_emulation(2822): eglMakeCurrent: 0x93e76580: ver 3 0 (tinfo 0x92c8b320)
12-12 13:15:16.869: D/EGL_emulation(1453): eglMakeCurrent: 0xa9a20900: ver 3 0 (tinfo 0xa9a1b9e0)
12-12 13:15:16.911: I/chatty(1453): uid=1000(system) /system/bin/surfaceflinger identical 5 lines
12-12 13:15:16.922: D/EGL_emulation(1453): eglMakeCurrent: 0xa9a20900: ver 3 0 (tinfo 0xa9a1b9e0)
12-12 13:15:16.932: E/SurfaceFlinger(1453): ro.sf.lcd_density must be defined as a build property
12-12 13:15:16.952: D/EGL_emulation(1453): eglMakeCurrent: 0xa9a20900: ver 3 0 (tinfo 0xa9a1b9e0)
12-12 13:15:17.165: I/chatty(1453): uid=1000(system) /system/bin/surfaceflinger identical 10 lines
12-12 13:15:17.179: D/EGL_emulation(1453): eglMakeCurrent: 0xa9a20900: ver 3 0 (tinfo 0xa9a1b9e0)
12-12 13:15:17.190: E/SurfaceFlinger(1453): ro.sf.lcd_density must be defined as a build property
12-12 13:15:17.199: D/EGL_emulation(1453): eglMakeCurrent: 0xa9a20900: ver 3 0 (tinfo 0xa9a1b9e0)
12-12 13:15:17.254: I/chatty(1453): uid=1000(system) /system/bin/surfaceflinger identical 8 lines
12-12 13:15:17.255: D/EGL_emulation(1453): eglMakeCurrent: 0xa9a20900: ver 3 0 (tinfo 0xa9a1b9e0)
12-12 13:15:17.264: E/SurfaceFlinger(1453): ro.sf.lcd_density must be defined as a build property
12-12 13:15:17.271: D/EGL_emulation(1453): eglMakeCurrent: 0xa9a20900: ver 3 0 (tinfo 0xa9a1b9e0)
12-12 13:15:17.339: I/chatty(1453): uid=1000(system) /system/bin/surfaceflinger identical 8 lines
12-12 13:15:17.347: D/EGL_emulation(1453): eglMakeCurrent: 0xa9a20900: ver 3 0 (tinfo 0xa9a1b9e0)
12-12 13:15:17.355: E/SurfaceFlinger(1453): ro.sf.lcd_density must be defined as a build property
12-12 13:15:17.359: D/EGL_emulation(1453): eglMakeCurrent: 0xa9a20900: ver 3 0 (tinfo 0xa9a1b9e0)
12-12 13:15:17.423: I/chatty(1453): uid=1000(system) /system/bin/surfaceflinger identical 6 lines
12-12 13:15:17.434: D/EGL_emulation(1453): eglMakeCurrent: 0xa9a20900: ver 3 0 (tinfo 0xa9a1b9e0)
12-12 13:15:17.441: E/SurfaceFlinger(1453): ro.sf.lcd_density must be defined as a build property
12-12 13:15:17.450: D/EGL_emulation(1453): eglMakeCurrent: 0xa9a20900: ver 3 0 (tinfo 0xa9a1b9e0)
12-12 13:15:17.472: I/chatty(1453): uid=1000(system) /system/bin/surfaceflinger identical 2 lines
12-12 13:15:17.480: D/EGL_emulation(1453): eglMakeCurrent: 0xa9a20900: ver 3 0 (tinfo 0xa9a1b9e0)
12-12 13:15:17.490: I/ViewInteraction(19232): Performing 'close keyboard' action on view with id: com.freenow.android_demo:id/edt_username
12-12 13:15:17.500: D/EGL_emulation(1453): eglMakeCurrent: 0xa9a20900: ver 3 0 (tinfo 0xa9a1b9e0)
12-12 13:15:17.501: I/chatty(1453): uid=1000(system) /system/bin/surfaceflinger identical 1 line
12-12 13:15:17.508: D/EGL_emulation(1453): eglMakeCurrent: 0xa9a20900: ver 3 0 (tinfo 0xa9a1b9e0)
12-12 13:15:17.509: D/EGL_emulation(2822): eglMakeCurrent: 0x93e76580: ver 3 0 (tinfo 0x92c8b320)
12-12 13:15:17.518: D/EGL_emulation(1453): eglMakeCurrent: 0xa9a20900: ver 3 0 (tinfo 0xa9a1b9e0)
12-12 13:15:17.530: I/chatty(1453): uid=1000(system) /system/bin/surfaceflinger identical 2 lines
12-12 13:15:17.533: D/EGL_emulation(1453): eglMakeCurrent: 0xa9a20900: ver 3 0 (tinfo 0xa9a1b9e0)
12-12 13:15:17.537: E/SurfaceFlinger(1453): ro.sf.lcd_density must be defined as a build property
12-12 13:15:17.550: D/EGL_emulation(1453): eglMakeCurrent: 0xa9a20900: ver 3 0 (tinfo 0xa9a1b9e0)
12-12 13:15:17.562: W/DynamiteModule(19232): Local module descriptor class for com.google.android.gms.googlecertificates not found.
12-12 13:15:17.567: D/EGL_emulation(1453): eglMakeCurrent: 0xa9a20900: ver 3 0 (tinfo 0xa9a1b9e0)
12-12 13:15:17.573: D/EGL_emulation(1453): eglMakeCurrent: 0xa9a20900: ver 3 0 (tinfo 0xa9a1b9e0)
12-12 13:15:17.573: I/DynamiteModule(19232): Considering local module com.google.android.gms.googlecertificates:0 and remote module com.google.android.gms.googlecertificates:4
12-12 13:15:17.574: I/DynamiteModule(19232): Selected remote version of com.google.android.gms.googlecertificates, version >= 4
12-12 13:15:17.578: D/EGL_emulation(1453): eglMakeCurrent: 0xa9a20900: ver 3 0 (tinfo 0xa9a1b9e0)
12-12 13:15:17.586: I/chatty(1453): uid=1000(system) /system/bin/surfaceflinger identical 1 line
12-12 13:15:17.595: D/EGL_emulation(1453): eglMakeCurrent: 0xa9a20900: ver 3 0 (tinfo 0xa9a1b9e0)
12-12 13:15:17.596: W/zygote(19232): Skipping duplicate class check due to unrecognized classloader
12-12 13:15:17.596: D/EGL_emulation(1453): eglMakeCurrent: 0xa9a20900: ver 3 0 (tinfo 0xa9a1b9e0)
12-12 13:15:17.619: I/chatty(1453): uid=1000(system) /system/bin/surfaceflinger identical 4 lines
12-12 13:15:17.620: D/EGL_emulation(1453): eglMakeCurrent: 0xa9a20900: ver 3 0 (tinfo 0xa9a1b9e0)
12-12 13:15:17.623: E/SurfaceFlinger(1453): ro.sf.lcd_density must be defined as a build property
12-12 13:15:17.636: D/EGL_emulation(1453): eglMakeCurrent: 0xa9a20900: ver 3 0 (tinfo 0xa9a1b9e0)
12-12 13:15:17.673: I/chatty(1453): uid=1000(system) /system/bin/surfaceflinger identical 7 lines
12-12 13:15:17.681: D/EGL_emulation(1453): eglMakeCurrent: 0xa9a20900: ver 3 0 (tinfo 0xa9a1b9e0)
12-12 13:15:17.689: E/SurfaceFlinger(1453): ro.sf.lcd_density must be defined as a build property
12-12 13:15:17.696: D/EGL_emulation(1453): eglMakeCurrent: 0xa9a20900: ver 3 0 (tinfo 0xa9a1b9e0)
12-12 13:15:17.733: I/chatty(1453): uid=1000(system) /system/bin/surfaceflinger identical 7 lines
12-12 13:15:17.744: D/EGL_emulation(1453): eglMakeCurrent: 0xa9a20900: ver 3 0 (tinfo 0xa9a1b9e0)
12-12 13:15:17.745: E/SurfaceFlinger(1453): ro.sf.lcd_density must be defined as a build property
12-12 13:15:17.749: D/EGL_emulation(1453): eglMakeCurrent: 0xa9a20900: ver 3 0 (tinfo 0xa9a1b9e0)
12-12 13:15:17.790: I/chatty(1453): uid=1000(system) /system/bin/surfaceflinger identical 7 lines
12-12 13:15:17.791: D/EGL_emulation(1453): eglMakeCurrent: 0xa9a20900: ver 3 0 (tinfo 0xa9a1b9e0)
12-12 13:15:17.802: E/SurfaceFlinger(1453): ro.sf.lcd_density must be defined as a build property
12-12 13:15:17.811: I/ViewInteraction(19232): Performing 'replace text' action on view with id: com.freenow.android_demo:id/edt_password
12-12 13:15:17.829: I/ViewInteraction(19232): Performing 'type text(venture)' action on view with id: com.freenow.android_demo:id/edt_password
12-12 13:15:17.838: D/EGL_emulation(1453): eglMakeCurrent: 0xa9a20900: ver 3 0 (tinfo 0xa9a1b9e0)
12-12 13:15:17.859: I/chatty(1453): uid=1000(system) /system/bin/surfaceflinger identical 4 lines
12-12 13:15:17.868: D/EGL_emulation(1453): eglMakeCurrent: 0xa9a20900: ver 3 0 (tinfo 0xa9a1b9e0)
12-12 13:15:17.871: E/SurfaceFlinger(1453): ro.sf.lcd_density must be defined as a build property
12-12 13:15:17.885: D/EGL_emulation(1453): eglMakeCurrent: 0xa9a20900: ver 3 0 (tinfo 0xa9a1b9e0)
12-12 13:15:17.931: I/chatty(1453): uid=1000(system) /system/bin/surfaceflinger identical 2 lines
12-12 13:15:17.941: D/EGL_emulation(1453): eglMakeCurrent: 0xa9a20900: ver 3 0 (tinfo 0xa9a1b9e0)
12-12 13:15:17.945: W/InputConnectionWrapper(2822): Fixing selection indices to 0, 0
12-12 13:15:17.951: D/EGL_emulation(1453): eglMakeCurrent: 0xa9a20900: ver 3 0 (tinfo 0xa9a1b9e0)
12-12 13:15:17.972: I/chatty(1453): uid=1000(system) /system/bin/surfaceflinger identical 5 lines
12-12 13:15:17.978: D/EGL_emulation(1453): eglMakeCurrent: 0xa9a20900: ver 3 0 (tinfo 0xa9a1b9e0)
12-12 13:15:17.981: D/gralloc_ranchu(1440): gralloc_alloc: Creating ashmem region of size 14262272
12-12 13:15:17.984: E/SurfaceFlinger(1453): ro.sf.lcd_density must be defined as a build property
12-12 13:15:17.999: D/gralloc_ranchu(1440): gralloc_alloc: Creating ashmem region of size 14262272
12-12 13:15:18.021: D/gralloc_ranchu(1440): gralloc_alloc: Creating ashmem region of size 14262272
12-12 13:15:18.038: D/EGL_emulation(1453): eglMakeCurrent: 0xa9a20900: ver 3 0 (tinfo 0xa9a1b9e0)
12-12 13:15:18.078: I/chatty(1453): uid=1000(system) /system/bin/surfaceflinger identical 7 lines
12-12 13:15:18.085: D/EGL_emulation(1453): eglMakeCurrent: 0xa9a20900: ver 3 0 (tinfo 0xa9a1b9e0)
12-12 13:15:18.086: E/SurfaceFlinger(1453): ro.sf.lcd_density must be defined as a build property
12-12 13:15:18.101: D/EGL_emulation(1453): eglMakeCurrent: 0xa9a20900: ver 3 0 (tinfo 0xa9a1b9e0)
12-12 13:15:18.150: I/chatty(1453): uid=1000(system) /system/bin/surfaceflinger identical 8 lines
12-12 13:15:18.151: D/EGL_emulation(1453): eglMakeCurrent: 0xa9a20900: ver 3 0 (tinfo 0xa9a1b9e0)
12-12 13:15:18.155: D/UiControllerImpl(19232): Injecting string: "venture"
12-12 13:15:18.160: D/EGL_emulation(1453): eglMakeCurrent: 0xa9a20900: ver 3 0 (tinfo 0xa9a1b9e0)
12-12 13:15:18.167: D/EGL_emulation(1453): eglMakeCurrent: 0xa9a20900: ver 3 0 (tinfo 0xa9a1b9e0)
12-12 13:15:18.180: E/SurfaceFlinger(1453): ro.sf.lcd_density must be defined as a build property
12-12 13:15:18.184: D/EGL_emulation(1453): eglMakeCurrent: 0xa9a20900: ver 3 0 (tinfo 0xa9a1b9e0)
12-12 13:15:18.250: I/chatty(1453): uid=1000(system) /system/bin/surfaceflinger identical 10 lines
12-12 13:15:18.259: D/EGL_emulation(1453): eglMakeCurrent: 0xa9a20900: ver 3 0 (tinfo 0xa9a1b9e0)
12-12 13:15:18.266: D/EGL_emulation(2822): eglMakeCurrent: 0x93e76580: ver 3 0 (tinfo 0x92c8b320)
12-12 13:15:18.271: I/zygote(19232): Do partial code cache collection, code=120KB, data=112KB
12-12 13:15:18.271: I/zygote(19232): After code cache collection, code=120KB, data=112KB
12-12 13:15:18.271: I/zygote(19232): Increasing code cache capacity to 512KB
12-12 13:15:18.277: E/SurfaceFlinger(1453): ro.sf.lcd_density must be defined as a build property
12-12 13:15:18.284: D/EGL_emulation(1453): eglMakeCurrent: 0xa9a20900: ver 3 0 (tinfo 0xa9a1b9e0)
12-12 13:15:18.350: I/chatty(1453): uid=1000(system) /system/bin/surfaceflinger identical 9 lines
12-12 13:15:18.357: D/EGL_emulation(1453): eglMakeCurrent: 0xa9a20900: ver 3 0 (tinfo 0xa9a1b9e0)
12-12 13:15:18.363: E/SurfaceFlinger(1453): ro.sf.lcd_density must be defined as a build property
12-12 13:15:18.366: D/EGL_emulation(1453): eglMakeCurrent: 0xa9a20900: ver 3 0 (tinfo 0xa9a1b9e0)
12-12 13:15:18.393: I/chatty(1453): uid=1000(system) /system/bin/surfaceflinger identical 3 lines
12-12 13:15:18.402: D/EGL_emulation(1453): eglMakeCurrent: 0xa9a20900: ver 3 0 (tinfo 0xa9a1b9e0)
12-12 13:15:18.414: I/ViewInteraction(19232): Performing 'close keyboard' action on view with id: com.freenow.android_demo:id/edt_password
12-12 13:15:18.416: D/EGL_emulation(1453): eglMakeCurrent: 0xa9a20900: ver 3 0 (tinfo 0xa9a1b9e0)
12-12 13:15:18.422: I/chatty(1453): uid=1000(system) /system/bin/surfaceflinger identical 2 lines
12-12 13:15:18.430: D/EGL_emulation(1453): eglMakeCurrent: 0xa9a20900: ver 3 0 (tinfo 0xa9a1b9e0)
12-12 13:15:18.439: D/EGL_emulation(2822): eglMakeCurrent: 0x93e76580: ver 3 0 (tinfo 0x92c8b320)
12-12 13:15:18.440: D/EGL_emulation(1453): eglMakeCurrent: 0xa9a20900: ver 3 0 (tinfo 0xa9a1b9e0)
12-12 13:15:18.441: D/EGL_emulation(1453): eglMakeCurrent: 0xa9a20900: ver 3 0 (tinfo 0xa9a1b9e0)
12-12 13:15:18.443: E/SurfaceFlinger(1453): ro.sf.lcd_density must be defined as a build property
12-12 13:15:18.455: D/EGL_emulation(1453): eglMakeCurrent: 0xa9a20900: ver 3 0 (tinfo 0xa9a1b9e0)
12-12 13:15:18.505: I/chatty(1453): uid=1000(system) /system/bin/surfaceflinger identical 8 lines
12-12 13:15:18.511: D/EGL_emulation(1453): eglMakeCurrent: 0xa9a20900: ver 3 0 (tinfo 0xa9a1b9e0)
12-12 13:15:18.515: E/SurfaceFlinger(1453): ro.sf.lcd_density must be defined as a build property
12-12 13:15:18.532: D/EGL_emulation(1453): eglMakeCurrent: 0xa9a20900: ver 3 0 (tinfo 0xa9a1b9e0)
12-12 13:15:18.557: I/chatty(1453): uid=1000(system) /system/bin/surfaceflinger identical 6 lines
12-12 13:15:18.566: D/EGL_emulation(1453): eglMakeCurrent: 0xa9a20900: ver 3 0 (tinfo 0xa9a1b9e0)
12-12 13:15:18.575: E/SurfaceFlinger(1453): ro.sf.lcd_density must be defined as a build property
12-12 13:15:18.578: D/EGL_emulation(1453): eglMakeCurrent: 0xa9a20900: ver 3 0 (tinfo 0xa9a1b9e0)
12-12 13:15:18.638: I/chatty(1453): uid=1000(system) /system/bin/surfaceflinger identical 10 lines
12-12 13:15:18.648: D/EGL_emulation(1453): eglMakeCurrent: 0xa9a20900: ver 3 0 (tinfo 0xa9a1b9e0)
12-12 13:15:18.651: E/SurfaceFlinger(1453): ro.sf.lcd_density must be defined as a build property
12-12 13:15:18.669: D/EGL_emulation(1453): eglMakeCurrent: 0xa9a20900: ver 3 0 (tinfo 0xa9a1b9e0)
12-12 13:15:18.696: I/chatty(1453): uid=1000(system) /system/bin/surfaceflinger identical 6 lines
12-12 13:15:18.710: D/EGL_emulation(1453): eglMakeCurrent: 0xa9a20900: ver 3 0 (tinfo 0xa9a1b9e0)
12-12 13:15:18.713: E/SurfaceFlinger(1453): ro.sf.lcd_density must be defined as a build property
12-12 13:15:18.729: I/ViewInteraction(19232): Performing 'single click' action on view with id: com.freenow.android_demo:id/btn_login
12-12 13:15:18.734: D/EGL_emulation(1453): eglMakeCurrent: 0xa9a20900: ver 3 0 (tinfo 0xa9a1b9e0)
12-12 13:15:18.778: I/chatty(1453): uid=1000(system) /system/bin/surfaceflinger identical 9 lines
12-12 13:15:18.781: D/EGL_emulation(1453): eglMakeCurrent: 0xa9a20900: ver 3 0 (tinfo 0xa9a1b9e0)
12-12 13:15:18.789: D/Test(19232): Fetching user
12-12 13:15:18.790: E/SurfaceFlinger(1453): ro.sf.lcd_density must be defined as a build property
12-12 13:15:18.800: W/audio_hw_generic(1432): Not supplying enough data to HAL, expected position 9015422 , only wrote 9015120
12-12 13:15:18.809: D/EGL_emulation(1453): eglMakeCurrent: 0xa9a20900: ver 3 0 (tinfo 0xa9a1b9e0)
12-12 13:15:18.824: D/Test(19232): Got this path: /?seed=a1f30d446f820665
12-12 13:15:18.824: D/Test(19232): Responded with User
12-12 13:15:18.825: D/EGL_emulation(1453): eglMakeCurrent: 0xa9a20900: ver 3 0 (tinfo 0xa9a1b9e0)
12-12 13:15:18.827: D/EGL_emulation(1453): eglMakeCurrent: 0xa9a20900: ver 3 0 (tinfo 0xa9a1b9e0)
12-12 13:15:18.832: I/MockWebServer(19232): Received request: GET /?seed=a1f30d446f820665 HTTP/1.1 and responded: HTTP/1.1 200 OK
12-12 13:15:18.839: D/EGL_emulation(1453): eglMakeCurrent: 0xa9a20900: ver 3 0 (tinfo 0xa9a1b9e0)
12-12 13:15:18.844: I/FRN(19232): Successful login with user: crazydog335
12-12 13:15:18.845: D/EGL_emulation(1453): eglMakeCurrent: 0xa9a20900: ver 3 0 (tinfo 0xa9a1b9e0)
12-12 13:15:18.854: I/chatty(1453): uid=1000(system) /system/bin/surfaceflinger identical 1 line
12-12 13:15:18.856: D/EGL_emulation(1453): eglMakeCurrent: 0xa9a20900: ver 3 0 (tinfo 0xa9a1b9e0)
12-12 13:15:18.859: D/LifecycleMonitor(19232): Lifecycle status change: com.freenow.android_demo.activities.AuthenticationActivity@1c22b60 in: PAUSED
12-12 13:15:18.860: D/LifecycleMonitor(19232): running callback: android.support.test.rule.ActivityTestRule$LifecycleCallback@68b016b
12-12 13:15:18.860: D/LifecycleMonitor(19232): callback completes: android.support.test.rule.ActivityTestRule$LifecycleCallback@68b016b
12-12 13:15:18.860: D/EGL_emulation(1453): eglMakeCurrent: 0xa9a20900: ver 3 0 (tinfo 0xa9a1b9e0)
12-12 13:15:18.868: D/EGL_emulation(1453): eglMakeCurrent: 0xa9a20900: ver 3 0 (tinfo 0xa9a1b9e0)
12-12 13:15:18.869: E/SurfaceFlinger(1453): ro.sf.lcd_density must be defined as a build property
12-12 13:15:18.888: D/EGL_emulation(1453): eglMakeCurrent: 0xa9a20900: ver 3 0 (tinfo 0xa9a1b9e0)
12-12 13:15:18.890: D/EGL_emulation(1453): eglMakeCurrent: 0xa9a20900: ver 3 0 (tinfo 0xa9a1b9e0)
12-12 13:15:18.893: D/LifecycleMonitor(19232): Lifecycle status change: com.freenow.android_demo.activities.MainActivity@2a6dcfa in: RESTARTED
12-12 13:15:18.893: D/LifecycleMonitor(19232): running callback: android.support.test.rule.ActivityTestRule$LifecycleCallback@68b016b
12-12 13:15:18.893: D/LifecycleMonitor(19232): callback completes: android.support.test.rule.ActivityTestRule$LifecycleCallback@68b016b
12-12 13:15:18.895: D/LifecycleMonitor(19232): Lifecycle status change: com.freenow.android_demo.activities.MainActivity@2a6dcfa in: STARTED
12-12 13:15:18.895: D/LifecycleMonitor(19232): running callback: android.support.test.rule.ActivityTestRule$LifecycleCallback@68b016b
12-12 13:15:18.895: D/LifecycleMonitor(19232): callback completes: android.support.test.rule.ActivityTestRule$LifecycleCallback@68b016b
12-12 13:15:18.897: D/LifecycleMonitor(19232): Lifecycle status change: com.freenow.android_demo.activities.MainActivity@2a6dcfa in: RESUMED
12-12 13:15:18.897: D/EGL_emulation(1453): eglMakeCurrent: 0xa9a20900: ver 3 0 (tinfo 0xa9a1b9e0)
12-12 13:15:18.897: D/LifecycleMonitor(19232): running callback: android.support.test.rule.ActivityTestRule$LifecycleCallback@68b016b
12-12 13:15:18.897: D/LifecycleMonitor(19232): callback completes: android.support.test.rule.ActivityTestRule$LifecycleCallback@68b016b
12-12 13:15:18.903: D/EGL_emulation(1453): eglMakeCurrent: 0xa9a20900: ver 3 0 (tinfo 0xa9a1b9e0)
12-12 13:15:18.941: I/chatty(1453): uid=1000(system) /system/bin/surfaceflinger identical 7 lines
12-12 13:15:18.947: D/EGL_emulation(1453): eglMakeCurrent: 0xa9a20900: ver 3 0 (tinfo 0xa9a1b9e0)
12-12 13:15:18.948: D/gralloc_ranchu(1440): gralloc_alloc: Creating ashmem region of size 14749696
12-12 13:15:18.968: E/SurfaceFlinger(1453): ro.sf.lcd_density must be defined as a build property
12-12 13:15:18.971: D/gralloc_ranchu(1440): gralloc_alloc: Creating ashmem region of size 14749696
12-12 13:15:19.002: D/gralloc_ranchu(1440): gralloc_alloc: Creating ashmem region of size 14749696
12-12 13:15:19.022: D/EGL_emulation(1453): eglMakeCurrent: 0xa9a20900: ver 3 0 (tinfo 0xa9a1b9e0)
12-12 13:15:19.024: D/EGL_emulation(1453): eglMakeCurrent: 0xa9a20900: ver 3 0 (tinfo 0xa9a1b9e0)
12-12 13:15:19.030: E/SurfaceFlinger(1453): ro.sf.lcd_density must be defined as a build property
12-12 13:15:19.035: D/EGL_emulation(1453): eglMakeCurrent: 0xa9a20900: ver 3 0 (tinfo 0xa9a1b9e0)
12-12 13:15:19.121: I/chatty(1453): uid=1000(system) /system/bin/surfaceflinger identical 10 lines
12-12 13:15:19.122: D/EGL_emulation(1453): eglMakeCurrent: 0xa9a20900: ver 3 0 (tinfo 0xa9a1b9e0)
12-12 13:15:19.127: E/SurfaceFlinger(1453): ro.sf.lcd_density must be defined as a build property
12-12 13:15:19.132: D/EGL_emulation(1453): eglMakeCurrent: 0xa9a20900: ver 3 0 (tinfo 0xa9a1b9e0)
12-12 13:15:19.146: D/(19232): HostConnection::get() New Host Connection established 0xa4b20940, tid 19304
12-12 13:15:19.151: D/EGL_emulation(19232): eglCreateContext: 0xa4b05c00: maj 1 min 0 rcv 1
12-12 13:15:19.155: D/EGL_emulation(1453): eglMakeCurrent: 0xa9a20900: ver 3 0 (tinfo 0xa9a1b9e0)
12-12 13:15:19.155: D/gralloc_ranchu(1440): gralloc_alloc: Creating ashmem region of size 13295616
12-12 13:15:19.205: D/EGL_emulation(19232): eglMakeCurrent: 0xa4b05c00: ver 1 0 (tinfo 0xa4b03590)
12-12 13:15:19.214: D/EGL_emulation(1453): eglMakeCurrent: 0xa9a20900: ver 3 0 (tinfo 0xa9a1b9e0)
12-12 13:15:19.215: D/EGL_emulation(1453): eglMakeCurrent: 0xa9a20900: ver 3 0 (tinfo 0xa9a1b9e0)
12-12 13:15:19.218: D/EGL_emulation(19232): eglMakeCurrent: 0xa470c1e0: ver 3 0 (tinfo 0xa21ffbe0)
12-12 13:15:19.222: D/EGL_emulation(1453): eglMakeCurrent: 0xa9a20900: ver 3 0 (tinfo 0xa9a1b9e0)
12-12 13:15:19.233: D/EGL_emulation(1453): eglMakeCurrent: 0xa9a20900: ver 3 0 (tinfo 0xa9a1b9e0)
12-12 13:15:19.238: E/SurfaceFlinger(1453): ro.sf.lcd_density must be defined as a build property
12-12 13:15:19.269: D/EGL_emulation(1453): eglMakeCurrent: 0xa9a20900: ver 3 0 (tinfo 0xa9a1b9e0)
12-12 13:15:19.272: D/EGL_emulation(1453): eglMakeCurrent: 0xa9a20900: ver 3 0 (tinfo 0xa9a1b9e0)
12-12 13:15:19.328: E/SurfaceFlinger(1453): ro.sf.lcd_density must be defined as a build property
12-12 13:15:19.346: D/EGL_emulation(19232): eglMakeCurrent: 0xa470c1e0: ver 3 0 (tinfo 0xa21ffbe0)
12-12 13:15:19.373: D/EGL_emulation(1453): eglMakeCurrent: 0xa9a20900: ver 3 0 (tinfo 0xa9a1b9e0)
12-12 13:15:19.417: I/chatty(1453): uid=1000(system) /system/bin/surfaceflinger identical 6 lines
12-12 13:15:19.419: D/EGL_emulation(1453): eglMakeCurrent: 0xa9a20900: ver 3 0 (tinfo 0xa9a1b9e0)
12-12 13:15:19.423: D/EGL_emulation(19232): eglMakeCurrent: 0xa470c1e0: ver 3 0 (tinfo 0xa21ffbe0)
12-12 13:15:19.425: D/EGL_emulation(1453): eglMakeCurrent: 0xa9a20900: ver 3 0 (tinfo 0xa9a1b9e0)
12-12 13:15:19.426: E/SurfaceFlinger(1453): ro.sf.lcd_density must be defined as a build property
12-12 13:15:19.438: D/EGL_emulation(19232): eglMakeCurrent: 0xa470c1e0: ver 3 0 (tinfo 0xa21ffbe0)
12-12 13:15:19.446: D/EGL_emulation(1453): eglMakeCurrent: 0xa9a20900: ver 3 0 (tinfo 0xa9a1b9e0)
12-12 13:15:19.459: I/chatty(1453): uid=1000(system) /system/bin/surfaceflinger identical 2 lines
12-12 13:15:19.467: D/EGL_emulation(1453): eglMakeCurrent: 0xa9a20900: ver 3 0 (tinfo 0xa9a1b9e0)
12-12 13:15:19.475: D/EGL_emulation(19232): eglMakeCurrent: 0xa470c1e0: ver 3 0 (tinfo 0xa21ffbe0)
12-12 13:15:19.478: D/EGL_emulation(1453): eglMakeCurrent: 0xa9a20900: ver 3 0 (tinfo 0xa9a1b9e0)
12-12 13:15:19.483: D/OpenGLRenderer(19232): endAllActiveAnimators on 0x912f7880 (RippleDrawable) with handle 0x91e7d0b0
12-12 13:15:19.497: D/gralloc_ranchu(1440): gralloc_alloc: Creating ashmem region of size 13295616
12-12 13:15:19.515: D/EGL_emulation(19232): eglMakeCurrent: 0xa470c1e0: ver 3 0 (tinfo 0xa21ffbe0)
12-12 13:15:19.523: D/EGL_emulation(1453): eglMakeCurrent: 0xa9a20900: ver 3 0 (tinfo 0xa9a1b9e0)
12-12 13:15:19.527: D/EGL_emulation(1453): eglMakeCurrent: 0xa9a20900: ver 3 0 (tinfo 0xa9a1b9e0)
12-12 13:15:19.528: D/gralloc_ranchu(1440): gralloc_alloc: Creating ashmem region of size 13295616
12-12 13:15:19.547: D/EGL_emulation(1453): eglMakeCurrent: 0xa9a20900: ver 3 0 (tinfo 0xa9a1b9e0)
12-12 13:15:19.549: E/SurfaceFlinger(1453): ro.sf.lcd_density must be defined as a build property
12-12 13:15:19.566: D/EGL_emulation(1453): eglMakeCurrent: 0xa9a20900: ver 3 0 (tinfo 0xa9a1b9e0)
12-12 13:15:19.607: I/chatty(1453): uid=1000(system) /system/bin/surfaceflinger identical 7 lines
12-12 13:15:19.620: D/EGL_emulation(1453): eglMakeCurrent: 0xa9a20900: ver 3 0 (tinfo 0xa9a1b9e0)
12-12 13:15:19.623: E/SurfaceFlinger(1453): ro.sf.lcd_density must be defined as a build property
12-12 13:15:19.640: D/EGL_emulation(1453): eglMakeCurrent: 0xa9a20900: ver 3 0 (tinfo 0xa9a1b9e0)
12-12 13:15:19.641: I/chatty(1453): uid=1000(system) /system/bin/surfaceflinger identical 1 line
12-12 13:15:19.645: D/EGL_emulation(1453): eglMakeCurrent: 0xa9a20900: ver 3 0 (tinfo 0xa9a1b9e0)
12-12 13:15:19.649: D/LifecycleMonitor(19232): Lifecycle status change: com.freenow.android_demo.activities.AuthenticationActivity@1c22b60 in: STOPPED
12-12 13:15:19.649: D/LifecycleMonitor(19232): running callback: android.support.test.rule.ActivityTestRule$LifecycleCallback@68b016b
12-12 13:15:19.650: D/LifecycleMonitor(19232): callback completes: android.support.test.rule.ActivityTestRule$LifecycleCallback@68b016b
12-12 13:15:19.650: D/LifecycleMonitor(19232): Lifecycle status change: com.freenow.android_demo.activities.AuthenticationActivity@1c22b60 in: DESTROYED
12-12 13:15:19.650: D/LifecycleMonitor(19232): running callback: android.support.test.rule.ActivityTestRule$LifecycleCallback@68b016b
12-12 13:15:19.650: D/LifecycleMonitor(19232): callback completes: android.support.test.rule.ActivityTestRule$LifecycleCallback@68b016b
12-12 13:15:19.655: D/EGL_emulation(1453): eglMakeCurrent: 0xa9a20900: ver 3 0 (tinfo 0xa9a1b9e0)
12-12 13:15:19.694: I/chatty(1453): uid=1000(system) /system/bin/surfaceflinger identical 6 lines
12-12 13:15:19.696: D/EGL_emulation(1453): eglMakeCurrent: 0xa9a20900: ver 3 0 (tinfo 0xa9a1b9e0)
12-12 13:15:19.698: E/SurfaceFlinger(1453): ro.sf.lcd_density must be defined as a build property
12-12 13:15:19.717: D/EGL_emulation(1453): eglMakeCurrent: 0xa9a20900: ver 3 0 (tinfo 0xa9a1b9e0)
12-12 13:15:19.730: I/chatty(1453): uid=1000(system) /system/bin/surfaceflinger identical 1 line
12-12 13:15:19.731: D/EGL_emulation(1453): eglMakeCurrent: 0xa9a20900: ver 3 0 (tinfo 0xa9a1b9e0)
12-12 13:15:19.741: I/ViewInteraction(19232): Checking 'MatchesViewAssertion{viewMatcher=is displayed on the screen to the user}' assertion on view with id: com.freenow.android_demo:id/textSearch
12-12 13:15:19.747: D/LifecycleMonitor(19232): Lifecycle status change: com.freenow.android_demo.activities.MainActivity@2a6dcfa in: PAUSED
12-12 13:15:19.747: D/LifecycleMonitor(19232): running callback: android.support.test.rule.ActivityTestRule$LifecycleCallback@68b016b
12-12 13:15:19.747: D/LifecycleMonitor(19232): callback completes: android.support.test.rule.ActivityTestRule$LifecycleCallback@68b016b
12-12 13:15:19.764: D/gralloc_ranchu(1440): gralloc_alloc: Creating ashmem region of size 14749696
12-12 13:15:19.780: I/TestRunner(19232): finished: login2(com.freenow.android_demo.tests.LoginTest)
