12-12 13:15:34.394: I/OpenGLRenderer(20019): Initialized EGL, version 1.4
12-12 13:15:34.395: D/OpenGLRenderer(20019): Swap behavior 1
12-12 13:15:34.395: W/OpenGLRenderer(20019): Failed to choose config with EGL_SWAP_BEHAVIOR_PRESERVED, retrying without...
12-12 13:15:34.395: D/OpenGLRenderer(20019): Swap behavior 0
12-12 13:15:34.418: D/EGL_emulation(20019): eglCreateContext: 0xa4b06020: maj 3 min 0 rcv 3
12-12 13:15:34.419: D/EGL_emulation(20019): eglMakeCurrent: 0xa4b06020: ver 3 0 (tinfo 0xa4b03640)
12-12 13:15:34.422: D/gralloc_ranchu(1440): gralloc_alloc: Creating ashmem region of size 14749696
12-12 13:15:34.464: D/EGL_emulation(1453): eglMakeCurrent: 0xa9a20900: ver 3 0 (tinfo 0xa9a1b9e0)
12-12 13:15:34.484: I/chatty(1453): uid=1000(system) /system/bin/surfaceflinger identical 1 line
12-12 13:15:34.492: D/EGL_emulation(1453): eglMakeCurrent: 0xa9a20900: ver 3 0 (tinfo 0xa9a1b9e0)
12-12 13:15:34.517: E/SurfaceFlinger(1453): ro.sf.lcd_density must be defined as a build property
12-12 13:15:34.521: D/EGL_emulation(1453): eglMakeCurrent: 0xa9a20900: ver 3 0 (tinfo 0xa9a1b9e0)
12-12 13:15:34.640: I/chatty(1453): uid=1000(system) /system/bin/surfaceflinger identical 13 lines
12-12 13:15:34.642: D/EGL_emulation(1453): eglMakeCurrent: 0xa9a20900: ver 3 0 (tinfo 0xa9a1b9e0)
12-12 13:15:34.650: E/SurfaceFlinger(1453): ro.sf.lcd_density must be defined as a build property
12-12 13:15:34.745: I/chatty(1453): uid=1000(system) Binder:1453_5 identical 1 line
12-12 13:15:34.783: E/SurfaceFlinger(1453): ro.sf.lcd_density must be defined as a build property
12-12 13:15:34.857: I/Choreographer(20019): Skipped 32 frames!  The application may be doing too much work on its main thread.
12-12 13:15:34.865: D/EGL_emulation(20019): eglMakeCurrent: 0xa4b06020: ver 3 0 (tinfo 0xa4b03640)
12-12 13:15:34.865: E/SurfaceFlinger(1453): ro.sf.lcd_density must be defined as a build property
12-12 13:15:34.894: D/EGL_emulation(1453): eglMakeCurrent: 0xa9a20900: ver 3 0 (tinfo 0xa9a1b9e0)
12-12 13:15:34.913: D/EGL_emulation(1453): eglMakeCurrent: 0xa9a20900: ver 3 0 (tinfo 0xa9a1b9e0)
12-12 13:15:34.918: E/SurfaceFlinger(1453): ro.sf.lcd_density must be defined as a build property
12-12 13:15:34.926: E/SurfaceFlinger(1453): ro.sf.lcd_density must be defined as a build property
12-12 13:15:34.919: I/zygote(20019): Do partial code cache collection, code=53KB, data=57KB
12-12 13:15:34.926: E/SurfaceFlinger(1453): ro.sf.lcd_density must be defined as a build property
12-12 13:15:34.928: I/zygote(20019): After code cache collection, code=53KB, data=57KB
12-12 13:15:34.928: I/zygote(20019): Increasing code cache capacity to 256KB
12-12 13:15:34.929: I/zygote(20019): Do full code cache collection, code=53KB, data=74KB
12-12 13:15:34.929: I/zygote(20019): After code cache collection, code=0B, data=22KB
12-12 13:15:34.938: D/EGL_emulation(1453): eglMakeCurrent: 0xa9a20900: ver 3 0 (tinfo 0xa9a1b9e0)
12-12 13:15:35.005: I/chatty(1453): uid=1000(system) /system/bin/surfaceflinger identical 6 lines
12-12 13:15:35.009: D/EGL_emulation(1453): eglMakeCurrent: 0xa9a20900: ver 3 0 (tinfo 0xa9a1b9e0)
12-12 13:15:35.018: W/DynamiteModule(20019): Local module descriptor class for com.google.android.gms.googlecertificates not found.
12-12 13:15:35.033: I/DynamiteModule(20019): Considering local module com.google.android.gms.googlecertificates:0 and remote module com.google.android.gms.googlecertificates:4
12-12 13:15:35.033: I/DynamiteModule(20019): Selected remote version of com.google.android.gms.googlecertificates, version >= 4
12-12 13:15:35.051: E/SurfaceFlinger(1453): ro.sf.lcd_density must be defined as a build property
12-12 13:15:35.066: E/SurfaceFlinger(1453): ro.sf.lcd_density must be defined as a build property
12-12 13:15:35.099: I/ActivityManager(2044): Displayed com.freenow.android_demo/.activities.AuthenticationActivity: +1s175ms (total +4s213ms)
12-12 13:15:35.119: W/zygote(20019): Skipping duplicate class check due to unrecognized classloader
12-12 13:15:35.153: D/EGL_emulation(1453): eglMakeCurrent: 0xa9a20900: ver 3 0 (tinfo 0xa9a1b9e0)
12-12 13:15:35.183: D/EGL_emulation(1453): eglMakeCurrent: 0xa9a20900: ver 3 0 (tinfo 0xa9a1b9e0)
12-12 13:15:35.189: W/View(20019): dispatchProvideAutofillStructure(): not laid out, ignoring
12-12 13:15:35.199: W/Binder(2044): Outgoing transactions from this process must be FLAG_ONEWAY
12-12 13:15:35.199: W/Binder(2044): java.lang.Throwable
12-12 13:15:35.199: W/Binder(2044): 	at android.os.BinderProxy.transact(Binder.java:736)
12-12 13:15:35.199: W/Binder(2044): 	at android.app.assist.AssistStructure$ParcelTransferReader.fetchData(AssistStructure.java:407)
12-12 13:15:35.199: W/Binder(2044): 	at android.app.assist.AssistStructure$ParcelTransferReader.go(AssistStructure.java:343)
12-12 13:15:35.199: W/Binder(2044): 	at android.app.assist.AssistStructure.ensureData(AssistStructure.java:2106)
12-12 13:15:35.199: W/Binder(2044): 	at com.android.server.autofill.Session$1.send(Session.java:200)
12-12 13:15:35.199: W/Binder(2044): 	at com.android.server.am.ActivityManagerService.reportAssistContextExtras(ActivityManagerService.java:13139)
12-12 13:15:35.199: W/Binder(2044): 	at android.app.IActivityManager$Stub.onTransact(IActivityManager.java:2466)
12-12 13:15:35.199: W/Binder(2044): 	at com.android.server.am.ActivityManagerService.onTransact(ActivityManagerService.java:2935)
12-12 13:15:35.199: W/Binder(2044): 	at android.os.Binder.execTransact(Binder.java:674)
12-12 13:15:35.202: D/EGL_emulation(1453): eglMakeCurrent: 0xa9a20900: ver 3 0 (tinfo 0xa9a1b9e0)
12-12 13:15:35.202: I/AssistStructure(20019): Flattened final assist data: 2428 bytes, containing 1 windows, 9 views
12-12 13:15:35.213: D/EGL_emulation(1453): eglMakeCurrent: 0xa9a20900: ver 3 0 (tinfo 0xa9a1b9e0)
12-12 13:15:35.217: I/AssistStructure(2044): Flattened final assist data: 2228 bytes, containing 1 windows, 9 views
12-12 13:15:35.220: D/EGL_emulation(1453): eglMakeCurrent: 0xa9a20900: ver 3 0 (tinfo 0xa9a1b9e0)
12-12 13:15:35.231: I/chatty(1453): uid=1000(system) /system/bin/surfaceflinger identical 1 line
12-12 13:15:35.234: D/EGL_emulation(1453): eglMakeCurrent: 0xa9a20900: ver 3 0 (tinfo 0xa9a1b9e0)
12-12 13:15:35.237: E/SurfaceFlinger(1453): ro.sf.lcd_density must be defined as a build property
12-12 13:15:35.258: D/LifecycleMonitor(20019): Lifecycle status change: com.freenow.android_demo.activities.MainActivity@2a6dcfa in: STOPPED
12-12 13:15:35.258: D/LifecycleMonitor(20019): running callback: android.support.test.rule.ActivityTestRule$LifecycleCallback@add1a3f
12-12 13:15:35.258: D/LifecycleMonitor(20019): callback completes: android.support.test.rule.ActivityTestRule$LifecycleCallback@add1a3f
12-12 13:15:35.263: D/EGL_emulation(1453): eglMakeCurrent: 0xa9a20900: ver 3 0 (tinfo 0xa9a1b9e0)
12-12 13:15:35.265: I/chatty(1453): uid=1000(system) /system/bin/surfaceflinger identical 1 line
12-12 13:15:35.268: D/EGL_emulation(1453): eglMakeCurrent: 0xa9a20900: ver 3 0 (tinfo 0xa9a1b9e0)
12-12 13:15:35.273: W/SurfaceFlinger(1453): couldn't log to binary event log: overflow.
12-12 13:15:35.276: D/EGL_emulation(1453): eglMakeCurrent: 0xa9a20900: ver 3 0 (tinfo 0xa9a1b9e0)
12-12 13:15:35.285: D/LifecycleMonitor(20019): Lifecycle status change: com.freenow.android_demo.activities.MainActivity@2a6dcfa in: DESTROYED
12-12 13:15:35.285: D/LifecycleMonitor(20019): running callback: android.support.test.rule.ActivityTestRule$LifecycleCallback@add1a3f
12-12 13:15:35.285: D/LifecycleMonitor(20019): callback completes: android.support.test.rule.ActivityTestRule$LifecycleCallback@add1a3f
12-12 13:15:35.287: I/ActivityManager(2044): Activity reported stop, but no longer stopping: ActivityRecord{bb7ae8c u0 com.freenow.android_demo/.activities.MainActivity t89 f}
12-12 13:15:35.288: E/SurfaceFlinger(1453): ro.sf.lcd_density must be defined as a build property
12-12 13:15:35.288: D/EGL_emulation(1453): eglMakeCurrent: 0xa9a20900: ver 3 0 (tinfo 0xa9a1b9e0)
12-12 13:15:35.313: D/EGL_emulation(1453): eglMakeCurrent: 0xa9a20900: ver 3 0 (tinfo 0xa9a1b9e0)
12-12 13:15:35.318: I/TestRunner(20019): failed: loginFlaky1(com.freenow.android_demo.tests.LoginTest)
12-12 13:15:35.318: I/TestRunner(20019): ----- begin exception -----
12-12 13:15:35.319: D/EGL_emulation(1453): eglMakeCurrent: 0xa9a20900: ver 3 0 (tinfo 0xa9a1b9e0)
12-12 13:15:35.325: D/EGL_emulation(1453): eglMakeCurrent: 0xa9a20900: ver 3 0 (tinfo 0xa9a1b9e0)
12-12 13:15:35.329: I/TestRunner(20019): java.lang.AssertionError: expected:<1> but was:<0>
12-12 13:15:35.329: I/TestRunner(20019): 	at org.junit.Assert.fail(Assert.java:88)
12-12 13:15:35.329: I/TestRunner(20019): 	at org.junit.Assert.failNotEquals(Assert.java:834)
12-12 13:15:35.329: I/TestRunner(20019): 	at org.junit.Assert.assertEquals(Assert.java:118)
12-12 13:15:35.329: I/TestRunner(20019): 	at org.junit.Assert.assertEquals(Assert.java:144)
12-12 13:15:35.329: I/TestRunner(20019): 	at com.freenow.android_demo.tests.LoginTest.loginFlaky1(LoginTest.kt:60)
12-12 13:15:35.329: I/TestRunner(20019): 	at java.lang.reflect.Method.invoke(Native Method)
12-12 13:15:35.329: I/TestRunner(20019): 	at org.junit.runners.model.FrameworkMethod$1.runReflectiveCall(FrameworkMethod.java:50)
12-12 13:15:35.329: I/TestRunner(20019): 	at org.junit.internal.runners.model.ReflectiveCallable.run(ReflectiveCallable.java:12)
12-12 13:15:35.329: I/TestRunner(20019): 	at org.junit.runners.model.FrameworkMethod.invokeExplosively(FrameworkMethod.java:47)
12-12 13:15:35.329: I/TestRunner(20019): 	at org.junit.internal.runners.statements.InvokeMethod.evaluate(InvokeMethod.java:17)
12-12 13:15:35.329: I/TestRunner(20019): 	at android.support.test.internal.runner.junit4.statement.RunBefores.evaluate(RunBefores.java:80)
12-12 13:15:35.329: I/TestRunner(20019): 	at android.support.test.internal.runner.junit4.statement.RunAfters.evaluate(RunAfters.java:61)
12-12 13:15:35.329: I/TestRunner(20019): 	at android.support.test.rule.ActivityTestRule$ActivityStatement.evaluate(ActivityTestRule.java:527)
12-12 13:15:35.329: I/TestRunner(20019): 	at com.freenow.android_demo.utils.ClearPreferencesRule$apply$1.evaluate(ClearPreferencesRule.kt:41)
12-12 13:15:35.329: I/TestRunner(20019): 	at android.support.test.rule.GrantPermissionRule$RequestPermissionStatement.evaluate(GrantPermissionRule.java:129)
12-12 13:15:35.329: I/TestRunner(20019): 	at org.junit.rules.RunRules.evaluate(RunRules.java:20)
12-12 13:15:35.329: I/TestRunner(20019): 	at org.junit.runners.ParentRunner.runLeaf(ParentRunner.java:325)
12-12 13:15:35.329: I/TestRunner(20019): 	at org.junit.runners.BlockJUnit4ClassRunner.runChild(BlockJUnit4ClassRunner.java:78)
12-12 13:15:35.329: I/TestRunner(20019): 	at org.junit.runners.BlockJUnit4ClassRunner.runChild(BlockJUnit4ClassRunner.java:57)
12-12 13:15:35.329: I/TestRunner(20019): 	at org.junit.runners.ParentRunner$3.run(ParentRunner.java:290)
12-12 13:15:35.329: I/TestRunner(20019): 	at org.junit.runners.ParentRunner$1.schedule(ParentRunner.java:71)
12-12 13:15:35.329: I/TestRunner(20019): 	at org.junit.runners.ParentRunner.runChildren(ParentRunner.java:288)
12-12 13:15:35.329: I/TestRunner(20019): 	at org.junit.runners.ParentRunner.access$000(ParentRunner.java:58)
12-12 13:15:35.329: I/TestRunner(20019): 	at org.junit.runners.ParentRunner$2.evaluate(ParentRunner.java:268)
12-12 13:15:35.329: I/TestRunner(20019): 	at org.junit.runners.ParentRunner.run(ParentRunner.java:363)
12-12 13:15:35.329: I/TestRunner(20019): 	at android.support.test.runner.AndroidJUnit4.run(AndroidJUnit4.java:101)
12-12 13:15:35.329: I/TestRunner(20019): 	at org.junit.runners.Suite.runChild(Suite.java:128)
12-12 13:15:35.329: I/TestRunner(20019): 	at org.junit.runners.Suite.runChild(Suite.java:27)
12-12 13:15:35.329: I/TestRunner(20019): 	at org.junit.runners.ParentRunner$3.run(ParentRunner.java:290)
12-12 13:15:35.329: I/TestRunner(20019): 	at org.junit.runners.ParentRunner$1.schedule(ParentRunner.java:71)
12-12 13:15:35.329: I/TestRunner(20019): 	at org.junit.runners.ParentRunner.runChildren(ParentRunner.java:288)
12-12 13:15:35.329: I/TestRunner(20019): 	at org.junit.runners.ParentRunner.access$000(ParentRunner.java:58)
12-12 13:15:35.329: I/TestRunner(20019): 	at org.junit.runners.ParentRunner$2.evaluate(ParentRunner.java:268)
12-12 13:15:35.329: I/TestRunner(20019): 	at org.junit.runners.ParentRunner.run(ParentRunner.java:363)
12-12 13:15:35.329: I/TestRunner(20019): 	at org.junit.runner.JUnitCore.run(JUnitCore.java:137)
12-12 13:15:35.329: I/TestRunner(20019): 	at org.junit.runner.JUnitCore.run(JUnitCore.java:115)
12-12 13:15:35.329: I/TestRunner(20019): 	at android.support.test.internal.runner.TestExecutor.execute(TestExecutor.java:56)
12-12 13:15:35.329: I/TestRunner(20019): 	at android.support.test.runner.AndroidJUnitRunner.onStart(AndroidJUnitRunner.java:384)
12-12 13:15:35.329: I/TestRunner(20019): 	at android.app.Instrumentation$InstrumentationThread.run(Instrumentation.java:2074)
12-12 13:15:35.329: I/TestRunner(20019): ----- end exception -----
12-12 13:15:35.340: D/EGL_emulation(1453): eglMakeCurrent: 0xa9a20900: ver 3 0 (tinfo 0xa9a1b9e0)
12-12 13:15:35.341: I/TestRunner(20019): finished: loginFlaky1(com.freenow.android_demo.tests.LoginTest)
