12-12 13:15:25.643: I/TestRunner(5649): started: loginFlaky0(com.freenow.android_demo.tests.LoginTest)
12-12 13:15:25.651: I/MonitoringInstr(5649): Activities that are still in CREATED to STOPPED: 0
12-12 13:15:25.653: I/GrantPermissionCallable(5649): Permission: android.permission.ACCESS_FINE_LOCATION is already granted!
12-12 13:15:25.672: W/ActivityTestRule(5649): getActivityIntent() returned null using default: Intent(Intent.ACTION_MAIN)
12-12 13:15:25.677: I/ActivityManager(2008): START u0 {act=android.intent.action.MAIN flg=0x14000000 cmp=com.freenow.android_demo/.activities.MainActivity} from uid 10103
12-12 13:15:25.702: W/ActivityThread(5649): handleWindowVisibility: no activity for token android.os.BinderProxy@d61ea14
12-12 13:15:25.740: E/memtrack(2008): Couldn't load memtrack module
12-12 13:15:25.740: W/android.os.Debug(2008): failed to get memory consumption info: -1
12-12 13:15:25.748: D/gralloc_ranchu(1649): gralloc_alloc: Creating ashmem region of size 16592896
12-12 13:15:25.762: E/memtrack(2008): Couldn't load memtrack module
12-12 13:15:25.762: W/android.os.Debug(2008): failed to get memory consumption info: -1
12-12 13:15:25.785: D/LifecycleMonitor(5649): Lifecycle status change: com.freenow.android_demo.activities.MainActivity@e95803 in: PRE_ON_CREATE
12-12 13:15:25.787: D/(2008): HostConnection::get() New Host Connection established 0xd097c200, tid 2078
12-12 13:15:25.866: E/SurfaceFlinger(1823): ro.sf.lcd_density must be defined as a build property
12-12 13:15:25.879: I/OMXClient(5673): IOmx service obtained
12-12 13:15:25.883: I/OMXMaster(1838): makeComponentInstance(OMX.google.h264.encoder) in omx@1.0-service process
12-12 13:15:25.890: W/OMXUtils(5673): do not know color format 0x7f000789 = 2130708361
12-12 13:15:25.895: I/ACodec(5673): setupAVCEncoderParameters with [profile: Baseline] [level: Level41]
12-12 13:15:25.897: W/ow.android_dem(5649): Accessing hidden method Landroid/view/View;->computeFitSystemWindows(Landroid/graphics/Rect;Landroid/graphics/Rect;)Z (light greylist, reflection)
12-12 13:15:25.897: I/ACodec(5673): [OMX.google.h264.encoder] cannot encode color aspects. Ignoring.
12-12 13:15:25.898: W/ow.android_dem(5649): Accessing hidden method Landroid/view/ViewGroup;->makeOptionalFitsSystemWindows()V (light greylist, reflection)
12-12 13:15:25.898: I/ACodec(5673): [OMX.google.h264.encoder] cannot encode HDR static metadata. Ignoring.
12-12 13:15:25.898: I/ACodec(5673): setupVideoEncoder succeeded
12-12 13:15:25.899: W/OMXUtils(5673): do not know color format 0x7f000789 = 2130708361
12-12 13:15:25.900: E/OMXNodeInstance(1838): getConfig(0xe8e2c540:google.h264.encoder, ConfigLatency(0x6f800005)) ERROR: Undefined(0x80001001)
12-12 13:15:25.900: E/OMXNodeInstance(1838): getConfig(0xe8e2c540:google.h264.encoder, ConfigAndroidVendorExtension(0x6f100004)) ERROR: Undefined(0x80001001)
12-12 13:15:25.904: D/GraphicBufferSource(1838): setting dataspace: 0x104, acquired=0
12-12 13:15:25.907: D/GraphicBufferSource(1838): requesting color aspects (R:2(Limited), P:1(BT709_5), M:1(BT709_5), T:3(SMPTE170M))
12-12 13:15:25.913: W/AshmemAllocator(1637): ashmem_create_region(12) returning hidl_memory(0xf459c180, 12)
12-12 13:15:25.927: W/AshmemAllocator(1637): ashmem_create_region(12) returning hidl_memory(0xf459c180, 12)
12-12 13:15:25.931: W/AshmemAllocator(1637): ashmem_create_region(3110400) returning hidl_memory(0xf459c180, 3110400)
12-12 13:15:25.934: W/AshmemAllocator(1637): ashmem_create_region(3110400) returning hidl_memory(0xf459c180, 3110400)
12-12 13:15:25.939: D/SoftAVCEnc(1838): Params width 1440 height 2880 level 50 colorFormat 0
12-12 13:15:25.940: E/SoftAVCEnc(1838): Fill memory records failed = 0x192
12-12 13:15:25.940: E/SoftAVCEnc(1838): Failed to initialize encoder
12-12 13:15:25.940: D/SoftAVCEnc(1838): Params width 1440 height 2880 level 50 colorFormat 0
12-12 13:15:25.940: E/SoftAVCEnc(1838): Fill memory records failed = 0x192
12-12 13:15:25.940: E/SoftAVCEnc(1838): Failed to initialize encoder
12-12 13:15:25.940: E/ACodec(5673): [OMX.google.h264.encoder] ERROR(0x80001001)
12-12 13:15:25.940: E/ACodec(5673): signalError(omxError 0x80001001, internalError -2147483648)
12-12 13:15:25.940: E/ACodec(5673): [OMX.google.h264.encoder] ERROR(0x80001001)
12-12 13:15:25.940: E/ACodec(5673): signalError(omxError 0x80001001, internalError -2147483648)
12-12 13:15:25.940: E/ACodec(5673): [OMX.google.h264.encoder] ERROR(0x80001001)
12-12 13:15:25.940: E/ACodec(5673): signalError(omxError 0x80001001, internalError -2147483648)
12-12 13:15:25.940: E/ACodec(5673): [OMX.google.h264.encoder] ERROR(0x80001001)
12-12 13:15:25.940: E/ACodec(5673): signalError(omxError 0x80001001, internalError -2147483648)
12-12 13:15:25.941: E/MediaCodec(5673): Codec reported err 0x80001001, actionCode 0, while in state 6
12-12 13:15:25.940: W/Binder:1823_2(1823): type=1400 audit(0.0:122): avc: denied { call } for scontext=u:r:surfaceflinger:s0 tcontext=u:r:mediacodec:s0 tclass=binder permissive=0 b/77924251
12-12 13:15:25.952: E/MediaCodec(5673): Codec reported err 0x80001001, actionCode 0, while in state 0
12-12 13:15:25.952: I/chatty(5673): uid=2000(shell) screenrecord_lo identical 1 line
12-12 13:15:25.952: E/MediaCodec(5673): Codec reported err 0x80001001, actionCode 0, while in state 0
12-12 13:15:25.959: E/(1823): HpInterface: Wrong interface type.
12-12 13:15:25.967: W/audio_hw_generic(1639): Not supplying enough data to HAL, expected position 12268307 , only wrote 12186720
12-12 13:15:25.978: E/HWComposer(1823): getHdrCapabilities failed for display -1: Invalid display
12-12 13:15:25.982: W/GraphicBufferSource(1838): released unpopulated slots: [0, 1, 2, 3, 4, 5, 6, 7, 8, 9, 10, 11, 12, 13, 14, 15, 16, 17, 18, 19, 20, 21, 22, 23, 24, 25, 26, 27, 28, 29, 30, 31, 32, 33, 34, 35, 36, 37, 38, 39, 40, 41, 42, 43, 44, 45, 46, 47, 48, 49, 50, 51, 52, 53, 54, 55, 56, 57, 58, 59, 60, 61, 62, 63]
12-12 13:15:25.984: D/gralloc_ranchu(1649): gralloc_alloc: Creating ashmem region of size 16592896
12-12 13:15:26.015: D/(5673): HostConnection::get() New Host Connection established 0xe4e9f1c0, tid 5677
12-12 13:15:26.020: D/gralloc_ranchu(5673): gralloc_unregister_buffer: exiting HostConnection (is buffer-handling thread)
12-12 13:15:26.023: D/(5673): HostConnection::get() New Host Connection established 0xe4e9f1c0, tid 5677
12-12 13:15:26.024: D/gralloc_ranchu(5673): gralloc_unregister_buffer: exiting HostConnection (is buffer-handling thread)
12-12 13:15:26.027: E/HWComposer(1823): getSupportedPerFrameMetadata failed for display -1: Invalid display
12-12 13:15:26.029: D/EGL_emulation(1823): eglMakeCurrent: 0xeaf20a80: ver 3 0 (tinfo 0xeaf1c310)
12-12 13:15:26.031: E/MediaMuxer(5673): stop() is called in invalid state 1
12-12 13:15:26.039: D/(1838): HostConnection::get() New Host Connection established 0xe7e1d780, tid 2268
12-12 13:15:26.040: D/gralloc_ranchu(1838): gralloc_unregister_buffer: exiting HostConnection (is buffer-handling thread)
12-12 13:15:26.045: D/(1838): HostConnection::get() New Host Connection established 0xe7e1d780, tid 2268
12-12 13:15:26.046: D/gralloc_ranchu(1838): gralloc_unregister_buffer: exiting HostConnection (is buffer-handling thread)
12-12 13:15:26.046: E/BufferQueueProducer(1838): [GraphicBufferSource] queueBuffer: BufferQueue has been abandoned
12-12 13:15:26.048: D/ScreenRecord(5673): failed
12-12 13:15:26.049: E/Surface(1823): queueBuffer: error queuing buffer to SurfaceTexture, -19
12-12 13:15:26.052: I/zzbz(5649): Making Creator dynamically
12-12 13:15:26.055: E/EGL_emulation(1823): tid 1823: swapBuffers(552): error 0x300d (EGL_BAD_SURFACE)
12-12 13:15:26.055: E/SurfaceFlinger(1823): eglSwapBuffers(0x1, 0xe2dca7c0) failed with 0x0000300d
12-12 13:15:26.056: D/EGL_emulation(1823): eglMakeCurrent: 0xeaf20a80: ver 3 0 (tinfo 0xeaf1c310)
12-12 13:15:26.070: D/EGL_emulation(1823): eglMakeCurrent: 0xeaf20a80: ver 3 0 (tinfo 0xeaf1c310)
12-12 13:15:26.071: E/HWComposer(1823): getLayerReleaseFence failed for display -1: Invalid display
12-12 13:15:26.071: I/chatty(1823): uid=1000(system) /system/bin/surfaceflinger identical 3 lines
12-12 13:15:26.071: E/HWComposer(1823): getLayerReleaseFence failed for display -1: Invalid display
12-12 13:15:26.073: D/EGL_emulation(1823): eglMakeCurrent: 0xeaf20a80: ver 3 0 (tinfo 0xeaf1c310)
12-12 13:15:26.076: W/libEGL(1823): EGLNativeWindowType 0xe2e8b808 disconnect failed
12-12 13:15:26.080: W/ow.android_dem(5649): Unsupported class loader
12-12 13:15:26.091: I/DynamiteModule(5649): Considering local module com.google.android.gms.maps_dynamite:0 and remote module com.google.android.gms.maps_dynamite:221
12-12 13:15:26.091: I/DynamiteModule(5649): Selected remote version of com.google.android.gms.maps_dynamite, version >= 221
12-12 13:15:26.120: I/GnssLocationProvider(2008): WakeLock acquired by sendMessage(REPORT_SV_STATUS, 0, com.android.server.location.GnssLocationProvider$SvStatusInfo@4a8273b)
12-12 13:15:26.120: I/GnssLocationProvider(2008): WakeLock released by handleMessage(REPORT_SV_STATUS, 0, com.android.server.location.GnssLocationProvider$SvStatusInfo@4a8273b)
12-12 13:15:26.130: W/ow.android_dem(5649): Unsupported class loader
12-12 13:15:26.138: W/ow.android_dem(5649): Skipping duplicate class check due to unsupported classloader
12-12 13:15:26.150: D/gralloc_ranchu(1866): gralloc_unregister_buffer: exiting HostConnection (is buffer-handling thread)
12-12 13:15:26.153: D/(1866): HostConnection::get() New Host Connection established 0xf17bc1c0, tid 3226
12-12 13:15:26.154: D/gralloc_ranchu(1866): gralloc_unregister_buffer: exiting HostConnection (is buffer-handling thread)
12-12 13:15:26.154: D/EGL_emulation(3353): eglMakeCurrent: 0xeb406260: ver 3 0 (tinfo 0xeb403d00)
12-12 13:15:26.154: D/EGL_emulation(3385): eglMakeCurrent: 0xd8372c00: ver 3 0 (tinfo 0xd7d1d030)
12-12 13:15:26.155: D/(1866): HostConnection::get() New Host Connection established 0xf17bc1c0, tid 3226
12-12 13:15:26.155: D/gralloc_ranchu(1866): gralloc_unregister_buffer: exiting HostConnection (is buffer-handling thread)
12-12 13:15:26.156: D/(1866): HostConnection::get() New Host Connection established 0xf17bc1c0, tid 3226
12-12 13:15:26.156: D/gralloc_ranchu(1866): gralloc_unregister_buffer: exiting HostConnection (is buffer-handling thread)
12-12 13:15:26.158: D/(1866): HostConnection::get() New Host Connection established 0xf17bc1c0, tid 3226
12-12 13:15:26.158: D/gralloc_ranchu(1866): gralloc_unregister_buffer: exiting HostConnection (is buffer-handling thread)
12-12 13:15:26.159: D/(1866): HostConnection::get() New Host Connection established 0xf17bc1c0, tid 3226
12-12 13:15:26.159: D/EGL_emulation(2213): eglMakeCurrent: 0xeb4059c0: ver 3 0 (tinfo 0xeb403a50)
12-12 13:15:26.159: D/(1823): HostConnection::get() New Host Connection established 0xe2e6aa40, tid 2106
12-12 13:15:26.159: D/gralloc_ranchu(1866): gralloc_unregister_buffer: exiting HostConnection (is buffer-handling thread)
12-12 13:15:26.160: D/gralloc_ranchu(1823): gralloc_unregister_buffer: exiting HostConnection (is buffer-handling thread)
12-12 13:15:26.160: D/(1866): HostConnection::get() New Host Connection established 0xf17bc1c0, tid 3226
12-12 13:15:26.160: D/(1823): HostConnection::get() New Host Connection established 0xe2e6aa40, tid 2106
12-12 13:15:26.161: D/gralloc_ranchu(1866): gralloc_unregister_buffer: exiting HostConnection (is buffer-handling thread)
12-12 13:15:26.161: D/gralloc_ranchu(1823): gralloc_unregister_buffer: exiting HostConnection (is buffer-handling thread)
12-12 13:15:26.161: D/(1866): HostConnection::get() New Host Connection established 0xf17bc1c0, tid 3226
12-12 13:15:26.161: D/gralloc_ranchu(1866): gralloc_unregister_buffer: exiting HostConnection (is buffer-handling thread)
12-12 13:15:26.161: D/(1823): HostConnection::get() New Host Connection established 0xe2e6aa40, tid 2106
12-12 13:15:26.163: D/gralloc_ranchu(1823): gralloc_unregister_buffer: exiting HostConnection (is buffer-handling thread)
12-12 13:15:26.164: D/(1823): HostConnection::get() New Host Connection established 0xe2e6aa40, tid 2106
12-12 13:15:26.166: D/gralloc_ranchu(1823): gralloc_unregister_buffer: exiting HostConnection (is buffer-handling thread)
12-12 13:15:26.175: D/(1866): HostConnection::get() New Host Connection established 0xf17bc240, tid 3226
12-12 13:15:26.200: I/Google Maps Android API(5649): Google Play services client version: 12451000
12-12 13:15:26.207: I/Google Maps Android API(5649): Google Play services package version: 16089022
12-12 13:15:26.327: W/ow.android_dem(5649): Accessing hidden field Ljava/nio/Buffer;->address:J (light greylist, reflection)
12-12 13:15:26.790: W/ow.android_dem(5649): Accessing hidden method Lcom/android/org/conscrypt/OpenSSLSocketImpl;->setUseSessionTickets(Z)V (light greylist, reflection)
12-12 13:15:26.790: W/ow.android_dem(5649): Accessing hidden method Lcom/android/org/conscrypt/OpenSSLSocketImpl;->setHostname(Ljava/lang/String;)V (light greylist, reflection)
12-12 13:15:26.790: W/ow.android_dem(5649): Accessing hidden method Lcom/android/org/conscrypt/OpenSSLSocketImpl;->getAlpnSelectedProtocol()[B (light greylist, reflection)
12-12 13:15:26.790: W/ow.android_dem(5649): Accessing hidden method Lcom/android/org/conscrypt/OpenSSLSocketImpl;->setAlpnProtocols([B)V (light greylist, reflection)
12-12 13:15:26.811: W/ow.android_dem(5649): Accessing hidden method Ldalvik/system/CloseGuard;->get()Ldalvik/system/CloseGuard; (light greylist, reflection)
12-12 13:15:26.812: W/ow.android_dem(5649): Accessing hidden method Ldalvik/system/CloseGuard;->open(Ljava/lang/String;)V (light greylist, reflection)
12-12 13:15:26.812: W/ow.android_dem(5649): Accessing hidden method Ldalvik/system/CloseGuard;->warnIfOpen()V (light greylist, reflection)
12-12 13:15:26.816: D/NetworkSecurityConfig(5649): No Network Security Config specified, using platform default
12-12 13:15:26.862: D/Test(5649): Fetching drivers
12-12 13:15:26.877: D/LifecycleMonitor(5649): Lifecycle status change: com.freenow.android_demo.activities.MainActivity@e95803 in: CREATED
12-12 13:15:26.894: D/LifecycleMonitor(5649): Lifecycle status change: com.freenow.android_demo.activities.MainActivity@e95803 in: STARTED
12-12 13:15:26.909: W/System.err(5649): java.net.ConnectException: Failed to connect to localhost/127.0.0.1:8080
12-12 13:15:26.909: W/System.err(5649): 	at okhttp3.internal.connection.RealConnection.connectSocket(RealConnection.kt:270)
12-12 13:15:26.909: W/System.err(5649): 	at okhttp3.internal.connection.RealConnection.connect(RealConnection.kt:176)
12-12 13:15:26.909: W/System.err(5649): 	at okhttp3.internal.connection.ExchangeFinder.findConnection(ExchangeFinder.kt:236)
12-12 13:15:26.909: W/System.err(5649): 	at okhttp3.internal.connection.ExchangeFinder.findHealthyConnection(ExchangeFinder.kt:109)
12-12 13:15:26.909: W/System.err(5649): 	at okhttp3.internal.connection.ExchangeFinder.find(ExchangeFinder.kt:77)
12-12 13:15:26.909: W/System.err(5649): 	at okhttp3.internal.connection.Transmitter.newExchange$okhttp(Transmitter.kt:162)
12-12 13:15:26.909: W/System.err(5649): 	at okhttp3.internal.connection.ConnectInterceptor.intercept(ConnectInterceptor.kt:35)
12-12 13:15:26.909: W/System.err(5649): 	at okhttp3.internal.http.RealInterceptorChain.proceed(RealInterceptorChain.kt:112)
12-12 13:15:26.909: W/System.err(5649): 	at okhttp3.internal.http.RealInterceptorChain.proceed(RealInterceptorChain.kt:87)
12-12 13:15:26.909: W/System.err(5649): 	at okhttp3.internal.cache.CacheInterceptor.intercept(CacheInterceptor.kt:82)
12-12 13:15:26.909: W/System.err(5649): 	at okhttp3.internal.http.RealInterceptorChain.proceed(RealInterceptorChain.kt:112)
12-12 13:15:26.910: W/System.err(5649): 	at okhttp3.internal.http.RealInterceptorChain.proceed(RealInterceptorChain.kt:87)
12-12 13:15:26.910: W/System.err(5649): 	at okhttp3.internal.http.BridgeInterceptor.intercept(BridgeInterceptor.kt:84)
12-12 13:15:26.910: W/System.err(5649): 	at okhttp3.internal.http.RealInterceptorChain.proceed(RealInterceptorChain.kt:112)
12-12 13:15:26.910: W/System.err(5649): 	at okhttp3.internal.http.RetryAndFollowUpInterceptor.intercept(RetryAndFollowUpInterceptor.kt:71)
12-12 13:15:26.910: W/System.err(5649): 	at okhttp3.internal.http.RealInterceptorChain.proceed(RealInterceptorChain.kt:112)
12-12 13:15:26.910: W/System.err(5649): 	at okhttp3.internal.http.RealInterceptorChain.proceed(RealInterceptorChain.kt:87)
12-12 13:15:26.910: W/System.err(5649): 	at net.rafaeltoledo.okir.OkHttp3IdlingResource.intercept(OkHttp3IdlingResource.java:39)
12-12 13:15:26.910: W/System.err(5649): 	at okhttp3.internal.http.RealInterceptorChain.proceed(RealInterceptorChain.kt:112)
12-12 13:15:26.910: W/System.err(5649): 	at okhttp3.internal.http.RealInterceptorChain.proceed(RealInterceptorChain.kt:87)
12-12 13:15:26.910: W/System.err(5649): 	at okhttp3.RealCall.getResponseWithInterceptorChain(RealCall.kt:184)
12-12 13:15:26.910: W/System.err(5649): 	at okhttp3.RealCall$AsyncCall.run(RealCall.kt:136)
12-12 13:15:26.910: W/System.err(5649): 	at java.util.concurrent.ThreadPoolExecutor.runWorker(ThreadPoolExecutor.java:1167)
12-12 13:15:26.910: W/System.err(5649): 	at java.util.concurrent.ThreadPoolExecutor$Worker.run(ThreadPoolExecutor.java:641)
12-12 13:15:26.910: W/System.err(5649): 	at java.lang.Thread.run(Thread.java:764)
12-12 13:15:26.910: W/System.err(5649): Caused by: java.net.ConnectException: failed to connect to localhost/127.0.0.1 (port 8080) from /127.0.0.1 (port 54962) after 10000ms: isConnected failed: ECONNREFUSED (Connection refused)
12-12 13:15:26.910: W/System.err(5649): 	at libcore.io.IoBridge.isConnected(IoBridge.java:278)
12-12 13:15:26.911: W/System.err(5649): 	at libcore.io.IoBridge.connectErrno(IoBridge.java:187)
12-12 13:15:26.911: W/System.err(5649): 	at libcore.io.IoBridge.connect(IoBridge.java:129)
12-12 13:15:26.911: W/System.err(5649): 	at java.net.PlainSocketImpl.socketConnect(PlainSocketImpl.java:137)
12-12 13:15:26.911: W/System.err(5649): 	at java.net.AbstractPlainSocketImpl.doConnect(AbstractPlainSocketImpl.java:390)
12-12 13:15:26.911: W/System.err(5649): 	at java.net.AbstractPlainSocketImpl.connectToAddress(AbstractPlainSocketImpl.java:230)
12-12 13:15:26.911: W/System.err(5649): 	at java.net.AbstractPlainSocketImpl.connect(AbstractPlainSocketImpl.java:212)
12-12 13:15:26.911: W/System.err(5649): 	at java.net.SocksSocketImpl.connect(SocksSocketImpl.java:436)
12-12 13:15:26.911: W/System.err(5649): 	at java.net.Socket.connect(Socket.java:621)
12-12 13:15:26.911: W/System.err(5649): 	at okhttp3.internal.platform.AndroidPlatform.connectSocket(AndroidPlatform.kt:58)
12-12 13:15:26.911: W/System.err(5649): 	at okhttp3.internal.connection.RealConnection.connectSocket(RealConnection.kt:268)
12-12 13:15:26.911: W/System.err(5649): 	... 24 more
12-12 13:15:26.912: W/System.err(5649): Caused by: android.system.ErrnoException: isConnected failed: ECONNREFUSED (Connection refused)
12-12 13:15:26.912: W/System.err(5649): 	at libcore.io.IoBridge.isConnected(IoBridge.java:267)
12-12 13:15:26.912: W/System.err(5649): 	... 34 more
12-12 13:15:26.925: I/ActivityManager(2008): START u0 {cmp=com.freenow.android_demo/.activities.AuthenticationActivity} from uid 10103
12-12 13:15:26.947: D/LifecycleMonitor(5649): Lifecycle status change: com.freenow.android_demo.activities.MainActivity@e95803 in: RESUMED
12-12 13:15:26.950: D/OpenGLRenderer(5649): Skia GL Pipeline
12-12 13:15:26.967: E/SurfaceFlinger(1823): ro.sf.lcd_density must be defined as a build property
12-12 13:15:27.032: D/LifecycleMonitor(5649): Lifecycle status change: com.freenow.android_demo.activities.MainActivity@e95803 in: PAUSED
12-12 13:15:27.049: I/system_server(2008): Background concurrent copying GC freed 85727(4MB) AllocSpace objects, 48(1600KB) LOS objects, 27% free, 15MB/21MB, paused 47us total 149.205ms
12-12 13:15:27.124: I/GnssLocationProvider(2008): WakeLock acquired by sendMessage(REPORT_SV_STATUS, 0, com.android.server.location.GnssLocationProvider$SvStatusInfo@12321ff)
12-12 13:15:27.124: I/GnssLocationProvider(2008): WakeLock released by handleMessage(REPORT_SV_STATUS, 0, com.android.server.location.GnssLocationProvider$SvStatusInfo@12321ff)
12-12 13:15:27.160: D/gralloc_ranchu(1649): gralloc_alloc: Creating ashmem region of size 16592896
12-12 13:15:27.161: D/(5649): HostConnection::get() New Host Connection established 0xe979c1c0, tid 5718
12-12 13:15:27.170: E/Google Maps Android API(5649): Authorization failure.  Please see https://developers.google.com/maps/documentation/android-api/start for how to correctly set up the map.
12-12 13:15:27.175: E/Google Maps Android API(5649): In the Google Developer Console (https://console.developers.google.com)
12-12 13:15:27.175: E/Google Maps Android API(5649): Ensure that the "Google Maps Android API v2" is enabled.
12-12 13:15:27.175: E/Google Maps Android API(5649): Ensure that the following Android Key exists:
12-12 13:15:27.175: E/Google Maps Android API(5649): 	API Key: YOUR_KEY_HERE
12-12 13:15:27.175: E/Google Maps Android API(5649): 	Android Application (<cert_fingerprint>;<package_name>): 13:4F:1D:E7:E0:35:AB:D2:C4:2A:F3:B6:01:50:7C:4E:34:5F:5D:B1;com.freenow.android_demo
12-12 13:15:27.175: I/ConfigStore(5649): android::hardware::configstore::V1_0::ISurfaceFlingerConfigs::hasWideColorDisplay retrieved: 0
12-12 13:15:27.175: I/ConfigStore(5649): android::hardware::configstore::V1_0::ISurfaceFlingerConfigs::hasHDRDisplay retrieved: 0
12-12 13:15:27.175: I/OpenGLRenderer(5649): Initialized EGL, version 1.4
12-12 13:15:27.176: D/OpenGLRenderer(5649): Swap behavior 1
12-12 13:15:27.176: W/OpenGLRenderer(5649): Failed to choose config with EGL_SWAP_BEHAVIOR_PRESERVED, retrying without...
12-12 13:15:27.176: D/OpenGLRenderer(5649): Swap behavior 0
12-12 13:15:27.195: D/EGL_emulation(5649): eglCreateContext: 0xeb4060e0: maj 3 min 0 rcv 3
12-12 13:15:27.196: D/(1823): HostConnection::get() New Host Connection established 0xe2e72240, tid 2106
12-12 13:15:27.198: D/gralloc_ranchu(1649): gralloc_alloc: Creating ashmem region of size 16592896
12-12 13:15:27.219: D/EGL_emulation(5649): eglMakeCurrent: 0xeb4060e0: ver 3 0 (tinfo 0xeb403c00)
12-12 13:15:27.221: D/gralloc_ranchu(1649): gralloc_alloc: Creating ashmem region of size 16592896
12-12 13:15:27.230: E/SurfaceFlinger(1823): ro.sf.lcd_density must be defined as a build property
12-12 13:15:27.265: W/ow.android_dem(5649): Accessing hidden field Landroid/view/View;->mAccessibilityDelegate:Landroid/view/View$AccessibilityDelegate; (light greylist, reflection)
12-12 13:15:27.312: W/ActivityThread(5649): handleWindowVisibility: no activity for token android.os.BinderProxy@1a963bb
12-12 13:15:27.330: D/LifecycleMonitor(5649): Lifecycle status change: com.freenow.android_demo.activities.AuthenticationActivity@b53ff16 in: PRE_ON_CREATE
12-12 13:15:27.496: I/TextInputLayout(5649): EditText added is not a TextInputEditText. Please switch to using that class instead.
12-12 13:15:27.533: I/TextInputLayout(5649): EditText added is not a TextInputEditText. Please switch to using that class instead.
12-12 13:15:27.551: D/LifecycleMonitor(5649): Lifecycle status change: com.freenow.android_demo.activities.AuthenticationActivity@b53ff16 in: CREATED
12-12 13:15:27.564: D/LifecycleMonitor(5649): Lifecycle status change: com.freenow.android_demo.activities.AuthenticationActivity@b53ff16 in: STARTED
12-12 13:15:27.574: D/LifecycleMonitor(5649): Lifecycle status change: com.freenow.android_demo.activities.AuthenticationActivity@b53ff16 in: RESUMED
12-12 13:15:27.625: I/Choreographer(5649): Skipped 32 frames!  The application may be doing too much work on its main thread.
12-12 13:15:27.651: D/(5649): HostConnection::get() New Host Connection established 0xe8a4e600, tid 5712
12-12 13:15:27.654: D/EGL_emulation(5649): eglCreateContext: 0xe9c96b20: maj 1 min 0 rcv 1
12-12 13:15:27.656: D/gralloc_ranchu(1649): gralloc_alloc: Creating ashmem region of size 15138816
12-12 13:15:27.675: D/EGL_emulation(5649): eglMakeCurrent: 0xeb4060e0: ver 3 0 (tinfo 0xeb403c00)
12-12 13:15:27.699: D/EGL_emulation(5649): eglMakeCurrent: 0xe9c96b20: ver 1 0 (tinfo 0xeb4bb800)
12-12 13:15:27.832: I/OpenGLRenderer(5649): Davey! duration=714ms; Flags=1, IntendedVsync=75235406136759, Vsync=75235939470071, OldestInputEvent=9223372036854775807, NewestInputEvent=0, HandleInputStart=75235953530817, AnimationStart=75235953568816, PerformTraversalsStart=75235953962118, DrawStart=75235969946167, SyncQueued=75235987221501, SyncStart=75236026724542, IssueDrawCommandsStart=75236026930449, SwapBuffers=75236143312500, FrameCompleted=75236160473444, DequeueBufferDuration=671000, QueueBufferDuration=1047000, 
12-12 13:15:27.928: D/gralloc_ranchu(1649): gralloc_alloc: Creating ashmem region of size 15138816
12-12 13:15:27.930: D/gralloc_ranchu(1649): gralloc_alloc: Creating ashmem region of size 16592896
12-12 13:15:27.974: I/chatty(1649): uid=1000(system) HwBinder:1649_2 identical 1 line
12-12 13:15:27.995: D/gralloc_ranchu(1649): gralloc_alloc: Creating ashmem region of size 16592896
12-12 13:15:28.056: D/EGL_emulation(5649): eglMakeCurrent: 0xeb4060e0: ver 3 0 (tinfo 0xeb403c00)
12-12 13:15:28.059: D/gralloc_ranchu(1823): gralloc_unregister_buffer: exiting HostConnection (is buffer-handling thread)
12-12 13:15:28.060: D/(1823): HostConnection::get() New Host Connection established 0xea898640, tid 1853
12-12 13:15:28.061: D/gralloc_ranchu(1823): gralloc_unregister_buffer: exiting HostConnection (is buffer-handling thread)
12-12 13:15:28.062: D/(1823): HostConnection::get() New Host Connection established 0xea898640, tid 1853
12-12 13:15:28.062: D/gralloc_ranchu(1823): gralloc_unregister_buffer: exiting HostConnection (is buffer-handling thread)
12-12 13:15:28.063: D/(1823): HostConnection::get() New Host Connection established 0xea898640, tid 1853
12-12 13:15:28.063: D/gralloc_ranchu(1823): gralloc_unregister_buffer: exiting HostConnection (is buffer-handling thread)
12-12 13:15:28.099: D/EGL_emulation(5649): eglMakeCurrent: 0xeb4060e0: ver 3 0 (tinfo 0xeb403c00)
12-12 13:15:28.128: I/GnssLocationProvider(2008): WakeLock acquired by sendMessage(REPORT_SV_STATUS, 0, com.android.server.location.GnssLocationProvider$SvStatusInfo@1fcd691)
12-12 13:15:28.128: I/GnssLocationProvider(2008): WakeLock released by handleMessage(REPORT_SV_STATUS, 0, com.android.server.location.GnssLocationProvider$SvStatusInfo@1fcd691)
12-12 13:15:28.135: I/ActivityManager(2008): Displayed com.freenow.android_demo/.activities.AuthenticationActivity: +1s92ms (total +2s426ms)
12-12 13:15:28.149: I/GoogleInputMethod(3007): onFinishInput() : Dummy InputConnection bound
12-12 13:15:28.154: I/AssistStructure(5649): Flattened final assist data: 2696 bytes, containing 1 windows, 9 views
12-12 13:15:28.164: I/AssistStructure(2008): Flattened final assist data: 2496 bytes, containing 1 windows, 9 views
12-12 13:15:28.179: D/AutofillUI(2008): destroySaveUiUiThread(): already destroyed
12-12 13:15:28.210: D/LifecycleMonitor(5649): Lifecycle status change: com.freenow.android_demo.activities.MainActivity@e95803 in: STOPPED
12-12 13:15:28.210: D/LifecycleMonitor(5649): running callback: android.support.test.rule.ActivityTestRule$LifecycleCallback@c97aa3
12-12 13:15:28.210: D/LifecycleMonitor(5649): callback completes: android.support.test.rule.ActivityTestRule$LifecycleCallback@c97aa3
12-12 13:15:28.231: W/SurfaceFlinger(1823): couldn't log to binary event log: overflow.
12-12 13:15:28.231: W/SurfaceFlinger(1823): couldn't log to binary event log: overflow.
12-12 13:15:28.236: W/ow.android_dem(5649): Accessing hidden field Landroid/app/Activity;->mResultCode:I (light greylist, reflection)
12-12 13:15:28.237: W/ow.android_dem(5649): Accessing hidden field Landroid/app/Activity;->mResultData:Landroid/content/Intent; (light greylist, reflection)
12-12 13:15:28.241: D/LifecycleMonitor(5649): Lifecycle status change: com.freenow.android_demo.activities.MainActivity@e95803 in: DESTROYED
12-12 13:15:28.241: D/LifecycleMonitor(5649): running callback: android.support.test.rule.ActivityTestRule$LifecycleCallback@c97aa3
12-12 13:15:28.241: D/LifecycleMonitor(5649): callback completes: android.support.test.rule.ActivityTestRule$LifecycleCallback@c97aa3
12-12 13:15:28.247: D/(5649): HostConnection::get() New Host Connection established 0xd8252780, tid 5649
12-12 13:15:28.248: D/gralloc_ranchu(5649): gralloc_unregister_buffer: exiting HostConnection (is buffer-handling thread)
12-12 13:15:28.249: D/(5649): HostConnection::get() New Host Connection established 0xd8252780, tid 5649
12-12 13:15:28.250: D/gralloc_ranchu(5649): gralloc_unregister_buffer: exiting HostConnection (is buffer-handling thread)
12-12 13:15:28.274: I/TestRunner(5649): failed: loginFlaky0(com.freenow.android_demo.tests.LoginTest)
12-12 13:15:28.274: I/TestRunner(5649): ----- begin exception -----
12-12 13:15:28.276: I/TestRunner(5649): java.lang.AssertionError: expected:<1> but was:<0>
12-12 13:15:28.276: I/TestRunner(5649): 	at org.junit.Assert.fail(Assert.java:88)
12-12 13:15:28.276: I/TestRunner(5649): 	at org.junit.Assert.failNotEquals(Assert.java:834)
12-12 13:15:28.276: I/TestRunner(5649): 	at org.junit.Assert.assertEquals(Assert.java:118)
12-12 13:15:28.276: I/TestRunner(5649): 	at org.junit.Assert.assertEquals(Assert.java:144)
12-12 13:15:28.276: I/TestRunner(5649): 	at com.freenow.android_demo.tests.LoginTest.loginFlaky0(LoginTest.kt:54)
12-12 13:15:28.276: I/TestRunner(5649): 	at java.lang.reflect.Method.invoke(Native Method)
12-12 13:15:28.276: I/TestRunner(5649): 	at org.junit.runners.model.FrameworkMethod$1.runReflectiveCall(FrameworkMethod.java:50)
12-12 13:15:28.276: I/TestRunner(5649): 	at org.junit.internal.runners.model.ReflectiveCallable.run(ReflectiveCallable.java:12)
12-12 13:15:28.276: I/TestRunner(5649): 	at org.junit.runners.model.FrameworkMethod.invokeExplosively(FrameworkMethod.java:47)
12-12 13:15:28.276: I/TestRunner(5649): 	at org.junit.internal.runners.statements.InvokeMethod.evaluate(InvokeMethod.java:17)
12-12 13:15:28.276: I/TestRunner(5649): 	at android.support.test.internal.runner.junit4.statement.RunBefores.evaluate(RunBefores.java:80)
12-12 13:15:28.276: I/TestRunner(5649): 	at android.support.test.internal.runner.junit4.statement.RunAfters.evaluate(RunAfters.java:61)
12-12 13:15:28.276: I/TestRunner(5649): 	at android.support.test.rule.ActivityTestRule$ActivityStatement.evaluate(ActivityTestRule.java:527)
12-12 13:15:28.276: I/TestRunner(5649): 	at com.freenow.android_demo.utils.ClearPreferencesRule$apply$1.evaluate(ClearPreferencesRule.kt:41)
12-12 13:15:28.276: I/TestRunner(5649): 	at android.support.test.rule.GrantPermissionRule$RequestPermissionStatement.evaluate(GrantPermissionRule.java:129)
12-12 13:15:28.276: I/TestRunner(5649): 	at org.junit.rules.RunRules.evaluate(RunRules.java:20)
12-12 13:15:28.276: I/TestRunner(5649): 	at org.junit.runners.ParentRunner.runLeaf(ParentRunner.java:325)
12-12 13:15:28.276: I/TestRunner(5649): 	at org.junit.runners.BlockJUnit4ClassRunner.runChild(BlockJUnit4ClassRunner.java:78)
12-12 13:15:28.276: I/TestRunner(5649): 	at org.junit.runners.BlockJUnit4ClassRunner.runChild(BlockJUnit4ClassRunner.java:57)
12-12 13:15:28.276: I/TestRunner(5649): 	at org.junit.runners.ParentRunner$3.run(ParentRunner.java:290)
12-12 13:15:28.276: I/TestRunner(5649): 	at org.junit.runners.ParentRunner$1.schedule(ParentRunner.java:71)
12-12 13:15:28.276: I/TestRunner(5649): 	at org.junit.runners.ParentRunner.runChildren(ParentRunner.java:288)
12-12 13:15:28.276: I/TestRunner(5649): 	at org.junit.runners.ParentRunner.access$000(ParentRunner.java:58)
12-12 13:15:28.276: I/TestRunner(5649): 	at org.junit.runners.ParentRunner$2.evaluate(ParentRunner.java:268)
12-12 13:15:28.276: I/TestRunner(5649): 	at org.junit.runners.ParentRunner.run(ParentRunner.java:363)
12-12 13:15:28.276: I/TestRunner(5649): 	at android.support.test.runner.AndroidJUnit4.run(AndroidJUnit4.java:101)
12-12 13:15:28.276: I/TestRunner(5649): 	at org.junit.runners.Suite.runChild(Suite.java:128)
12-12 13:15:28.276: I/TestRunner(5649): 	at org.junit.runners.Suite.runChild(Suite.java:27)
12-12 13:15:28.276: I/TestRunner(5649): 	at org.junit.runners.ParentRunner$3.run(ParentRunner.java:290)
12-12 13:15:28.276: I/TestRunner(5649): 	at org.junit.runners.ParentRunner$1.schedule(ParentRunner.java:71)
12-12 13:15:28.276: I/TestRunner(5649): 	at org.junit.runners.ParentRunner.runChildren(ParentRunner.java:288)
12-12 13:15:28.276: I/TestRunner(5649): 	at org.junit.runners.ParentRunner.access$000(ParentRunner.java:58)
12-12 13:15:28.276: I/TestRunner(5649): 	at org.junit.runners.ParentRunner$2.evaluate(ParentRunner.java:268)
12-12 13:15:28.276: I/TestRunner(5649): 	at org.junit.runners.ParentRunner.run(ParentRunner.java:363)
12-12 13:15:28.276: I/TestRunner(5649): 	at org.junit.runner.JUnitCore.run(JUnitCore.java:137)
12-12 13:15:28.276: I/TestRunner(5649): 	at org.junit.runner.JUnitCore.run(JUnitCore.java:115)
12-12 13:15:28.276: I/TestRunner(5649): 	at android.support.test.internal.runner.TestExecutor.execute(TestExecutor.java:56)
12-12 13:15:28.276: I/TestRunner(5649): 	at android.support.test.runner.AndroidJUnitRunner.onStart(AndroidJUnitRunner.java:384)
12-12 13:15:28.276: I/TestRunner(5649): 	at android.app.Instrumentation$InstrumentationThread.run(Instrumentation.java:2145)
12-12 13:15:28.276: I/TestRunner(5649): ----- end exception -----
12-12 13:15:28.283: I/TestRunner(5649): finished: loginFlaky0(com.freenow.android_demo.tests.LoginTest)
