12-12 13:15:30.433: I/TestRunner(5748): started: loginFlaky2(com.freenow.android_demo.tests.LoginTest)
12-12 13:15:30.444: I/MonitoringInstr(5748): Activities that are still in CREATED to STOPPED: 0
12-12 13:15:30.446: I/GrantPermissionCallable(5748): Permission: android.permission.ACCESS_FINE_LOCATION is already granted!
12-12 13:15:30.468: W/ActivityTestRule(5748): getActivityIntent() returned null using default: Intent(Intent.ACTION_MAIN)
12-12 13:15:30.475: I/ActivityManager(2008): START u0 {act=android.intent.action.MAIN flg=0x14000000 cmp=com.freenow.android_demo/.activities.MainActivity} from uid 10103
12-12 13:15:30.515: W/ActivityThread(5748): handleWindowVisibility: no activity for token android.os.BinderProxy@d61ea14
12-12 13:15:30.534: D/gralloc_ranchu(1649): gralloc_alloc: Creating ashmem region of size 16592896
12-12 13:15:30.571: D/(1823): HostConnection::get() New Host Connection established 0xea898740, tid 1858
12-12 13:15:30.605: E/SurfaceFlinger(1823): ro.sf.lcd_density must be defined as a build property
12-12 13:15:30.624: I/OMXClient(5767): IOmx service obtained
12-12 13:15:30.629: I/OMXMaster(1838): makeComponentInstance(OMX.google.h264.encoder) in omx@1.0-service process
12-12 13:15:30.635: W/OMXUtils(5767): do not know color format 0x7f000789 = 2130708361
12-12 13:15:30.637: I/ACodec(5767): setupAVCEncoderParameters with [profile: Baseline] [level: Level41]
12-12 13:15:30.640: I/ACodec(5767): [OMX.google.h264.encoder] cannot encode color aspects. Ignoring.
12-12 13:15:30.641: I/ACodec(5767): [OMX.google.h264.encoder] cannot encode HDR static metadata. Ignoring.
12-12 13:15:30.641: I/ACodec(5767): setupVideoEncoder succeeded
12-12 13:15:30.641: W/OMXUtils(5767): do not know color format 0x7f000789 = 2130708361
12-12 13:15:30.641: E/OMXNodeInstance(1838): getConfig(0xe8e2c000:google.h264.encoder, ConfigLatency(0x6f800005)) ERROR: Undefined(0x80001001)
12-12 13:15:30.641: E/OMXNodeInstance(1838): getConfig(0xe8e2c000:google.h264.encoder, ConfigAndroidVendorExtension(0x6f100004)) ERROR: Undefined(0x80001001)
12-12 13:15:30.648: D/gralloc_ranchu(1649): gralloc_alloc: Creating ashmem region of size 16592896
12-12 13:15:30.649: D/LifecycleMonitor(5748): Lifecycle status change: com.freenow.android_demo.activities.MainActivity@e95803 in: PRE_ON_CREATE
12-12 13:15:30.649: D/GraphicBufferSource(1838): setting dataspace: 0x104, acquired=0
12-12 13:15:30.649: D/GraphicBufferSource(1838): requesting color aspects (R:2(Limited), P:1(BT709_5), M:1(BT709_5), T:3(SMPTE170M))
12-12 13:15:30.669: W/AshmemAllocator(1637): ashmem_create_region(12) returning hidl_memory(0xf459c180, 12)
12-12 13:15:30.694: W/AshmemAllocator(1637): ashmem_create_region(12) returning hidl_memory(0xf459c180, 12)
12-12 13:15:30.700: W/AshmemAllocator(1637): ashmem_create_region(3110400) returning hidl_memory(0xf459c180, 3110400)
12-12 13:15:30.702: W/AshmemAllocator(1637): ashmem_create_region(3110400) returning hidl_memory(0xf459c180, 3110400)
12-12 13:15:30.707: D/SoftAVCEnc(1838): Params width 1440 height 2880 level 50 colorFormat 0
12-12 13:15:30.708: E/SoftAVCEnc(1838): Fill memory records failed = 0x192
12-12 13:15:30.708: E/SoftAVCEnc(1838): Failed to initialize encoder
12-12 13:15:30.708: E/ACodec(5767): [OMX.google.h264.encoder] ERROR(0x80001001)
12-12 13:15:30.708: E/ACodec(5767): signalError(omxError 0x80001001, internalError -2147483648)
12-12 13:15:30.708: E/ACodec(5767): [OMX.google.h264.encoder] ERROR(0x80001001)
12-12 13:15:30.708: E/ACodec(5767): signalError(omxError 0x80001001, internalError -2147483648)
12-12 13:15:30.708: E/MediaCodec(5767): Codec reported err 0x80001001, actionCode 0, while in state 6
12-12 13:15:30.708: D/SoftAVCEnc(1838): Params width 1440 height 2880 level 50 colorFormat 0
12-12 13:15:30.708: E/SoftAVCEnc(1838): Fill memory records failed = 0x192
12-12 13:15:30.708: E/SoftAVCEnc(1838): Failed to initialize encoder
12-12 13:15:30.709: E/ACodec(5767): [OMX.google.h264.encoder] ERROR(0x80001001)
12-12 13:15:30.709: E/ACodec(5767): signalError(omxError 0x80001001, internalError -2147483648)
12-12 13:15:30.709: E/ACodec(5767): [OMX.google.h264.encoder] ERROR(0x80001001)
12-12 13:15:30.709: E/ACodec(5767): signalError(omxError 0x80001001, internalError -2147483648)
12-12 13:15:30.712: E/MediaCodec(5767): Codec reported err 0x80001001, actionCode 0, while in state 0
12-12 13:15:30.712: I/chatty(5767): uid=2000(shell) screenrecord_lo identical 1 line
12-12 13:15:30.712: E/MediaCodec(5767): Codec reported err 0x80001001, actionCode 0, while in state 0
12-12 13:15:30.730: W/Binder:1823_5(1823): type=1400 audit(0.0:123): avc: denied { call } for scontext=u:r:surfaceflinger:s0 tcontext=u:r:mediacodec:s0 tclass=binder permissive=0 b/77924251
12-12 13:15:30.755: W/ow.android_dem(5748): Accessing hidden method Landroid/view/View;->computeFitSystemWindows(Landroid/graphics/Rect;Landroid/graphics/Rect;)Z (light greylist, reflection)
12-12 13:15:30.756: W/ow.android_dem(5748): Accessing hidden method Landroid/view/ViewGroup;->makeOptionalFitsSystemWindows()V (light greylist, reflection)
12-12 13:15:30.768: E/(1823): HpInterface: Wrong interface type.
12-12 13:15:30.784: E/HWComposer(1823): getHdrCapabilities failed for display -1: Invalid display
12-12 13:15:30.787: W/GraphicBufferSource(1838): released unpopulated slots: [0, 1, 2, 3, 4, 5, 6, 7, 8, 9, 10, 11, 12, 13, 14, 15, 16, 17, 18, 19, 20, 21, 22, 23, 24, 25, 26, 27, 28, 29, 30, 31, 32, 33, 34, 35, 36, 37, 38, 39, 40, 41, 42, 43, 44, 45, 46, 47, 48, 49, 50, 51, 52, 53, 54, 55, 56, 57, 58, 59, 60, 61, 62, 63]
12-12 13:15:30.788: D/gralloc_ranchu(1649): gralloc_alloc: Creating ashmem region of size 16592896
12-12 13:15:30.810: D/(1838): HostConnection::get() New Host Connection established 0xe7e1d980, tid 2268
12-12 13:15:30.819: D/(5767): HostConnection::get() New Host Connection established 0xf0c1f1c0, tid 5776
12-12 13:15:30.828: D/gralloc_ranchu(5767): gralloc_unregister_buffer: exiting HostConnection (is buffer-handling thread)
12-12 13:15:30.830: D/(5767): HostConnection::get() New Host Connection established 0xf0c1f1c0, tid 5776
12-12 13:15:30.831: D/gralloc_ranchu(5767): gralloc_unregister_buffer: exiting HostConnection (is buffer-handling thread)
12-12 13:15:30.833: E/HWComposer(1823): getSupportedPerFrameMetadata failed for display -1: Invalid display
12-12 13:15:30.837: D/EGL_emulation(1823): eglMakeCurrent: 0xeaf20a80: ver 3 0 (tinfo 0xeaf1c310)
12-12 13:15:30.841: E/MediaMuxer(5767): stop() is called in invalid state 1
12-12 13:15:30.845: D/(1838): HostConnection::get() New Host Connection established 0xe7e1d500, tid 2389
12-12 13:15:30.846: D/gralloc_ranchu(1838): gralloc_unregister_buffer: exiting HostConnection (is buffer-handling thread)
12-12 13:15:30.848: D/(1838): HostConnection::get() New Host Connection established 0xe7e1d500, tid 2389
12-12 13:15:30.848: D/gralloc_ranchu(1838): gralloc_unregister_buffer: exiting HostConnection (is buffer-handling thread)
12-12 13:15:30.852: E/BufferQueueProducer(1838): [GraphicBufferSource] queueBuffer: BufferQueue has been abandoned
12-12 13:15:30.853: E/Surface(1823): queueBuffer: error queuing buffer to SurfaceTexture, -19
12-12 13:15:30.855: E/BufferQueueProducer(1838): [GraphicBufferSource] dequeueBuffer: BufferQueue has been abandoned
12-12 13:15:30.855: E/media.codec(1838): TWGraphicBufferProducer::dequeueBuffer - Invalid output fence
12-12 13:15:30.856: D/ScreenRecord(5767): failed
12-12 13:15:30.856: E/EGL_emulation(1823): tid 1823: swapBuffers(552): error 0x300d (EGL_BAD_SURFACE)
12-12 13:15:30.856: E/SurfaceFlinger(1823): eglSwapBuffers(0x1, 0xe2dc8240) failed with 0x0000300d
12-12 13:15:30.856: D/EGL_emulation(1823): eglMakeCurrent: 0xeaf20a80: ver 3 0 (tinfo 0xeaf1c310)
12-12 13:15:30.868: D/EGL_emulation(1823): eglMakeCurrent: 0xeaf20a80: ver 3 0 (tinfo 0xeaf1c310)
12-12 13:15:30.870: E/BufferQueueProducer(1838): [GraphicBufferSource] setAsyncMode: BufferQueue has been abandoned
12-12 13:15:30.871: E/HWComposer(1823): getLayerReleaseFence failed for display -1: Invalid display
12-12 13:15:30.871: I/chatty(1823): uid=1000(system) /system/bin/surfaceflinger identical 3 lines
12-12 13:15:30.871: E/HWComposer(1823): getLayerReleaseFence failed for display -1: Invalid display
12-12 13:15:30.872: D/EGL_emulation(1823): eglMakeCurrent: 0xeaf20a80: ver 3 0 (tinfo 0xeaf1c310)
12-12 13:15:30.911: I/zzbz(5748): Making Creator dynamically
12-12 13:15:30.916: D/gralloc_ranchu(1866): gralloc_unregister_buffer: exiting HostConnection (is buffer-handling thread)
12-12 13:15:30.917: D/(1866): HostConnection::get() New Host Connection established 0xf17bc240, tid 3226
12-12 13:15:30.918: D/gralloc_ranchu(1866): gralloc_unregister_buffer: exiting HostConnection (is buffer-handling thread)
12-12 13:15:30.919: D/(1866): HostConnection::get() New Host Connection established 0xf17bc240, tid 3226
12-12 13:15:30.919: D/gralloc_ranchu(1866): gralloc_unregister_buffer: exiting HostConnection (is buffer-handling thread)
12-12 13:15:30.920: D/(1866): HostConnection::get() New Host Connection established 0xf17bc240, tid 3226
12-12 13:15:30.920: D/gralloc_ranchu(1866): gralloc_unregister_buffer: exiting HostConnection (is buffer-handling thread)
12-12 13:15:30.923: D/(1866): HostConnection::get() New Host Connection established 0xf17bc240, tid 3226
12-12 13:15:30.924: D/gralloc_ranchu(1866): gralloc_unregister_buffer: exiting HostConnection (is buffer-handling thread)
12-12 13:15:30.925: D/(1866): HostConnection::get() New Host Connection established 0xf17bc240, tid 3226
12-12 13:15:30.925: D/gralloc_ranchu(1866): gralloc_unregister_buffer: exiting HostConnection (is buffer-handling thread)
12-12 13:15:30.926: D/(1866): HostConnection::get() New Host Connection established 0xf17bc240, tid 3226
12-12 13:15:30.926: D/gralloc_ranchu(1866): gralloc_unregister_buffer: exiting HostConnection (is buffer-handling thread)
12-12 13:15:30.926: D/(1866): HostConnection::get() New Host Connection established 0xf17bc240, tid 3226
12-12 13:15:30.927: D/gralloc_ranchu(1866): gralloc_unregister_buffer: exiting HostConnection (is buffer-handling thread)
12-12 13:15:30.933: W/ow.android_dem(5748): Unsupported class loader
12-12 13:15:30.933: D/(1866): HostConnection::get() New Host Connection established 0xf17bc1c0, tid 3226
12-12 13:15:30.937: I/DynamiteModule(5748): Considering local module com.google.android.gms.maps_dynamite:0 and remote module com.google.android.gms.maps_dynamite:221
12-12 13:15:30.937: I/DynamiteModule(5748): Selected remote version of com.google.android.gms.maps_dynamite, version >= 221
12-12 13:15:30.938: D/EGL_emulation(3353): eglMakeCurrent: 0xeb406260: ver 3 0 (tinfo 0xeb403d00)
12-12 13:15:30.938: D/EGL_emulation(3385): eglMakeCurrent: 0xd8372c00: ver 3 0 (tinfo 0xd7d1d030)
12-12 13:15:30.941: D/gralloc_ranchu(1823): gralloc_unregister_buffer: exiting HostConnection (is buffer-handling thread)
12-12 13:15:30.942: D/(1823): HostConnection::get() New Host Connection established 0xe2dd1e80, tid 1975
12-12 13:15:30.943: D/gralloc_ranchu(1823): gralloc_unregister_buffer: exiting HostConnection (is buffer-handling thread)
12-12 13:15:30.945: D/(1823): HostConnection::get() New Host Connection established 0xe2dd1e80, tid 1975
12-12 13:15:30.945: D/gralloc_ranchu(1823): gralloc_unregister_buffer: exiting HostConnection (is buffer-handling thread)
12-12 13:15:30.948: D/EGL_emulation(2213): eglMakeCurrent: 0xeb4059c0: ver 3 0 (tinfo 0xeb403a50)
12-12 13:15:30.950: D/(1823): HostConnection::get() New Host Connection established 0xe2dd1e80, tid 1975
12-12 13:15:30.951: D/gralloc_ranchu(1823): gralloc_unregister_buffer: exiting HostConnection (is buffer-handling thread)
12-12 13:15:30.957: D/gralloc_ranchu(1823): gralloc_unregister_buffer: exiting HostConnection (is buffer-handling thread)
12-12 13:15:30.960: D/(1823): HostConnection::get() New Host Connection established 0xea898740, tid 1858
12-12 13:15:30.961: D/gralloc_ranchu(1823): gralloc_unregister_buffer: exiting HostConnection (is buffer-handling thread)
12-12 13:15:30.962: D/(1823): HostConnection::get() New Host Connection established 0xea898740, tid 1858
12-12 13:15:30.962: D/EGL_emulation(2213): eglMakeCurrent: 0xeb4059c0: ver 3 0 (tinfo 0xeb403a50)
12-12 13:15:30.963: D/gralloc_ranchu(1823): gralloc_unregister_buffer: exiting HostConnection (is buffer-handling thread)
12-12 13:15:30.964: D/(1823): HostConnection::get() New Host Connection established 0xea898740, tid 1858
12-12 13:15:30.965: D/gralloc_ranchu(1823): gralloc_unregister_buffer: exiting HostConnection (is buffer-handling thread)
12-12 13:15:30.975: W/ow.android_dem(5748): Unsupported class loader
12-12 13:15:30.976: W/ow.android_dem(5748): Skipping duplicate class check due to unsupported classloader
12-12 13:15:31.015: I/Google Maps Android API(5748): Google Play services client version: 12451000
12-12 13:15:31.021: I/Google Maps Android API(5748): Google Play services package version: 16089022
12-12 13:15:31.138: I/GnssLocationProvider(2008): WakeLock acquired by sendMessage(REPORT_SV_STATUS, 0, com.android.server.location.GnssLocationProvider$SvStatusInfo@a7c4f66)
12-12 13:15:31.138: I/GnssLocationProvider(2008): WakeLock released by handleMessage(REPORT_SV_STATUS, 0, com.android.server.location.GnssLocationProvider$SvStatusInfo@a7c4f66)
12-12 13:15:31.157: W/ow.android_dem(5748): Accessing hidden field Ljava/nio/Buffer;->address:J (light greylist, reflection)
12-12 13:15:31.664: W/ow.android_dem(5748): Accessing hidden method Lcom/android/org/conscrypt/OpenSSLSocketImpl;->setUseSessionTickets(Z)V (light greylist, reflection)
12-12 13:15:31.664: W/ow.android_dem(5748): Accessing hidden method Lcom/android/org/conscrypt/OpenSSLSocketImpl;->setHostname(Ljava/lang/String;)V (light greylist, reflection)
12-12 13:15:31.664: W/ow.android_dem(5748): Accessing hidden method Lcom/android/org/conscrypt/OpenSSLSocketImpl;->getAlpnSelectedProtocol()[B (light greylist, reflection)
12-12 13:15:31.664: W/ow.android_dem(5748): Accessing hidden method Lcom/android/org/conscrypt/OpenSSLSocketImpl;->setAlpnProtocols([B)V (light greylist, reflection)
12-12 13:15:31.691: W/ow.android_dem(5748): Accessing hidden method Ldalvik/system/CloseGuard;->get()Ldalvik/system/CloseGuard; (light greylist, reflection)
12-12 13:15:31.691: W/ow.android_dem(5748): Accessing hidden method Ldalvik/system/CloseGuard;->open(Ljava/lang/String;)V (light greylist, reflection)
12-12 13:15:31.691: W/ow.android_dem(5748): Accessing hidden method Ldalvik/system/CloseGuard;->warnIfOpen()V (light greylist, reflection)
12-12 13:15:31.692: D/NetworkSecurityConfig(5748): No Network Security Config specified, using platform default
12-12 13:15:31.748: D/Test(5748): Fetching drivers
12-12 13:15:31.768: D/LifecycleMonitor(5748): Lifecycle status change: com.freenow.android_demo.activities.MainActivity@e95803 in: CREATED
12-12 13:15:31.791: D/LifecycleMonitor(5748): Lifecycle status change: com.freenow.android_demo.activities.MainActivity@e95803 in: STARTED
12-12 13:15:31.800: I/ActivityManager(2008): START u0 {cmp=com.freenow.android_demo/.activities.AuthenticationActivity} from uid 10103
12-12 13:15:31.801: W/System.err(5748): java.net.ConnectException: Failed to connect to localhost/127.0.0.1:8080
12-12 13:15:31.801: W/System.err(5748): 	at okhttp3.internal.connection.RealConnection.connectSocket(RealConnection.kt:270)
12-12 13:15:31.801: W/System.err(5748): 	at okhttp3.internal.connection.RealConnection.connect(RealConnection.kt:176)
12-12 13:15:31.801: W/System.err(5748): 	at okhttp3.internal.connection.ExchangeFinder.findConnection(ExchangeFinder.kt:236)
12-12 13:15:31.801: W/System.err(5748): 	at okhttp3.internal.connection.ExchangeFinder.findHealthyConnection(ExchangeFinder.kt:109)
12-12 13:15:31.801: W/System.err(5748): 	at okhttp3.internal.connection.ExchangeFinder.find(ExchangeFinder.kt:77)
12-12 13:15:31.801: W/System.err(5748): 	at okhttp3.internal.connection.Transmitter.newExchange$okhttp(Transmitter.kt:162)
12-12 13:15:31.801: W/System.err(5748): 	at okhttp3.internal.connection.ConnectInterceptor.intercept(ConnectInterceptor.kt:35)
12-12 13:15:31.801: W/System.err(5748): 	at okhttp3.internal.http.RealInterceptorChain.proceed(RealInterceptorChain.kt:112)
12-12 13:15:31.801: W/System.err(5748): 	at okhttp3.internal.http.RealInterceptorChain.proceed(RealInterceptorChain.kt:87)
12-12 13:15:31.802: W/System.err(5748): 	at okhttp3.internal.cache.CacheInterceptor.intercept(CacheInterceptor.kt:82)
12-12 13:15:31.802: W/System.err(5748): 	at okhttp3.internal.http.RealInterceptorChain.proceed(RealInterceptorChain.kt:112)
12-12 13:15:31.802: W/System.err(5748): 	at okhttp3.internal.http.RealInterceptorChain.proceed(RealInterceptorChain.kt:87)
12-12 13:15:31.802: W/System.err(5748): 	at okhttp3.internal.http.BridgeInterceptor.intercept(BridgeInterceptor.kt:84)
12-12 13:15:31.802: W/System.err(5748): 	at okhttp3.internal.http.RealInterceptorChain.proceed(RealInterceptorChain.kt:112)
12-12 13:15:31.802: W/System.err(5748): 	at okhttp3.internal.http.RetryAndFollowUpInterceptor.intercept(RetryAndFollowUpInterceptor.kt:71)
12-12 13:15:31.802: W/System.err(5748): 	at okhttp3.internal.http.RealInterceptorChain.proceed(RealInterceptorChain.kt:112)
12-12 13:15:31.802: W/System.err(5748): 	at okhttp3.internal.http.RealInterceptorChain.proceed(RealInterceptorChain.kt:87)
12-12 13:15:31.802: W/System.err(5748): 	at net.rafaeltoledo.okir.OkHttp3IdlingResource.intercept(OkHttp3IdlingResource.java:39)
12-12 13:15:31.802: W/System.err(5748): 	at okhttp3.internal.http.RealInterceptorChain.proceed(RealInterceptorChain.kt:112)
12-12 13:15:31.802: W/System.err(5748): 	at okhttp3.internal.http.RealInterceptorChain.proceed(RealInterceptorChain.kt:87)
12-12 13:15:31.802: W/System.err(5748): 	at okhttp3.RealCall.getResponseWithInterceptorChain(RealCall.kt:184)
12-12 13:15:31.802: W/System.err(5748): 	at okhttp3.RealCall$AsyncCall.run(RealCall.kt:136)
12-12 13:15:31.802: W/System.err(5748): 	at java.util.concurrent.ThreadPoolExecutor.runWorker(ThreadPoolExecutor.java:1167)
12-12 13:15:31.802: W/System.err(5748): 	at java.util.concurrent.ThreadPoolExecutor$Worker.run(ThreadPoolExecutor.java:641)
12-12 13:15:31.802: W/System.err(5748): 	at java.lang.Thread.run(Thread.java:764)
12-12 13:15:31.803: W/System.err(5748): Caused by: java.net.ConnectException: failed to connect to localhost/127.0.0.1 (port 8080) from /127.0.0.1 (port 54964) after 10000ms: isConnected failed: ECONNREFUSED (Connection refused)
12-12 13:15:31.803: W/System.err(5748): 	at libcore.io.IoBridge.isConnected(IoBridge.java:278)
12-12 13:15:31.803: W/System.err(5748): 	at libcore.io.IoBridge.connectErrno(IoBridge.java:187)
12-12 13:15:31.803: W/System.err(5748): 	at libcore.io.IoBridge.connect(IoBridge.java:129)
12-12 13:15:31.803: W/System.err(5748): 	at java.net.PlainSocketImpl.socketConnect(PlainSocketImpl.java:137)
12-12 13:15:31.803: W/System.err(5748): 	at java.net.AbstractPlainSocketImpl.doConnect(AbstractPlainSocketImpl.java:390)
12-12 13:15:31.804: W/System.err(5748): 	at java.net.AbstractPlainSocketImpl.connectToAddress(AbstractPlainSocketImpl.java:230)
12-12 13:15:31.804: W/System.err(5748): 	at java.net.AbstractPlainSocketImpl.connect(AbstractPlainSocketImpl.java:212)
12-12 13:15:31.804: W/System.err(5748): 	at java.net.SocksSocketImpl.connect(SocksSocketImpl.java:436)
12-12 13:15:31.804: W/System.err(5748): 	at java.net.Socket.connect(Socket.java:621)
12-12 13:15:31.804: W/System.err(5748): 	at okhttp3.internal.platform.AndroidPlatform.connectSocket(AndroidPlatform.kt:58)
12-12 13:15:31.804: W/System.err(5748): 	at okhttp3.internal.connection.RealConnection.connectSocket(RealConnection.kt:268)
12-12 13:15:31.804: W/System.err(5748): 	... 24 more
12-12 13:15:31.804: W/System.err(5748): Caused by: android.system.ErrnoException: isConnected failed: ECONNREFUSED (Connection refused)
12-12 13:15:31.804: W/System.err(5748): 	at libcore.io.IoBridge.isConnected(IoBridge.java:267)
12-12 13:15:31.804: W/System.err(5748): 	... 34 more
12-12 13:15:31.819: D/LifecycleMonitor(5748): Lifecycle status change: com.freenow.android_demo.activities.MainActivity@e95803 in: RESUMED
12-12 13:15:31.821: D/OpenGLRenderer(5748): Skia GL Pipeline
12-12 13:15:31.831: E/SurfaceFlinger(1823): ro.sf.lcd_density must be defined as a build property
12-12 13:15:31.874: D/LifecycleMonitor(5748): Lifecycle status change: com.freenow.android_demo.activities.MainActivity@e95803 in: PAUSED
12-12 13:15:31.945: D/(5748): HostConnection::get() New Host Connection established 0xd6247300, tid 5817
12-12 13:15:31.948: D/gralloc_ranchu(1649): gralloc_alloc: Creating ashmem region of size 16592896
12-12 13:15:31.950: I/ConfigStore(5748): android::hardware::configstore::V1_0::ISurfaceFlingerConfigs::hasWideColorDisplay retrieved: 0
12-12 13:15:31.950: I/ConfigStore(5748): android::hardware::configstore::V1_0::ISurfaceFlingerConfigs::hasHDRDisplay retrieved: 0
12-12 13:15:31.950: I/OpenGLRenderer(5748): Initialized EGL, version 1.4
12-12 13:15:31.950: D/OpenGLRenderer(5748): Swap behavior 1
12-12 13:15:31.950: W/OpenGLRenderer(5748): Failed to choose config with EGL_SWAP_BEHAVIOR_PRESERVED, retrying without...
12-12 13:15:31.950: D/OpenGLRenderer(5748): Swap behavior 0
12-12 13:15:31.984: E/Google Maps Android API(5748): Authorization failure.  Please see https://developers.google.com/maps/documentation/android-api/start for how to correctly set up the map.
12-12 13:15:31.985: D/EGL_emulation(5748): eglCreateContext: 0xeb4060e0: maj 3 min 0 rcv 3
12-12 13:15:31.986: D/(1823): HostConnection::get() New Host Connection established 0xe2e6aa80, tid 2461
12-12 13:15:31.987: D/gralloc_ranchu(1649): gralloc_alloc: Creating ashmem region of size 16592896
12-12 13:15:31.989: E/Google Maps Android API(5748): In the Google Developer Console (https://console.developers.google.com)
12-12 13:15:31.989: E/Google Maps Android API(5748): Ensure that the "Google Maps Android API v2" is enabled.
12-12 13:15:31.989: E/Google Maps Android API(5748): Ensure that the following Android Key exists:
12-12 13:15:31.989: E/Google Maps Android API(5748): 	API Key: YOUR_KEY_HERE
12-12 13:15:31.989: E/Google Maps Android API(5748): 	Android Application (<cert_fingerprint>;<package_name>): 13:4F:1D:E7:E0:35:AB:D2:C4:2A:F3:B6:01:50:7C:4E:34:5F:5D:B1;com.freenow.android_demo
12-12 13:15:32.010: D/EGL_emulation(5748): eglMakeCurrent: 0xeb4060e0: ver 3 0 (tinfo 0xeb403c30)
12-12 13:15:32.012: D/gralloc_ranchu(1649): gralloc_alloc: Creating ashmem region of size 16592896
12-12 13:15:32.018: E/SurfaceFlinger(1823): ro.sf.lcd_density must be defined as a build property
12-12 13:15:32.073: W/ow.android_dem(5748): Accessing hidden field Landroid/view/View;->mAccessibilityDelegate:Landroid/view/View$AccessibilityDelegate; (light greylist, reflection)
12-12 13:15:32.102: W/ActivityThread(5748): handleWindowVisibility: no activity for token android.os.BinderProxy@1a963bb
12-12 13:15:32.112: D/LifecycleMonitor(5748): Lifecycle status change: com.freenow.android_demo.activities.AuthenticationActivity@b53ff16 in: PRE_ON_CREATE
12-12 13:15:32.141: I/GnssLocationProvider(2008): WakeLock acquired by sendMessage(REPORT_SV_STATUS, 0, com.android.server.location.GnssLocationProvider$SvStatusInfo@dea19ee)
12-12 13:15:32.142: I/GnssLocationProvider(2008): WakeLock released by handleMessage(REPORT_SV_STATUS, 0, com.android.server.location.GnssLocationProvider$SvStatusInfo@dea19ee)
12-12 13:15:32.239: I/TextInputLayout(5748): EditText added is not a TextInputEditText. Please switch to using that class instead.
12-12 13:15:32.277: I/TextInputLayout(5748): EditText added is not a TextInputEditText. Please switch to using that class instead.
12-12 13:15:32.304: D/LifecycleMonitor(5748): Lifecycle status change: com.freenow.android_demo.activities.AuthenticationActivity@b53ff16 in: CREATED
12-12 13:15:32.315: D/LifecycleMonitor(5748): Lifecycle status change: com.freenow.android_demo.activities.AuthenticationActivity@b53ff16 in: STARTED
12-12 13:15:32.318: D/LifecycleMonitor(5748): Lifecycle status change: com.freenow.android_demo.activities.AuthenticationActivity@b53ff16 in: RESUMED
12-12 13:15:32.411: D/(5748): HostConnection::get() New Host Connection established 0xe8a0ca40, tid 5811
12-12 13:15:32.414: D/EGL_emulation(5748): eglCreateContext: 0xe9c969a0: maj 1 min 0 rcv 1
12-12 13:15:32.416: D/EGL_emulation(5748): eglMakeCurrent: 0xeb4060e0: ver 3 0 (tinfo 0xeb403c30)
12-12 13:15:32.418: D/gralloc_ranchu(1649): gralloc_alloc: Creating ashmem region of size 15138816
12-12 13:15:32.472: D/EGL_emulation(5748): eglMakeCurrent: 0xe9c969a0: ver 1 0 (tinfo 0xeb4bbe40)
12-12 13:15:32.638: D/gralloc_ranchu(1649): gralloc_alloc: Creating ashmem region of size 16592896
12-12 13:15:32.659: I/chatty(1649): uid=1000(system) HwBinder:1649_3 identical 1 line
12-12 13:15:32.687: D/gralloc_ranchu(1649): gralloc_alloc: Creating ashmem region of size 16592896
12-12 13:15:32.690: D/gralloc_ranchu(1649): gralloc_alloc: Creating ashmem region of size 15138816
12-12 13:15:32.766: D/EGL_emulation(5748): eglMakeCurrent: 0xeb4060e0: ver 3 0 (tinfo 0xeb403c30)
12-12 13:15:32.769: D/gralloc_ranchu(1823): gralloc_unregister_buffer: exiting HostConnection (is buffer-handling thread)
12-12 13:15:32.770: D/(1823): HostConnection::get() New Host Connection established 0xe2e72240, tid 2106
12-12 13:15:32.771: D/gralloc_ranchu(1823): gralloc_unregister_buffer: exiting HostConnection (is buffer-handling thread)
12-12 13:15:32.773: D/(1823): HostConnection::get() New Host Connection established 0xe2e72240, tid 2106
12-12 13:15:32.774: D/gralloc_ranchu(1823): gralloc_unregister_buffer: exiting HostConnection (is buffer-handling thread)
12-12 13:15:32.775: D/(1823): HostConnection::get() New Host Connection established 0xe2e72240, tid 2106
12-12 13:15:32.776: D/gralloc_ranchu(1823): gralloc_unregister_buffer: exiting HostConnection (is buffer-handling thread)
12-12 13:15:32.809: D/EGL_emulation(5748): eglMakeCurrent: 0xeb4060e0: ver 3 0 (tinfo 0xeb403c30)
12-12 13:15:32.874: I/ActivityManager(2008): Displayed com.freenow.android_demo/.activities.AuthenticationActivity: +971ms (total +2s335ms)
12-12 13:15:32.881: I/GoogleInputMethod(3007): onFinishInput() : Dummy InputConnection bound
12-12 13:15:32.896: I/AssistStructure(5748): Flattened final assist data: 2696 bytes, containing 1 windows, 9 views
12-12 13:15:32.914: I/AssistStructure(2008): Flattened final assist data: 2496 bytes, containing 1 windows, 9 views
12-12 13:15:32.919: D/AutofillUI(2008): destroySaveUiUiThread(): already destroyed
12-12 13:15:32.958: D/LifecycleMonitor(5748): Lifecycle status change: com.freenow.android_demo.activities.MainActivity@e95803 in: STOPPED
12-12 13:15:32.959: D/LifecycleMonitor(5748): running callback: android.support.test.rule.ActivityTestRule$LifecycleCallback@c97aa3
12-12 13:15:32.959: D/LifecycleMonitor(5748): callback completes: android.support.test.rule.ActivityTestRule$LifecycleCallback@c97aa3
12-12 13:15:32.978: W/SurfaceFlinger(1823): couldn't log to binary event log: overflow.
12-12 13:15:32.979: W/SurfaceFlinger(1823): couldn't log to binary event log: overflow.
12-12 13:15:32.988: D/InputManagerEventInjectionStrategy(5748): Creating injection strategy with input manager.
12-12 13:15:32.988: W/ow.android_dem(5748): Accessing hidden method Landroid/hardware/input/InputManager;->getInstance()Landroid/hardware/input/InputManager; (light greylist, reflection)
12-12 13:15:32.989: W/ow.android_dem(5748): Accessing hidden method Landroid/hardware/input/InputManager;->injectInputEvent(Landroid/view/InputEvent;I)Z (light greylist, reflection)
12-12 13:15:32.989: W/ow.android_dem(5748): Accessing hidden field Landroid/hardware/input/InputManager;->INJECT_INPUT_EVENT_MODE_WAIT_FOR_FINISH:I (light greylist, reflection)
12-12 13:15:33.005: W/ow.android_dem(5748): Accessing hidden method Landroid/os/MessageQueue;->next()Landroid/os/Message; (light greylist, reflection)
12-12 13:15:33.006: W/ow.android_dem(5748): Accessing hidden field Landroid/os/MessageQueue;->mMessages:Landroid/os/Message; (light greylist, reflection)
12-12 13:15:33.006: W/ow.android_dem(5748): Accessing hidden method Landroid/os/Message;->recycleUnchecked()V (light greylist, reflection)
12-12 13:15:33.009: W/ow.android_dem(5748): Accessing hidden method Landroid/view/WindowManagerGlobal;->getInstance()Landroid/view/WindowManagerGlobal; (light greylist, reflection)
12-12 13:15:33.009: W/ow.android_dem(5748): Accessing hidden field Landroid/view/WindowManagerGlobal;->mViews:Ljava/util/ArrayList; (light greylist, reflection)
12-12 13:15:33.009: W/ow.android_dem(5748): Accessing hidden field Landroid/view/WindowManagerGlobal;->mParams:Ljava/util/ArrayList; (light greylist, reflection)
12-12 13:15:33.021: I/ViewInteraction(5748): Performing 'replace text' action on view with id: com.freenow.android_demo:id/edt_username
12-12 13:15:33.057: D/gralloc_ranchu(2008): gralloc_unregister_buffer: exiting HostConnection (is buffer-handling thread)
12-12 13:15:33.060: D/(2008): HostConnection::get() New Host Connection established 0xd097c480, tid 2078
12-12 13:15:33.061: D/gralloc_ranchu(2008): gralloc_unregister_buffer: exiting HostConnection (is buffer-handling thread)
12-12 13:15:33.062: D/(2008): HostConnection::get() New Host Connection established 0xd097c480, tid 2078
12-12 13:15:33.063: D/gralloc_ranchu(2008): gralloc_unregister_buffer: exiting HostConnection (is buffer-handling thread)
12-12 13:15:33.064: D/(2008): HostConnection::get() New Host Connection established 0xd097c480, tid 2078
12-12 13:15:33.067: D/gralloc_ranchu(2008): gralloc_unregister_buffer: exiting HostConnection (is buffer-handling thread)
12-12 13:15:33.069: W/SurfaceFlinger(1823): Attempting to set client state on removed layer: Splash Screen com.freenow.android_demo#0
12-12 13:15:33.069: W/SurfaceFlinger(1823): Attempting to destroy on removed layer: Splash Screen com.freenow.android_demo#0
12-12 13:15:33.070: D/gralloc_ranchu(1866): gralloc_unregister_buffer: exiting HostConnection (is buffer-handling thread)
12-12 13:15:33.070: D/(1866): HostConnection::get() New Host Connection established 0xf02960c0, tid 1907
12-12 13:15:33.071: D/gralloc_ranchu(1866): gralloc_unregister_buffer: exiting HostConnection (is buffer-handling thread)
12-12 13:15:33.072: D/(1866): HostConnection::get() New Host Connection established 0xf02960c0, tid 1907
12-12 13:15:33.073: D/gralloc_ranchu(1866): gralloc_unregister_buffer: exiting HostConnection (is buffer-handling thread)
12-12 13:15:33.074: D/(1866): HostConnection::get() New Host Connection established 0xf02960c0, tid 1907
12-12 13:15:33.075: D/gralloc_ranchu(1866): gralloc_unregister_buffer: exiting HostConnection (is buffer-handling thread)
12-12 13:15:33.093: I/ViewInteraction(5748): Performing 'type text(crazydog335)' action on view with id: com.freenow.android_demo:id/edt_username
12-12 13:15:33.093: D/(1866): HostConnection::get() New Host Connection established 0xf02960c0, tid 1907
12-12 13:15:33.101: W/ow.android_dem(5748): Accessing hidden method Landroid/view/ViewConfiguration;->getDoubleTapMinTime()I (light greylist, reflection)
12-12 13:15:33.106: I/StreamRenderer(3353): cleanUpRendererScope(nowcards--1121619464818380844)
12-12 13:15:33.115: I/PBSessionCacheImpl(3353): Deleted sessionId[153200482710] from persistence.
12-12 13:15:33.117: W/SearchService(3353): Abort, client detached.
12-12 13:15:33.117: I/StreamController(3353): cleanUpControllerScope(nowcards--1121619464818380844)
12-12 13:15:33.145: I/GnssLocationProvider(2008): WakeLock acquired by sendMessage(REPORT_SV_STATUS, 0, com.android.server.location.GnssLocationProvider$SvStatusInfo@2a71e9b)
12-12 13:15:33.146: I/GnssLocationProvider(2008): WakeLock released by handleMessage(REPORT_SV_STATUS, 0, com.android.server.location.GnssLocationProvider$SvStatusInfo@2a71e9b)
12-12 13:15:33.162: I/LatinIme(3007): initialize() : Language = en-US
12-12 13:15:33.164: I/Delight5Facilitator(3007): initializeForIme() : Locale = [en_US]
12-12 13:15:33.164: I/Delight5Facilitator(3007): initializeForIme() : Locale == CurrentLocale
12-12 13:15:33.165: I/EmojiSuperpacksFeature(3007): Emoji superpacks enabled
12-12 13:15:33.166: I/LatinIme(3007): onActivate() : EditorInfo = Package = com.freenow.android_demo : Type = Text : Learning = Disable : Suggestion = Hide : AutoCorrection = Disable : Microphone = Show : Incognito = Disable
12-12 13:15:33.172: I/InputContext(3007): input context reset success: true error: 0 input_state_id 1738
12-12 13:15:33.175: I/PillNotificationLstnr(3007): maybeSetupPill()
12-12 13:15:33.190: W/VoiceImeTranscriptor(3007): UIME feature enabled: true
12-12 13:15:33.196: I/LatinMotionHandler(3007): consumeEvent() : GestureTypingEnabled = true
12-12 13:15:33.196: I/EmojiDataExtension(3007): onActivate() : Locale = en_US
12-12 13:15:33.197: I/EmojiSuperpacksFeature(3007): Emoji superpacks enabled
12-12 13:15:33.197: I/FeatureCardGenerator(3007): Make a GIF card not added
12-12 13:15:33.197: I/FeatureCardGenerator(3007): Autospace card not added
12-12 13:15:33.197: I/FeatureCardNotice(3007): Feature card notice not shown: no cards to display
12-12 13:15:33.197: I/GifEntryExtension(3007): onActivate()
12-12 13:15:33.197: I/DevFeatureConfig(3007): Gif candidate disabled by Phenotype
12-12 13:15:33.197: I/Conv2QueryExtension(3007): isEnabled() : true
12-12 13:15:33.197: I/PrimesMetrics(3007): Ignore memory metric of com.google.android.apps.inputmethod.libs.search.nativecard.FeatureCardNoticeExtension.
12-12 13:15:33.197: I/Conv2QueryExtension(3007): Current locale: en_US, config allows these locales: de,en,fr,it,es,pt
12-12 13:15:33.197: I/PrimesMetrics(3007): Ignore memory metric of com.google.android.apps.inputmethod.libs.search.gif.GifEntryPointCandidateExtension.
12-12 13:15:33.197: I/PrimesMetrics(3007): Ignore memory metric of com.google.android.apps.inputmethod.libs.pill.PillExtension.
12-12 13:15:33.198: W/Conv2QueryExtension(3007): Conv2Query not enabled due to current app [com.freenow.android_demo] not in whitelist
12-12 13:15:33.198: W/Conv2QueryExtension(3007): onActivate() : Disabled by unsupported host app
12-12 13:15:33.199: W/VoiceImeTranscriptor(3007): UIME feature enabled: true
12-12 13:15:33.199: I/VoiceImeExtension(3007): Voice Extension onStartInputView() Mic status = [MicIconAvailable]
12-12 13:15:33.216: D/gralloc_ranchu(1649): gralloc_alloc: Creating ashmem region of size 40960
12-12 13:15:33.222: D/gralloc_ranchu(1649): gralloc_alloc: Creating ashmem region of size 40960
12-12 13:15:33.224: D/gralloc_ranchu(1649): gralloc_alloc: Creating ashmem region of size 16105472
12-12 13:15:33.254: D/(1823): HostConnection::get() New Host Connection established 0xe2e722c0, tid 1975
12-12 13:15:33.256: D/gralloc_ranchu(1649): gralloc_alloc: Creating ashmem region of size 16105472
12-12 13:15:33.269: E/netmgr(1936): Failed to open QEMU pipe 'qemud:network': Invalid argument
12-12 13:15:33.269: E/netmgr(1936): WifiForwarder unable to open QEMU pipe: Invalid argument
12-12 13:15:33.278: D/gralloc_ranchu(1649): gralloc_alloc: Creating ashmem region of size 16105472
12-12 13:15:33.330: I/FeaturePermissions(3007): onSharedPreferenceChanged() : Key = latest_activation_time : Feature = null
12-12 13:15:33.341: D/EGL_emulation(3007): eglMakeCurrent: 0xe9c96b20: ver 3 0 (tinfo 0xd6fb0bc0)
12-12 13:15:33.386: D/UiControllerImpl(5748): Injecting string: "crazydog335"
12-12 13:15:33.514: W/DynamiteModule(5748): Local module descriptor class for com.google.android.gms.googlecertificates not found.
12-12 13:15:33.524: I/DynamiteModule(5748): Considering local module com.google.android.gms.googlecertificates:0 and remote module com.google.android.gms.googlecertificates:4
12-12 13:15:33.524: I/DynamiteModule(5748): Selected remote version of com.google.android.gms.googlecertificates, version >= 4
12-12 13:15:33.540: W/ow.android_dem(5748): Unsupported class loader
12-12 13:15:33.561: W/ow.android_dem(5748): Skipping duplicate class check due to unsupported classloader
12-12 13:15:33.847: I/ViewInteraction(5748): Performing 'close keyboard' action on view with id: com.freenow.android_demo:id/edt_username
12-12 13:15:33.850: I/PhenotypeExpConfig(3007): refreshConfiguration() : Force = false : UpdateAvailable = false : Age = 27 minutes : MaxAge = 720 minutes
12-12 13:15:33.850: I/LatinIme(3007): abortComposing()
12-12 13:15:33.851: I/Delight5Decoder(3007): abortComposing() : input state id = 1761
12-12 13:15:33.851: I/LatinIme(3007): onDeactivate()
12-12 13:15:33.857: D/gralloc_ranchu(1649): gralloc_alloc: Creating ashmem region of size 40960
12-12 13:15:33.864: D/gralloc_ranchu(1649): gralloc_alloc: Creating ashmem region of size 40960
12-12 13:15:33.870: D/EGL_emulation(3007): eglMakeCurrent: 0xe9c96b20: ver 3 0 (tinfo 0xd6fb0bc0)
12-12 13:15:33.915: I/EventLogSendingHelper(3353): Sending log events.
12-12 13:15:33.958: I/WorkController(3353): WorkProxy is not enqueued because WorkController is disposed: WorkProxy{Name=context::j, WorkerId=context, id=a284d0c}
12-12 13:15:33.959: I/WorkController(3353): WorkProxy is not enqueued because WorkController is disposed: WorkProxy{Name=context::m, WorkerId=context, id=deaa655}
12-12 13:15:33.959: I/WorkController(3353): WorkProxy is not enqueued because WorkController is disposed: WorkProxy{Name=context::n, WorkerId=context, id=654e86a}
12-12 13:15:33.959: I/WorkController(3353): WorkProxy is not enqueued because WorkController is disposed: WorkProxy{Name=context::p, WorkerId=context, id=cf3715b}
12-12 13:15:33.965: D/EGL_emulation(2213): eglMakeCurrent: 0xeb4059c0: ver 3 0 (tinfo 0xeb403a50)
12-12 13:15:34.075: D/gralloc_ranchu(1866): gralloc_unregister_buffer: exiting HostConnection (is buffer-handling thread)
12-12 13:15:34.076: D/(1866): HostConnection::get() New Host Connection established 0xf02960c0, tid 1907
12-12 13:15:34.076: D/gralloc_ranchu(1866): gralloc_unregister_buffer: exiting HostConnection (is buffer-handling thread)
12-12 13:15:34.077: D/(1866): HostConnection::get() New Host Connection established 0xf02960c0, tid 1907
12-12 13:15:34.079: D/gralloc_ranchu(1866): gralloc_unregister_buffer: exiting HostConnection (is buffer-handling thread)
12-12 13:15:34.079: D/(1866): HostConnection::get() New Host Connection established 0xf02960c0, tid 1907
12-12 13:15:34.080: D/gralloc_ranchu(1866): gralloc_unregister_buffer: exiting HostConnection (is buffer-handling thread)
12-12 13:15:34.080: D/(1866): HostConnection::get() New Host Connection established 0xf02960c0, tid 1907
12-12 13:15:34.081: D/gralloc_ranchu(1866): gralloc_unregister_buffer: exiting HostConnection (is buffer-handling thread)
12-12 13:15:34.082: D/(1866): HostConnection::get() New Host Connection established 0xf02960c0, tid 1907
12-12 13:15:34.083: D/gralloc_ranchu(1866): gralloc_unregister_buffer: exiting HostConnection (is buffer-handling thread)
12-12 13:15:34.093: D/(1866): HostConnection::get() New Host Connection established 0xf02960c0, tid 1907
12-12 13:15:34.146: I/GnssLocationProvider(2008): WakeLock acquired by sendMessage(REPORT_SV_STATUS, 0, com.android.server.location.GnssLocationProvider$SvStatusInfo@d2dd968)
12-12 13:15:34.148: I/GnssLocationProvider(2008): WakeLock released by handleMessage(REPORT_SV_STATUS, 0, com.android.server.location.GnssLocationProvider$SvStatusInfo@d2dd968)
12-12 13:15:34.161: I/ViewInteraction(5748): Performing 'replace text' action on view with id: com.freenow.android_demo:id/edt_password
12-12 13:15:34.172: I/ViewInteraction(5748): Performing 'type text(venture)' action on view with id: com.freenow.android_demo:id/edt_password
12-12 13:15:34.240: I/DlamWrapper(3007): close(): Successfully wrote DLAM properties file.
12-12 13:15:34.241: I/PillNotificationLstnr(3007): maybeSetupPill()
12-12 13:15:34.252: I/AssistStructure(5748): Flattened final assist data: 2736 bytes, containing 1 windows, 9 views
12-12 13:15:34.257: I/EmojiDataExtension(3007): onActivate() : Locale = en_US
12-12 13:15:34.257: I/EmojiSuperpacksFeature(3007): Emoji superpacks enabled
12-12 13:15:34.257: I/FeatureCardGenerator(3007): Make a GIF card not added
12-12 13:15:34.259: I/FeatureCardGenerator(3007): Autospace card not added
12-12 13:15:34.260: I/FeatureCardNotice(3007): Feature card notice not shown: no cards to display
12-12 13:15:34.260: I/GifEntryExtension(3007): onActivate()
12-12 13:15:34.260: I/DevFeatureConfig(3007): Gif candidate disabled by Phenotype
12-12 13:15:34.260: I/Conv2QueryExtension(3007): isEnabled() : true
12-12 13:15:34.260: I/Conv2QueryExtension(3007): Current locale: en_US, config allows these locales: de,en,fr,it,es,pt
12-12 13:15:34.262: W/Conv2QueryExtension(3007): Conv2Query not enabled due to current app [com.freenow.android_demo] not in whitelist
12-12 13:15:34.262: W/Conv2QueryExtension(3007): onActivate() : Disabled by unsupported host app
12-12 13:15:34.262: I/AssistStructure(2008): Flattened final assist data: 2496 bytes, containing 1 windows, 9 views
12-12 13:15:34.262: W/VoiceImeTranscriptor(3007): UIME feature enabled: true
12-12 13:15:34.264: I/VoiceImeExtension(3007): Voice Extension onStartInputView() Mic status = [MicIconHidden-PasswordOrNumberOrDateInputType, ]
12-12 13:15:34.277: D/gralloc_ranchu(1649): gralloc_alloc: Creating ashmem region of size 40960
12-12 13:15:34.282: D/gralloc_ranchu(1649): gralloc_alloc: Creating ashmem region of size 16105472
12-12 13:15:34.287: D/gralloc_ranchu(1649): gralloc_alloc: Creating ashmem region of size 40960
12-12 13:15:34.291: I/PrimesMetrics(3007): Ignore memory metric of com.google.android.apps.inputmethod.libs.search.nativecard.FeatureCardNoticeExtension.
12-12 13:15:34.292: I/PrimesMetrics(3007): Ignore memory metric of com.google.android.apps.inputmethod.libs.search.gif.GifEntryPointCandidateExtension.
12-12 13:15:34.297: I/PrimesMetrics(3007): Ignore memory metric of com.google.android.apps.inputmethod.libs.pill.PillExtension.
12-12 13:15:34.300: D/gralloc_ranchu(1649): gralloc_alloc: Creating ashmem region of size 16105472
12-12 13:15:34.320: D/EGL_emulation(2213): eglMakeCurrent: 0xeb4059c0: ver 3 0 (tinfo 0xeb403a50)
12-12 13:15:34.322: D/gralloc_ranchu(1649): gralloc_alloc: Creating ashmem region of size 16105472
12-12 13:15:34.353: I/FeaturePermissions(3007): onSharedPreferenceChanged() : Key = latest_activation_time : Feature = null
12-12 13:15:34.381: D/EGL_emulation(3007): eglMakeCurrent: 0xe9c96b20: ver 3 0 (tinfo 0xd6fb0bc0)
12-12 13:15:34.484: D/UiControllerImpl(5748): Injecting string: "venture"
12-12 13:15:34.743: I/ViewInteraction(5748): Performing 'close keyboard' action on view with id: com.freenow.android_demo:id/edt_password
12-12 13:15:34.751: I/PhenotypeExpConfig(3007): refreshConfiguration() : Force = false : UpdateAvailable = false : Age = 27 minutes : MaxAge = 720 minutes
12-12 13:15:34.768: D/EGL_emulation(3007): eglMakeCurrent: 0xe9c96b20: ver 3 0 (tinfo 0xd6fb0bc0)
12-12 13:15:34.769: D/gralloc_ranchu(1649): gralloc_alloc: Creating ashmem region of size 40960
12-12 13:15:34.774: D/gralloc_ranchu(1823): gralloc_unregister_buffer: exiting HostConnection (is buffer-handling thread)
12-12 13:15:34.776: D/(1823): HostConnection::get() New Host Connection established 0xe2e6aa80, tid 2461
12-12 13:15:34.776: D/gralloc_ranchu(1823): gralloc_unregister_buffer: exiting HostConnection (is buffer-handling thread)
12-12 13:15:34.777: D/gralloc_ranchu(1649): gralloc_alloc: Creating ashmem region of size 40960
12-12 13:15:34.779: D/(1823): HostConnection::get() New Host Connection established 0xe2e6aa80, tid 2461
12-12 13:15:34.780: D/gralloc_ranchu(1823): gralloc_unregister_buffer: exiting HostConnection (is buffer-handling thread)
12-12 13:15:34.781: D/(1823): HostConnection::get() New Host Connection established 0xe2e6aa80, tid 2461
12-12 13:15:34.782: D/gralloc_ranchu(1823): gralloc_unregister_buffer: exiting HostConnection (is buffer-handling thread)
12-12 13:15:34.986: D/gralloc_ranchu(1866): gralloc_unregister_buffer: exiting HostConnection (is buffer-handling thread)
12-12 13:15:34.988: D/(1866): HostConnection::get() New Host Connection established 0xf02960c0, tid 1907
12-12 13:15:34.990: D/gralloc_ranchu(1866): gralloc_unregister_buffer: exiting HostConnection (is buffer-handling thread)
12-12 13:15:34.999: D/(1866): HostConnection::get() New Host Connection established 0xf02960c0, tid 1907
12-12 13:15:35.065: I/ViewInteraction(5748): Performing 'single click' action on view with id: com.freenow.android_demo:id/btn_login
12-12 13:15:35.113: D/Test(5748): Fetching user
12-12 13:15:35.122: W/audio_hw_generic(1639): Not supplying enough data to HAL, expected position 12186818 , only wrote 12186720
12-12 13:15:35.145: D/Test(5748): Got this path: /?seed=a1f30d446f820665
12-12 13:15:35.145: D/Test(5748): Responded with User
12-12 13:15:35.148: I/MockWebServer(5748): Received request: GET /?seed=a1f30d446f820665 HTTP/1.1 and responded: HTTP/1.1 200 OK
12-12 13:15:35.156: I/GnssLocationProvider(2008): WakeLock acquired by sendMessage(REPORT_SV_STATUS, 0, com.android.server.location.GnssLocationProvider$SvStatusInfo@95e6462)
12-12 13:15:35.157: I/GnssLocationProvider(2008): WakeLock released by handleMessage(REPORT_SV_STATUS, 0, com.android.server.location.GnssLocationProvider$SvStatusInfo@95e6462)
12-12 13:15:35.207: I/FRN(5748): Successful login with user: crazydog335
12-12 13:15:35.207: D/LifecycleMonitor(5748): Lifecycle status change: com.freenow.android_demo.activities.AuthenticationActivity@b53ff16 in: PAUSED
12-12 13:15:35.207: D/LifecycleMonitor(5748): running callback: android.support.test.rule.ActivityTestRule$LifecycleCallback@c97aa3
12-12 13:15:35.208: D/LifecycleMonitor(5748): callback completes: android.support.test.rule.ActivityTestRule$LifecycleCallback@c97aa3
12-12 13:15:35.267: D/LifecycleMonitor(5748): Lifecycle status change: com.freenow.android_demo.activities.MainActivity@e95803 in: RESTARTED
12-12 13:15:35.267: D/LifecycleMonitor(5748): running callback: android.support.test.rule.ActivityTestRule$LifecycleCallback@c97aa3
12-12 13:15:35.267: D/LifecycleMonitor(5748): callback completes: android.support.test.rule.ActivityTestRule$LifecycleCallback@c97aa3
12-12 13:15:35.272: D/gralloc_ranchu(1649): gralloc_alloc: Creating ashmem region of size 15138816
12-12 13:15:35.272: D/LifecycleMonitor(5748): Lifecycle status change: com.freenow.android_demo.activities.MainActivity@e95803 in: STARTED
12-12 13:15:35.272: D/LifecycleMonitor(5748): running callback: android.support.test.rule.ActivityTestRule$LifecycleCallback@c97aa3
12-12 13:15:35.272: D/LifecycleMonitor(5748): callback completes: android.support.test.rule.ActivityTestRule$LifecycleCallback@c97aa3
12-12 13:15:35.278: W/audio_hw_generic(1639): Hardware backing HAL too slow, could only write 0 of 720 frames
12-12 13:15:35.279: D/LifecycleMonitor(5748): Lifecycle status change: com.freenow.android_demo.activities.MainActivity@e95803 in: RESUMED
12-12 13:15:35.279: D/LifecycleMonitor(5748): running callback: android.support.test.rule.ActivityTestRule$LifecycleCallback@c97aa3
12-12 13:15:35.280: D/LifecycleMonitor(5748): callback completes: android.support.test.rule.ActivityTestRule$LifecycleCallback@c97aa3
12-12 13:15:35.291: W/audio_hw_generic(1639): Hardware backing HAL too slow, could only write 0 of 720 frames
12-12 13:15:35.309: D/EGL_emulation(5748): eglMakeCurrent: 0xe9c969a0: ver 1 0 (tinfo 0xeb4bbe40)
12-12 13:15:35.314: D/gralloc_ranchu(1649): gralloc_alloc: Creating ashmem region of size 15138816
12-12 13:15:35.335: W/audio_hw_generic(1639): Hardware backing HAL too slow, could only write 0 of 720 frames
12-12 13:15:35.353: D/gralloc_ranchu(1649): gralloc_alloc: Creating ashmem region of size 16592896
12-12 13:15:35.395: D/(1823): HostConnection::get() New Host Connection established 0xe2e72240, tid 2461
12-12 13:15:35.396: D/gralloc_ranchu(1649): gralloc_alloc: Creating ashmem region of size 16592896
12-12 13:15:35.424: D/gralloc_ranchu(1649): gralloc_alloc: Creating ashmem region of size 16592896
12-12 13:15:35.488: D/EGL_emulation(5748): eglMakeCurrent: 0xeb4060e0: ver 3 0 (tinfo 0xeb403c30)
12-12 13:15:35.523: D/EGL_emulation(5748): eglMakeCurrent: 0xeb4060e0: ver 3 0 (tinfo 0xeb403c30)
12-12 13:15:35.540: D/gralloc_ranchu(1649): gralloc_alloc: Creating ashmem region of size 15138816
12-12 13:15:35.603: I/GoogleInputMethod(3007): onStartInput() : Dummy InputConnection bound
12-12 13:15:35.608: D/EGL_emulation(5748): eglMakeCurrent: 0xeb4060e0: ver 3 0 (tinfo 0xeb403c30)
12-12 13:15:35.715: I/ViewInteraction(5748): Checking 'MatchesViewAssertion{viewMatcher=is displayed on the screen to the user}' assertion on view with id: com.freenow.android_demo:id/textSearch
12-12 13:15:35.739: W/ow.android_dem(5748): Accessing hidden field Landroid/app/Activity;->mResultCode:I (light greylist, reflection)
12-12 13:15:35.739: W/ow.android_dem(5748): Accessing hidden field Landroid/app/Activity;->mResultData:Landroid/content/Intent; (light greylist, reflection)
12-12 13:15:35.740: D/LifecycleMonitor(5748): Lifecycle status change: com.freenow.android_demo.activities.MainActivity@e95803 in: PAUSED
12-12 13:15:35.740: D/LifecycleMonitor(5748): running callback: android.support.test.rule.ActivityTestRule$LifecycleCallback@c97aa3
12-12 13:15:35.740: D/LifecycleMonitor(5748): callback completes: android.support.test.rule.ActivityTestRule$LifecycleCallback@c97aa3
12-12 13:15:34.271: D/AutofillUI(2008): destroySaveUiUiThread(): already destroyed
12-12 13:15:35.771: E/SchedPolicy(5748): set_timerslack_ns write failed: Operation not permitted
12-12 13:15:35.801: I/TestRunner(5748): finished: loginFlaky2(com.freenow.android_demo.tests.LoginTest)
