12-12 13:15:07.097: I/TestRunner(5289): started: login0(com.freenow.android_demo.tests.LoginTest)
12-12 13:15:07.100: I/MonitoringInstr(5289): Activities that are still in CREATED to STOPPED: 0
12-12 13:15:07.102: I/GrantPermissionCallable(5289): Permission: android.permission.ACCESS_FINE_LOCATION is already granted!
12-12 13:15:07.106: W/ActivityTestRule(5289): getActivityIntent() returned null using default: Intent(Intent.ACTION_MAIN)
12-12 13:15:07.111: I/ActivityManager(2008): START u0 {act=android.intent.action.MAIN flg=0x14000000 cmp=com.freenow.android_demo/.activities.MainActivity} from uid 10103
12-12 13:15:07.143: W/ActivityThread(5289): handleWindowVisibility: no activity for token android.os.BinderProxy@d61ea14
12-12 13:15:07.172: D/gralloc_ranchu(1649): gralloc_alloc: Creating ashmem region of size 16592896
12-12 13:15:07.183: D/LifecycleMonitor(5289): Lifecycle status change: com.freenow.android_demo.activities.MainActivity@e95803 in: PRE_ON_CREATE
12-12 13:15:07.195: I/Icing(1740): Indexing com.google.android.gms-apps from com.google.android.gms
12-12 13:15:07.196: I/Icing(1740): Indexing done com.google.android.gms-apps
12-12 13:15:07.206: D/(2008): HostConnection::get() New Host Connection established 0xd68ffa40, tid 2078
12-12 13:15:07.235: W/ow.android_dem(5289): Accessing hidden method Landroid/view/View;->computeFitSystemWindows(Landroid/graphics/Rect;Landroid/graphics/Rect;)Z (light greylist, reflection)
12-12 13:15:07.235: W/ow.android_dem(5289): Accessing hidden method Landroid/view/ViewGroup;->makeOptionalFitsSystemWindows()V (light greylist, reflection)
12-12 13:15:07.268: E/SurfaceFlinger(1823): ro.sf.lcd_density must be defined as a build property
12-12 13:15:07.287: I/OMXClient(5312): IOmx service obtained
12-12 13:15:07.289: I/OMXMaster(1838): makeComponentInstance(OMX.google.h264.encoder) in omx@1.0-service process
12-12 13:15:07.301: I/zzbz(5289): Making Creator dynamically
12-12 13:15:07.302: W/OMXUtils(5312): do not know color format 0x7f000789 = 2130708361
12-12 13:15:07.304: I/ACodec(5312): setupAVCEncoderParameters with [profile: Baseline] [level: Level41]
12-12 13:15:07.307: I/ACodec(5312): [OMX.google.h264.encoder] cannot encode color aspects. Ignoring.
12-12 13:15:07.307: I/ACodec(5312): [OMX.google.h264.encoder] cannot encode HDR static metadata. Ignoring.
12-12 13:15:07.308: I/ACodec(5312): setupVideoEncoder succeeded
12-12 13:15:07.309: W/ow.android_dem(5289): Unsupported class loader
12-12 13:15:07.309: W/OMXUtils(5312): do not know color format 0x7f000789 = 2130708361
12-12 13:15:07.309: E/OMXNodeInstance(1838): getConfig(0xe9526b40:google.h264.encoder, ConfigLatency(0x6f800005)) ERROR: Undefined(0x80001001)
12-12 13:15:07.310: E/OMXNodeInstance(1838): getConfig(0xe9526b40:google.h264.encoder, ConfigAndroidVendorExtension(0x6f100004)) ERROR: Undefined(0x80001001)
12-12 13:15:07.312: I/DynamiteModule(5289): Considering local module com.google.android.gms.maps_dynamite:0 and remote module com.google.android.gms.maps_dynamite:221
12-12 13:15:07.312: I/DynamiteModule(5289): Selected remote version of com.google.android.gms.maps_dynamite, version >= 221
12-12 13:15:07.313: D/GraphicBufferSource(1838): setting dataspace: 0x104, acquired=0
12-12 13:15:07.314: D/GraphicBufferSource(1838): requesting color aspects (R:2(Limited), P:1(BT709_5), M:1(BT709_5), T:3(SMPTE170M))
12-12 13:15:07.317: W/AshmemAllocator(1637): ashmem_create_region(12) returning hidl_memory(0xf459c180, 12)
12-12 13:15:07.339: W/AshmemAllocator(1637): ashmem_create_region(12) returning hidl_memory(0xf459c180, 12)
12-12 13:15:07.343: W/AshmemAllocator(1637): ashmem_create_region(3110400) returning hidl_memory(0xf459c180, 3110400)
12-12 13:15:07.345: W/AshmemAllocator(1637): ashmem_create_region(3110400) returning hidl_memory(0xf459c180, 3110400)
12-12 13:15:07.348: W/ow.android_dem(5289): Unsupported class loader
12-12 13:15:07.351: W/ow.android_dem(5289): Skipping duplicate class check due to unsupported classloader
12-12 13:15:07.351: D/SoftAVCEnc(1838): Params width 1440 height 2880 level 50 colorFormat 0
12-12 13:15:07.351: E/SoftAVCEnc(1838): Fill memory records failed = 0x192
12-12 13:15:07.351: E/SoftAVCEnc(1838): Failed to initialize encoder
12-12 13:15:07.352: D/SoftAVCEnc(1838): Params width 1440 height 2880 level 50 colorFormat 0
12-12 13:15:07.352: E/SoftAVCEnc(1838): Fill memory records failed = 0x192
12-12 13:15:07.352: E/SoftAVCEnc(1838): Failed to initialize encoder
12-12 13:15:07.352: E/ACodec(5312): [OMX.google.h264.encoder] ERROR(0x80001001)
12-12 13:15:07.352: E/ACodec(5312): signalError(omxError 0x80001001, internalError -2147483648)
12-12 13:15:07.352: E/ACodec(5312): [OMX.google.h264.encoder] ERROR(0x80001001)
12-12 13:15:07.352: E/ACodec(5312): signalError(omxError 0x80001001, internalError -2147483648)
12-12 13:15:07.352: E/ACodec(5312): [OMX.google.h264.encoder] ERROR(0x80001001)
12-12 13:15:07.352: E/ACodec(5312): signalError(omxError 0x80001001, internalError -2147483648)
12-12 13:15:07.352: E/ACodec(5312): [OMX.google.h264.encoder] ERROR(0x80001001)
12-12 13:15:07.350: W/Binder:1823_1(1823): type=1400 audit(0.0:119): avc: denied { call } for scontext=u:r:surfaceflinger:s0 tcontext=u:r:mediacodec:s0 tclass=binder permissive=0 b/77924251
12-12 13:15:07.352: E/ACodec(5312): signalError(omxError 0x80001001, internalError -2147483648)
12-12 13:15:07.353: E/MediaCodec(5312): Codec reported err 0x80001001, actionCode 0, while in state 6
12-12 13:15:07.354: E/MediaCodec(5312): Codec reported err 0x80001001, actionCode 0, while in state 0
12-12 13:15:07.354: I/chatty(5312): uid=2000(shell) screenrecord_lo identical 1 line
12-12 13:15:07.354: E/MediaCodec(5312): Codec reported err 0x80001001, actionCode 0, while in state 0
12-12 13:15:07.374: E/(1823): HpInterface: Wrong interface type.
12-12 13:15:07.386: I/Google Maps Android API(5289): Google Play services client version: 12451000
12-12 13:15:07.386: E/HWComposer(1823): getHdrCapabilities failed for display -1: Invalid display
12-12 13:15:07.389: W/GraphicBufferSource(1838): released unpopulated slots: [0, 1, 2, 3, 4, 5, 6, 7, 8, 9, 10, 11, 12, 13, 14, 15, 16, 17, 18, 19, 20, 21, 22, 23, 24, 25, 26, 27, 28, 29, 30, 31, 32, 33, 34, 35, 36, 37, 38, 39, 40, 41, 42, 43, 44, 45, 46, 47, 48, 49, 50, 51, 52, 53, 54, 55, 56, 57, 58, 59, 60, 61, 62, 63]
12-12 13:15:07.390: D/gralloc_ranchu(1649): gralloc_alloc: Creating ashmem region of size 16592896
12-12 13:15:07.397: I/Google Maps Android API(5289): Google Play services package version: 16089022
12-12 13:15:07.420: D/(1838): HostConnection::get() New Host Connection established 0xe7e1d200, tid 8655
12-12 13:15:07.431: D/(5312): HostConnection::get() New Host Connection established 0xec847e00, tid 5317
12-12 13:15:07.438: D/gralloc_ranchu(5312): gralloc_unregister_buffer: exiting HostConnection (is buffer-handling thread)
12-12 13:15:07.441: D/(5312): HostConnection::get() New Host Connection established 0xec847e00, tid 5317
12-12 13:15:07.441: D/gralloc_ranchu(5312): gralloc_unregister_buffer: exiting HostConnection (is buffer-handling thread)
12-12 13:15:07.443: E/HWComposer(1823): getSupportedPerFrameMetadata failed for display -1: Invalid display
12-12 13:15:07.445: D/EGL_emulation(1823): eglMakeCurrent: 0xeaf20a80: ver 3 0 (tinfo 0xeaf1c310)
12-12 13:15:07.449: E/MediaMuxer(5312): stop() is called in invalid state 1
12-12 13:15:07.452: D/gralloc_ranchu(1838): gralloc_unregister_buffer: exiting HostConnection (is buffer-handling thread)
12-12 13:15:07.455: D/(1838): HostConnection::get() New Host Connection established 0xe7e1d200, tid 8655
12-12 13:15:07.455: D/gralloc_ranchu(1838): gralloc_unregister_buffer: exiting HostConnection (is buffer-handling thread)
12-12 13:15:07.458: D/ScreenRecord(5312): failed
12-12 13:15:07.460: E/BufferQueueProducer(1838): [GraphicBufferSource] queueBuffer: BufferQueue has been abandoned
12-12 13:15:07.461: E/Surface(1823): queueBuffer: error queuing buffer to SurfaceTexture, -19
12-12 13:15:07.461: E/BufferQueueProducer(1838): [GraphicBufferSource] dequeueBuffer: BufferQueue has been abandoned
12-12 13:15:07.461: E/media.codec(1838): TWGraphicBufferProducer::dequeueBuffer - Invalid output fence
12-12 13:15:07.462: E/EGL_emulation(1823): tid 1823: swapBuffers(552): error 0x300d (EGL_BAD_SURFACE)
12-12 13:15:07.462: E/SurfaceFlinger(1823): eglSwapBuffers(0x1, 0xe2dc81e0) failed with 0x0000300d
12-12 13:15:07.463: D/EGL_emulation(1823): eglMakeCurrent: 0xeaf20a80: ver 3 0 (tinfo 0xeaf1c310)
12-12 13:15:07.475: D/EGL_emulation(1823): eglMakeCurrent: 0xeaf20a80: ver 3 0 (tinfo 0xeaf1c310)
12-12 13:15:07.478: E/HWComposer(1823): getLayerReleaseFence failed for display -1: Invalid display
12-12 13:15:07.478: I/chatty(1823): uid=1000(system) /system/bin/surfaceflinger identical 3 lines
12-12 13:15:07.478: E/HWComposer(1823): getLayerReleaseFence failed for display -1: Invalid display
12-12 13:15:07.479: D/EGL_emulation(1823): eglMakeCurrent: 0xeaf20a80: ver 3 0 (tinfo 0xeaf1c310)
12-12 13:15:07.481: W/libEGL(1823): EGLNativeWindowType 0xe2e8b808 disconnect failed
12-12 13:15:07.504: W/ow.android_dem(5289): Accessing hidden field Ljava/nio/Buffer;->address:J (light greylist, reflection)
12-12 13:15:07.561: D/gralloc_ranchu(1866): gralloc_unregister_buffer: exiting HostConnection (is buffer-handling thread)
12-12 13:15:07.561: D/(1866): HostConnection::get() New Host Connection established 0xf17bc1c0, tid 3226
12-12 13:15:07.562: D/gralloc_ranchu(1866): gralloc_unregister_buffer: exiting HostConnection (is buffer-handling thread)
12-12 13:15:07.562: D/EGL_emulation(3385): eglMakeCurrent: 0xd8372c00: ver 3 0 (tinfo 0xd7d1d030)
12-12 13:15:07.563: D/EGL_emulation(2213): eglMakeCurrent: 0xeb4059c0: ver 3 0 (tinfo 0xeb403a50)
12-12 13:15:07.563: D/(1866): HostConnection::get() New Host Connection established 0xf17bc1c0, tid 3226
12-12 13:15:07.564: D/gralloc_ranchu(1866): gralloc_unregister_buffer: exiting HostConnection (is buffer-handling thread)
12-12 13:15:07.564: D/(1866): HostConnection::get() New Host Connection established 0xf17bc1c0, tid 3226
12-12 13:15:07.564: D/gralloc_ranchu(1866): gralloc_unregister_buffer: exiting HostConnection (is buffer-handling thread)
12-12 13:15:07.565: D/(1866): HostConnection::get() New Host Connection established 0xf17bc1c0, tid 3226
12-12 13:15:07.565: D/gralloc_ranchu(1866): gralloc_unregister_buffer: exiting HostConnection (is buffer-handling thread)
12-12 13:15:07.565: D/(1866): HostConnection::get() New Host Connection established 0xf17bc1c0, tid 3226
12-12 13:15:07.566: D/gralloc_ranchu(1866): gralloc_unregister_buffer: exiting HostConnection (is buffer-handling thread)
12-12 13:15:07.566: D/(1866): HostConnection::get() New Host Connection established 0xf17bc1c0, tid 3226
12-12 13:15:07.566: D/gralloc_ranchu(1866): gralloc_unregister_buffer: exiting HostConnection (is buffer-handling thread)
12-12 13:15:07.567: D/(1866): HostConnection::get() New Host Connection established 0xf17bc1c0, tid 3226
12-12 13:15:07.567: D/gralloc_ranchu(1866): gralloc_unregister_buffer: exiting HostConnection (is buffer-handling thread)
12-12 13:15:07.569: D/EGL_emulation(3353): eglMakeCurrent: 0xeb406260: ver 3 0 (tinfo 0xeb403d00)
12-12 13:15:07.573: D/gralloc_ranchu(1823): gralloc_unregister_buffer: exiting HostConnection (is buffer-handling thread)
12-12 13:15:07.574: D/(1866): HostConnection::get() New Host Connection established 0xf17bc240, tid 3226
12-12 13:15:07.574: D/(1823): HostConnection::get() New Host Connection established 0xea898640, tid 1853
12-12 13:15:07.574: D/gralloc_ranchu(1823): gralloc_unregister_buffer: exiting HostConnection (is buffer-handling thread)
12-12 13:15:07.574: D/(1823): HostConnection::get() New Host Connection established 0xea898640, tid 1853
12-12 13:15:07.576: D/EGL_emulation(2213): eglMakeCurrent: 0xeb4059c0: ver 3 0 (tinfo 0xeb403a50)
12-12 13:15:07.577: D/gralloc_ranchu(1823): gralloc_unregister_buffer: exiting HostConnection (is buffer-handling thread)
12-12 13:15:07.577: D/(1823): HostConnection::get() New Host Connection established 0xea898640, tid 1853
12-12 13:15:07.577: D/gralloc_ranchu(1823): gralloc_unregister_buffer: exiting HostConnection (is buffer-handling thread)
12-12 13:15:07.585: D/EGL_emulation(2213): eglMakeCurrent: 0xeb4059c0: ver 3 0 (tinfo 0xeb403a50)
12-12 13:15:07.833: V/BackupManagerConstants(2008): getFullBackupRequiredNetworkType(...) returns 2
12-12 13:15:07.833: V/BackupManagerConstants(2008): getFullBackupRequireCharging(...) returns true
12-12 13:15:07.933: W/ow.android_dem(5289): Accessing hidden method Lcom/android/org/conscrypt/OpenSSLSocketImpl;->setUseSessionTickets(Z)V (light greylist, reflection)
12-12 13:15:07.934: W/ow.android_dem(5289): Accessing hidden method Lcom/android/org/conscrypt/OpenSSLSocketImpl;->setHostname(Ljava/lang/String;)V (light greylist, reflection)
12-12 13:15:07.934: W/ow.android_dem(5289): Accessing hidden method Lcom/android/org/conscrypt/OpenSSLSocketImpl;->getAlpnSelectedProtocol()[B (light greylist, reflection)
12-12 13:15:07.934: W/ow.android_dem(5289): Accessing hidden method Lcom/android/org/conscrypt/OpenSSLSocketImpl;->setAlpnProtocols([B)V (light greylist, reflection)
12-12 13:15:07.950: W/ow.android_dem(5289): Accessing hidden method Ldalvik/system/CloseGuard;->get()Ldalvik/system/CloseGuard; (light greylist, reflection)
12-12 13:15:07.950: W/ow.android_dem(5289): Accessing hidden method Ldalvik/system/CloseGuard;->open(Ljava/lang/String;)V (light greylist, reflection)
12-12 13:15:07.951: W/ow.android_dem(5289): Accessing hidden method Ldalvik/system/CloseGuard;->warnIfOpen()V (light greylist, reflection)
12-12 13:15:07.951: D/NetworkSecurityConfig(5289): No Network Security Config specified, using platform default
12-12 13:15:07.994: D/Test(5289): Fetching drivers
12-12 13:15:08.016: D/LifecycleMonitor(5289): Lifecycle status change: com.freenow.android_demo.activities.MainActivity@e95803 in: CREATED
12-12 13:15:08.029: D/LifecycleMonitor(5289): Lifecycle status change: com.freenow.android_demo.activities.MainActivity@e95803 in: STARTED
12-12 13:15:08.033: I/ActivityManager(2008): START u0 {cmp=com.freenow.android_demo/.activities.AuthenticationActivity} from uid 10103
12-12 13:15:08.041: W/System.err(5289): java.net.ConnectException: Failed to connect to localhost/127.0.0.1:8080
12-12 13:15:08.042: W/System.err(5289): 	at okhttp3.internal.connection.RealConnection.connectSocket(RealConnection.kt:270)
12-12 13:15:08.042: W/System.err(5289): 	at okhttp3.internal.connection.RealConnection.connect(RealConnection.kt:176)
12-12 13:15:08.042: W/System.err(5289): 	at okhttp3.internal.connection.ExchangeFinder.findConnection(ExchangeFinder.kt:236)
12-12 13:15:08.042: W/System.err(5289): 	at okhttp3.internal.connection.ExchangeFinder.findHealthyConnection(ExchangeFinder.kt:109)
12-12 13:15:08.042: W/System.err(5289): 	at okhttp3.internal.connection.ExchangeFinder.find(ExchangeFinder.kt:77)
12-12 13:15:08.042: W/System.err(5289): 	at okhttp3.internal.connection.Transmitter.newExchange$okhttp(Transmitter.kt:162)
12-12 13:15:08.042: W/System.err(5289): 	at okhttp3.internal.connection.ConnectInterceptor.intercept(ConnectInterceptor.kt:35)
12-12 13:15:08.042: W/System.err(5289): 	at okhttp3.internal.http.RealInterceptorChain.proceed(RealInterceptorChain.kt:112)
12-12 13:15:08.042: W/System.err(5289): 	at okhttp3.internal.http.RealInterceptorChain.proceed(RealInterceptorChain.kt:87)
12-12 13:15:08.043: W/System.err(5289): 	at okhttp3.internal.cache.CacheInterceptor.intercept(CacheInterceptor.kt:82)
12-12 13:15:08.043: W/System.err(5289): 	at okhttp3.internal.http.RealInterceptorChain.proceed(RealInterceptorChain.kt:112)
12-12 13:15:08.043: W/System.err(5289): 	at okhttp3.internal.http.RealInterceptorChain.proceed(RealInterceptorChain.kt:87)
12-12 13:15:08.043: W/System.err(5289): 	at okhttp3.internal.http.BridgeInterceptor.intercept(BridgeInterceptor.kt:84)
12-12 13:15:08.043: W/System.err(5289): 	at okhttp3.internal.http.RealInterceptorChain.proceed(RealInterceptorChain.kt:112)
12-12 13:15:08.043: W/System.err(5289): 	at okhttp3.internal.http.RetryAndFollowUpInterceptor.intercept(RetryAndFollowUpInterceptor.kt:71)
12-12 13:15:08.043: W/System.err(5289): 	at okhttp3.internal.http.RealInterceptorChain.proceed(RealInterceptorChain.kt:112)
12-12 13:15:08.043: W/System.err(5289): 	at okhttp3.internal.http.RealInterceptorChain.proceed(RealInterceptorChain.kt:87)
12-12 13:15:08.043: W/System.err(5289): 	at net.rafaeltoledo.okir.OkHttp3IdlingResource.intercept(OkHttp3IdlingResource.java:39)
12-12 13:15:08.044: W/System.err(5289): 	at okhttp3.internal.http.RealInterceptorChain.proceed(RealInterceptorChain.kt:112)
12-12 13:15:08.044: W/System.err(5289): 	at okhttp3.internal.http.RealInterceptorChain.proceed(RealInterceptorChain.kt:87)
12-12 13:15:08.044: W/System.err(5289): 	at okhttp3.RealCall.getResponseWithInterceptorChain(RealCall.kt:184)
12-12 13:15:08.044: W/System.err(5289): 	at okhttp3.RealCall$AsyncCall.run(RealCall.kt:136)
12-12 13:15:08.044: W/System.err(5289): 	at java.util.concurrent.ThreadPoolExecutor.runWorker(ThreadPoolExecutor.java:1167)
12-12 13:15:08.045: W/System.err(5289): 	at java.util.concurrent.ThreadPoolExecutor$Worker.run(ThreadPoolExecutor.java:641)
12-12 13:15:08.045: W/System.err(5289): 	at java.lang.Thread.run(Thread.java:764)
12-12 13:15:08.045: W/System.err(5289): Caused by: java.net.ConnectException: failed to connect to localhost/127.0.0.1 (port 8080) from /127.0.0.1 (port 54946) after 10000ms: isConnected failed: ECONNREFUSED (Connection refused)
12-12 13:15:08.045: W/System.err(5289): 	at libcore.io.IoBridge.isConnected(IoBridge.java:278)
12-12 13:15:08.045: W/System.err(5289): 	at libcore.io.IoBridge.connectErrno(IoBridge.java:187)
12-12 13:15:08.045: W/System.err(5289): 	at libcore.io.IoBridge.connect(IoBridge.java:129)
12-12 13:15:08.045: W/System.err(5289): 	at java.net.PlainSocketImpl.socketConnect(PlainSocketImpl.java:137)
12-12 13:15:08.045: W/System.err(5289): 	at java.net.AbstractPlainSocketImpl.doConnect(AbstractPlainSocketImpl.java:390)
12-12 13:15:08.045: W/System.err(5289): 	at java.net.AbstractPlainSocketImpl.connectToAddress(AbstractPlainSocketImpl.java:230)
12-12 13:15:08.045: W/System.err(5289): 	at java.net.AbstractPlainSocketImpl.connect(AbstractPlainSocketImpl.java:212)
12-12 13:15:08.045: W/System.err(5289): 	at java.net.SocksSocketImpl.connect(SocksSocketImpl.java:436)
12-12 13:15:08.046: W/System.err(5289): 	at java.net.Socket.connect(Socket.java:621)
12-12 13:15:08.046: W/System.err(5289): 	at okhttp3.internal.platform.AndroidPlatform.connectSocket(AndroidPlatform.kt:58)
12-12 13:15:08.046: W/System.err(5289): 	at okhttp3.internal.connection.RealConnection.connectSocket(RealConnection.kt:268)
12-12 13:15:08.046: W/System.err(5289): 	... 24 more
12-12 13:15:08.046: W/System.err(5289): Caused by: android.system.ErrnoException: isConnected failed: ECONNREFUSED (Connection refused)
12-12 13:15:08.047: W/System.err(5289): 	at libcore.io.IoBridge.isConnected(IoBridge.java:267)
12-12 13:15:08.047: W/System.err(5289): 	... 34 more
12-12 13:15:08.049: D/LifecycleMonitor(5289): Lifecycle status change: com.freenow.android_demo.activities.MainActivity@e95803 in: RESUMED
12-12 13:15:08.050: D/OpenGLRenderer(5289): Skia GL Pipeline
12-12 13:15:08.053: I/GnssLocationProvider(2008): WakeLock acquired by sendMessage(REPORT_SV_STATUS, 0, com.android.server.location.GnssLocationProvider$SvStatusInfo@7b7a4dc)
12-12 13:15:08.053: I/GnssLocationProvider(2008): WakeLock released by handleMessage(REPORT_SV_STATUS, 0, com.android.server.location.GnssLocationProvider$SvStatusInfo@7b7a4dc)
12-12 13:15:08.063: E/SurfaceFlinger(1823): ro.sf.lcd_density must be defined as a build property
12-12 13:15:08.090: D/LifecycleMonitor(5289): Lifecycle status change: com.freenow.android_demo.activities.MainActivity@e95803 in: PAUSED
12-12 13:15:08.119: W/GCoreFlp(2182): No location to return for getLastLocation()
12-12 13:15:08.155: D/gralloc_ranchu(1649): gralloc_alloc: Creating ashmem region of size 16592896
12-12 13:15:08.156: D/(5289): HostConnection::get() New Host Connection established 0xeb49fb80, tid 5357
12-12 13:15:08.162: I/ConfigStore(5289): android::hardware::configstore::V1_0::ISurfaceFlingerConfigs::hasWideColorDisplay retrieved: 0
12-12 13:15:08.162: I/ConfigStore(5289): android::hardware::configstore::V1_0::ISurfaceFlingerConfigs::hasHDRDisplay retrieved: 0
12-12 13:15:08.162: I/OpenGLRenderer(5289): Initialized EGL, version 1.4
12-12 13:15:08.162: D/OpenGLRenderer(5289): Swap behavior 1
12-12 13:15:08.163: W/OpenGLRenderer(5289): Failed to choose config with EGL_SWAP_BEHAVIOR_PRESERVED, retrying without...
12-12 13:15:08.163: D/OpenGLRenderer(5289): Swap behavior 0
12-12 13:15:08.183: D/(1823): HostConnection::get() New Host Connection established 0xe2e6a1c0, tid 2106
12-12 13:15:08.184: D/EGL_emulation(5289): eglCreateContext: 0xe9c2a940: maj 3 min 0 rcv 3
12-12 13:15:08.184: D/gralloc_ranchu(1649): gralloc_alloc: Creating ashmem region of size 16592896
12-12 13:15:08.210: D/gralloc_ranchu(1649): gralloc_alloc: Creating ashmem region of size 16592896
12-12 13:15:08.210: D/EGL_emulation(5289): eglMakeCurrent: 0xe9c2a940: ver 3 0 (tinfo 0xeb4de6a0)
12-12 13:15:08.215: E/SurfaceFlinger(1823): ro.sf.lcd_density must be defined as a build property
12-12 13:15:08.232: E/Google Maps Android API(5289): Authorization failure.  Please see https://developers.google.com/maps/documentation/android-api/start for how to correctly set up the map.
12-12 13:15:08.235: E/Google Maps Android API(5289): In the Google Developer Console (https://console.developers.google.com)
12-12 13:15:08.235: E/Google Maps Android API(5289): Ensure that the "Google Maps Android API v2" is enabled.
12-12 13:15:08.235: E/Google Maps Android API(5289): Ensure that the following Android Key exists:
12-12 13:15:08.235: E/Google Maps Android API(5289): 	API Key: YOUR_KEY_HERE
12-12 13:15:08.235: E/Google Maps Android API(5289): 	Android Application (<cert_fingerprint>;<package_name>): 13:4F:1D:E7:E0:35:AB:D2:C4:2A:F3:B6:01:50:7C:4E:34:5F:5D:B1;com.freenow.android_demo
12-12 13:15:08.263: W/ow.android_dem(5289): Accessing hidden field Landroid/view/View;->mAccessibilityDelegate:Landroid/view/View$AccessibilityDelegate; (light greylist, reflection)
12-12 13:15:08.282: W/ActivityThread(5289): handleWindowVisibility: no activity for token android.os.BinderProxy@1a963bb
12-12 13:15:08.286: D/LifecycleMonitor(5289): Lifecycle status change: com.freenow.android_demo.activities.AuthenticationActivity@b53ff16 in: PRE_ON_CREATE
12-12 13:15:08.339: I/TextInputLayout(5289): EditText added is not a TextInputEditText. Please switch to using that class instead.
12-12 13:15:08.352: I/TextInputLayout(5289): EditText added is not a TextInputEditText. Please switch to using that class instead.
12-12 13:15:08.359: D/LifecycleMonitor(5289): Lifecycle status change: com.freenow.android_demo.activities.AuthenticationActivity@b53ff16 in: CREATED
12-12 13:15:08.363: D/LifecycleMonitor(5289): Lifecycle status change: com.freenow.android_demo.activities.AuthenticationActivity@b53ff16 in: STARTED
12-12 13:15:08.363: D/LifecycleMonitor(5289): Lifecycle status change: com.freenow.android_demo.activities.AuthenticationActivity@b53ff16 in: RESUMED
12-12 13:15:08.395: D/(5289): HostConnection::get() New Host Connection established 0xd5f310c0, tid 5351
12-12 13:15:08.396: D/EGL_emulation(5289): eglMakeCurrent: 0xe9c2a940: ver 3 0 (tinfo 0xeb4de6a0)
12-12 13:15:08.397: D/EGL_emulation(5289): eglCreateContext: 0xeb406020: maj 1 min 0 rcv 1
12-12 13:15:08.398: D/gralloc_ranchu(1649): gralloc_alloc: Creating ashmem region of size 15138816
12-12 13:15:08.429: D/EGL_emulation(5289): eglMakeCurrent: 0xeb406020: ver 1 0 (tinfo 0xeb4039e0)
12-12 13:15:08.522: D/gralloc_ranchu(1649): gralloc_alloc: Creating ashmem region of size 16592896
12-12 13:15:08.564: V/BackupManagerConstants(2008): getFullBackupRequiredNetworkType(...) returns 2
12-12 13:15:08.564: V/BackupManagerConstants(2008): getFullBackupRequireCharging(...) returns true
12-12 13:15:08.542: I/chatty(1649): uid=1000(system) HwBinder:1649_1 identical 1 line
12-12 13:15:08.573: D/gralloc_ranchu(1649): gralloc_alloc: Creating ashmem region of size 16592896
12-12 13:15:08.574: D/gralloc_ranchu(1649): gralloc_alloc: Creating ashmem region of size 15138816
12-12 13:15:08.687: D/EGL_emulation(5289): eglMakeCurrent: 0xe9c2a940: ver 3 0 (tinfo 0xeb4de6a0)
12-12 13:15:08.714: I/ActivityManager(2008): Displayed com.freenow.android_demo/.activities.AuthenticationActivity: +615ms (total +1s567ms)
12-12 13:15:08.721: I/GoogleInputMethod(3007): onFinishInput() : Dummy InputConnection bound
12-12 13:15:08.726: I/AssistStructure(5289): Flattened final assist data: 2696 bytes, containing 1 windows, 9 views
12-12 13:15:08.735: I/AssistStructure(2008): Flattened final assist data: 2496 bytes, containing 1 windows, 9 views
12-12 13:15:08.738: D/AutofillUI(2008): destroySaveUiUiThread(): already destroyed
12-12 13:15:08.741: D/gralloc_ranchu(1823): gralloc_unregister_buffer: exiting HostConnection (is buffer-handling thread)
12-12 13:15:08.742: D/(1823): HostConnection::get() New Host Connection established 0xe2e6a1c0, tid 2106
12-12 13:15:08.742: D/gralloc_ranchu(1823): gralloc_unregister_buffer: exiting HostConnection (is buffer-handling thread)
12-12 13:15:08.743: D/(1823): HostConnection::get() New Host Connection established 0xe2e6a1c0, tid 2106
12-12 13:15:08.743: D/gralloc_ranchu(1823): gralloc_unregister_buffer: exiting HostConnection (is buffer-handling thread)
12-12 13:15:08.745: D/(1823): HostConnection::get() New Host Connection established 0xe2e6a1c0, tid 2106
12-12 13:15:08.745: D/gralloc_ranchu(1823): gralloc_unregister_buffer: exiting HostConnection (is buffer-handling thread)
12-12 13:15:08.771: D/LifecycleMonitor(5289): Lifecycle status change: com.freenow.android_demo.activities.MainActivity@e95803 in: STOPPED
12-12 13:15:08.771: D/LifecycleMonitor(5289): running callback: android.support.test.rule.ActivityTestRule$LifecycleCallback@b6b7159
12-12 13:15:08.771: D/LifecycleMonitor(5289): callback completes: android.support.test.rule.ActivityTestRule$LifecycleCallback@b6b7159
12-12 13:15:08.782: D/InputManagerEventInjectionStrategy(5289): Creating injection strategy with input manager.
12-12 13:15:08.782: W/ow.android_dem(5289): Accessing hidden method Landroid/hardware/input/InputManager;->getInstance()Landroid/hardware/input/InputManager; (light greylist, reflection)
12-12 13:15:08.782: W/ow.android_dem(5289): Accessing hidden method Landroid/hardware/input/InputManager;->injectInputEvent(Landroid/view/InputEvent;I)Z (light greylist, reflection)
12-12 13:15:08.782: W/ow.android_dem(5289): Accessing hidden field Landroid/hardware/input/InputManager;->INJECT_INPUT_EVENT_MODE_WAIT_FOR_FINISH:I (light greylist, reflection)
12-12 13:15:08.783: W/SurfaceFlinger(1823): couldn't log to binary event log: overflow.
12-12 13:15:08.784: W/SurfaceFlinger(1823): couldn't log to binary event log: overflow.
12-12 13:15:08.792: W/ow.android_dem(5289): Accessing hidden method Landroid/os/MessageQueue;->next()Landroid/os/Message; (light greylist, reflection)
12-12 13:15:08.792: W/ow.android_dem(5289): Accessing hidden field Landroid/os/MessageQueue;->mMessages:Landroid/os/Message; (light greylist, reflection)
12-12 13:15:08.792: W/ow.android_dem(5289): Accessing hidden method Landroid/os/Message;->recycleUnchecked()V (light greylist, reflection)
12-12 13:15:08.795: W/ow.android_dem(5289): Accessing hidden method Landroid/view/WindowManagerGlobal;->getInstance()Landroid/view/WindowManagerGlobal; (light greylist, reflection)
12-12 13:15:08.795: W/ow.android_dem(5289): Accessing hidden field Landroid/view/WindowManagerGlobal;->mViews:Ljava/util/ArrayList; (light greylist, reflection)
12-12 13:15:08.795: W/ow.android_dem(5289): Accessing hidden field Landroid/view/WindowManagerGlobal;->mParams:Ljava/util/ArrayList; (light greylist, reflection)
12-12 13:15:08.798: I/ViewInteraction(5289): Performing 'replace text' action on view with id: com.freenow.android_demo:id/edt_username
12-12 13:15:08.817: I/ViewInteraction(5289): Performing 'type text(crazydog335)' action on view with id: com.freenow.android_demo:id/edt_username
12-12 13:15:08.823: W/ow.android_dem(5289): Accessing hidden method Landroid/view/ViewConfiguration;->getDoubleTapMinTime()I (light greylist, reflection)
12-12 13:15:08.839: I/droid.apps.doc(5202): The ClassLoaderContext is a special shared library.
12-12 13:15:08.842: I/chatty(5202): uid=10061(com.google.android.apps.docs) TaskSchedulerLo identical 2 lines
12-12 13:15:08.845: I/droid.apps.doc(5202): The ClassLoaderContext is a special shared library.
12-12 13:15:08.849: V/NativeCrypto(5202): Registering com/google/android/gms/org/conscrypt/NativeCrypto's 284 native methods...
12-12 13:15:08.862: D/NetworkSecurityConfig(5202): No Network Security Config specified, using platform default
12-12 13:15:08.864: I/ProviderInstaller(5202): Installed default security provider GmsCore_OpenSSL
12-12 13:15:08.882: I/LatinIme(3007): initialize() : Language = en-US
12-12 13:15:08.883: I/Delight5Facilitator(3007): initializeForIme() : Locale = [en_US]
12-12 13:15:08.883: I/Delight5Facilitator(3007): initializeForIme() : Locale == CurrentLocale
12-12 13:15:08.883: I/EmojiSuperpacksFeature(3007): Emoji superpacks enabled
12-12 13:15:08.883: I/LatinIme(3007): onActivate() : EditorInfo = Package = com.freenow.android_demo : Type = Text : Learning = Disable : Suggestion = Hide : AutoCorrection = Disable : Microphone = Show : Incognito = Disable
12-12 13:15:08.897: D/gralloc_ranchu(2008): gralloc_unregister_buffer: exiting HostConnection (is buffer-handling thread)
12-12 13:15:08.898: D/(2008): HostConnection::get() New Host Connection established 0xd68ffa40, tid 2078
12-12 13:15:08.899: D/gralloc_ranchu(2008): gralloc_unregister_buffer: exiting HostConnection (is buffer-handling thread)
12-12 13:15:08.899: W/SurfaceFlinger(1823): Attempting to set client state on removed layer: Splash Screen com.freenow.android_demo#0
12-12 13:15:08.899: W/SurfaceFlinger(1823): Attempting to destroy on removed layer: Splash Screen com.freenow.android_demo#0
12-12 13:15:08.900: I/InputContext(3007): input context reset success: true error: 0 input_state_id 1663
12-12 13:15:08.902: I/PillNotificationLstnr(3007): maybeSetupPill()
12-12 13:15:08.908: I/StreamRenderer(3353): cleanUpRendererScope(nowcards-28315632497479490)
12-12 13:15:08.912: D/gralloc_ranchu(1866): gralloc_unregister_buffer: exiting HostConnection (is buffer-handling thread)
12-12 13:15:08.912: D/(1866): HostConnection::get() New Host Connection established 0xf17bc240, tid 3226
12-12 13:15:08.913: D/gralloc_ranchu(1866): gralloc_unregister_buffer: exiting HostConnection (is buffer-handling thread)
12-12 13:15:08.920: W/VoiceImeTranscriptor(3007): UIME feature enabled: true
12-12 13:15:08.922: D/(1866): HostConnection::get() New Host Connection established 0xf17bc240, tid 3226
12-12 13:15:08.927: I/LatinMotionHandler(3007): consumeEvent() : GestureTypingEnabled = true
12-12 13:15:08.928: I/EmojiDataExtension(3007): onActivate() : Locale = en_US
12-12 13:15:08.929: I/EmojiSuperpacksFeature(3007): Emoji superpacks enabled
12-12 13:15:08.930: I/FeatureCardGenerator(3007): Make a GIF card not added
12-12 13:15:08.931: I/FeatureCardGenerator(3007): Autospace card not added
12-12 13:15:08.931: I/FeatureCardNotice(3007): Feature card notice not shown: no cards to display
12-12 13:15:08.931: I/GifEntryExtension(3007): onActivate()
12-12 13:15:08.931: I/DevFeatureConfig(3007): Gif candidate disabled by Phenotype
12-12 13:15:08.931: I/Conv2QueryExtension(3007): isEnabled() : true
12-12 13:15:08.931: I/Conv2QueryExtension(3007): Current locale: en_US, config allows these locales: de,en,fr,it,es,pt
12-12 13:15:08.932: W/Conv2QueryExtension(3007): Conv2Query not enabled due to current app [com.freenow.android_demo] not in whitelist
12-12 13:15:08.932: W/Conv2QueryExtension(3007): onActivate() : Disabled by unsupported host app
12-12 13:15:08.932: W/VoiceImeTranscriptor(3007): UIME feature enabled: true
12-12 13:15:08.932: I/VoiceImeExtension(3007): Voice Extension onStartInputView() Mic status = [MicIconAvailable]
12-12 13:15:08.932: I/PrimesMetrics(3007): Ignore memory metric of com.google.android.apps.inputmethod.libs.search.nativecard.FeatureCardNoticeExtension.
12-12 13:15:08.932: I/PrimesMetrics(3007): Ignore memory metric of com.google.android.apps.inputmethod.libs.search.gif.GifEntryPointCandidateExtension.
12-12 13:15:08.932: I/PrimesMetrics(3007): Ignore memory metric of com.google.android.apps.inputmethod.libs.pill.PillExtension.
12-12 13:15:08.938: W/SearchService(3353): Abort, client detached.
12-12 13:15:08.939: I/PBSessionCacheImpl(3353): Deleted sessionId[153200475077] from persistence.
12-12 13:15:08.940: I/StreamController(3353): cleanUpControllerScope(nowcards-28315632497479490)
12-12 13:15:08.941: D/gralloc_ranchu(1649): gralloc_alloc: Creating ashmem region of size 16105472
12-12 13:15:08.963: I/WorkController(3353): WorkProxy is not enqueued because WorkController is disposed: WorkProxy{Name=context::j, WorkerId=context, id=e896b62}
12-12 13:15:08.964: I/WorkController(3353): WorkProxy is not enqueued because WorkController is disposed: WorkProxy{Name=context::m, WorkerId=context, id=f06c4f3}
12-12 13:15:08.964: I/WorkController(3353): WorkProxy is not enqueued because WorkController is disposed: WorkProxy{Name=context::n, WorkerId=context, id=cd615b0}
12-12 13:15:08.964: I/WorkController(3353): WorkProxy is not enqueued because WorkController is disposed: WorkProxy{Name=context::p, WorkerId=context, id=7e30c29}
12-12 13:15:08.975: D/(1823): HostConnection::get() New Host Connection established 0xe2e6a1c0, tid 2106
12-12 13:15:08.976: D/gralloc_ranchu(1649): gralloc_alloc: Creating ashmem region of size 16105472
12-12 13:15:08.996: D/gralloc_ranchu(1649): gralloc_alloc: Creating ashmem region of size 16105472
12-12 13:15:09.016: D/gralloc_ranchu(1649): gralloc_alloc: Creating ashmem region of size 40960
12-12 13:15:09.029: D/gralloc_ranchu(1649): gralloc_alloc: Creating ashmem region of size 40960
12-12 13:15:09.032: I/FeaturePermissions(3007): onSharedPreferenceChanged() : Key = latest_activation_time : Feature = null
12-12 13:15:09.046: D/EGL_emulation(3007): eglMakeCurrent: 0xe9c96b20: ver 3 0 (tinfo 0xd6fb0bc0)
12-12 13:15:09.056: I/GnssLocationProvider(2008): WakeLock acquired by sendMessage(REPORT_SV_STATUS, 0, com.android.server.location.GnssLocationProvider$SvStatusInfo@97419be)
12-12 13:15:09.056: I/GnssLocationProvider(2008): WakeLock released by handleMessage(REPORT_SV_STATUS, 0, com.android.server.location.GnssLocationProvider$SvStatusInfo@97419be)
12-12 13:15:09.120: D/UiControllerImpl(5289): Injecting string: "crazydog335"
12-12 13:15:09.365: I/ViewInteraction(5289): Performing 'close keyboard' action on view with id: com.freenow.android_demo:id/edt_username
12-12 13:15:09.368: I/PhenotypeExpConfig(3007): refreshConfiguration() : Force = false : UpdateAvailable = false : Age = 27 minutes : MaxAge = 720 minutes
12-12 13:15:09.369: I/LatinIme(3007): abortComposing()
12-12 13:15:09.370: I/Delight5Decoder(3007): abortComposing() : input state id = 1686
12-12 13:15:09.370: I/LatinIme(3007): onDeactivate()
12-12 13:15:09.387: D/gralloc_ranchu(1649): gralloc_alloc: Creating ashmem region of size 40960
12-12 13:15:09.388: D/EGL_emulation(3007): eglMakeCurrent: 0xe9c96b20: ver 3 0 (tinfo 0xd6fb0bc0)
12-12 13:15:09.392: D/gralloc_ranchu(1649): gralloc_alloc: Creating ashmem region of size 40960
12-12 13:15:09.588: D/gralloc_ranchu(1866): gralloc_unregister_buffer: exiting HostConnection (is buffer-handling thread)
12-12 13:15:09.589: D/(1866): HostConnection::get() New Host Connection established 0xf17bc280, tid 1866
12-12 13:15:09.590: D/gralloc_ranchu(1866): gralloc_unregister_buffer: exiting HostConnection (is buffer-handling thread)
12-12 13:15:09.590: D/(1866): HostConnection::get() New Host Connection established 0xf17bc280, tid 1866
12-12 13:15:09.590: D/gralloc_ranchu(1866): gralloc_unregister_buffer: exiting HostConnection (is buffer-handling thread)
12-12 13:15:09.591: D/(1866): HostConnection::get() New Host Connection established 0xf17bc280, tid 1866
12-12 13:15:09.591: D/gralloc_ranchu(1866): gralloc_unregister_buffer: exiting HostConnection (is buffer-handling thread)
12-12 13:15:09.591: D/(1866): HostConnection::get() New Host Connection established 0xf17bc280, tid 1866
12-12 13:15:09.591: D/gralloc_ranchu(1866): gralloc_unregister_buffer: exiting HostConnection (is buffer-handling thread)
12-12 13:15:09.592: D/(1866): HostConnection::get() New Host Connection established 0xf17bc280, tid 1866
12-12 13:15:09.592: D/gralloc_ranchu(1866): gralloc_unregister_buffer: exiting HostConnection (is buffer-handling thread)
12-12 13:15:09.598: D/(1866): HostConnection::get() New Host Connection established 0xf17bc280, tid 1866
12-12 13:15:09.685: I/ViewInteraction(5289): Performing 'replace text' action on view with id: com.freenow.android_demo:id/edt_password
12-12 13:15:09.707: I/ViewInteraction(5289): Performing 'type text(venture)' action on view with id: com.freenow.android_demo:id/edt_password
12-12 13:15:09.769: I/DlamWrapper(3007): close(): Successfully wrote DLAM properties file.
12-12 13:15:09.770: I/PillNotificationLstnr(3007): maybeSetupPill()
12-12 13:15:09.776: I/AssistStructure(5289): Flattened final assist data: 2736 bytes, containing 1 windows, 9 views
12-12 13:15:09.781: I/AssistStructure(2008): Flattened final assist data: 2496 bytes, containing 1 windows, 9 views
12-12 13:15:09.781: I/EmojiDataExtension(3007): onActivate() : Locale = en_US
12-12 13:15:09.781: I/EmojiSuperpacksFeature(3007): Emoji superpacks enabled
12-12 13:15:09.781: I/FeatureCardGenerator(3007): Make a GIF card not added
12-12 13:15:09.781: I/FeatureCardGenerator(3007): Autospace card not added
12-12 13:15:09.781: I/FeatureCardNotice(3007): Feature card notice not shown: no cards to display
12-12 13:15:09.782: I/PrimesMetrics(3007): Ignore memory metric of com.google.android.apps.inputmethod.libs.search.nativecard.FeatureCardNoticeExtension.
12-12 13:15:09.782: I/GifEntryExtension(3007): onActivate()
12-12 13:15:09.782: I/DevFeatureConfig(3007): Gif candidate disabled by Phenotype
12-12 13:15:09.782: I/Conv2QueryExtension(3007): isEnabled() : true
12-12 13:15:09.782: I/PrimesMetrics(3007): Ignore memory metric of com.google.android.apps.inputmethod.libs.search.gif.GifEntryPointCandidateExtension.
12-12 13:15:09.782: I/Conv2QueryExtension(3007): Current locale: en_US, config allows these locales: de,en,fr,it,es,pt
12-12 13:15:09.782: I/PrimesMetrics(3007): Ignore memory metric of com.google.android.apps.inputmethod.libs.pill.PillExtension.
12-12 13:15:09.782: W/Conv2QueryExtension(3007): Conv2Query not enabled due to current app [com.freenow.android_demo] not in whitelist
12-12 13:15:09.782: W/Conv2QueryExtension(3007): onActivate() : Disabled by unsupported host app
12-12 13:15:09.782: W/VoiceImeTranscriptor(3007): UIME feature enabled: true
12-12 13:15:09.782: I/VoiceImeExtension(3007): Voice Extension onStartInputView() Mic status = [MicIconHidden-PasswordOrNumberOrDateInputType, ]
12-12 13:15:09.790: D/gralloc_ranchu(1649): gralloc_alloc: Creating ashmem region of size 40960
12-12 13:15:09.797: D/gralloc_ranchu(1649): gralloc_alloc: Creating ashmem region of size 16105472
12-12 13:15:09.798: D/gralloc_ranchu(1649): gralloc_alloc: Creating ashmem region of size 40960
12-12 13:15:09.813: D/gralloc_ranchu(1649): gralloc_alloc: Creating ashmem region of size 16105472
12-12 13:15:09.828: D/gralloc_ranchu(1649): gralloc_alloc: Creating ashmem region of size 16105472
12-12 13:15:09.834: W/DynamiteModule(5289): Local module descriptor class for com.google.android.gms.googlecertificates not found.
12-12 13:15:09.839: I/DynamiteModule(5289): Considering local module com.google.android.gms.googlecertificates:0 and remote module com.google.android.gms.googlecertificates:4
12-12 13:15:09.839: I/DynamiteModule(5289): Selected remote version of com.google.android.gms.googlecertificates, version >= 4
12-12 13:15:09.850: W/ow.android_dem(5289): Unsupported class loader
12-12 13:15:09.856: I/FeaturePermissions(3007): onSharedPreferenceChanged() : Key = latest_activation_time : Feature = null
12-12 13:15:09.856: W/ow.android_dem(5289): Skipping duplicate class check due to unsupported classloader
12-12 13:15:09.868: D/EGL_emulation(3007): eglMakeCurrent: 0xe9c96b20: ver 3 0 (tinfo 0xd6fb0bc0)
12-12 13:15:10.014: D/UiControllerImpl(5289): Injecting string: "venture"
12-12 13:15:10.060: I/GnssLocationProvider(2008): WakeLock acquired by sendMessage(REPORT_SV_STATUS, 0, com.android.server.location.GnssLocationProvider$SvStatusInfo@115025d)
12-12 13:15:10.063: I/GnssLocationProvider(2008): WakeLock released by handleMessage(REPORT_SV_STATUS, 0, com.android.server.location.GnssLocationProvider$SvStatusInfo@115025d)
12-12 13:15:10.145: I/ViewInteraction(5289): Performing 'close keyboard' action on view with id: com.freenow.android_demo:id/edt_password
12-12 13:15:10.147: I/PhenotypeExpConfig(3007): refreshConfiguration() : Force = false : UpdateAvailable = false : Age = 27 minutes : MaxAge = 720 minutes
12-12 13:15:10.154: D/gralloc_ranchu(1649): gralloc_alloc: Creating ashmem region of size 40960
12-12 13:15:10.155: D/EGL_emulation(3007): eglMakeCurrent: 0xe9c96b20: ver 3 0 (tinfo 0xd6fb0bc0)
12-12 13:15:10.158: D/gralloc_ranchu(1823): gralloc_unregister_buffer: exiting HostConnection (is buffer-handling thread)
12-12 13:15:10.159: D/(1823): HostConnection::get() New Host Connection established 0xe2db8d80, tid 1975
12-12 13:15:10.160: D/gralloc_ranchu(1823): gralloc_unregister_buffer: exiting HostConnection (is buffer-handling thread)
12-12 13:15:10.160: D/gralloc_ranchu(1649): gralloc_alloc: Creating ashmem region of size 40960
12-12 13:15:10.161: D/(1823): HostConnection::get() New Host Connection established 0xe2db8d80, tid 1975
12-12 13:15:10.163: D/gralloc_ranchu(1823): gralloc_unregister_buffer: exiting HostConnection (is buffer-handling thread)
12-12 13:15:10.166: D/(1823): HostConnection::get() New Host Connection established 0xe2db8d80, tid 1975
12-12 13:15:10.167: D/gralloc_ranchu(1823): gralloc_unregister_buffer: exiting HostConnection (is buffer-handling thread)
12-12 13:15:10.376: D/gralloc_ranchu(1866): gralloc_unregister_buffer: exiting HostConnection (is buffer-handling thread)
12-12 13:15:10.377: D/(1866): HostConnection::get() New Host Connection established 0xf17bc240, tid 3226
12-12 13:15:10.378: D/gralloc_ranchu(1866): gralloc_unregister_buffer: exiting HostConnection (is buffer-handling thread)
12-12 13:15:10.384: D/(1866): HostConnection::get() New Host Connection established 0xf17bc240, tid 3226
12-12 13:15:10.452: I/ViewInteraction(5289): Performing 'single click' action on view with id: com.freenow.android_demo:id/btn_login
12-12 13:15:10.498: D/Test(5289): Fetching user
12-12 13:15:10.511: W/audio_hw_generic(1639): Not supplying enough data to HAL, expected position 11722618 , only wrote 11722320
12-12 13:15:10.521: D/Test(5289): Got this path: /?seed=a1f30d446f820665
12-12 13:15:10.522: D/Test(5289): Responded with User
12-12 13:15:10.526: I/MockWebServer(5289): Received request: GET /?seed=a1f30d446f820665 HTTP/1.1 and responded: HTTP/1.1 200 OK
12-12 13:15:10.543: I/FRN(5289): Successful login with user: crazydog335
12-12 13:15:10.546: D/LifecycleMonitor(5289): Lifecycle status change: com.freenow.android_demo.activities.AuthenticationActivity@b53ff16 in: PAUSED
12-12 13:15:10.546: D/LifecycleMonitor(5289): running callback: android.support.test.rule.ActivityTestRule$LifecycleCallback@b6b7159
12-12 13:15:10.546: D/LifecycleMonitor(5289): callback completes: android.support.test.rule.ActivityTestRule$LifecycleCallback@b6b7159
12-12 13:15:10.559: D/LifecycleMonitor(5289): Lifecycle status change: com.freenow.android_demo.activities.MainActivity@e95803 in: RESTARTED
12-12 13:15:10.559: D/LifecycleMonitor(5289): running callback: android.support.test.rule.ActivityTestRule$LifecycleCallback@b6b7159
12-12 13:15:10.559: D/LifecycleMonitor(5289): callback completes: android.support.test.rule.ActivityTestRule$LifecycleCallback@b6b7159
12-12 13:15:10.562: D/gralloc_ranchu(1649): gralloc_alloc: Creating ashmem region of size 15138816
12-12 13:15:10.562: D/LifecycleMonitor(5289): Lifecycle status change: com.freenow.android_demo.activities.MainActivity@e95803 in: STARTED
12-12 13:15:10.562: D/LifecycleMonitor(5289): running callback: android.support.test.rule.ActivityTestRule$LifecycleCallback@b6b7159
12-12 13:15:10.562: D/LifecycleMonitor(5289): callback completes: android.support.test.rule.ActivityTestRule$LifecycleCallback@b6b7159
12-12 13:15:10.565: D/LifecycleMonitor(5289): Lifecycle status change: com.freenow.android_demo.activities.MainActivity@e95803 in: RESUMED
12-12 13:15:10.565: D/LifecycleMonitor(5289): running callback: android.support.test.rule.ActivityTestRule$LifecycleCallback@b6b7159
12-12 13:15:10.565: D/LifecycleMonitor(5289): callback completes: android.support.test.rule.ActivityTestRule$LifecycleCallback@b6b7159
12-12 13:15:10.585: D/EGL_emulation(5289): eglMakeCurrent: 0xeb406020: ver 1 0 (tinfo 0xeb4039e0)
12-12 13:15:10.589: D/gralloc_ranchu(1649): gralloc_alloc: Creating ashmem region of size 15138816
12-12 13:15:10.618: D/gralloc_ranchu(1649): gralloc_alloc: Creating ashmem region of size 16592896
12-12 13:15:10.644: D/(1823): HostConnection::get() New Host Connection established 0xe2e6b180, tid 1853
12-12 13:15:10.645: D/gralloc_ranchu(1649): gralloc_alloc: Creating ashmem region of size 16592896
12-12 13:15:10.665: W/audio_hw_generic(1639): Hardware backing HAL too slow, could only write 0 of 720 frames
12-12 13:15:10.666: D/gralloc_ranchu(1649): gralloc_alloc: Creating ashmem region of size 16592896
12-12 13:15:10.680: W/audio_hw_generic(1639): Hardware backing HAL too slow, could only write 0 of 720 frames
12-12 13:15:10.699: D/EGL_emulation(5289): eglMakeCurrent: 0xe9c2a940: ver 3 0 (tinfo 0xeb4de6a0)
12-12 13:15:10.721: D/EGL_emulation(5289): eglMakeCurrent: 0xe9c2a940: ver 3 0 (tinfo 0xeb4de6a0)
12-12 13:15:10.727: D/gralloc_ranchu(1649): gralloc_alloc: Creating ashmem region of size 15138816
12-12 13:15:10.743: I/GoogleInputMethod(3007): onStartInput() : Dummy InputConnection bound
12-12 13:15:10.753: D/EGL_emulation(5289): eglMakeCurrent: 0xe9c2a940: ver 3 0 (tinfo 0xeb4de6a0)
12-12 13:15:10.818: I/chatty(5289): uid=10103(com.freenow.android_demo) RenderThread identical 3 lines
12-12 13:15:10.823: D/EGL_emulation(5289): eglMakeCurrent: 0xe9c2a940: ver 3 0 (tinfo 0xeb4de6a0)
12-12 13:15:10.839: I/ViewInteraction(5289): Checking 'MatchesViewAssertion{viewMatcher=is displayed on the screen to the user}' assertion on view with id: com.freenow.android_demo:id/textSearch
12-12 13:15:10.846: W/ow.android_dem(5289): Accessing hidden field Landroid/app/Activity;->mResultCode:I (light greylist, reflection)
12-12 13:15:10.846: W/ow.android_dem(5289): Accessing hidden field Landroid/app/Activity;->mResultData:Landroid/content/Intent; (light greylist, reflection)
12-12 13:15:10.846: D/LifecycleMonitor(5289): Lifecycle status change: com.freenow.android_demo.activities.MainActivity@e95803 in: PAUSED
12-12 13:15:10.846: D/LifecycleMonitor(5289): running callback: android.support.test.rule.ActivityTestRule$LifecycleCallback@b6b7159
12-12 13:15:10.846: D/LifecycleMonitor(5289): callback completes: android.support.test.rule.ActivityTestRule$LifecycleCallback@b6b7159
12-12 13:15:10.853: D/EGL_emulation(5289): eglMakeCurrent: 0xe9c2a940: ver 3 0 (tinfo 0xeb4de6a0)
12-12 13:15:09.785: D/AutofillUI(2008): destroySaveUiUiThread(): already destroyed
12-12 13:15:10.857: E/SchedPolicy(5289): set_timerslack_ns write failed: Operation not permitted
12-12 13:15:10.875: D/EGL_emulation(5289): eglMakeCurrent: 0xe9c2a940: ver 3 0 (tinfo 0xeb4de6a0)
12-12 13:15:10.877: I/TestRunner(5289): finished: login0(com.freenow.android_demo.tests.LoginTest)
