12-12 13:15:18.521: I/TestRunner(5535): started: login3(com.freenow.android_demo.tests.LoginTest)
12-12 13:15:18.524: I/MonitoringInstr(5535): Activities that are still in CREATED to STOPPED: 0
12-12 13:15:18.525: I/GrantPermissionCallable(5535): Permission: android.permission.ACCESS_FINE_LOCATION is already granted!
12-12 13:15:18.537: W/ActivityTestRule(5535): getActivityIntent() returned null using default: Intent(Intent.ACTION_MAIN)
12-12 13:15:18.542: I/ActivityManager(2008): START u0 {act=android.intent.action.MAIN flg=0x14000000 cmp=com.freenow.android_demo/.activities.MainActivity} from uid 10103
12-12 13:15:18.587: W/ActivityThread(5535): handleWindowVisibility: no activity for token android.os.BinderProxy@d61ea14
12-12 13:15:18.591: D/gralloc_ranchu(1649): gralloc_alloc: Creating ashmem region of size 16592896
12-12 13:15:18.626: D/(2008): HostConnection::get() New Host Connection established 0xd12c0540, tid 2078
12-12 13:15:18.637: D/LifecycleMonitor(5535): Lifecycle status change: com.freenow.android_demo.activities.MainActivity@e95803 in: PRE_ON_CREATE
12-12 13:15:18.681: E/SurfaceFlinger(1823): ro.sf.lcd_density must be defined as a build property
12-12 13:15:18.704: I/OMXClient(5559): IOmx service obtained
12-12 13:15:18.707: I/OMXMaster(1838): makeComponentInstance(OMX.google.h264.encoder) in omx@1.0-service process
12-12 13:15:18.707: D/gralloc_ranchu(1649): gralloc_alloc: Creating ashmem region of size 16592896
12-12 13:15:18.711: W/ow.android_dem(5535): Accessing hidden method Landroid/view/View;->computeFitSystemWindows(Landroid/graphics/Rect;Landroid/graphics/Rect;)Z (light greylist, reflection)
12-12 13:15:18.712: W/ow.android_dem(5535): Accessing hidden method Landroid/view/ViewGroup;->makeOptionalFitsSystemWindows()V (light greylist, reflection)
12-12 13:15:18.717: W/OMXUtils(5559): do not know color format 0x7f000789 = 2130708361
12-12 13:15:18.720: I/ACodec(5559): setupAVCEncoderParameters with [profile: Baseline] [level: Level41]
12-12 13:15:18.720: I/ACodec(5559): [OMX.google.h264.encoder] cannot encode color aspects. Ignoring.
12-12 13:15:18.721: I/ACodec(5559): [OMX.google.h264.encoder] cannot encode HDR static metadata. Ignoring.
12-12 13:15:18.721: I/ACodec(5559): setupVideoEncoder succeeded
12-12 13:15:18.723: W/OMXUtils(5559): do not know color format 0x7f000789 = 2130708361
12-12 13:15:18.724: E/OMXNodeInstance(1838): getConfig(0xe9526e40:google.h264.encoder, ConfigLatency(0x6f800005)) ERROR: Undefined(0x80001001)
12-12 13:15:18.724: E/OMXNodeInstance(1838): getConfig(0xe9526e40:google.h264.encoder, ConfigAndroidVendorExtension(0x6f100004)) ERROR: Undefined(0x80001001)
12-12 13:15:18.730: D/GraphicBufferSource(1838): setting dataspace: 0x104, acquired=0
12-12 13:15:18.734: D/GraphicBufferSource(1838): requesting color aspects (R:2(Limited), P:1(BT709_5), M:1(BT709_5), T:3(SMPTE170M))
12-12 13:15:18.745: W/AshmemAllocator(1637): ashmem_create_region(12) returning hidl_memory(0xf459c180, 12)
12-12 13:15:18.757: W/AshmemAllocator(1637): ashmem_create_region(12) returning hidl_memory(0xf459c180, 12)
12-12 13:15:18.764: W/AshmemAllocator(1637): ashmem_create_region(3110400) returning hidl_memory(0xf459c180, 3110400)
12-12 13:15:18.765: W/AshmemAllocator(1637): ashmem_create_region(3110400) returning hidl_memory(0xf459c180, 3110400)
12-12 13:15:18.777: D/SoftAVCEnc(1838): Params width 1440 height 2880 level 50 colorFormat 0
12-12 13:15:18.777: E/SoftAVCEnc(1838): Fill memory records failed = 0x192
12-12 13:15:18.777: E/SoftAVCEnc(1838): Failed to initialize encoder
12-12 13:15:18.778: D/SoftAVCEnc(1838): Params width 1440 height 2880 level 50 colorFormat 0
12-12 13:15:18.778: E/SoftAVCEnc(1838): Fill memory records failed = 0x192
12-12 13:15:18.778: E/SoftAVCEnc(1838): Failed to initialize encoder
12-12 13:15:18.778: E/ACodec(5559): [OMX.google.h264.encoder] ERROR(0x80001001)
12-12 13:15:18.778: E/ACodec(5559): signalError(omxError 0x80001001, internalError -2147483648)
12-12 13:15:18.778: E/ACodec(5559): [OMX.google.h264.encoder] ERROR(0x80001001)
12-12 13:15:18.778: E/ACodec(5559): signalError(omxError 0x80001001, internalError -2147483648)
12-12 13:15:18.779: E/MediaCodec(5559): Codec reported err 0x80001001, actionCode 0, while in state 6
12-12 13:15:18.779: E/ACodec(5559): [OMX.google.h264.encoder] ERROR(0x80001001)
12-12 13:15:18.779: E/ACodec(5559): signalError(omxError 0x80001001, internalError -2147483648)
12-12 13:15:18.779: E/ACodec(5559): [OMX.google.h264.encoder] ERROR(0x80001001)
12-12 13:15:18.779: E/ACodec(5559): signalError(omxError 0x80001001, internalError -2147483648)
12-12 13:15:18.785: E/(1823): HpInterface: Wrong interface type.
12-12 13:15:18.797: E/MediaCodec(5559): Codec reported err 0x80001001, actionCode 0, while in state 0
12-12 13:15:18.797: I/chatty(5559): uid=2000(shell) screenrecord_lo identical 1 line
12-12 13:15:18.797: E/MediaCodec(5559): Codec reported err 0x80001001, actionCode 0, while in state 0
12-12 13:15:18.798: E/HWComposer(1823): getHdrCapabilities failed for display -1: Invalid display
12-12 13:15:18.799: W/GraphicBufferSource(1838): released unpopulated slots: [0, 1, 2, 3, 4, 5, 6, 7, 8, 9, 10, 11, 12, 13, 14, 15, 16, 17, 18, 19, 20, 21, 22, 23, 24, 25, 26, 27, 28, 29, 30, 31, 32, 33, 34, 35, 36, 37, 38, 39, 40, 41, 42, 43, 44, 45, 46, 47, 48, 49, 50, 51, 52, 53, 54, 55, 56, 57, 58, 59, 60, 61, 62, 63]
12-12 13:15:18.799: D/gralloc_ranchu(1649): gralloc_alloc: Creating ashmem region of size 16592896
12-12 13:15:18.770: W/Binder:1823_3(1823): type=1400 audit(0.0:121): avc: denied { call } for scontext=u:r:surfaceflinger:s0 tcontext=u:r:mediacodec:s0 tclass=binder permissive=0 b/77924251
12-12 13:15:18.823: D/(1838): HostConnection::get() New Host Connection established 0xe7e1d580, tid 8655
12-12 13:15:18.835: D/(5559): HostConnection::get() New Host Connection established 0xf2747dc0, tid 5564
12-12 13:15:18.841: D/gralloc_ranchu(5559): gralloc_unregister_buffer: exiting HostConnection (is buffer-handling thread)
12-12 13:15:18.845: D/(5559): HostConnection::get() New Host Connection established 0xf2747dc0, tid 5564
12-12 13:15:18.845: D/gralloc_ranchu(5559): gralloc_unregister_buffer: exiting HostConnection (is buffer-handling thread)
12-12 13:15:18.846: E/HWComposer(1823): getSupportedPerFrameMetadata failed for display -1: Invalid display
12-12 13:15:18.852: D/EGL_emulation(1823): eglMakeCurrent: 0xeaf20a80: ver 3 0 (tinfo 0xeaf1c310)
12-12 13:15:18.853: E/MediaMuxer(5559): stop() is called in invalid state 1
12-12 13:15:18.859: D/gralloc_ranchu(1838): gralloc_unregister_buffer: exiting HostConnection (is buffer-handling thread)
12-12 13:15:18.864: D/(1838): HostConnection::get() New Host Connection established 0xe7e223c0, tid 2268
12-12 13:15:18.866: I/zzbz(5535): Making Creator dynamically
12-12 13:15:18.867: D/gralloc_ranchu(1838): gralloc_unregister_buffer: exiting HostConnection (is buffer-handling thread)
12-12 13:15:18.867: E/BufferQueueProducer(1838): [GraphicBufferSource] queueBuffer: BufferQueue has been abandoned
12-12 13:15:18.868: E/Surface(1823): queueBuffer: error queuing buffer to SurfaceTexture, -19
12-12 13:15:18.868: E/BufferQueueProducer(1838): [GraphicBufferSource] dequeueBuffer: BufferQueue has been abandoned
12-12 13:15:18.868: E/media.codec(1838): TWGraphicBufferProducer::dequeueBuffer - Invalid output fence
12-12 13:15:18.868: E/EGL_emulation(1823): tid 1823: swapBuffers(552): error 0x300d (EGL_BAD_SURFACE)
12-12 13:15:18.868: E/SurfaceFlinger(1823): eglSwapBuffers(0x1, 0xe2da5460) failed with 0x0000300d
12-12 13:15:18.869: D/EGL_emulation(1823): eglMakeCurrent: 0xeaf20a80: ver 3 0 (tinfo 0xeaf1c310)
12-12 13:15:18.870: D/ScreenRecord(5559): failed
12-12 13:15:18.883: D/EGL_emulation(1823): eglMakeCurrent: 0xeaf20a80: ver 3 0 (tinfo 0xeaf1c310)
12-12 13:15:18.885: E/BufferQueueProducer(1838): [GraphicBufferSource] setAsyncMode: BufferQueue has been abandoned
12-12 13:15:18.885: E/HWComposer(1823): getLayerReleaseFence failed for display -1: Invalid display
12-12 13:15:18.885: I/chatty(1823): uid=1000(system) /system/bin/surfaceflinger identical 3 lines
12-12 13:15:18.885: E/HWComposer(1823): getLayerReleaseFence failed for display -1: Invalid display
12-12 13:15:18.887: W/ow.android_dem(5535): Unsupported class loader
12-12 13:15:18.887: D/EGL_emulation(1823): eglMakeCurrent: 0xeaf20a80: ver 3 0 (tinfo 0xeaf1c310)
12-12 13:15:18.907: I/DynamiteModule(5535): Considering local module com.google.android.gms.maps_dynamite:0 and remote module com.google.android.gms.maps_dynamite:221
12-12 13:15:18.907: I/DynamiteModule(5535): Selected remote version of com.google.android.gms.maps_dynamite, version >= 221
12-12 13:15:18.946: W/ow.android_dem(5535): Unsupported class loader
12-12 13:15:18.949: W/ow.android_dem(5535): Skipping duplicate class check due to unsupported classloader
12-12 13:15:18.978: I/Google Maps Android API(5535): Google Play services client version: 12451000
12-12 13:15:18.985: I/Google Maps Android API(5535): Google Play services package version: 16089022
12-12 13:15:18.992: D/gralloc_ranchu(1866): gralloc_unregister_buffer: exiting HostConnection (is buffer-handling thread)
12-12 13:15:18.992: D/EGL_emulation(3353): eglMakeCurrent: 0xeb406260: ver 3 0 (tinfo 0xeb403d00)
12-12 13:15:18.993: D/(1866): HostConnection::get() New Host Connection established 0xf17bc240, tid 3226
12-12 13:15:18.993: D/gralloc_ranchu(1866): gralloc_unregister_buffer: exiting HostConnection (is buffer-handling thread)
12-12 13:15:18.995: D/(1866): HostConnection::get() New Host Connection established 0xf17bc240, tid 3226
12-12 13:15:18.995: D/gralloc_ranchu(1866): gralloc_unregister_buffer: exiting HostConnection (is buffer-handling thread)
12-12 13:15:18.995: D/(1866): HostConnection::get() New Host Connection established 0xf17bc240, tid 3226
12-12 13:15:18.995: D/EGL_emulation(2213): eglMakeCurrent: 0xeb4059c0: ver 3 0 (tinfo 0xeb403a50)
12-12 13:15:18.995: D/gralloc_ranchu(1866): gralloc_unregister_buffer: exiting HostConnection (is buffer-handling thread)
12-12 13:15:18.996: D/(1866): HostConnection::get() New Host Connection established 0xf17bc240, tid 3226
12-12 13:15:18.996: D/gralloc_ranchu(1866): gralloc_unregister_buffer: exiting HostConnection (is buffer-handling thread)
12-12 13:15:18.997: D/(1866): HostConnection::get() New Host Connection established 0xf17bc240, tid 3226
12-12 13:15:18.997: D/gralloc_ranchu(1866): gralloc_unregister_buffer: exiting HostConnection (is buffer-handling thread)
12-12 13:15:18.998: D/(1866): HostConnection::get() New Host Connection established 0xf17bc240, tid 3226
12-12 13:15:18.998: D/(1823): HostConnection::get() New Host Connection established 0xea898640, tid 1853
12-12 13:15:18.998: D/gralloc_ranchu(1866): gralloc_unregister_buffer: exiting HostConnection (is buffer-handling thread)
12-12 13:15:18.999: D/gralloc_ranchu(1823): gralloc_unregister_buffer: exiting HostConnection (is buffer-handling thread)
12-12 13:15:18.999: D/(1866): HostConnection::get() New Host Connection established 0xf17bc240, tid 3226
12-12 13:15:19.000: D/(1823): HostConnection::get() New Host Connection established 0xea898640, tid 1853
12-12 13:15:19.000: D/gralloc_ranchu(1823): gralloc_unregister_buffer: exiting HostConnection (is buffer-handling thread)
12-12 13:15:19.000: D/gralloc_ranchu(1866): gralloc_unregister_buffer: exiting HostConnection (is buffer-handling thread)
12-12 13:15:19.002: D/(1823): HostConnection::get() New Host Connection established 0xea898640, tid 1853
12-12 13:15:19.003: D/gralloc_ranchu(1823): gralloc_unregister_buffer: exiting HostConnection (is buffer-handling thread)
12-12 13:15:19.003: D/EGL_emulation(3385): eglMakeCurrent: 0xd8372c00: ver 3 0 (tinfo 0xd7d1d030)
12-12 13:15:19.003: D/(1823): HostConnection::get() New Host Connection established 0xea898640, tid 1853
12-12 13:15:19.004: D/gralloc_ranchu(1823): gralloc_unregister_buffer: exiting HostConnection (is buffer-handling thread)
12-12 13:15:19.009: D/(1866): HostConnection::get() New Host Connection established 0xf17bc1c0, tid 3226
12-12 13:15:19.013: D/EGL_emulation(2213): eglMakeCurrent: 0xeb4059c0: ver 3 0 (tinfo 0xeb403a50)
12-12 13:15:19.015: D/(1823): HostConnection::get() New Host Connection established 0xe2e6b6c0, tid 1853
12-12 13:15:19.015: D/gralloc_ranchu(1823): gralloc_unregister_buffer: exiting HostConnection (is buffer-handling thread)
12-12 13:15:19.016: D/(1823): HostConnection::get() New Host Connection established 0xe2e6b6c0, tid 1853
12-12 13:15:19.017: D/gralloc_ranchu(1823): gralloc_unregister_buffer: exiting HostConnection (is buffer-handling thread)
12-12 13:15:19.019: D/(1823): HostConnection::get() New Host Connection established 0xe2e6b6c0, tid 1853
12-12 13:15:19.021: D/gralloc_ranchu(1823): gralloc_unregister_buffer: exiting HostConnection (is buffer-handling thread)
12-12 13:15:19.022: D/(1823): HostConnection::get() New Host Connection established 0xe2e6b6c0, tid 1853
12-12 13:15:19.023: D/gralloc_ranchu(1823): gralloc_unregister_buffer: exiting HostConnection (is buffer-handling thread)
12-12 13:15:19.095: I/GnssLocationProvider(2008): WakeLock acquired by sendMessage(REPORT_SV_STATUS, 0, com.android.server.location.GnssLocationProvider$SvStatusInfo@544e6a9)
12-12 13:15:19.096: I/GnssLocationProvider(2008): WakeLock released by handleMessage(REPORT_SV_STATUS, 0, com.android.server.location.GnssLocationProvider$SvStatusInfo@544e6a9)
12-12 13:15:19.134: W/ow.android_dem(5535): Accessing hidden field Ljava/nio/Buffer;->address:J (light greylist, reflection)
12-12 13:15:19.154: W/audio_hw_generic(1639): Not supplying enough data to HAL, expected position 12185339 , only wrote 12031920
12-12 13:15:19.583: W/ow.android_dem(5535): Accessing hidden method Lcom/android/org/conscrypt/OpenSSLSocketImpl;->setUseSessionTickets(Z)V (light greylist, reflection)
12-12 13:15:19.583: W/ow.android_dem(5535): Accessing hidden method Lcom/android/org/conscrypt/OpenSSLSocketImpl;->setHostname(Ljava/lang/String;)V (light greylist, reflection)
12-12 13:15:19.583: W/ow.android_dem(5535): Accessing hidden method Lcom/android/org/conscrypt/OpenSSLSocketImpl;->getAlpnSelectedProtocol()[B (light greylist, reflection)
12-12 13:15:19.583: W/ow.android_dem(5535): Accessing hidden method Lcom/android/org/conscrypt/OpenSSLSocketImpl;->setAlpnProtocols([B)V (light greylist, reflection)
12-12 13:15:19.597: W/ow.android_dem(5535): Accessing hidden method Ldalvik/system/CloseGuard;->get()Ldalvik/system/CloseGuard; (light greylist, reflection)
12-12 13:15:19.597: W/ow.android_dem(5535): Accessing hidden method Ldalvik/system/CloseGuard;->open(Ljava/lang/String;)V (light greylist, reflection)
12-12 13:15:19.597: W/ow.android_dem(5535): Accessing hidden method Ldalvik/system/CloseGuard;->warnIfOpen()V (light greylist, reflection)
12-12 13:15:19.599: D/NetworkSecurityConfig(5535): No Network Security Config specified, using platform default
12-12 13:15:19.644: D/Test(5535): Fetching drivers
12-12 13:15:19.662: D/LifecycleMonitor(5535): Lifecycle status change: com.freenow.android_demo.activities.MainActivity@e95803 in: CREATED
12-12 13:15:19.679: D/LifecycleMonitor(5535): Lifecycle status change: com.freenow.android_demo.activities.MainActivity@e95803 in: STARTED
12-12 13:15:19.683: I/ActivityManager(2008): START u0 {cmp=com.freenow.android_demo/.activities.AuthenticationActivity} from uid 10103
12-12 13:15:19.694: W/System.err(5535): java.net.ConnectException: Failed to connect to localhost/127.0.0.1:8080
12-12 13:15:19.695: D/LifecycleMonitor(5535): Lifecycle status change: com.freenow.android_demo.activities.MainActivity@e95803 in: RESUMED
12-12 13:15:19.696: W/System.err(5535): 	at okhttp3.internal.connection.RealConnection.connectSocket(RealConnection.kt:270)
12-12 13:15:19.696: W/System.err(5535): 	at okhttp3.internal.connection.RealConnection.connect(RealConnection.kt:176)
12-12 13:15:19.696: W/System.err(5535): 	at okhttp3.internal.connection.ExchangeFinder.findConnection(ExchangeFinder.kt:236)
12-12 13:15:19.696: W/System.err(5535): 	at okhttp3.internal.connection.ExchangeFinder.findHealthyConnection(ExchangeFinder.kt:109)
12-12 13:15:19.696: W/System.err(5535): 	at okhttp3.internal.connection.ExchangeFinder.find(ExchangeFinder.kt:77)
12-12 13:15:19.696: W/System.err(5535): 	at okhttp3.internal.connection.Transmitter.newExchange$okhttp(Transmitter.kt:162)
12-12 13:15:19.696: W/System.err(5535): 	at okhttp3.internal.connection.ConnectInterceptor.intercept(ConnectInterceptor.kt:35)
12-12 13:15:19.696: W/System.err(5535): 	at okhttp3.internal.http.RealInterceptorChain.proceed(RealInterceptorChain.kt:112)
12-12 13:15:19.696: W/System.err(5535): 	at okhttp3.internal.http.RealInterceptorChain.proceed(RealInterceptorChain.kt:87)
12-12 13:15:19.696: W/System.err(5535): 	at okhttp3.internal.cache.CacheInterceptor.intercept(CacheInterceptor.kt:82)
12-12 13:15:19.696: W/System.err(5535): 	at okhttp3.internal.http.RealInterceptorChain.proceed(RealInterceptorChain.kt:112)
12-12 13:15:19.696: W/System.err(5535): 	at okhttp3.internal.http.RealInterceptorChain.proceed(RealInterceptorChain.kt:87)
12-12 13:15:19.697: W/System.err(5535): 	at okhttp3.internal.http.BridgeInterceptor.intercept(BridgeInterceptor.kt:84)
12-12 13:15:19.697: W/System.err(5535): 	at okhttp3.internal.http.RealInterceptorChain.proceed(RealInterceptorChain.kt:112)
12-12 13:15:19.697: W/System.err(5535): 	at okhttp3.internal.http.RetryAndFollowUpInterceptor.intercept(RetryAndFollowUpInterceptor.kt:71)
12-12 13:15:19.697: W/System.err(5535): 	at okhttp3.internal.http.RealInterceptorChain.proceed(RealInterceptorChain.kt:112)
12-12 13:15:19.697: W/System.err(5535): 	at okhttp3.internal.http.RealInterceptorChain.proceed(RealInterceptorChain.kt:87)
12-12 13:15:19.697: W/System.err(5535): 	at net.rafaeltoledo.okir.OkHttp3IdlingResource.intercept(OkHttp3IdlingResource.java:39)
12-12 13:15:19.697: W/System.err(5535): 	at okhttp3.internal.http.RealInterceptorChain.proceed(RealInterceptorChain.kt:112)
12-12 13:15:19.697: W/System.err(5535): 	at okhttp3.internal.http.RealInterceptorChain.proceed(RealInterceptorChain.kt:87)
12-12 13:15:19.697: W/System.err(5535): 	at okhttp3.RealCall.getResponseWithInterceptorChain(RealCall.kt:184)
12-12 13:15:19.697: W/System.err(5535): 	at okhttp3.RealCall$AsyncCall.run(RealCall.kt:136)
12-12 13:15:19.697: W/System.err(5535): 	at java.util.concurrent.ThreadPoolExecutor.runWorker(ThreadPoolExecutor.java:1167)
12-12 13:15:19.697: W/System.err(5535): 	at java.util.concurrent.ThreadPoolExecutor$Worker.run(ThreadPoolExecutor.java:641)
12-12 13:15:19.698: W/System.err(5535): 	at java.lang.Thread.run(Thread.java:764)
12-12 13:15:19.699: D/OpenGLRenderer(5535): Skia GL Pipeline
12-12 13:15:19.700: W/System.err(5535): Caused by: java.net.ConnectException: failed to connect to localhost/127.0.0.1 (port 8080) from /127.0.0.1 (port 54958) after 10000ms: isConnected failed: ECONNREFUSED (Connection refused)
12-12 13:15:19.701: W/System.err(5535): 	at libcore.io.IoBridge.isConnected(IoBridge.java:278)
12-12 13:15:19.701: W/System.err(5535): 	at libcore.io.IoBridge.connectErrno(IoBridge.java:187)
12-12 13:15:19.701: W/System.err(5535): 	at libcore.io.IoBridge.connect(IoBridge.java:129)
12-12 13:15:19.701: W/System.err(5535): 	at java.net.PlainSocketImpl.socketConnect(PlainSocketImpl.java:137)
12-12 13:15:19.701: W/System.err(5535): 	at java.net.AbstractPlainSocketImpl.doConnect(AbstractPlainSocketImpl.java:390)
12-12 13:15:19.701: W/System.err(5535): 	at java.net.AbstractPlainSocketImpl.connectToAddress(AbstractPlainSocketImpl.java:230)
12-12 13:15:19.701: W/System.err(5535): 	at java.net.AbstractPlainSocketImpl.connect(AbstractPlainSocketImpl.java:212)
12-12 13:15:19.701: W/System.err(5535): 	at java.net.SocksSocketImpl.connect(SocksSocketImpl.java:436)
12-12 13:15:19.706: W/System.err(5535): 	at java.net.Socket.connect(Socket.java:621)
12-12 13:15:19.706: W/System.err(5535): 	at okhttp3.internal.platform.AndroidPlatform.connectSocket(AndroidPlatform.kt:58)
12-12 13:15:19.707: W/System.err(5535): 	at okhttp3.internal.connection.RealConnection.connectSocket(RealConnection.kt:268)
12-12 13:15:19.707: W/System.err(5535): 	... 24 more
12-12 13:15:19.710: W/System.err(5535): Caused by: android.system.ErrnoException: isConnected failed: ECONNREFUSED (Connection refused)
12-12 13:15:19.710: W/System.err(5535): 	at libcore.io.IoBridge.isConnected(IoBridge.java:267)
12-12 13:15:19.710: W/System.err(5535): 	... 34 more
12-12 13:15:19.718: E/SurfaceFlinger(1823): ro.sf.lcd_density must be defined as a build property
12-12 13:15:19.752: D/LifecycleMonitor(5535): Lifecycle status change: com.freenow.android_demo.activities.MainActivity@e95803 in: PAUSED
12-12 13:15:19.816: D/gralloc_ranchu(1649): gralloc_alloc: Creating ashmem region of size 16592896
12-12 13:15:19.823: D/(5535): HostConnection::get() New Host Connection established 0xd8ef16c0, tid 5605
12-12 13:15:19.828: I/ConfigStore(5535): android::hardware::configstore::V1_0::ISurfaceFlingerConfigs::hasWideColorDisplay retrieved: 0
12-12 13:15:19.828: I/ConfigStore(5535): android::hardware::configstore::V1_0::ISurfaceFlingerConfigs::hasHDRDisplay retrieved: 0
12-12 13:15:19.828: I/OpenGLRenderer(5535): Initialized EGL, version 1.4
12-12 13:15:19.828: D/OpenGLRenderer(5535): Swap behavior 1
12-12 13:15:19.829: W/OpenGLRenderer(5535): Failed to choose config with EGL_SWAP_BEHAVIOR_PRESERVED, retrying without...
12-12 13:15:19.829: D/OpenGLRenderer(5535): Swap behavior 0
12-12 13:15:19.847: D/EGL_emulation(5535): eglCreateContext: 0xeb4060e0: maj 3 min 0 rcv 3
12-12 13:15:19.847: D/gralloc_ranchu(1649): gralloc_alloc: Creating ashmem region of size 16592896
12-12 13:15:19.861: E/Google Maps Android API(5535): Authorization failure.  Please see https://developers.google.com/maps/documentation/android-api/start for how to correctly set up the map.
12-12 13:15:19.864: E/Google Maps Android API(5535): In the Google Developer Console (https://console.developers.google.com)
12-12 13:15:19.864: E/Google Maps Android API(5535): Ensure that the "Google Maps Android API v2" is enabled.
12-12 13:15:19.864: E/Google Maps Android API(5535): Ensure that the following Android Key exists:
12-12 13:15:19.864: E/Google Maps Android API(5535): 	API Key: YOUR_KEY_HERE
12-12 13:15:19.864: E/Google Maps Android API(5535): 	Android Application (<cert_fingerprint>;<package_name>): 13:4F:1D:E7:E0:35:AB:D2:C4:2A:F3:B6:01:50:7C:4E:34:5F:5D:B1;com.freenow.android_demo
12-12 13:15:19.871: D/gralloc_ranchu(1649): gralloc_alloc: Creating ashmem region of size 16592896
12-12 13:15:19.872: D/EGL_emulation(5535): eglMakeCurrent: 0xeb4060e0: ver 3 0 (tinfo 0xeb403c70)
12-12 13:15:19.878: E/SurfaceFlinger(1823): ro.sf.lcd_density must be defined as a build property
12-12 13:15:19.930: W/ow.android_dem(5535): Accessing hidden field Landroid/view/View;->mAccessibilityDelegate:Landroid/view/View$AccessibilityDelegate; (light greylist, reflection)
12-12 13:15:19.958: W/ActivityThread(5535): handleWindowVisibility: no activity for token android.os.BinderProxy@1a963bb
12-12 13:15:19.975: D/LifecycleMonitor(5535): Lifecycle status change: com.freenow.android_demo.activities.AuthenticationActivity@b53ff16 in: PRE_ON_CREATE
12-12 13:15:20.074: I/TextInputLayout(5535): EditText added is not a TextInputEditText. Please switch to using that class instead.
12-12 13:15:20.091: I/TextInputLayout(5535): EditText added is not a TextInputEditText. Please switch to using that class instead.
12-12 13:15:20.099: I/GnssLocationProvider(2008): WakeLock acquired by sendMessage(REPORT_SV_STATUS, 0, com.android.server.location.GnssLocationProvider$SvStatusInfo@f6d7a78)
12-12 13:15:20.099: I/GnssLocationProvider(2008): WakeLock released by handleMessage(REPORT_SV_STATUS, 0, com.android.server.location.GnssLocationProvider$SvStatusInfo@f6d7a78)
12-12 13:15:20.108: D/LifecycleMonitor(5535): Lifecycle status change: com.freenow.android_demo.activities.AuthenticationActivity@b53ff16 in: CREATED
12-12 13:15:20.113: D/LifecycleMonitor(5535): Lifecycle status change: com.freenow.android_demo.activities.AuthenticationActivity@b53ff16 in: STARTED
12-12 13:15:20.116: D/LifecycleMonitor(5535): Lifecycle status change: com.freenow.android_demo.activities.AuthenticationActivity@b53ff16 in: RESUMED
12-12 13:15:20.181: D/(5535): HostConnection::get() New Host Connection established 0xe8a4c440, tid 5599
12-12 13:15:20.183: D/EGL_emulation(5535): eglMakeCurrent: 0xeb4060e0: ver 3 0 (tinfo 0xeb403c70)
12-12 13:15:20.199: D/EGL_emulation(5535): eglCreateContext: 0xe9c96280: maj 1 min 0 rcv 1
12-12 13:15:20.213: D/gralloc_ranchu(1649): gralloc_alloc: Creating ashmem region of size 15138816
12-12 13:15:20.257: D/EGL_emulation(5535): eglMakeCurrent: 0xe9c96280: ver 1 0 (tinfo 0xeb4a0840)
12-12 13:15:20.395: D/gralloc_ranchu(1649): gralloc_alloc: Creating ashmem region of size 16592896
12-12 13:15:20.410: I/chatty(1649): uid=1000(system) HwBinder:1649_2 identical 1 line
12-12 13:15:20.435: D/gralloc_ranchu(1649): gralloc_alloc: Creating ashmem region of size 16592896
12-12 13:15:20.435: D/gralloc_ranchu(1649): gralloc_alloc: Creating ashmem region of size 15138816
12-12 13:15:20.506: D/EGL_emulation(5535): eglMakeCurrent: 0xeb4060e0: ver 3 0 (tinfo 0xeb403c70)
12-12 13:15:20.534: I/ActivityManager(2008): Displayed com.freenow.android_demo/.activities.AuthenticationActivity: +780ms (total +1s947ms)
12-12 13:15:20.551: I/GoogleInputMethod(3007): onFinishInput() : Dummy InputConnection bound
12-12 13:15:20.556: I/AssistStructure(5535): Flattened final assist data: 2696 bytes, containing 1 windows, 9 views
12-12 13:15:20.565: I/AssistStructure(2008): Flattened final assist data: 2496 bytes, containing 1 windows, 9 views
12-12 13:15:20.570: D/AutofillUI(2008): destroySaveUiUiThread(): already destroyed
12-12 13:15:20.576: D/gralloc_ranchu(1823): gralloc_unregister_buffer: exiting HostConnection (is buffer-handling thread)
12-12 13:15:20.576: D/(1823): HostConnection::get() New Host Connection established 0xe2db8d80, tid 2461
12-12 13:15:20.576: D/gralloc_ranchu(1823): gralloc_unregister_buffer: exiting HostConnection (is buffer-handling thread)
12-12 13:15:20.577: D/(1823): HostConnection::get() New Host Connection established 0xe2db8d80, tid 2461
12-12 13:15:20.577: D/gralloc_ranchu(1823): gralloc_unregister_buffer: exiting HostConnection (is buffer-handling thread)
12-12 13:15:20.578: D/(1823): HostConnection::get() New Host Connection established 0xe2db8d80, tid 2461
12-12 13:15:20.578: D/gralloc_ranchu(1823): gralloc_unregister_buffer: exiting HostConnection (is buffer-handling thread)
12-12 13:15:20.615: D/LifecycleMonitor(5535): Lifecycle status change: com.freenow.android_demo.activities.MainActivity@e95803 in: STOPPED
12-12 13:15:20.615: D/LifecycleMonitor(5535): running callback: android.support.test.rule.ActivityTestRule$LifecycleCallback@c97aa3
12-12 13:15:20.615: D/LifecycleMonitor(5535): callback completes: android.support.test.rule.ActivityTestRule$LifecycleCallback@c97aa3
12-12 13:15:20.634: W/SurfaceFlinger(1823): couldn't log to binary event log: overflow.
12-12 13:15:20.634: W/SurfaceFlinger(1823): couldn't log to binary event log: overflow.
12-12 13:15:20.644: D/InputManagerEventInjectionStrategy(5535): Creating injection strategy with input manager.
12-12 13:15:20.644: W/ow.android_dem(5535): Accessing hidden method Landroid/hardware/input/InputManager;->getInstance()Landroid/hardware/input/InputManager; (light greylist, reflection)
12-12 13:15:20.645: W/ow.android_dem(5535): Accessing hidden method Landroid/hardware/input/InputManager;->injectInputEvent(Landroid/view/InputEvent;I)Z (light greylist, reflection)
12-12 13:15:20.645: W/ow.android_dem(5535): Accessing hidden field Landroid/hardware/input/InputManager;->INJECT_INPUT_EVENT_MODE_WAIT_FOR_FINISH:I (light greylist, reflection)
12-12 13:15:20.662: W/ow.android_dem(5535): Accessing hidden method Landroid/os/MessageQueue;->next()Landroid/os/Message; (light greylist, reflection)
12-12 13:15:20.662: W/ow.android_dem(5535): Accessing hidden field Landroid/os/MessageQueue;->mMessages:Landroid/os/Message; (light greylist, reflection)
12-12 13:15:20.662: W/ow.android_dem(5535): Accessing hidden method Landroid/os/Message;->recycleUnchecked()V (light greylist, reflection)
12-12 13:15:20.665: W/ow.android_dem(5535): Accessing hidden method Landroid/view/WindowManagerGlobal;->getInstance()Landroid/view/WindowManagerGlobal; (light greylist, reflection)
12-12 13:15:20.666: W/ow.android_dem(5535): Accessing hidden field Landroid/view/WindowManagerGlobal;->mViews:Ljava/util/ArrayList; (light greylist, reflection)
12-12 13:15:20.666: W/ow.android_dem(5535): Accessing hidden field Landroid/view/WindowManagerGlobal;->mParams:Ljava/util/ArrayList; (light greylist, reflection)
12-12 13:15:20.672: I/ViewInteraction(5535): Performing 'replace text' action on view with id: com.freenow.android_demo:id/edt_username
12-12 13:15:20.704: I/ViewInteraction(5535): Performing 'type text(crazydog335)' action on view with id: com.freenow.android_demo:id/edt_username
12-12 13:15:20.710: D/gralloc_ranchu(2008): gralloc_unregister_buffer: exiting HostConnection (is buffer-handling thread)
12-12 13:15:20.713: D/(2008): HostConnection::get() New Host Connection established 0xd12c0540, tid 2078
12-12 13:15:20.713: D/gralloc_ranchu(1866): gralloc_unregister_buffer: exiting HostConnection (is buffer-handling thread)
12-12 13:15:20.714: D/(1866): HostConnection::get() New Host Connection established 0xf17bc340, tid 1866
12-12 13:15:20.714: D/gralloc_ranchu(1866): gralloc_unregister_buffer: exiting HostConnection (is buffer-handling thread)
12-12 13:15:20.715: D/(1866): HostConnection::get() New Host Connection established 0xf17bc340, tid 1866
12-12 13:15:20.715: D/gralloc_ranchu(1866): gralloc_unregister_buffer: exiting HostConnection (is buffer-handling thread)
12-12 13:15:20.716: D/gralloc_ranchu(2008): gralloc_unregister_buffer: exiting HostConnection (is buffer-handling thread)
12-12 13:15:20.716: D/(1866): HostConnection::get() New Host Connection established 0xf17bc340, tid 1866
12-12 13:15:20.716: D/gralloc_ranchu(1866): gralloc_unregister_buffer: exiting HostConnection (is buffer-handling thread)
12-12 13:15:20.720: W/ow.android_dem(5535): Accessing hidden method Landroid/view/ViewConfiguration;->getDoubleTapMinTime()I (light greylist, reflection)
12-12 13:15:20.722: D/(2008): HostConnection::get() New Host Connection established 0xd12c0540, tid 2078
12-12 13:15:20.723: D/gralloc_ranchu(2008): gralloc_unregister_buffer: exiting HostConnection (is buffer-handling thread)
12-12 13:15:20.723: D/(2008): HostConnection::get() New Host Connection established 0xd12c0540, tid 2078
12-12 13:15:20.724: D/(1866): HostConnection::get() New Host Connection established 0xf17bc340, tid 1866
12-12 13:15:20.724: D/gralloc_ranchu(2008): gralloc_unregister_buffer: exiting HostConnection (is buffer-handling thread)
12-12 13:15:20.746: I/StreamRenderer(3353): cleanUpRendererScope(nowcards--5579833718342893504)
12-12 13:15:20.749: I/PBSessionCacheImpl(3353): Deleted sessionId[153200482585] from persistence.
12-12 13:15:20.755: W/SearchService(3353): Abort, client detached.
12-12 13:15:20.757: I/StreamController(3353): cleanUpControllerScope(nowcards--5579833718342893504)
12-12 13:15:20.785: I/LatinIme(3007): initialize() : Language = en-US
12-12 13:15:20.787: I/Delight5Facilitator(3007): initializeForIme() : Locale = [en_US]
12-12 13:15:20.787: I/Delight5Facilitator(3007): initializeForIme() : Locale == CurrentLocale
12-12 13:15:20.787: I/EmojiSuperpacksFeature(3007): Emoji superpacks enabled
12-12 13:15:20.789: I/LatinIme(3007): onActivate() : EditorInfo = Package = com.freenow.android_demo : Type = Text : Learning = Disable : Suggestion = Hide : AutoCorrection = Disable : Microphone = Show : Incognito = Disable
12-12 13:15:20.800: I/InputContext(3007): input context reset success: true error: 0 input_state_id 1713
12-12 13:15:20.806: I/PillNotificationLstnr(3007): maybeSetupPill()
12-12 13:15:20.821: W/VoiceImeTranscriptor(3007): UIME feature enabled: true
12-12 13:15:20.827: I/LatinMotionHandler(3007): consumeEvent() : GestureTypingEnabled = true
12-12 13:15:20.828: I/EmojiDataExtension(3007): onActivate() : Locale = en_US
12-12 13:15:20.828: I/EmojiSuperpacksFeature(3007): Emoji superpacks enabled
12-12 13:15:20.828: I/FeatureCardGenerator(3007): Make a GIF card not added
12-12 13:15:20.828: I/FeatureCardGenerator(3007): Autospace card not added
12-12 13:15:20.828: I/FeatureCardNotice(3007): Feature card notice not shown: no cards to display
12-12 13:15:20.829: I/GifEntryExtension(3007): onActivate()
12-12 13:15:20.829: I/DevFeatureConfig(3007): Gif candidate disabled by Phenotype
12-12 13:15:20.829: I/PrimesMetrics(3007): Ignore memory metric of com.google.android.apps.inputmethod.libs.search.nativecard.FeatureCardNoticeExtension.
12-12 13:15:20.829: I/Conv2QueryExtension(3007): isEnabled() : true
12-12 13:15:20.829: I/Conv2QueryExtension(3007): Current locale: en_US, config allows these locales: de,en,fr,it,es,pt
12-12 13:15:20.829: I/PrimesMetrics(3007): Ignore memory metric of com.google.android.apps.inputmethod.libs.search.gif.GifEntryPointCandidateExtension.
12-12 13:15:20.829: I/PrimesMetrics(3007): Ignore memory metric of com.google.android.apps.inputmethod.libs.pill.PillExtension.
12-12 13:15:20.829: W/Conv2QueryExtension(3007): Conv2Query not enabled due to current app [com.freenow.android_demo] not in whitelist
12-12 13:15:20.829: W/Conv2QueryExtension(3007): onActivate() : Disabled by unsupported host app
12-12 13:15:20.829: W/VoiceImeTranscriptor(3007): UIME feature enabled: true
12-12 13:15:20.830: I/VoiceImeExtension(3007): Voice Extension onStartInputView() Mic status = [MicIconAvailable]
12-12 13:15:20.837: D/gralloc_ranchu(1649): gralloc_alloc: Creating ashmem region of size 40960
12-12 13:15:20.846: D/gralloc_ranchu(1649): gralloc_alloc: Creating ashmem region of size 40960
12-12 13:15:20.847: D/gralloc_ranchu(1649): gralloc_alloc: Creating ashmem region of size 16105472
12-12 13:15:20.876: D/(1823): HostConnection::get() New Host Connection established 0xe2e6b6c0, tid 1853
12-12 13:15:20.876: D/gralloc_ranchu(1649): gralloc_alloc: Creating ashmem region of size 16105472
12-12 13:15:20.898: D/gralloc_ranchu(1649): gralloc_alloc: Creating ashmem region of size 16105472
12-12 13:15:20.932: I/FeaturePermissions(3007): onSharedPreferenceChanged() : Key = latest_activation_time : Feature = null
12-12 13:15:20.957: D/EGL_emulation(3007): eglMakeCurrent: 0xe9c96b20: ver 3 0 (tinfo 0xd6fb0bc0)
12-12 13:15:21.027: D/UiControllerImpl(5535): Injecting string: "crazydog335"
12-12 13:15:21.105: I/GnssLocationProvider(2008): WakeLock acquired by sendMessage(REPORT_SV_STATUS, 0, com.android.server.location.GnssLocationProvider$SvStatusInfo@6ca9db5)
12-12 13:15:21.105: I/GnssLocationProvider(2008): WakeLock released by handleMessage(REPORT_SV_STATUS, 0, com.android.server.location.GnssLocationProvider$SvStatusInfo@6ca9db5)
12-12 13:15:21.261: I/EventLogSendingHelper(3353): Sending log events.
12-12 13:15:21.299: I/WorkController(3353): WorkProxy is not enqueued because WorkController is disposed: WorkProxy{Name=context::j, WorkerId=context, id=1e22a89}
12-12 13:15:21.300: I/WorkController(3353): WorkProxy is not enqueued because WorkController is disposed: WorkProxy{Name=context::m, WorkerId=context, id=5380a8e}
12-12 13:15:21.300: I/WorkController(3353): WorkProxy is not enqueued because WorkController is disposed: WorkProxy{Name=context::n, WorkerId=context, id=3e7f2af}
12-12 13:15:21.300: I/WorkController(3353): WorkProxy is not enqueued because WorkController is disposed: WorkProxy{Name=context::p, WorkerId=context, id=80dd6bc}
12-12 13:15:21.312: D/EGL_emulation(2213): eglMakeCurrent: 0xeb4059c0: ver 3 0 (tinfo 0xeb403a50)
12-12 13:15:21.425: W/DynamiteModule(5535): Local module descriptor class for com.google.android.gms.googlecertificates not found.
12-12 13:15:21.434: I/DynamiteModule(5535): Considering local module com.google.android.gms.googlecertificates:0 and remote module com.google.android.gms.googlecertificates:4
12-12 13:15:21.434: I/DynamiteModule(5535): Selected remote version of com.google.android.gms.googlecertificates, version >= 4
12-12 13:15:21.451: W/ow.android_dem(5535): Unsupported class loader
12-12 13:15:21.453: W/ow.android_dem(5535): Skipping duplicate class check due to unsupported classloader
12-12 13:15:21.490: I/ViewInteraction(5535): Performing 'close keyboard' action on view with id: com.freenow.android_demo:id/edt_username
12-12 13:15:21.496: I/PhenotypeExpConfig(3007): refreshConfiguration() : Force = false : UpdateAvailable = false : Age = 27 minutes : MaxAge = 720 minutes
12-12 13:15:21.505: I/LatinIme(3007): abortComposing()
12-12 13:15:21.506: I/Delight5Decoder(3007): abortComposing() : input state id = 1736
12-12 13:15:21.506: I/LatinIme(3007): onDeactivate()
12-12 13:15:21.512: D/EGL_emulation(3007): eglMakeCurrent: 0xe9c96b20: ver 3 0 (tinfo 0xd6fb0bc0)
12-12 13:15:21.516: D/gralloc_ranchu(1649): gralloc_alloc: Creating ashmem region of size 40960
12-12 13:15:21.524: D/gralloc_ranchu(1649): gralloc_alloc: Creating ashmem region of size 40960
12-12 13:15:21.531: D/EGL_emulation(2213): eglMakeCurrent: 0xeb4059c0: ver 3 0 (tinfo 0xeb403a50)
12-12 13:15:21.714: D/gralloc_ranchu(1866): gralloc_unregister_buffer: exiting HostConnection (is buffer-handling thread)
12-12 13:15:21.715: D/(1866): HostConnection::get() New Host Connection established 0xf17bc340, tid 1866
12-12 13:15:21.715: D/gralloc_ranchu(1866): gralloc_unregister_buffer: exiting HostConnection (is buffer-handling thread)
12-12 13:15:21.716: D/(1866): HostConnection::get() New Host Connection established 0xf17bc340, tid 1866
12-12 13:15:21.716: D/gralloc_ranchu(1866): gralloc_unregister_buffer: exiting HostConnection (is buffer-handling thread)
12-12 13:15:21.716: D/(1866): HostConnection::get() New Host Connection established 0xf17bc340, tid 1866
12-12 13:15:21.716: D/gralloc_ranchu(1866): gralloc_unregister_buffer: exiting HostConnection (is buffer-handling thread)
12-12 13:15:21.717: D/(1866): HostConnection::get() New Host Connection established 0xf17bc340, tid 1866
12-12 13:15:21.717: D/gralloc_ranchu(1866): gralloc_unregister_buffer: exiting HostConnection (is buffer-handling thread)
12-12 13:15:21.718: D/(1866): HostConnection::get() New Host Connection established 0xf17bc340, tid 1866
12-12 13:15:21.719: D/gralloc_ranchu(1866): gralloc_unregister_buffer: exiting HostConnection (is buffer-handling thread)
12-12 13:15:21.726: D/(1866): HostConnection::get() New Host Connection established 0xf17bc340, tid 1866
12-12 13:15:21.812: I/ViewInteraction(5535): Performing 'replace text' action on view with id: com.freenow.android_demo:id/edt_password
12-12 13:15:21.827: I/ViewInteraction(5535): Performing 'type text(venture)' action on view with id: com.freenow.android_demo:id/edt_password
12-12 13:15:21.891: I/PillNotificationLstnr(3007): maybeSetupPill()
12-12 13:15:21.895: I/DlamWrapper(3007): close(): Successfully wrote DLAM properties file.
12-12 13:15:21.904: I/AssistStructure(5535): Flattened final assist data: 2736 bytes, containing 1 windows, 9 views
12-12 13:15:21.910: I/EmojiDataExtension(3007): onActivate() : Locale = en_US
12-12 13:15:21.910: I/EmojiSuperpacksFeature(3007): Emoji superpacks enabled
12-12 13:15:21.910: I/FeatureCardGenerator(3007): Make a GIF card not added
12-12 13:15:21.910: I/FeatureCardGenerator(3007): Autospace card not added
12-12 13:15:21.911: I/FeatureCardNotice(3007): Feature card notice not shown: no cards to display
12-12 13:15:21.911: I/GifEntryExtension(3007): onActivate()
12-12 13:15:21.911: I/DevFeatureConfig(3007): Gif candidate disabled by Phenotype
12-12 13:15:21.911: I/Conv2QueryExtension(3007): isEnabled() : true
12-12 13:15:21.911: I/Conv2QueryExtension(3007): Current locale: en_US, config allows these locales: de,en,fr,it,es,pt
12-12 13:15:21.911: I/PrimesMetrics(3007): Ignore memory metric of com.google.android.apps.inputmethod.libs.search.nativecard.FeatureCardNoticeExtension.
12-12 13:15:21.911: I/PrimesMetrics(3007): Ignore memory metric of com.google.android.apps.inputmethod.libs.search.gif.GifEntryPointCandidateExtension.
12-12 13:15:21.912: I/PrimesMetrics(3007): Ignore memory metric of com.google.android.apps.inputmethod.libs.pill.PillExtension.
12-12 13:15:21.912: W/Conv2QueryExtension(3007): Conv2Query not enabled due to current app [com.freenow.android_demo] not in whitelist
12-12 13:15:21.912: W/Conv2QueryExtension(3007): onActivate() : Disabled by unsupported host app
12-12 13:15:21.912: W/VoiceImeTranscriptor(3007): UIME feature enabled: true
12-12 13:15:21.912: I/VoiceImeExtension(3007): Voice Extension onStartInputView() Mic status = [MicIconHidden-PasswordOrNumberOrDateInputType, ]
12-12 13:15:21.912: I/AssistStructure(2008): Flattened final assist data: 2496 bytes, containing 1 windows, 9 views
12-12 13:15:21.927: D/gralloc_ranchu(1649): gralloc_alloc: Creating ashmem region of size 16105472
12-12 13:15:21.932: D/gralloc_ranchu(1649): gralloc_alloc: Creating ashmem region of size 40960
12-12 13:15:21.944: D/(1823): HostConnection::get() New Host Connection established 0xe2e6aa80, tid 2461
12-12 13:15:21.946: D/gralloc_ranchu(1649): gralloc_alloc: Creating ashmem region of size 16105472
12-12 13:15:21.950: D/gralloc_ranchu(1649): gralloc_alloc: Creating ashmem region of size 40960
12-12 13:15:21.963: D/gralloc_ranchu(1649): gralloc_alloc: Creating ashmem region of size 16105472
12-12 13:15:21.995: I/FeaturePermissions(3007): onSharedPreferenceChanged() : Key = latest_activation_time : Feature = null
12-12 13:15:22.017: D/EGL_emulation(3007): eglMakeCurrent: 0xe9c96b20: ver 3 0 (tinfo 0xd6fb0bc0)
12-12 13:15:22.107: I/GnssLocationProvider(2008): WakeLock acquired by sendMessage(REPORT_SV_STATUS, 0, com.android.server.location.GnssLocationProvider$SvStatusInfo@18a052)
12-12 13:15:22.108: I/GnssLocationProvider(2008): WakeLock released by handleMessage(REPORT_SV_STATUS, 0, com.android.server.location.GnssLocationProvider$SvStatusInfo@18a052)
12-12 13:15:22.138: D/UiControllerImpl(5535): Injecting string: "venture"
12-12 13:15:22.335: I/ViewInteraction(5535): Performing 'close keyboard' action on view with id: com.freenow.android_demo:id/edt_password
12-12 13:15:22.345: I/PhenotypeExpConfig(3007): refreshConfiguration() : Force = false : UpdateAvailable = false : Age = 27 minutes : MaxAge = 720 minutes
12-12 13:15:22.350: D/gralloc_ranchu(1649): gralloc_alloc: Creating ashmem region of size 40960
12-12 13:15:22.351: D/EGL_emulation(3007): eglMakeCurrent: 0xe9c96b20: ver 3 0 (tinfo 0xd6fb0bc0)
12-12 13:15:22.355: D/gralloc_ranchu(1823): gralloc_unregister_buffer: exiting HostConnection (is buffer-handling thread)
12-12 13:15:22.356: D/(1823): HostConnection::get() New Host Connection established 0xe2e6b6c0, tid 1853
12-12 13:15:22.356: D/gralloc_ranchu(1823): gralloc_unregister_buffer: exiting HostConnection (is buffer-handling thread)
12-12 13:15:22.357: D/(1823): HostConnection::get() New Host Connection established 0xe2e6b6c0, tid 1853
12-12 13:15:22.357: D/gralloc_ranchu(1649): gralloc_alloc: Creating ashmem region of size 40960
12-12 13:15:22.357: D/gralloc_ranchu(1823): gralloc_unregister_buffer: exiting HostConnection (is buffer-handling thread)
12-12 13:15:22.358: D/(1823): HostConnection::get() New Host Connection established 0xe2e6b6c0, tid 1853
12-12 13:15:22.359: D/gralloc_ranchu(1823): gralloc_unregister_buffer: exiting HostConnection (is buffer-handling thread)
12-12 13:15:22.552: D/gralloc_ranchu(1866): gralloc_unregister_buffer: exiting HostConnection (is buffer-handling thread)
12-12 13:15:22.555: D/(1866): HostConnection::get() New Host Connection established 0xf17bc340, tid 1866
12-12 13:15:22.555: D/gralloc_ranchu(1866): gralloc_unregister_buffer: exiting HostConnection (is buffer-handling thread)
12-12 13:15:22.561: D/(1866): HostConnection::get() New Host Connection established 0xf17bc340, tid 1866
12-12 13:15:22.655: I/ViewInteraction(5535): Performing 'single click' action on view with id: com.freenow.android_demo:id/btn_login
12-12 13:15:22.705: D/Test(5535): Fetching user
12-12 13:15:22.714: W/audio_hw_generic(1639): Not supplying enough data to HAL, expected position 12032161 , only wrote 12031920
12-12 13:15:22.730: D/Test(5535): Got this path: /?seed=a1f30d446f820665
12-12 13:15:22.730: D/Test(5535): Responded with User
12-12 13:15:22.733: I/MockWebServer(5535): Received request: GET /?seed=a1f30d446f820665 HTTP/1.1 and responded: HTTP/1.1 200 OK
12-12 13:15:22.761: I/FRN(5535): Successful login with user: crazydog335
12-12 13:15:22.765: D/LifecycleMonitor(5535): Lifecycle status change: com.freenow.android_demo.activities.AuthenticationActivity@b53ff16 in: PAUSED
12-12 13:15:22.765: D/LifecycleMonitor(5535): running callback: android.support.test.rule.ActivityTestRule$LifecycleCallback@c97aa3
12-12 13:15:22.765: D/LifecycleMonitor(5535): callback completes: android.support.test.rule.ActivityTestRule$LifecycleCallback@c97aa3
12-12 13:15:22.847: W/audio_hw_generic(1639): Not supplying enough data to HAL, expected position 12038333 , only wrote 12037680
12-12 13:15:22.850: W/audio_hw_generic(1639): Not supplying enough data to HAL, expected position 12037822 , only wrote 12037680
12-12 13:15:21.926: D/AutofillUI(2008): destroySaveUiUiThread(): already destroyed
12-12 13:15:22.859: I/ActivityManager(2008): Killing 15670:com.google.android.partnersetup/u0a23 (adj 906): empty for 2591s
12-12 13:15:22.865: W/libprocessgroup(2008): kill(-15670, 9) failed: No such process
12-12 13:15:22.866: W/audio_hw_generic(1639): Not supplying enough data to HAL, expected position 12038412 , only wrote 12038400
12-12 13:15:22.891: D/LifecycleMonitor(5535): Lifecycle status change: com.freenow.android_demo.activities.MainActivity@e95803 in: RESTARTED
12-12 13:15:22.891: D/LifecycleMonitor(5535): running callback: android.support.test.rule.ActivityTestRule$LifecycleCallback@c97aa3
12-12 13:15:22.891: D/LifecycleMonitor(5535): callback completes: android.support.test.rule.ActivityTestRule$LifecycleCallback@c97aa3
12-12 13:15:22.897: D/gralloc_ranchu(1649): gralloc_alloc: Creating ashmem region of size 15138816
12-12 13:15:22.912: W/libprocessgroup(2008): kill(-15670, 9) failed: No such process
12-12 13:15:22.927: W/audio_hw_generic(1639): Not supplying enough data to HAL, expected position 12041354 , only wrote 12041280
12-12 13:15:22.927: D/LifecycleMonitor(5535): Lifecycle status change: com.freenow.android_demo.activities.MainActivity@e95803 in: STARTED
12-12 13:15:22.930: D/LifecycleMonitor(5535): running callback: android.support.test.rule.ActivityTestRule$LifecycleCallback@c97aa3
12-12 13:15:22.930: D/LifecycleMonitor(5535): callback completes: android.support.test.rule.ActivityTestRule$LifecycleCallback@c97aa3
12-12 13:15:22.931: W/audio_hw_generic(1639): Not supplying enough data to HAL, expected position 12041466 , only wrote 12041280
12-12 13:15:22.938: D/EGL_emulation(5535): eglMakeCurrent: 0xe9c96280: ver 1 0 (tinfo 0xeb4a0840)
12-12 13:15:22.941: D/LifecycleMonitor(5535): Lifecycle status change: com.freenow.android_demo.activities.MainActivity@e95803 in: RESUMED
12-12 13:15:22.941: D/LifecycleMonitor(5535): running callback: android.support.test.rule.ActivityTestRule$LifecycleCallback@c97aa3
12-12 13:15:22.941: D/LifecycleMonitor(5535): callback completes: android.support.test.rule.ActivityTestRule$LifecycleCallback@c97aa3
12-12 13:15:22.942: D/gralloc_ranchu(1649): gralloc_alloc: Creating ashmem region of size 15138816
12-12 13:15:22.953: W/libprocessgroup(2008): kill(-15670, 9) failed: No such process
12-12 13:15:22.961: I/Zygote(1824): Process 15670 exited due to signal (9)
12-12 13:15:22.962: W/audio_hw_generic(1639): Not supplying enough data to HAL, expected position 12042751 , only wrote 12042720
12-12 13:15:22.992: W/libprocessgroup(2008): kill(-15670, 9) failed: No such process
12-12 13:15:22.993: I/libprocessgroup(2008): Successfully killed process cgroup uid 10023 pid 15670 in 128ms
12-12 13:15:23.000: D/gralloc_ranchu(1649): gralloc_alloc: Creating ashmem region of size 16592896
12-12 13:15:23.046: D/(1823): HostConnection::get() New Host Connection established 0xea898640, tid 1853
12-12 13:15:23.048: D/gralloc_ranchu(1649): gralloc_alloc: Creating ashmem region of size 16592896
12-12 13:15:23.112: I/GnssLocationProvider(2008): WakeLock acquired by sendMessage(REPORT_SV_STATUS, 0, com.android.server.location.GnssLocationProvider$SvStatusInfo@139f9b)
12-12 13:15:23.113: I/GnssLocationProvider(2008): WakeLock released by handleMessage(REPORT_SV_STATUS, 0, com.android.server.location.GnssLocationProvider$SvStatusInfo@139f9b)
12-12 13:15:23.119: D/gralloc_ranchu(1649): gralloc_alloc: Creating ashmem region of size 16592896
12-12 13:15:23.200: D/EGL_emulation(5535): eglMakeCurrent: 0xeb4060e0: ver 3 0 (tinfo 0xeb403c70)
12-12 13:15:23.235: D/EGL_emulation(5535): eglMakeCurrent: 0xeb4060e0: ver 3 0 (tinfo 0xeb403c70)
12-12 13:15:23.243: D/gralloc_ranchu(1649): gralloc_alloc: Creating ashmem region of size 15138816
12-12 13:15:23.254: I/GoogleInputMethod(3007): onStartInput() : Dummy InputConnection bound
12-12 13:15:23.269: D/EGL_emulation(5535): eglMakeCurrent: 0xeb4060e0: ver 3 0 (tinfo 0xeb403c70)
12-12 13:15:23.387: I/ViewInteraction(5535): Checking 'MatchesViewAssertion{viewMatcher=is displayed on the screen to the user}' assertion on view with id: com.freenow.android_demo:id/textSearch
12-12 13:15:23.403: W/ow.android_dem(5535): Accessing hidden field Landroid/app/Activity;->mResultCode:I (light greylist, reflection)
12-12 13:15:23.404: W/ow.android_dem(5535): Accessing hidden field Landroid/app/Activity;->mResultData:Landroid/content/Intent; (light greylist, reflection)
