12-11 17:59:36.758 3353-9457/? E/AudioRecord-JNI: Error creating AudioRecord instance: initialization check failed with status -22.
12-11 17:59:36.760 3353-9457/? E/android.media.AudioRecord: Error code -20 when initializing native AudioRecord object.
12-11 17:59:36.760 3353-9457/? I/MicrophoneInputStream: mic_started  SR : 16000 CC : 16 SO : 6
12-11 17:59:36.761 3353-9457/? E/ActivityThread: Failed to find provider info for com.google.android.apps.gsa.testing.ui.audio.recorded
12-11 17:59:36.761 3353-3353/? I/MicroDetectionWorker: onReady
12-11 17:59:36.764 3385-3453/? D/EGL_emulation: eglMakeCurrent: 0xd8372c00: ver 3 0 (tinfo 0xd7d1d030)
12-11 17:59:36.770 3353-9457/? I/MicrophoneInputStream: mic_close  SR : 16000 CC : 16 SO : 6
12-11 17:59:36.770 3353-7026/? I/MicroRecognitionRunner: Detection finished
12-11 17:59:36.771 3353-7026/? W/ErrorReporter: reportError [type: 211, code: 524300]: Error reading from input stream
12-11 17:59:36.771 3353-3602/? I/MicroRecognitionRunner: Stopping hotword detection.
12-11 17:59:36.771 3353-7026/? W/ErrorProcessor: onFatalError, processing error from engine(4)
12-11 17:59:36.771 3353-7026/? W/ErrorProcessor: com.google.android.apps.gsa.shared.speech.b.g: Error reading from input stream
12-11 17:59:36.771 3353-7026/? W/ErrorProcessor: 	at com.google.android.apps.gsa.staticplugins.microdetection.d.k.a(SourceFile:91)
12-11 17:59:36.771 3353-7026/? W/ErrorProcessor: 	at com.google.android.apps.gsa.staticplugins.microdetection.d.l.run(Unknown Source:14)
12-11 17:59:36.771 3353-7026/? W/ErrorProcessor: 	at com.google.android.libraries.gsa.runner.a.a.b(SourceFile:32)
12-11 17:59:36.771 3353-7026/? W/ErrorProcessor: 	at com.google.android.libraries.gsa.runner.a.c.call(Unknown Source:4)
12-11 17:59:36.771 3353-7026/? W/ErrorProcessor: 	at java.util.concurrent.FutureTask.run(FutureTask.java:266)
12-11 17:59:36.771 3353-7026/? W/ErrorProcessor: 	at java.util.concurrent.Executors$RunnableAdapter.call(Executors.java:458)
12-11 17:59:36.771 3353-7026/? W/ErrorProcessor: 	at java.util.concurrent.FutureTask.run(FutureTask.java:266)
12-11 17:59:36.771 3353-7026/? W/ErrorProcessor: 	at com.google.android.apps.gsa.shared.util.concurrent.b.g.run(Unknown Source:4)
12-11 17:59:36.771 3353-7026/? W/ErrorProcessor: 	at com.google.android.apps.gsa.shared.util.concurrent.b.aw.run(SourceFile:4)
12-11 17:59:36.771 3353-7026/? W/ErrorProcessor: 	at com.google.android.apps.gsa.shared.util.concurrent.b.aw.run(SourceFile:4)
12-11 17:59:36.771 3353-7026/? W/ErrorProcessor: 	at java.util.concurrent.ThreadPoolExecutor.runWorker(ThreadPoolExecutor.java:1167)
12-11 17:59:36.771 3353-7026/? W/ErrorProcessor: 	at java.util.concurrent.ThreadPoolExecutor$Worker.run(ThreadPoolExecutor.java:641)
12-11 17:59:36.771 3353-7026/? W/ErrorProcessor: 	at java.lang.Thread.run(Thread.java:764)
12-11 17:59:36.771 3353-7026/? W/ErrorProcessor: 	at com.google.android.apps.gsa.shared.util.concurrent.b.i.run(SourceFile:6)
12-11 17:59:36.771 3353-7026/? W/ErrorProcessor: Caused by: com.google.android.apps.gsa.shared.exception.GsaIOException: Error code: 393238 | Buffer overflow, no available space.
12-11 17:59:36.771 3353-7026/? W/ErrorProcessor: 	at com.google.android.apps.gsa.speech.audio.Tee.j(SourceFile:103)
12-11 17:59:36.771 3353-7026/? W/ErrorProcessor: 	at com.google.android.apps.gsa.speech.audio.au.read(SourceFile:2)
12-11 17:59:36.771 3353-7026/? W/ErrorProcessor: 	at java.io.InputStream.read(InputStream.java:101)
12-11 17:59:36.771 3353-7026/? W/ErrorProcessor: 	at com.google.android.apps.gsa.speech.audio.ao.run(SourceFile:17)
12-11 17:59:36.771 3353-7026/? W/ErrorProcessor: 	at com.google.android.apps.gsa.speech.audio.an.run(SourceFile:2)
12-11 17:59:36.771 3353-7026/? W/ErrorProcessor: 	at java.util.concurrent.Executors$RunnableAdapter.call(Executors.java:458)
12-11 17:59:36.771 3353-7026/? W/ErrorProcessor: 	... 10 more
12-11 17:59:36.771 3353-7026/? I/AudioController: internalShutdown
12-11 17:59:36.771 3353-3353/? I/MicroDetector: Keeping mic open: false
12-11 17:59:36.771 3353-3353/? I/MicroDetectionWorker: #onError(false)
12-11 17:59:36.772 3353-9589/? I/DeviceStateChecker: DeviceStateChecker cancelled
12-11 17:59:36.773 1866-1866/? D/: HostConnection::get() New Host Connection established 0xf17bc200, tid 1866
12-11 17:59:36.786 1649-8500/? D/gralloc_ranchu: gralloc_alloc: Creating ashmem region of size 16592896
12-11 17:59:36.800 9909-9925/? I/MonitoringInstr: Unstopped activity count: 1
12-11 17:59:36.824 1823-1975/? D/gralloc_ranchu: gralloc_unregister_buffer: exiting HostConnection (is buffer-handling thread)
12-11 17:59:36.826 1823-1975/? D/: HostConnection::get() New Host Connection established 0xea898200, tid 1975
12-11 17:59:36.826 1823-1975/? D/gralloc_ranchu: gralloc_unregister_buffer: exiting HostConnection (is buffer-handling thread)
12-11 17:59:36.827 2008-2078/? D/: HostConnection::get() New Host Connection established 0xcb07fa40, tid 2078
12-11 17:59:36.829 2213-2473/? D/EGL_emulation: eglMakeCurrent: 0xeb4059c0: ver 3 0 (tinfo 0xeb403a50)
12-11 17:59:36.835 2213-2473/? D/EGL_emulation: eglMakeCurrent: 0xeb4059c0: ver 3 0 (tinfo 0xeb403a50)
12-11 17:59:36.840 2213-2232/? D/: HostConnection::get() New Host Connection established 0xeb47acc0, tid 2232
12-11 17:59:36.840 3007-3007/? I/GoogleInputMethod: onStartInput() : Dummy InputConnection bound
12-11 17:59:36.850 9909-9925/? I/MonitoringInstr: Unstopped activity count: 1
12-11 17:59:36.857 3385-3399/? W/System: A resource failed to call release. 
12-11 17:59:36.857 3385-3399/? I/chatty: uid=10007(com.google.android.apps.nexuslauncher) FinalizerDaemon identical 2 lines
12-11 17:59:36.858 3385-3399/? W/System: A resource failed to call release. 
12-11 17:59:36.858 3385-3399/? D/: HostConnection::get() New Host Connection established 0xeb4fdb40, tid 3399
12-11 17:59:36.858 3385-3399/? D/gralloc_ranchu: gralloc_unregister_buffer: exiting HostConnection (is buffer-handling thread)
12-11 17:59:36.859 3385-3399/? D/: HostConnection::get() New Host Connection established 0xeb4fdb40, tid 3399
12-11 17:59:36.859 3385-3399/? D/gralloc_ranchu: gralloc_unregister_buffer: exiting HostConnection (is buffer-handling thread)
12-11 17:59:36.861 2213-2223/? D/: HostConnection::get() New Host Connection established 0xe97a2680, tid 2223
12-11 17:59:36.862 2213-2223/? D/gralloc_ranchu: gralloc_unregister_buffer: exiting HostConnection (is buffer-handling thread)
12-11 17:59:36.865 2213-2223/? D/: HostConnection::get() New Host Connection established 0xe97a2680, tid 2223
12-11 17:59:36.865 2213-2223/? D/gralloc_ranchu: gralloc_unregister_buffer: exiting HostConnection (is buffer-handling thread)
12-11 17:59:36.866 2213-2223/? D/: HostConnection::get() New Host Connection established 0xeb47a300, tid 2223
12-11 17:59:36.867 2213-2223/? D/gralloc_ranchu: gralloc_unregister_buffer: exiting HostConnection (is buffer-handling thread)
12-11 17:59:36.868 2213-2223/? D/: HostConnection::get() New Host Connection established 0xeb47a300, tid 2223
12-11 17:59:36.868 2008-2162/? I/GnssLocationProvider: WakeLock acquired by sendMessage(REPORT_SV_STATUS, 0, com.android.server.location.GnssLocationProvider$SvStatusInfo@8388f8b)
12-11 17:59:36.868 2213-2223/? D/gralloc_ranchu: gralloc_unregister_buffer: exiting HostConnection (is buffer-handling thread)
12-11 17:59:36.869 2008-2022/? I/GnssLocationProvider: WakeLock released by handleMessage(REPORT_SV_STATUS, 0, com.android.server.location.GnssLocationProvider$SvStatusInfo@8388f8b)
12-11 17:59:36.869 2213-2223/? D/: HostConnection::get() New Host Connection established 0xeb47a300, tid 2223
12-11 17:59:36.871 2213-2223/? D/gralloc_ranchu: gralloc_unregister_buffer: exiting HostConnection (is buffer-handling thread)
12-11 17:59:36.871 2213-2223/? D/: HostConnection::get() New Host Connection established 0xeb47a300, tid 2223
12-11 17:59:36.871 2213-2223/? D/gralloc_ranchu: gralloc_unregister_buffer: exiting HostConnection (is buffer-handling thread)
12-11 17:59:36.872 2213-2223/? D/: HostConnection::get() New Host Connection established 0xeb47a300, tid 2223
12-11 17:59:36.873 2213-2223/? D/gralloc_ranchu: gralloc_unregister_buffer: exiting HostConnection (is buffer-handling thread)
12-11 17:59:36.874 2213-2223/? D/: HostConnection::get() New Host Connection established 0xeb47a300, tid 2223
12-11 17:59:36.874 2213-2223/? D/gralloc_ranchu: gralloc_unregister_buffer: exiting HostConnection (is buffer-handling thread)
12-11 17:59:36.876 2213-2224/? D/: HostConnection::get() New Host Connection established 0xe97a26c0, tid 2224
12-11 17:59:36.876 2213-2224/? D/gralloc_ranchu: gralloc_unregister_buffer: exiting HostConnection (is buffer-handling thread)
12-11 17:59:36.877 2213-2224/? D/: HostConnection::get() New Host Connection established 0xe97a26c0, tid 2224
12-11 17:59:36.877 2213-2224/? D/gralloc_ranchu: gralloc_unregister_buffer: exiting HostConnection (is buffer-handling thread)
12-11 17:59:36.901 9909-9925/? I/MonitoringInstr: Unstopped activity count: 1
12-11 17:59:36.952 9909-9925/? I/chatty: uid=10091(com.freenow.android_demo) identical 1 line
12-11 17:59:37.003 9909-9925/? I/MonitoringInstr: Unstopped activity count: 1
12-11 17:59:37.010 1866-1866/? D/gralloc_ranchu: gralloc_unregister_buffer: exiting HostConnection (is buffer-handling thread)
12-11 17:59:37.010 1866-1866/? D/: HostConnection::get() New Host Connection established 0xf17bc200, tid 1866
12-11 17:59:37.011 1866-1866/? D/gralloc_ranchu: gralloc_unregister_buffer: exiting HostConnection (is buffer-handling thread)
12-11 17:59:37.011 1866-1866/? D/: HostConnection::get() New Host Connection established 0xf17bc200, tid 1866
12-11 17:59:37.011 1866-1866/? D/gralloc_ranchu: gralloc_unregister_buffer: exiting HostConnection (is buffer-handling thread)
12-11 17:59:37.012 1866-1866/? D/: HostConnection::get() New Host Connection established 0xf17bc200, tid 1866
12-11 17:59:37.012 1866-1866/? D/gralloc_ranchu: gralloc_unregister_buffer: exiting HostConnection (is buffer-handling thread)
12-11 17:59:37.018 1866-1866/? D/: HostConnection::get() New Host Connection established 0xf17bc200, tid 1866
12-11 17:59:37.053 9909-9925/? I/MonitoringInstr: Unstopped activity count: 1
12-11 17:59:37.209 9909-9925/? I/chatty: uid=10091(com.freenow.android_demo) identical 3 lines
12-11 17:59:37.260 9909-9925/? I/MonitoringInstr: Unstopped activity count: 1
12-11 17:59:37.299 9909-9977/? D/EGL_emulation: eglMakeCurrent: 0xeb406080: ver 3 0 (tinfo 0xeb403c50)
12-11 17:59:37.303 1823-2461/? D/gralloc_ranchu: gralloc_unregister_buffer: exiting HostConnection (is buffer-handling thread)
12-11 17:59:37.306 1823-2461/? D/: HostConnection::get() New Host Connection established 0xea898080, tid 2461
12-11 17:59:37.306 1823-2461/? D/gralloc_ranchu: gralloc_unregister_buffer: exiting HostConnection (is buffer-handling thread)
12-11 17:59:37.307 1823-2461/? D/: HostConnection::get() New Host Connection established 0xea898080, tid 2461
12-11 17:59:37.308 1823-2461/? D/gralloc_ranchu: gralloc_unregister_buffer: exiting HostConnection (is buffer-handling thread)
12-11 17:59:37.309 1823-2461/? D/: HostConnection::get() New Host Connection established 0xea898080, tid 2461
12-11 17:59:37.309 1823-2461/? D/gralloc_ranchu: gralloc_unregister_buffer: exiting HostConnection (is buffer-handling thread)
12-11 17:59:37.313 9909-9925/? I/MonitoringInstr: Unstopped activity count: 1
12-11 17:59:37.323 2008-7033/? I/ConfigStore: android::hardware::configstore::V1_0::ISurfaceFlingerConfigs::hasWideColorDisplay retrieved: 0
12-11 17:59:37.323 2008-7033/? I/ConfigStore: android::hardware::configstore::V1_0::ISurfaceFlingerConfigs::hasHDRDisplay retrieved: 0
12-11 17:59:37.323 2008-7033/? I/OpenGLRenderer: Initialized EGL, version 1.4
12-11 17:59:37.323 2008-7033/? D/OpenGLRenderer: Swap behavior 1
12-11 17:59:37.325 2008-7033/? W/OpenGLRenderer: Failed to choose config with EGL_SWAP_BEHAVIOR_PRESERVED, retrying without...
12-11 17:59:37.325 2008-7033/? D/OpenGLRenderer: Swap behavior 0
12-11 17:59:37.329 2008-7033/? D/EGL_emulation: eglCreateContext: 0xe9c2a460: maj 3 min 0 rcv 3
12-11 17:59:37.335 2008-7033/? D/EGL_emulation: eglMakeCurrent: 0xe9c2a460: ver 3 0 (tinfo 0xd5a7f020)
12-11 17:59:37.335 9909-9909/? D/AutofillManager: onActivityFinishing(): calling cancelLocked()
12-11 17:59:37.337 9909-9909/? D/LifecycleMonitor: Lifecycle status change: com.freenow.android_demo.activities.AuthenticationActivity@b53ff16 in: STOPPED
12-11 17:59:37.342 9909-9909/? D/LifecycleMonitor: Lifecycle status change: com.freenow.android_demo.activities.AuthenticationActivity@b53ff16 in: DESTROYED
12-11 17:59:37.363 1823-1853/? W/SurfaceFlinger: Attempting to destroy on removed layer: AppWindowToken{b90e97 token=Token{2fe0516 ActivityRecord{a40da31 u0 com.freenow.android_demo/.activities.AuthenticationActivity t30}}}#0
12-11 17:59:37.364 9909-9925/? I/TestRunner: run finished: 1 tests, 1 failed, 0 ignored
12-11 17:59:37.370 9909-9909/? I/MonitoringInstr: Activities that are still in CREATED to STOPPED: 0
12-11 17:59:37.369 9909-9925/? I/MonitoringInstr: waitForActivitiesToComplete() took: 0ms
12-11 17:59:37.380 2008-4987/? W/WindowManager: removeWindowToken: Attempted to remove non-existing token: android.os.Binder@7705148
12-11 17:59:37.386 2008-2008/? V/SettingsProvider: Notifying for 0: content://settings/secure/accessibility_enabled
12-11 17:59:37.393 2008-9480/? W/Binder: Outgoing transactions from this process must be FLAG_ONEWAY
12-11 17:59:37.393 2008-9480/? W/Binder: java.lang.Throwable
12-11 17:59:37.393 2008-9480/? W/Binder: 	at android.os.BinderProxy.transact(Binder.java:1114)
12-11 17:59:37.393 2008-9480/? W/Binder: 	at android.app.IInstrumentationWatcher$Stub$Proxy.instrumentationFinished(IInstrumentationWatcher.java:164)
12-11 17:59:37.393 2008-9480/? W/Binder: 	at com.android.server.am.InstrumentationReporter$MyThread.run(InstrumentationReporter.java:86)
12-11 17:59:37.394 2008-4987/? I/ActivityManager: Force stopping com.freenow.android_demo appid=10091 user=0: finished inst
12-11 17:59:37.394 2008-4987/? I/ActivityManager: Killing 9909:com.freenow.android_demo/u0a91 (adj 0): stop com.freenow.android_demo
12-11 17:59:37.394 9900-9900/? D/AndroidRuntime: Shutting down VM
12-11 17:59:37.395 2008-2026/? W/libprocessgroup: kill(-9909, 9) failed: No such process
12-11 17:59:37.420 2008-2016/? D/: HostConnection::get() New Host Connection established 0xd12c0240, tid 2016
12-11 17:59:37.423 2008-2016/? D/gralloc_ranchu: gralloc_unregister_buffer: exiting HostConnection (is buffer-handling thread)
12-11 17:59:37.424 2008-2016/? D/: HostConnection::get() New Host Connection established 0xd12c0240, tid 2016
12-11 17:59:37.425 2008-2016/? D/gralloc_ranchu: gralloc_unregister_buffer: exiting HostConnection (is buffer-handling thread)
12-11 17:59:37.433 2008-2026/? W/libprocessgroup: kill(-9909, 9) failed: No such process
12-11 17:59:37.468 1824-1824/? I/Zygote: Process 9909 exited due to signal (9)
12-11 17:59:37.474 2008-2026/? W/libprocessgroup: kill(-9909, 9) failed: No such process
12-11 17:59:37.474 2008-2026/? I/libprocessgroup: Successfully killed process cgroup uid 10091 pid 9909 in 79ms
12-11 17:59:37.489 2008-2033/? W/ActivityManager: setHasOverlayUi called on unknown pid: 9909
12-11 17:59:37.611 9999-9999/? D/AndroidRuntime: >>>>>> START com.android.internal.os.RuntimeInit uid 2000 <<<<<<
12-11 17:59:37.616 9999-9999/? W/app_process: Could not reserve sentinel fault page
12-11 17:59:37.666 9999-9999/? W/app_process: Unexpected CPU variant for X86 using defaults: x86
12-11 17:59:37.668 9999-9999/? I/app_process: The ClassLoaderContext is a special shared library.
12-11 17:59:37.675 9999-9999/? W/app_process: CheckJNI: method to register "write" not in the given class. This is slow, consider changing your RegisterNatives calls.
12-11 17:59:37.675 9999-9999/? I/chatty: uid=2000(shell) app_process identical 42 lines
12-11 17:59:37.675 9999-9999/? W/app_process: CheckJNI: method to register "write" not in the given class. This is slow, consider changing your RegisterNatives calls.
12-11 17:59:37.675 9999-9999/? W/app_process: CheckJNI: method to register "write_non_chained" not in the given class. This is slow, consider changing your RegisterNatives calls.
12-11 17:59:37.675 9999-9999/? I/chatty: uid=2000(shell) app_process identical 7 lines
12-11 17:59:37.675 9999-9999/? W/app_process: CheckJNI: method to register "write_non_chained" not in the given class. This is slow, consider changing your RegisterNatives calls.
12-11 17:59:37.694 9999-9999/? D/AndroidRuntime: Calling main entry com.android.commands.am.Am
12-11 17:59:37.698 2008-4987/? I/ActivityManager: Force stopping com.freenow.android_demo appid=10091 user=0: start instr
12-11 17:59:37.706 10008-10008/? I/ow.android_dem: Not late-enabling -Xcheck:jni (already on)
12-11 17:59:37.711 2008-2025/? I/ActivityManager: Start proc 10008:com.freenow.android_demo/u0a91 for added application com.freenow.android_demo
12-11 17:59:37.718 10008-10008/? W/ow.android_dem: Unexpected CPU variant for X86 using defaults: x86
12-11 17:59:37.736 10008-10015/? E/ow.android_dem: Failed to send DDMS packet REAQ to debugger (-1 of 20): Broken pipe
12-11 17:59:37.755 10008-10008/? I/ow.android_dem: The ClassLoaderContext is a special shared library.
12-11 17:59:37.755 10008-10008/? I/chatty: uid=10091(com.freenow.android_demo) identical 1 line
12-11 17:59:37.756 10008-10008/? I/ow.android_dem: The ClassLoaderContext is a special shared library.
12-11 17:59:37.872 2008-2162/? I/GnssLocationProvider: WakeLock acquired by sendMessage(REPORT_SV_STATUS, 0, com.android.server.location.GnssLocationProvider$SvStatusInfo@aeee314)
12-11 17:59:37.874 2008-2022/? I/GnssLocationProvider: WakeLock released by handleMessage(REPORT_SV_STATUS, 0, com.android.server.location.GnssLocationProvider$SvStatusInfo@aeee314)
12-11 17:59:37.958 10008-10008/? I/ow.android_dem: The ClassLoaderContext is a special shared library.
12-11 17:59:37.960 10008-10008/? I/chatty: uid=10091(com.freenow.android_demo) identical 1 line
12-11 17:59:37.961 10008-10008/? I/ow.android_dem: The ClassLoaderContext is a special shared library.
12-11 17:59:38.159 10008-10008/? W/ow.android_dem: Accessing hidden method Landroid/app/Instrumentation;->execStartActivity(Landroid/content/Context;Landroid/os/IBinder;Landroid/os/IBinder;Landroid/app/Activity;Landroid/content/Intent;ILandroid/os/Bundle;)Landroid/app/Instrumentation$ActivityResult; (light greylist, linking)
12-11 17:59:38.159 10008-10008/? W/ow.android_dem: Accessing hidden method Landroid/app/Instrumentation;->execStartActivity(Landroid/content/Context;Landroid/os/IBinder;Landroid/os/IBinder;Ljava/lang/String;Landroid/content/Intent;ILandroid/os/Bundle;)Landroid/app/Instrumentation$ActivityResult; (light greylist, linking)
12-11 17:59:38.165 10008-10008/? I/MonitoringInstr: Instrumentation started on process com.freenow.android_demo
12-11 17:59:38.166 10008-10008/? I/MonitoringInstr: Setting context classloader to 'dalvik.system.PathClassLoader[DexPathList[[zip file "/system/framework/android.test.runner.jar", zip file "/system/framework/android.test.mock.jar", zip file "/system/framework/org.apache.http.legacy.boot.jar", zip file "/data/app/com.freenow.android_demo.test-YKOoP1wx3D_cFo95rnjz0A==/base.apk", zip file "/data/app/com.freenow.android_demo-nMXqjW9uPoPDqzYuoeiN2A==/base.apk"],nativeLibraryDirectories=[/data/app/com.freenow.android_demo.test-YKOoP1wx3D_cFo95rnjz0A==/lib/x86, /data/app/com.freenow.android_demo-nMXqjW9uPoPDqzYuoeiN2A==/lib/x86, /system/lib]]]', Original: 'dalvik.system.PathClassLoader[DexPathList[[zip file "/system/framework/android.test.runner.jar", zip file "/system/framework/android.test.mock.jar", zip file "/system/framework/org.apache.http.legacy.boot.jar", zip file "/data/app/com.freenow.android_demo.test-YKOoP1wx3D_cFo95rnjz0A==/base.apk", zip file "/data/app/com.freenow.android_demo-nMXqjW9uPoPDqzYuoeiN2A==/base.apk"],nativeLibraryDirectories=[/data/app/com.freenow.android_demo.test-YKOoP1wx3D_cFo95rnjz0A==/lib/x86, /data/app/com.freenow.android_demo-nMXqjW9uPoPDqzYuoeiN2A==/lib/x86, /system/lib]]]'
12-11 17:59:38.169 10008-10008/? I/MonitoringInstr: No JSBridge.
12-11 17:59:38.172 10008-10024/? I/MonitoringInstr: Setting context classloader to 'dalvik.system.PathClassLoader[DexPathList[[zip file "/system/framework/android.test.runner.jar", zip file "/system/framework/android.test.mock.jar", zip file "/system/framework/org.apache.http.legacy.boot.jar", zip file "/data/app/com.freenow.android_demo.test-YKOoP1wx3D_cFo95rnjz0A==/base.apk", zip file "/data/app/com.freenow.android_demo-nMXqjW9uPoPDqzYuoeiN2A==/base.apk"],nativeLibraryDirectories=[/data/app/com.freenow.android_demo.test-YKOoP1wx3D_cFo95rnjz0A==/lib/x86, /data/app/com.freenow.android_demo-nMXqjW9uPoPDqzYuoeiN2A==/lib/x86, /system/lib]]]', Original: 'dalvik.system.PathClassLoader[DexPathList[[zip file "/system/framework/android.test.runner.jar", zip file "/system/framework/android.test.mock.jar", zip file "/system/framework/org.apache.http.legacy.boot.jar", zip file "/data/app/com.freenow.android_demo.test-YKOoP1wx3D_cFo95rnjz0A==/base.apk", zip file "/data/app/com.freenow.android_demo-nMXqjW9uPoPDqzYuoeiN2A==/base.apk"],nativeLibraryDirectories=[/data/app/com.freenow.android_demo.test-YKOoP1wx3D_cFo95rnjz0A==/lib/x86, /data/app/com.freenow.android_demo-nMXqjW9uPoPDqzYuoeiN2A==/lib/x86, /system/lib]]]'
12-11 17:59:38.182 10008-10024/? I/UsageTrackerFacilitator: Usage tracking disabled
12-11 17:59:38.199 10008-10024/? D/TestExecutor: Adding listener android.support.test.internal.runner.listener.LogRunListener
12-11 17:59:38.199 10008-10024/? D/TestExecutor: Adding listener android.support.test.internal.runner.listener.InstrumentationResultPrinter
12-11 17:59:38.199 10008-10024/? D/TestExecutor: Adding listener android.support.test.internal.runner.listener.ActivityFinisherRunListener
12-11 17:59:38.203 10008-10024/? I/TestRunner: run started: 1 tests
12-11 17:59:38.217 2008-2008/? V/SettingsProvider: Notifying for 0: content://settings/secure/accessibility_enabled
12-11 17:59:38.221 10008-10024/? I/TestRunner: started: loginFailing0(com.freenow.android_demo.tests.LoginTest)
12-11 17:59:38.223 10008-10008/? I/MonitoringInstr: Activities that are still in CREATED to STOPPED: 0
12-11 17:59:38.225 10008-10024/? I/GrantPermissionCallable: Permission: android.permission.ACCESS_FINE_LOCATION is already granted!
12-11 17:59:38.233 10008-10024/? W/ActivityTestRule: getActivityIntent() returned null using default: Intent(Intent.ACTION_MAIN)
12-11 17:59:38.235 2008-2181/? I/ActivityManager: START u0 {act=android.intent.action.MAIN flg=0x14000000 cmp=com.freenow.android_demo/.activities.MainActivity} from uid 10091
12-11 17:59:38.279 10008-10008/? W/ActivityThread: handleWindowVisibility: no activity for token android.os.BinderProxy@d61ea14
12-11 17:59:38.283 1649-8500/? D/gralloc_ranchu: gralloc_alloc: Creating ashmem region of size 16592896
12-11 17:59:38.316 10008-10008/? D/LifecycleMonitor: Lifecycle status change: com.freenow.android_demo.activities.MainActivity@e95803 in: PRE_ON_CREATE
12-11 17:59:38.328 1823-1853/? E/SurfaceFlinger: ro.sf.lcd_density must be defined as a build property
12-11 17:59:38.333 10032-10040/? I/OMXClient: IOmx service obtained
12-11 17:59:38.333 1838-2389/? I/OMXMaster: makeComponentInstance(OMX.google.h264.encoder) in omx@1.0-service process
12-11 17:59:38.341 10032-10040/? W/OMXUtils: do not know color format 0x7f000789 = 2130708361
12-11 17:59:38.341 10032-10040/? I/ACodec: setupAVCEncoderParameters with [profile: Baseline] [level: Level41]
12-11 17:59:38.342 10032-10040/? I/ACodec: [OMX.google.h264.encoder] cannot encode color aspects. Ignoring.
12-11 17:59:38.342 10032-10040/? I/ACodec: [OMX.google.h264.encoder] cannot encode HDR static metadata. Ignoring.
12-11 17:59:38.342 10032-10040/? I/ACodec: setupVideoEncoder succeeded
12-11 17:59:38.342 10032-10040/? W/OMXUtils: do not know color format 0x7f000789 = 2130708361
12-11 17:59:38.342 1838-2389/? E/OMXNodeInstance: getConfig(0xe8e2c420:google.h264.encoder, ConfigLatency(0x6f800005)) ERROR: Undefined(0x80001001)
12-11 17:59:38.342 1838-2389/? E/OMXNodeInstance: getConfig(0xe8e2c420:google.h264.encoder, ConfigAndroidVendorExtension(0x6f100004)) ERROR: Undefined(0x80001001)
12-11 17:59:38.344 1838-2389/? D/GraphicBufferSource: setting dataspace: 0x104, acquired=0
12-11 17:59:38.345 1838-2271/? D/GraphicBufferSource: requesting color aspects (R:2(Limited), P:1(BT709_5), M:1(BT709_5), T:3(SMPTE170M))
12-11 17:59:38.349 1637-1637/? W/AshmemAllocator: ashmem_create_region(12) returning hidl_memory(0xf459c180, 12)
12-11 17:59:38.357 1637-1637/? W/AshmemAllocator: ashmem_create_region(12) returning hidl_memory(0xf459c180, 12)
12-11 17:59:38.363 1637-1637/? W/AshmemAllocator: ashmem_create_region(3110400) returning hidl_memory(0xf459c180, 3110400)
12-11 17:59:38.363 1637-1637/? W/AshmemAllocator: ashmem_create_region(3110400) returning hidl_memory(0xf459c180, 3110400)
12-11 17:59:38.365 10008-10008/? W/ow.android_dem: Accessing hidden method Landroid/view/View;->computeFitSystemWindows(Landroid/graphics/Rect;Landroid/graphics/Rect;)Z (light greylist, reflection)
12-11 17:59:38.365 10008-10008/? W/ow.android_dem: Accessing hidden method Landroid/view/ViewGroup;->makeOptionalFitsSystemWindows()V (light greylist, reflection)
12-11 17:59:38.365 1649-8500/? D/gralloc_ranchu: gralloc_alloc: Creating ashmem region of size 16592896
12-11 17:59:38.365 1838-10042/? D/SoftAVCEnc: Params width 1440 height 2880 level 50 colorFormat 0
12-11 17:59:38.365 1838-10042/? E/SoftAVCEnc: Fill memory records failed = 0x192
12-11 17:59:38.365 1838-10042/? E/SoftAVCEnc: Failed to initialize encoder
12-11 17:59:38.365 1838-10042/? D/SoftAVCEnc: Params width 1440 height 2880 level 50 colorFormat 0
12-11 17:59:38.365 1838-10042/? E/SoftAVCEnc: Fill memory records failed = 0x192
12-11 17:59:38.365 1838-10042/? E/SoftAVCEnc: Failed to initialize encoder
12-11 17:59:38.366 10032-10040/? E/ACodec: [OMX.google.h264.encoder] ERROR(0x80001001)
12-11 17:59:38.366 10032-10040/? E/ACodec: signalError(omxError 0x80001001, internalError -2147483648)
12-11 17:59:38.366 10032-10040/? E/ACodec: [OMX.google.h264.encoder] ERROR(0x80001001)
12-11 17:59:38.366 10032-10040/? E/ACodec: signalError(omxError 0x80001001, internalError -2147483648)
12-11 17:59:38.366 10032-10040/? E/ACodec: [OMX.google.h264.encoder] ERROR(0x80001001)
12-11 17:59:38.366 10032-10040/? E/ACodec: signalError(omxError 0x80001001, internalError -2147483648)
12-11 17:59:38.366 10032-10040/? E/ACodec: [OMX.google.h264.encoder] ERROR(0x80001001)
12-11 17:59:38.366 10032-10040/? E/ACodec: signalError(omxError 0x80001001, internalError -2147483648)
12-11 17:59:38.366 10032-10039/? E/MediaCodec: Codec reported err 0x80001001, actionCode 0, while in state 6
12-11 17:59:38.367 10032-10039/? E/MediaCodec: Codec reported err 0x80001001, actionCode 0, while in state 0
12-11 17:59:38.367 10032-10039/? I/chatty: uid=2000(shell) screenrecord identical 1 line
12-11 17:59:38.367 10032-10039/? E/MediaCodec: Codec reported err 0x80001001, actionCode 0, while in state 0
12-11 17:59:38.373 1823-1858/? E/: HpInterface: Wrong interface type.
12-11 17:59:38.359 1823-1823/? W/Binder:1823_2: type=1400 audit(0.0:72): avc: denied { call } for scontext=u:r:surfaceflinger:s0 tcontext=u:r:mediacodec:s0 tclass=binder permissive=0 b/77924251
12-11 17:59:38.386 1823-2461/? D/: HostConnection::get() New Host Connection established 0xe9f72c80, tid 2461
12-11 17:59:38.398 1823-1823/? E/HWComposer: getHdrCapabilities failed for display -1: Invalid display
12-11 17:59:38.399 1838-2271/? W/GraphicBufferSource: released unpopulated slots: [0, 1, 2, 3, 4, 5, 6, 7, 8, 9, 10, 11, 12, 13, 14, 15, 16, 17, 18, 19, 20, 21, 22, 23, 24, 25, 26, 27, 28, 29, 30, 31, 32, 33, 34, 35, 36, 37, 38, 39, 40, 41, 42, 43, 44, 45, 46, 47, 48, 49, 50, 51, 52, 53, 54, 55, 56, 57, 58, 59, 60, 61, 62, 63]
12-11 17:59:38.401 1649-8500/? D/gralloc_ranchu: gralloc_alloc: Creating ashmem region of size 16592896
12-11 17:59:38.429 1838-2271/? D/: HostConnection::get() New Host Connection established 0xe8bcc600, tid 2271
12-11 17:59:38.442 10032-10044/? D/: HostConnection::get() New Host Connection established 0xec8c7e00, tid 10044
12-11 17:59:38.445 10032-10044/? D/gralloc_ranchu: gralloc_unregister_buffer: exiting HostConnection (is buffer-handling thread)
12-11 17:59:38.447 10032-10044/? D/: HostConnection::get() New Host Connection established 0xec8c7e00, tid 10044
12-11 17:59:38.447 10008-10008/? I/zzbz: Making Creator dynamically
12-11 17:59:38.447 10032-10044/? D/gralloc_ranchu: gralloc_unregister_buffer: exiting HostConnection (is buffer-handling thread)
12-11 17:59:38.449 1823-1823/? E/HWComposer: getSupportedPerFrameMetadata failed for display -1: Invalid display
12-11 17:59:38.450 10032-10032/? E/MediaMuxer: stop() is called in invalid state 1
12-11 17:59:38.452 1823-1823/? D/EGL_emulation: eglMakeCurrent: 0xeaf20a80: ver 3 0 (tinfo 0xeaf1c310)
12-11 17:59:38.456 1838-2271/? D/gralloc_ranchu: gralloc_unregister_buffer: exiting HostConnection (is buffer-handling thread)
12-11 17:59:38.462 1838-2271/? D/: HostConnection::get() New Host Connection established 0xe8bcc600, tid 2271
12-11 17:59:38.463 10032-10032/? D/ScreenRecord: failed
12-11 17:59:38.463 1838-2271/? D/gralloc_ranchu: gralloc_unregister_buffer: exiting HostConnection (is buffer-handling thread)
12-11 17:59:38.464 1838-2268/? E/BufferQueueProducer: [GraphicBufferSource] queueBuffer: BufferQueue has been abandoned
12-11 17:59:38.464 1823-1823/? E/Surface: queueBuffer: error queuing buffer to SurfaceTexture, -19
12-11 17:59:38.467 10008-10008/? W/ow.android_dem: Unsupported class loader
12-11 17:59:38.470 10008-10008/? I/DynamiteModule: Considering local module com.google.android.gms.maps_dynamite:0 and remote module com.google.android.gms.maps_dynamite:221
12-11 17:59:38.471 10008-10008/? I/DynamiteModule: Selected remote version of com.google.android.gms.maps_dynamite, version >= 221
12-11 17:59:38.471 1823-1823/? E/EGL_emulation: tid 1823: swapBuffers(552): error 0x300d (EGL_BAD_SURFACE)
12-11 17:59:38.471 1823-1823/? E/SurfaceFlinger: eglSwapBuffers(0x1, 0xe2da36c0) failed with 0x0000300d
12-11 17:59:38.472 1823-1823/? D/EGL_emulation: eglMakeCurrent: 0xeaf20a80: ver 3 0 (tinfo 0xeaf1c310)
12-11 17:59:38.479 1823-1823/? D/EGL_emulation: eglMakeCurrent: 0xeaf20a80: ver 3 0 (tinfo 0xeaf1c310)
12-11 17:59:38.480 1823-1823/? E/HWComposer: getLayerReleaseFence failed for display -1: Invalid display
12-11 17:59:38.480 1823-1823/? I/chatty: uid=1000(system) /system/bin/surfaceflinger identical 3 lines
12-11 17:59:38.480 1823-1823/? E/HWComposer: getLayerReleaseFence failed for display -1: Invalid display
12-11 17:59:38.481 1823-1823/? D/EGL_emulation: eglMakeCurrent: 0xeaf20a80: ver 3 0 (tinfo 0xeaf1c310)
12-11 17:59:38.482 1823-1823/? W/libEGL: EGLNativeWindowType 0xe2da2008 disconnect failed
12-11 17:59:38.499 10008-10008/? W/ow.android_dem: Unsupported class loader
12-11 17:59:38.500 10008-10008/? W/ow.android_dem: Skipping duplicate class check due to unsupported classloader
12-11 17:59:38.519 10008-10008/? I/Google Maps Android API: Google Play services client version: 12451000
12-11 17:59:38.522 10008-10008/? I/Google Maps Android API: Google Play services package version: 16089022
12-11 17:59:38.594 10008-10008/? W/ow.android_dem: Accessing hidden field Ljava/nio/Buffer;->address:J (light greylist, reflection)
12-11 17:59:38.655 1866-1866/? D/gralloc_ranchu: gralloc_unregister_buffer: exiting HostConnection (is buffer-handling thread)
12-11 17:59:38.655 1866-1866/? D/: HostConnection::get() New Host Connection established 0xf17bc200, tid 1866
12-11 17:59:38.656 3385-3453/? D/EGL_emulation: eglMakeCurrent: 0xd8372c00: ver 3 0 (tinfo 0xd7d1d030)
12-11 17:59:38.656 1866-1866/? D/gralloc_ranchu: gralloc_unregister_buffer: exiting HostConnection (is buffer-handling thread)
12-11 17:59:38.657 1866-1866/? D/: HostConnection::get() New Host Connection established 0xf17bc200, tid 1866
12-11 17:59:38.658 1866-1866/? D/gralloc_ranchu: gralloc_unregister_buffer: exiting HostConnection (is buffer-handling thread)
12-11 17:59:38.658 1866-1866/? D/: HostConnection::get() New Host Connection established 0xf17bc200, tid 1866
12-11 17:59:38.659 1866-1866/? D/gralloc_ranchu: gralloc_unregister_buffer: exiting HostConnection (is buffer-handling thread)
12-11 17:59:38.659 1866-1866/? D/: HostConnection::get() New Host Connection established 0xf17bc200, tid 1866
12-11 17:59:38.659 1866-1866/? D/gralloc_ranchu: gralloc_unregister_buffer: exiting HostConnection (is buffer-handling thread)
12-11 17:59:38.660 1866-1866/? D/: HostConnection::get() New Host Connection established 0xf17bc200, tid 1866
12-11 17:59:38.660 1866-1866/? D/gralloc_ranchu: gralloc_unregister_buffer: exiting HostConnection (is buffer-handling thread)
12-11 17:59:38.660 1866-1866/? D/: HostConnection::get() New Host Connection established 0xf17bc200, tid 1866
12-11 17:59:38.660 1866-1866/? D/gralloc_ranchu: gralloc_unregister_buffer: exiting HostConnection (is buffer-handling thread)
12-11 17:59:38.661 1866-1866/? D/: HostConnection::get() New Host Connection established 0xf17bc200, tid 1866
12-11 17:59:38.661 1866-1866/? D/gralloc_ranchu: gralloc_unregister_buffer: exiting HostConnection (is buffer-handling thread)
12-11 17:59:38.661 3353-3521/? D/EGL_emulation: eglMakeCurrent: 0xeb406020: ver 3 0 (tinfo 0xeb403d00)
12-11 17:59:38.663 2213-2473/? D/EGL_emulation: eglMakeCurrent: 0xeb4059c0: ver 3 0 (tinfo 0xeb403a50)
12-11 17:59:38.667 1823-1853/? D/gralloc_ranchu: gralloc_unregister_buffer: exiting HostConnection (is buffer-handling thread)
12-11 17:59:38.667 1823-1853/? D/: HostConnection::get() New Host Connection established 0xe1c94bc0, tid 1853
12-11 17:59:38.667 1823-1853/? D/gralloc_ranchu: gralloc_unregister_buffer: exiting HostConnection (is buffer-handling thread)
12-11 17:59:38.668 1823-1853/? D/: HostConnection::get() New Host Connection established 0xe1c94bc0, tid 1853
12-11 17:59:38.668 1823-1853/? D/gralloc_ranchu: gralloc_unregister_buffer: exiting HostConnection (is buffer-handling thread)
12-11 17:59:38.668 1823-1853/? D/: HostConnection::get() New Host Connection established 0xe1c94bc0, tid 1853
12-11 17:59:38.668 1823-1853/? D/gralloc_ranchu: gralloc_unregister_buffer: exiting HostConnection (is buffer-handling thread)
12-11 17:59:38.669 1866-1866/? D/: HostConnection::get() New Host Connection established 0xf17bc1c0, tid 1866
12-11 17:59:38.674 2213-2473/? D/EGL_emulation: eglMakeCurrent: 0xeb4059c0: ver 3 0 (tinfo 0xeb403a50)
12-11 17:59:38.872 2008-2162/? I/GnssLocationProvider: WakeLock acquired by sendMessage(REPORT_SV_STATUS, 0, com.android.server.location.GnssLocationProvider$SvStatusInfo@7d4630d)
12-11 17:59:38.872 2008-2022/? I/GnssLocationProvider: WakeLock released by handleMessage(REPORT_SV_STATUS, 0, com.android.server.location.GnssLocationProvider$SvStatusInfo@7d4630d)
12-11 17:59:38.881 10008-10008/? W/ow.android_dem: Accessing hidden method Lcom/android/org/conscrypt/OpenSSLSocketImpl;->setUseSessionTickets(Z)V (light greylist, reflection)
12-11 17:59:38.881 10008-10008/? W/ow.android_dem: Accessing hidden method Lcom/android/org/conscrypt/OpenSSLSocketImpl;->setHostname(Ljava/lang/String;)V (light greylist, reflection)
12-11 17:59:38.881 10008-10008/? W/ow.android_dem: Accessing hidden method Lcom/android/org/conscrypt/OpenSSLSocketImpl;->getAlpnSelectedProtocol()[B (light greylist, reflection)
12-11 17:59:38.881 10008-10008/? W/ow.android_dem: Accessing hidden method Lcom/android/org/conscrypt/OpenSSLSocketImpl;->setAlpnProtocols([B)V (light greylist, reflection)
12-11 17:59:38.892 10008-10008/? W/ow.android_dem: Accessing hidden method Ldalvik/system/CloseGuard;->get()Ldalvik/system/CloseGuard; (light greylist, reflection)
12-11 17:59:38.892 10008-10008/? W/ow.android_dem: Accessing hidden method Ldalvik/system/CloseGuard;->open(Ljava/lang/String;)V (light greylist, reflection)
12-11 17:59:38.892 10008-10008/? W/ow.android_dem: Accessing hidden method Ldalvik/system/CloseGuard;->warnIfOpen()V (light greylist, reflection)
12-11 17:59:38.892 10008-10008/? D/NetworkSecurityConfig: No Network Security Config specified, using platform default
12-11 17:59:38.914 10008-10008/? D/Test: Fetching drivers
12-11 17:59:38.923 10008-10008/? D/LifecycleMonitor: Lifecycle status change: com.freenow.android_demo.activities.MainActivity@e95803 in: CREATED
12-11 17:59:38.931 10008-10008/? D/LifecycleMonitor: Lifecycle status change: com.freenow.android_demo.activities.MainActivity@e95803 in: STARTED
12-11 17:59:38.934 2008-4391/? I/ActivityManager: START u0 {cmp=com.freenow.android_demo/.activities.AuthenticationActivity} from uid 10091
12-11 17:59:38.937 10008-10073/? W/System.err: java.net.ConnectException: Failed to connect to localhost/127.0.0.1:8080
12-11 17:59:38.937 10008-10073/? W/System.err: 	at okhttp3.internal.connection.RealConnection.connectSocket(RealConnection.kt:270)
12-11 17:59:38.937 10008-10073/? W/System.err: 	at okhttp3.internal.connection.RealConnection.connect(RealConnection.kt:176)
12-11 17:59:38.938 10008-10073/? W/System.err: 	at okhttp3.internal.connection.ExchangeFinder.findConnection(ExchangeFinder.kt:236)
12-11 17:59:38.938 10008-10073/? W/System.err: 	at okhttp3.internal.connection.ExchangeFinder.findHealthyConnection(ExchangeFinder.kt:109)
12-11 17:59:38.938 10008-10073/? W/System.err: 	at okhttp3.internal.connection.ExchangeFinder.find(ExchangeFinder.kt:77)
12-11 17:59:38.938 10008-10073/? W/System.err: 	at okhttp3.internal.connection.Transmitter.newExchange$okhttp(Transmitter.kt:162)
12-11 17:59:38.938 10008-10073/? W/System.err: 	at okhttp3.internal.connection.ConnectInterceptor.intercept(ConnectInterceptor.kt:35)
12-11 17:59:38.938 10008-10073/? W/System.err: 	at okhttp3.internal.http.RealInterceptorChain.proceed(RealInterceptorChain.kt:112)
12-11 17:59:38.938 10008-10073/? W/System.err: 	at okhttp3.internal.http.RealInterceptorChain.proceed(RealInterceptorChain.kt:87)
12-11 17:59:38.938 10008-10073/? W/System.err: 	at okhttp3.internal.cache.CacheInterceptor.intercept(CacheInterceptor.kt:82)
12-11 17:59:38.938 10008-10073/? W/System.err: 	at okhttp3.internal.http.RealInterceptorChain.proceed(RealInterceptorChain.kt:112)
12-11 17:59:38.938 10008-10073/? W/System.err: 	at okhttp3.internal.http.RealInterceptorChain.proceed(RealInterceptorChain.kt:87)
12-11 17:59:38.938 10008-10073/? W/System.err: 	at okhttp3.internal.http.BridgeInterceptor.intercept(BridgeInterceptor.kt:84)
12-11 17:59:38.938 10008-10073/? W/System.err: 	at okhttp3.internal.http.RealInterceptorChain.proceed(RealInterceptorChain.kt:112)
12-11 17:59:38.939 10008-10073/? W/System.err: 	at okhttp3.internal.http.RetryAndFollowUpInterceptor.intercept(RetryAndFollowUpInterceptor.kt:71)
12-11 17:59:38.939 10008-10073/? W/System.err: 	at okhttp3.internal.http.RealInterceptorChain.proceed(RealInterceptorChain.kt:112)
12-11 17:59:38.939 10008-10073/? W/System.err: 	at okhttp3.internal.http.RealInterceptorChain.proceed(RealInterceptorChain.kt:87)
12-11 17:59:38.939 10008-10073/? W/System.err: 	at net.rafaeltoledo.okir.OkHttp3IdlingResource.intercept(OkHttp3IdlingResource.java:39)
12-11 17:59:38.939 10008-10073/? W/System.err: 	at okhttp3.internal.http.RealInterceptorChain.proceed(RealInterceptorChain.kt:112)
12-11 17:59:38.939 10008-10073/? W/System.err: 	at okhttp3.internal.http.RealInterceptorChain.proceed(RealInterceptorChain.kt:87)
12-11 17:59:38.939 10008-10073/? W/System.err: 	at okhttp3.RealCall.getResponseWithInterceptorChain(RealCall.kt:184)
12-11 17:59:38.939 10008-10073/? W/System.err: 	at okhttp3.RealCall$AsyncCall.run(RealCall.kt:136)
12-11 17:59:38.939 10008-10073/? W/System.err: 	at java.util.concurrent.ThreadPoolExecutor.runWorker(ThreadPoolExecutor.java:1167)
12-11 17:59:38.939 10008-10073/? W/System.err: 	at java.util.concurrent.ThreadPoolExecutor$Worker.run(ThreadPoolExecutor.java:641)
12-11 17:59:38.939 10008-10073/? W/System.err: 	at java.lang.Thread.run(Thread.java:764)
12-11 17:59:38.939 10008-10073/? W/System.err: Caused by: java.net.ConnectException: failed to connect to localhost/127.0.0.1 (port 8080) from /127.0.0.1 (port 54372) after 10000ms: isConnected failed: ECONNREFUSED (Connection refused)
12-11 17:59:38.939 10008-10073/? W/System.err: 	at libcore.io.IoBridge.isConnected(IoBridge.java:278)
12-11 17:59:38.939 10008-10073/? W/System.err: 	at libcore.io.IoBridge.connectErrno(IoBridge.java:187)
12-11 17:59:38.939 10008-10073/? W/System.err: 	at libcore.io.IoBridge.connect(IoBridge.java:129)
12-11 17:59:38.939 10008-10073/? W/System.err: 	at java.net.PlainSocketImpl.socketConnect(PlainSocketImpl.java:137)
12-11 17:59:38.939 10008-10073/? W/System.err: 	at java.net.AbstractPlainSocketImpl.doConnect(AbstractPlainSocketImpl.java:390)
12-11 17:59:38.939 10008-10073/? W/System.err: 	at java.net.AbstractPlainSocketImpl.connectToAddress(AbstractPlainSocketImpl.java:230)
12-11 17:59:38.939 10008-10073/? W/System.err: 	at java.net.AbstractPlainSocketImpl.connect(AbstractPlainSocketImpl.java:212)
12-11 17:59:38.939 10008-10073/? W/System.err: 	at java.net.SocksSocketImpl.connect(SocksSocketImpl.java:436)
12-11 17:59:38.939 10008-10073/? W/System.err: 	at java.net.Socket.connect(Socket.java:621)
12-11 17:59:38.939 10008-10073/? W/System.err: 	at okhttp3.internal.platform.AndroidPlatform.connectSocket(AndroidPlatform.kt:58)
12-11 17:59:38.939 10008-10073/? W/System.err: 	at okhttp3.internal.connection.RealConnection.connectSocket(RealConnection.kt:268)
12-11 17:59:38.939 10008-10073/? W/System.err: 	... 24 more
12-11 17:59:38.939 10008-10073/? W/System.err: Caused by: android.system.ErrnoException: isConnected failed: ECONNREFUSED (Connection refused)
12-11 17:59:38.939 10008-10073/? W/System.err: 	at libcore.io.IoBridge.isConnected(IoBridge.java:267)
12-11 17:59:38.940 10008-10073/? W/System.err: 	... 34 more
12-11 17:59:38.940 10008-10008/? D/LifecycleMonitor: Lifecycle status change: com.freenow.android_demo.activities.MainActivity@e95803 in: RESUMED
12-11 17:59:38.941 10008-10008/? D/OpenGLRenderer: Skia GL Pipeline
12-11 17:59:38.947 1823-1975/? E/SurfaceFlinger: ro.sf.lcd_density must be defined as a build property
12-11 17:59:38.968 10008-10008/? D/LifecycleMonitor: Lifecycle status change: com.freenow.android_demo.activities.MainActivity@e95803 in: PAUSED
12-11 17:59:38.999 3353-7026/? I/EventLogSendingHelper: Sending log events.
12-11 17:59:39.023 1649-8500/? D/gralloc_ranchu: gralloc_alloc: Creating ashmem region of size 16592896
12-11 17:59:39.024 10008-10076/? D/: HostConnection::get() New Host Connection established 0xeb4f4080, tid 10076
12-11 17:59:39.028 10008-10076/? I/ConfigStore: android::hardware::configstore::V1_0::ISurfaceFlingerConfigs::hasWideColorDisplay retrieved: 0
12-11 17:59:39.028 10008-10076/? I/ConfigStore: android::hardware::configstore::V1_0::ISurfaceFlingerConfigs::hasHDRDisplay retrieved: 0
12-11 17:59:39.028 10008-10076/? I/OpenGLRenderer: Initialized EGL, version 1.4
12-11 17:59:39.028 10008-10076/? D/OpenGLRenderer: Swap behavior 1
12-11 17:59:39.028 10008-10076/? W/OpenGLRenderer: Failed to choose config with EGL_SWAP_BEHAVIOR_PRESERVED, retrying without...
12-11 17:59:39.028 10008-10076/? D/OpenGLRenderer: Swap behavior 0
12-11 17:59:39.052 1823-2106/? D/: HostConnection::get() New Host Connection established 0xea8984c0, tid 2106
12-11 17:59:39.053 10008-10076/? D/EGL_emulation: eglCreateContext: 0xe9c95980: maj 3 min 0 rcv 3
12-11 17:59:39.054 1649-8500/? D/gralloc_ranchu: gralloc_alloc: Creating ashmem region of size 16592896
12-11 17:59:39.054 10008-10076/? D/EGL_emulation: eglMakeCurrent: 0xe9c95980: ver 3 0 (tinfo 0xe8a16550)
12-11 17:59:39.058 1823-1853/? E/SurfaceFlinger: ro.sf.lcd_density must be defined as a build property
12-11 17:59:39.069 10008-10077/? E/Google Maps Android API: Authorization failure.  Please see https://developers.google.com/maps/documentation/android-api/start for how to correctly set up the map.
12-11 17:59:39.071 10008-10077/? E/Google Maps Android API: In the Google Developer Console (https://console.developers.google.com)
12-11 17:59:39.071 10008-10077/? E/Google Maps Android API: Ensure that the "Google Maps Android API v2" is enabled.
12-11 17:59:39.071 10008-10077/? E/Google Maps Android API: Ensure that the following Android Key exists:
12-11 17:59:39.071 10008-10077/? E/Google Maps Android API: 	API Key: YOUR_KEY_HERE
12-11 17:59:39.071 10008-10077/? E/Google Maps Android API: 	Android Application (<cert_fingerprint>;<package_name>): 13:4F:1D:E7:E0:35:AB:D2:C4:2A:F3:B6:01:50:7C:4E:34:5F:5D:B1;com.freenow.android_demo
12-11 17:59:39.073 1649-8500/? D/gralloc_ranchu: gralloc_alloc: Creating ashmem region of size 16592896
12-11 17:59:39.106 10008-10008/? W/ow.android_dem: Accessing hidden field Landroid/view/View;->mAccessibilityDelegate:Landroid/view/View$AccessibilityDelegate; (light greylist, reflection)
12-11 17:59:39.130 10008-10008/? W/ActivityThread: handleWindowVisibility: no activity for token android.os.BinderProxy@1a963bb
12-11 17:59:39.135 10008-10008/? D/LifecycleMonitor: Lifecycle status change: com.freenow.android_demo.activities.AuthenticationActivity@b53ff16 in: PRE_ON_CREATE
12-11 17:59:39.191 10008-10008/? I/TextInputLayout: EditText added is not a TextInputEditText. Please switch to using that class instead.
12-11 17:59:39.200 10008-10008/? I/TextInputLayout: EditText added is not a TextInputEditText. Please switch to using that class instead.
12-11 17:59:39.208 10008-10008/? D/LifecycleMonitor: Lifecycle status change: com.freenow.android_demo.activities.AuthenticationActivity@b53ff16 in: CREATED
12-11 17:59:39.211 10008-10008/? D/LifecycleMonitor: Lifecycle status change: com.freenow.android_demo.activities.AuthenticationActivity@b53ff16 in: STARTED
12-11 17:59:39.213 10008-10008/? D/LifecycleMonitor: Lifecycle status change: com.freenow.android_demo.activities.AuthenticationActivity@b53ff16 in: RESUMED
12-11 17:59:39.256 10008-10070/? D/: HostConnection::get() New Host Connection established 0xeb408e80, tid 10070
12-11 17:59:39.258 10008-10076/? D/EGL_emulation: eglMakeCurrent: 0xe9c95980: ver 3 0 (tinfo 0xe8a16550)
12-11 17:59:39.259 10008-10070/? D/EGL_emulation: eglCreateContext: 0xeb405fc0: maj 1 min 0 rcv 1
12-11 17:59:39.261 1649-8500/? D/gralloc_ranchu: gralloc_alloc: Creating ashmem region of size 15138816
12-11 17:59:39.291 10008-10070/? D/EGL_emulation: eglMakeCurrent: 0xeb405fc0: ver 1 0 (tinfo 0xeb403860)
12-11 17:59:39.384 1649-8500/? D/gralloc_ranchu: gralloc_alloc: Creating ashmem region of size 16592896
12-11 17:59:39.414 1823-1853/? D/: HostConnection::get() New Host Connection established 0xe1c94bc0, tid 1853
12-11 17:59:39.418 1649-8500/? D/gralloc_ranchu: gralloc_alloc: Creating ashmem region of size 16592896
12-11 17:59:39.419 1649-1701/? D/gralloc_ranchu: gralloc_alloc: Creating ashmem region of size 15138816
12-11 17:59:39.447 1649-8500/? D/gralloc_ranchu: gralloc_alloc: Creating ashmem region of size 16592896
12-11 17:59:39.499 10008-10076/? D/EGL_emulation: eglMakeCurrent: 0xe9c95980: ver 3 0 (tinfo 0xe8a16550)
12-11 17:59:39.534 2008-2033/? I/ActivityManager: Displayed com.freenow.android_demo/.activities.AuthenticationActivity: +561ms (total +1s256ms)
12-11 17:59:39.555 3007-3007/? I/GoogleInputMethod: onFinishInput() : Dummy InputConnection bound
12-11 17:59:39.559 10008-10008/? I/AssistStructure: Flattened final assist data: 2696 bytes, containing 1 windows, 9 views
12-11 17:59:39.574 2008-4987/? I/AssistStructure: Flattened final assist data: 2496 bytes, containing 1 windows, 9 views
12-11 17:59:39.580 2008-2024/? D/AutofillUI: destroySaveUiUiThread(): already destroyed
12-11 17:59:39.587 1823-1975/? D/: HostConnection::get() New Host Connection established 0xe9f722c0, tid 1975
12-11 17:59:39.587 1823-1975/? D/gralloc_ranchu: gralloc_unregister_buffer: exiting HostConnection (is buffer-handling thread)
12-11 17:59:39.588 1823-1975/? D/: HostConnection::get() New Host Connection established 0xe9f722c0, tid 1975
12-11 17:59:39.588 1823-1975/? D/gralloc_ranchu: gralloc_unregister_buffer: exiting HostConnection (is buffer-handling thread)
12-11 17:59:39.589 1823-1975/? D/: HostConnection::get() New Host Connection established 0xe9f722c0, tid 1975
12-11 17:59:39.589 1823-1975/? D/gralloc_ranchu: gralloc_unregister_buffer: exiting HostConnection (is buffer-handling thread)
12-11 17:59:39.589 1823-1975/? D/: HostConnection::get() New Host Connection established 0xe9f722c0, tid 1975
12-11 17:59:39.589 1823-1975/? D/gralloc_ranchu: gralloc_unregister_buffer: exiting HostConnection (is buffer-handling thread)
12-11 17:59:39.614 10008-10008/? D/LifecycleMonitor: Lifecycle status change: com.freenow.android_demo.activities.MainActivity@e95803 in: STOPPED
12-11 17:59:39.614 10008-10008/? D/LifecycleMonitor: running callback: android.support.test.rule.ActivityTestRule$LifecycleCallback@c97aa3
12-11 17:59:39.614 10008-10008/? D/LifecycleMonitor: callback completes: android.support.test.rule.ActivityTestRule$LifecycleCallback@c97aa3
12-11 17:59:39.626 10008-10008/? W/ow.android_dem: Accessing hidden field Landroid/app/Activity;->mResultCode:I (light greylist, reflection)
12-11 17:59:39.626 10008-10008/? W/ow.android_dem: Accessing hidden field Landroid/app/Activity;->mResultData:Landroid/content/Intent; (light greylist, reflection)
12-11 17:59:39.628 10008-10008/? D/LifecycleMonitor: Lifecycle status change: com.freenow.android_demo.activities.MainActivity@e95803 in: DESTROYED
12-11 17:59:39.628 10008-10008/? D/LifecycleMonitor: running callback: android.support.test.rule.ActivityTestRule$LifecycleCallback@c97aa3
12-11 17:59:39.628 10008-10008/? D/LifecycleMonitor: callback completes: android.support.test.rule.ActivityTestRule$LifecycleCallback@c97aa3
