12-11 17:59:23.904 9604-9604/? W/ow.android_dem: Accessing hidden method Landroid/app/Instrumentation;->execStartActivity(Landroid/content/Context;Landroid/os/IBinder;Landroid/os/IBinder;Ljava/lang/String;Landroid/content/Intent;ILandroid/os/Bundle;)Landroid/app/Instrumentation$ActivityResult; (light greylist, linking)
12-11 17:59:23.912 9604-9604/? I/MonitoringInstr: Instrumentation started on process com.freenow.android_demo
12-11 17:59:23.913 9604-9604/? I/MonitoringInstr: Setting context classloader to 'dalvik.system.PathClassLoader[DexPathList[[zip file "/system/framework/android.test.runner.jar", zip file "/system/framework/android.test.mock.jar", zip file "/system/framework/org.apache.http.legacy.boot.jar", zip file "/data/app/com.freenow.android_demo.test-YKOoP1wx3D_cFo95rnjz0A==/base.apk", zip file "/data/app/com.freenow.android_demo-nMXqjW9uPoPDqzYuoeiN2A==/base.apk"],nativeLibraryDirectories=[/data/app/com.freenow.android_demo.test-YKOoP1wx3D_cFo95rnjz0A==/lib/x86, /data/app/com.freenow.android_demo-nMXqjW9uPoPDqzYuoeiN2A==/lib/x86, /system/lib]]]', Original: 'dalvik.system.PathClassLoader[DexPathList[[zip file "/system/framework/android.test.runner.jar", zip file "/system/framework/android.test.mock.jar", zip file "/system/framework/org.apache.http.legacy.boot.jar", zip file "/data/app/com.freenow.android_demo.test-YKOoP1wx3D_cFo95rnjz0A==/base.apk", zip file "/data/app/com.freenow.android_demo-nMXqjW9uPoPDqzYuoeiN2A==/base.apk"],nativeLibraryDirectories=[/data/app/com.freenow.android_demo.test-YKOoP1wx3D_cFo95rnjz0A==/lib/x86, /data/app/com.freenow.android_demo-nMXqjW9uPoPDqzYuoeiN2A==/lib/x86, /system/lib]]]'
12-11 17:59:23.917 9604-9604/? I/MonitoringInstr: No JSBridge.
12-11 17:59:23.918 9604-9620/? I/MonitoringInstr: Setting context classloader to 'dalvik.system.PathClassLoader[DexPathList[[zip file "/system/framework/android.test.runner.jar", zip file "/system/framework/android.test.mock.jar", zip file "/system/framework/org.apache.http.legacy.boot.jar", zip file "/data/app/com.freenow.android_demo.test-YKOoP1wx3D_cFo95rnjz0A==/base.apk", zip file "/data/app/com.freenow.android_demo-nMXqjW9uPoPDqzYuoeiN2A==/base.apk"],nativeLibraryDirectories=[/data/app/com.freenow.android_demo.test-YKOoP1wx3D_cFo95rnjz0A==/lib/x86, /data/app/com.freenow.android_demo-nMXqjW9uPoPDqzYuoeiN2A==/lib/x86, /system/lib]]]', Original: 'dalvik.system.PathClassLoader[DexPathList[[zip file "/system/framework/android.test.runner.jar", zip file "/system/framework/android.test.mock.jar", zip file "/system/framework/org.apache.http.legacy.boot.jar", zip file "/data/app/com.freenow.android_demo.test-YKOoP1wx3D_cFo95rnjz0A==/base.apk", zip file "/data/app/com.freenow.android_demo-nMXqjW9uPoPDqzYuoeiN2A==/base.apk"],nativeLibraryDirectories=[/data/app/com.freenow.android_demo.test-YKOoP1wx3D_cFo95rnjz0A==/lib/x86, /data/app/com.freenow.android_demo-nMXqjW9uPoPDqzYuoeiN2A==/lib/x86, /system/lib]]]'
12-11 17:59:23.926 9604-9620/? I/UsageTrackerFacilitator: Usage tracking disabled
12-11 17:59:23.941 9604-9620/? D/TestExecutor: Adding listener android.support.test.internal.runner.listener.LogRunListener
12-11 17:59:23.941 9604-9620/? D/TestExecutor: Adding listener android.support.test.internal.runner.listener.InstrumentationResultPrinter
12-11 17:59:23.941 9604-9620/? D/TestExecutor: Adding listener android.support.test.internal.runner.listener.ActivityFinisherRunListener
12-11 17:59:23.950 9604-9620/? I/TestRunner: run started: 1 tests
12-11 17:59:23.960 2008-2008/? V/SettingsProvider: Notifying for 0: content://settings/secure/accessibility_enabled
12-11 17:59:23.966 9604-9620/? I/TestRunner: started: loginFlaky2(com.freenow.android_demo.tests.LoginTest)
12-11 17:59:23.970 9604-9604/? I/MonitoringInstr: Activities that are still in CREATED to STOPPED: 0
12-11 17:59:23.971 9604-9620/? I/GrantPermissionCallable: Permission: android.permission.ACCESS_FINE_LOCATION is already granted!
12-11 17:59:23.988 9604-9620/? W/ActivityTestRule: getActivityIntent() returned null using default: Intent(Intent.ACTION_MAIN)
12-11 17:59:23.993 2008-3837/? I/ActivityManager: START u0 {act=android.intent.action.MAIN flg=0x14000000 cmp=com.freenow.android_demo/.activities.MainActivity} from uid 10091
12-11 17:59:24.048 9604-9604/? W/ActivityThread: handleWindowVisibility: no activity for token android.os.BinderProxy@d61ea14
12-11 17:59:24.056 1649-1700/? D/gralloc_ranchu: gralloc_alloc: Creating ashmem region of size 16592896
12-11 17:59:24.081 9604-9604/? D/LifecycleMonitor: Lifecycle status change: com.freenow.android_demo.activities.MainActivity@e95803 in: PRE_ON_CREATE
12-11 17:59:24.085 1823-1858/? D/: HostConnection::get() New Host Connection established 0xe2dc2580, tid 1858
12-11 17:59:24.087 2008-2078/? D/: HostConnection::get() New Host Connection established 0xd0417f00, tid 2078
12-11 17:59:24.099 1823-2461/? E/SurfaceFlinger: ro.sf.lcd_density must be defined as a build property
12-11 17:59:24.118 9625-9635/? I/OMXClient: IOmx service obtained
12-11 17:59:24.120 1838-8655/? I/OMXMaster: makeComponentInstance(OMX.google.h264.encoder) in omx@1.0-service process
12-11 17:59:24.138 9625-9635/? W/OMXUtils: do not know color format 0x7f000789 = 2130708361
12-11 17:59:24.139 9625-9635/? I/ACodec: setupAVCEncoderParameters with [profile: Baseline] [level: Level41]
12-11 17:59:24.139 9625-9635/? I/ACodec: [OMX.google.h264.encoder] cannot encode color aspects. Ignoring.
12-11 17:59:24.139 9625-9635/? I/ACodec: [OMX.google.h264.encoder] cannot encode HDR static metadata. Ignoring.
12-11 17:59:24.139 9625-9635/? I/ACodec: setupVideoEncoder succeeded
12-11 17:59:24.140 9625-9635/? W/OMXUtils: do not know color format 0x7f000789 = 2130708361
12-11 17:59:24.140 1838-8655/? E/OMXNodeInstance: getConfig(0xe8e2c420:google.h264.encoder, ConfigLatency(0x6f800005)) ERROR: Undefined(0x80001001)
12-11 17:59:24.140 1838-8655/? E/OMXNodeInstance: getConfig(0xe8e2c420:google.h264.encoder, ConfigAndroidVendorExtension(0x6f100004)) ERROR: Undefined(0x80001001)
12-11 17:59:24.145 1838-8655/? D/GraphicBufferSource: setting dataspace: 0x104, acquired=0
12-11 17:59:24.148 1838-8655/? D/GraphicBufferSource: requesting color aspects (R:2(Limited), P:1(BT709_5), M:1(BT709_5), T:3(SMPTE170M))
12-11 17:59:24.148 9604-9604/? W/ow.android_dem: Accessing hidden method Landroid/view/View;->computeFitSystemWindows(Landroid/graphics/Rect;Landroid/graphics/Rect;)Z (light greylist, reflection)
12-11 17:59:24.149 1649-1700/? D/gralloc_ranchu: gralloc_alloc: Creating ashmem region of size 16592896
12-11 17:59:24.149 9604-9604/? W/ow.android_dem: Accessing hidden method Landroid/view/ViewGroup;->makeOptionalFitsSystemWindows()V (light greylist, reflection)
12-11 17:59:24.151 1637-1637/? W/AshmemAllocator: ashmem_create_region(12) returning hidl_memory(0xf459c180, 12)
12-11 17:59:24.163 1637-1637/? W/AshmemAllocator: ashmem_create_region(12) returning hidl_memory(0xf459c180, 12)
12-11 17:59:24.167 1637-1637/? W/AshmemAllocator: ashmem_create_region(3110400) returning hidl_memory(0xf459c180, 3110400)
12-11 17:59:24.168 1637-1637/? W/AshmemAllocator: ashmem_create_region(3110400) returning hidl_memory(0xf459c180, 3110400)
12-11 17:59:24.170 1838-9637/? D/SoftAVCEnc: Params width 1440 height 2880 level 50 colorFormat 0
12-11 17:59:24.170 1838-9637/? E/SoftAVCEnc: Fill memory records failed = 0x192
12-11 17:59:24.170 1838-9637/? E/SoftAVCEnc: Failed to initialize encoder
12-11 17:59:24.171 1838-9637/? D/SoftAVCEnc: Params width 1440 height 2880 level 50 colorFormat 0
12-11 17:59:24.171 1838-9637/? E/SoftAVCEnc: Fill memory records failed = 0x192
12-11 17:59:24.171 1838-9637/? E/SoftAVCEnc: Failed to initialize encoder
12-11 17:59:24.171 9625-9635/? E/ACodec: [OMX.google.h264.encoder] ERROR(0x80001001)
12-11 17:59:24.171 9625-9635/? E/ACodec: signalError(omxError 0x80001001, internalError -2147483648)
12-11 17:59:24.171 9625-9635/? E/ACodec: [OMX.google.h264.encoder] ERROR(0x80001001)
12-11 17:59:24.171 9625-9635/? E/ACodec: signalError(omxError 0x80001001, internalError -2147483648)
12-11 17:59:24.171 9625-9634/? E/MediaCodec: Codec reported err 0x80001001, actionCode 0, while in state 6
12-11 17:59:24.172 9625-9635/? E/ACodec: [OMX.google.h264.encoder] ERROR(0x80001001)
12-11 17:59:24.172 9625-9635/? E/ACodec: signalError(omxError 0x80001001, internalError -2147483648)
12-11 17:59:24.172 9625-9635/? E/ACodec: [OMX.google.h264.encoder] ERROR(0x80001001)
12-11 17:59:24.172 9625-9635/? E/ACodec: signalError(omxError 0x80001001, internalError -2147483648)
12-11 17:59:24.178 9625-9634/? E/MediaCodec: Codec reported err 0x80001001, actionCode 0, while in state 0
12-11 17:59:24.178 9625-9634/? I/chatty: uid=2000(shell) screenrecord identical 1 line
12-11 17:59:24.178 9625-9634/? E/MediaCodec: Codec reported err 0x80001001, actionCode 0, while in state 0
12-11 17:59:24.179 1823-1823/? W/Binder:1823_5: type=1400 audit(0.0:68): avc: denied { call } for scontext=u:r:surfaceflinger:s0 tcontext=u:r:mediacodec:s0 tclass=binder permissive=0 b/77924251
12-11 17:59:24.191 1823-2461/? E/: HpInterface: Wrong interface type.
12-11 17:59:24.206 1823-1823/? E/HWComposer: getHdrCapabilities failed for display -1: Invalid display
12-11 17:59:24.217 1838-8655/? W/GraphicBufferSource: released unpopulated slots: [0, 1, 2, 3, 4, 5, 6, 7, 8, 9, 10, 11, 12, 13, 14, 15, 16, 17, 18, 19, 20, 21, 22, 23, 24, 25, 26, 27, 28, 29, 30, 31, 32, 33, 34, 35, 36, 37, 38, 39, 40, 41, 42, 43, 44, 45, 46, 47, 48, 49, 50, 51, 52, 53, 54, 55, 56, 57, 58, 59, 60, 61, 62, 63]
12-11 17:59:24.218 1649-1700/? D/gralloc_ranchu: gralloc_alloc: Creating ashmem region of size 16592896
12-11 17:59:24.238 1838-8655/? D/: HostConnection::get() New Host Connection established 0xe957f400, tid 8655
12-11 17:59:24.247 9625-9632/? D/: HostConnection::get() New Host Connection established 0xf2e1f1c0, tid 9632
12-11 17:59:24.249 9604-9604/? I/zzbz: Making Creator dynamically
12-11 17:59:24.254 9625-9632/? D/gralloc_ranchu: gralloc_unregister_buffer: exiting HostConnection (is buffer-handling thread)
12-11 17:59:24.258 9625-9632/? D/: HostConnection::get() New Host Connection established 0xf2e1f1c0, tid 9632
12-11 17:59:24.258 9625-9632/? D/gralloc_ranchu: gralloc_unregister_buffer: exiting HostConnection (is buffer-handling thread)
12-11 17:59:24.260 1823-1823/? E/HWComposer: getSupportedPerFrameMetadata failed for display -1: Invalid display
12-11 17:59:24.263 9604-9604/? W/ow.android_dem: Unsupported class loader
12-11 17:59:24.266 1823-1823/? D/EGL_emulation: eglMakeCurrent: 0xeaf20a80: ver 3 0 (tinfo 0xeaf1c310)
12-11 17:59:24.268 9625-9625/? E/MediaMuxer: stop() is called in invalid state 1
12-11 17:59:24.274 9604-9604/? I/DynamiteModule: Considering local module com.google.android.gms.maps_dynamite:0 and remote module com.google.android.gms.maps_dynamite:221
12-11 17:59:24.274 9604-9604/? I/DynamiteModule: Selected remote version of com.google.android.gms.maps_dynamite, version >= 221
12-11 17:59:24.274 1838-8655/? D/gralloc_ranchu: gralloc_unregister_buffer: exiting HostConnection (is buffer-handling thread)
12-11 17:59:24.279 1838-8655/? D/: HostConnection::get() New Host Connection established 0xe957f400, tid 8655
12-11 17:59:24.279 1838-8655/? D/gralloc_ranchu: gralloc_unregister_buffer: exiting HostConnection (is buffer-handling thread)
12-11 17:59:24.284 1838-8655/? E/BufferQueueProducer: [GraphicBufferSource] queueBuffer: BufferQueue has been abandoned
12-11 17:59:24.285 1823-1823/? E/Surface: queueBuffer: error queuing buffer to SurfaceTexture, -19
12-11 17:59:24.285 1838-2268/? E/BufferQueueProducer: [GraphicBufferSource] dequeueBuffer: BufferQueue has been abandoned
12-11 17:59:24.285 1838-2268/? E/media.codec: TWGraphicBufferProducer::dequeueBuffer - Invalid output fence
12-11 17:59:24.285 1823-1823/? E/EGL_emulation: tid 1823: swapBuffers(552): error 0x300d (EGL_BAD_SURFACE)
12-11 17:59:24.286 1823-1823/? E/SurfaceFlinger: eglSwapBuffers(0x1, 0xe2da5700) failed with 0x0000300d
12-11 17:59:24.286 1823-1823/? D/EGL_emulation: eglMakeCurrent: 0xeaf20a80: ver 3 0 (tinfo 0xeaf1c310)
12-11 17:59:24.287 9625-9625/? D/ScreenRecord: failed
12-11 17:59:24.295 1823-1823/? D/EGL_emulation: eglMakeCurrent: 0xeaf20a80: ver 3 0 (tinfo 0xeaf1c310)
12-11 17:59:24.299 1823-1823/? E/HWComposer: getLayerReleaseFence failed for display -1: Invalid display
12-11 17:59:24.299 1823-1823/? I/chatty: uid=1000(system) /system/bin/surfaceflinger identical 3 lines
12-11 17:59:24.299 1823-1823/? E/HWComposer: getLayerReleaseFence failed for display -1: Invalid display
12-11 17:59:24.301 1823-1823/? D/EGL_emulation: eglMakeCurrent: 0xeaf20a80: ver 3 0 (tinfo 0xeaf1c310)
12-11 17:59:24.307 1823-1823/? W/libEGL: EGLNativeWindowType 0xe2e0d008 disconnect failed
12-11 17:59:24.320 9604-9604/? W/ow.android_dem: Unsupported class loader
12-11 17:59:24.321 9604-9604/? W/ow.android_dem: Skipping duplicate class check due to unsupported classloader
12-11 17:59:24.348 9604-9604/? I/Google Maps Android API: Google Play services client version: 12451000
12-11 17:59:24.352 9604-9604/? I/Google Maps Android API: Google Play services package version: 16089022
12-11 17:59:24.439 9604-9604/? W/ow.android_dem: Accessing hidden field Ljava/nio/Buffer;->address:J (light greylist, reflection)
12-11 17:59:24.447 1866-1908/? D/gralloc_ranchu: gralloc_unregister_buffer: exiting HostConnection (is buffer-handling thread)
12-11 17:59:24.448 1866-1908/? D/: HostConnection::get() New Host Connection established 0xf17bc240, tid 1908
12-11 17:59:24.448 1866-1908/? D/gralloc_ranchu: gralloc_unregister_buffer: exiting HostConnection (is buffer-handling thread)
12-11 17:59:24.449 1866-1908/? D/: HostConnection::get() New Host Connection established 0xf17bc240, tid 1908
12-11 17:59:24.450 1866-1908/? D/gralloc_ranchu: gralloc_unregister_buffer: exiting HostConnection (is buffer-handling thread)
12-11 17:59:24.451 3385-3453/? D/EGL_emulation: eglMakeCurrent: 0xd8372c00: ver 3 0 (tinfo 0xd7d1d030)
12-11 17:59:24.453 1866-1908/? D/: HostConnection::get() New Host Connection established 0xf17bc240, tid 1908
12-11 17:59:24.453 2213-2473/? D/EGL_emulation: eglMakeCurrent: 0xeb4059c0: ver 3 0 (tinfo 0xeb403a50)
12-11 17:59:24.453 1866-1908/? D/gralloc_ranchu: gralloc_unregister_buffer: exiting HostConnection (is buffer-handling thread)
12-11 17:59:24.454 1866-1908/? D/: HostConnection::get() New Host Connection established 0xf17bc240, tid 1908
12-11 17:59:24.455 1866-1908/? D/gralloc_ranchu: gralloc_unregister_buffer: exiting HostConnection (is buffer-handling thread)
12-11 17:59:24.456 1866-1908/? D/: HostConnection::get() New Host Connection established 0xf17bc240, tid 1908
12-11 17:59:24.456 1866-1908/? D/gralloc_ranchu: gralloc_unregister_buffer: exiting HostConnection (is buffer-handling thread)
12-11 17:59:24.457 1866-1908/? D/: HostConnection::get() New Host Connection established 0xf17bc240, tid 1908
12-11 17:59:24.457 1866-1908/? D/gralloc_ranchu: gralloc_unregister_buffer: exiting HostConnection (is buffer-handling thread)
12-11 17:59:24.457 1866-1908/? D/: HostConnection::get() New Host Connection established 0xf17bc240, tid 1908
12-11 17:59:24.458 1866-1908/? D/gralloc_ranchu: gralloc_unregister_buffer: exiting HostConnection (is buffer-handling thread)
12-11 17:59:24.463 3353-3521/? D/EGL_emulation: eglMakeCurrent: 0xeb406020: ver 3 0 (tinfo 0xeb403d00)
12-11 17:59:24.468 1823-2106/? D/gralloc_ranchu: gralloc_unregister_buffer: exiting HostConnection (is buffer-handling thread)
12-11 17:59:24.468 1866-1908/? D/: HostConnection::get() New Host Connection established 0xf17bc280, tid 1908
12-11 17:59:24.468 1823-2106/? D/: HostConnection::get() New Host Connection established 0xea898600, tid 2106
12-11 17:59:24.468 2213-2473/? D/EGL_emulation: eglMakeCurrent: 0xeb4059c0: ver 3 0 (tinfo 0xeb403a50)
12-11 17:59:24.468 1823-2106/? D/gralloc_ranchu: gralloc_unregister_buffer: exiting HostConnection (is buffer-handling thread)
12-11 17:59:24.469 1823-2106/? D/: HostConnection::get() New Host Connection established 0xea898600, tid 2106
12-11 17:59:24.469 1823-2106/? D/gralloc_ranchu: gralloc_unregister_buffer: exiting HostConnection (is buffer-handling thread)
12-11 17:59:24.470 1823-2106/? D/: HostConnection::get() New Host Connection established 0xea898600, tid 2106
12-11 17:59:24.471 1823-2106/? D/gralloc_ranchu: gralloc_unregister_buffer: exiting HostConnection (is buffer-handling thread)
12-11 17:59:24.728 9604-9604/? W/ow.android_dem: Accessing hidden method Lcom/android/org/conscrypt/OpenSSLSocketImpl;->setUseSessionTickets(Z)V (light greylist, reflection)
12-11 17:59:24.728 9604-9604/? W/ow.android_dem: Accessing hidden method Lcom/android/org/conscrypt/OpenSSLSocketImpl;->setHostname(Ljava/lang/String;)V (light greylist, reflection)
12-11 17:59:24.728 9604-9604/? W/ow.android_dem: Accessing hidden method Lcom/android/org/conscrypt/OpenSSLSocketImpl;->getAlpnSelectedProtocol()[B (light greylist, reflection)
12-11 17:59:24.728 9604-9604/? W/ow.android_dem: Accessing hidden method Lcom/android/org/conscrypt/OpenSSLSocketImpl;->setAlpnProtocols([B)V (light greylist, reflection)
12-11 17:59:24.741 9604-9604/? W/ow.android_dem: Accessing hidden method Ldalvik/system/CloseGuard;->get()Ldalvik/system/CloseGuard; (light greylist, reflection)
12-11 17:59:24.742 9604-9604/? W/ow.android_dem: Accessing hidden method Ldalvik/system/CloseGuard;->open(Ljava/lang/String;)V (light greylist, reflection)
12-11 17:59:24.742 9604-9604/? W/ow.android_dem: Accessing hidden method Ldalvik/system/CloseGuard;->warnIfOpen()V (light greylist, reflection)
12-11 17:59:24.742 9604-9604/? D/NetworkSecurityConfig: No Network Security Config specified, using platform default
12-11 17:59:24.770 9604-9604/? D/Test: Fetching drivers
12-11 17:59:24.780 9604-9604/? D/LifecycleMonitor: Lifecycle status change: com.freenow.android_demo.activities.MainActivity@e95803 in: CREATED
12-11 17:59:24.791 9604-9604/? D/LifecycleMonitor: Lifecycle status change: com.freenow.android_demo.activities.MainActivity@e95803 in: STARTED
12-11 17:59:24.794 2008-2767/? I/ActivityManager: START u0 {cmp=com.freenow.android_demo/.activities.AuthenticationActivity} from uid 10091
12-11 17:59:24.796 9604-9669/? W/System.err: java.net.ConnectException: Failed to connect to localhost/127.0.0.1:8080
12-11 17:59:24.797 9604-9669/? W/System.err: 	at okhttp3.internal.connection.RealConnection.connectSocket(RealConnection.kt:270)
12-11 17:59:24.797 9604-9669/? W/System.err: 	at okhttp3.internal.connection.RealConnection.connect(RealConnection.kt:176)
12-11 17:59:24.797 9604-9669/? W/System.err: 	at okhttp3.internal.connection.ExchangeFinder.findConnection(ExchangeFinder.kt:236)
12-11 17:59:24.797 9604-9669/? W/System.err: 	at okhttp3.internal.connection.ExchangeFinder.findHealthyConnection(ExchangeFinder.kt:109)
12-11 17:59:24.797 9604-9669/? W/System.err: 	at okhttp3.internal.connection.ExchangeFinder.find(ExchangeFinder.kt:77)
12-11 17:59:24.797 9604-9669/? W/System.err: 	at okhttp3.internal.connection.Transmitter.newExchange$okhttp(Transmitter.kt:162)
12-11 17:59:24.797 9604-9669/? W/System.err: 	at okhttp3.internal.connection.ConnectInterceptor.intercept(ConnectInterceptor.kt:35)
12-11 17:59:24.797 9604-9669/? W/System.err: 	at okhttp3.internal.http.RealInterceptorChain.proceed(RealInterceptorChain.kt:112)
12-11 17:59:24.797 9604-9669/? W/System.err: 	at okhttp3.internal.http.RealInterceptorChain.proceed(RealInterceptorChain.kt:87)
12-11 17:59:24.797 9604-9669/? W/System.err: 	at okhttp3.internal.cache.CacheInterceptor.intercept(CacheInterceptor.kt:82)
12-11 17:59:24.797 9604-9669/? W/System.err: 	at okhttp3.internal.http.RealInterceptorChain.proceed(RealInterceptorChain.kt:112)
12-11 17:59:24.797 9604-9669/? W/System.err: 	at okhttp3.internal.http.RealInterceptorChain.proceed(RealInterceptorChain.kt:87)
12-11 17:59:24.797 9604-9669/? W/System.err: 	at okhttp3.internal.http.BridgeInterceptor.intercept(BridgeInterceptor.kt:84)
12-11 17:59:24.797 9604-9669/? W/System.err: 	at okhttp3.internal.http.RealInterceptorChain.proceed(RealInterceptorChain.kt:112)
12-11 17:59:24.797 9604-9669/? W/System.err: 	at okhttp3.internal.http.RetryAndFollowUpInterceptor.intercept(RetryAndFollowUpInterceptor.kt:71)
12-11 17:59:24.797 9604-9669/? W/System.err: 	at okhttp3.internal.http.RealInterceptorChain.proceed(RealInterceptorChain.kt:112)
12-11 17:59:24.797 9604-9669/? W/System.err: 	at okhttp3.internal.http.RealInterceptorChain.proceed(RealInterceptorChain.kt:87)
12-11 17:59:24.797 9604-9669/? W/System.err: 	at net.rafaeltoledo.okir.OkHttp3IdlingResource.intercept(OkHttp3IdlingResource.java:39)
12-11 17:59:24.797 9604-9669/? W/System.err: 	at okhttp3.internal.http.RealInterceptorChain.proceed(RealInterceptorChain.kt:112)
12-11 17:59:24.797 9604-9669/? W/System.err: 	at okhttp3.internal.http.RealInterceptorChain.proceed(RealInterceptorChain.kt:87)
12-11 17:59:24.797 9604-9669/? W/System.err: 	at okhttp3.RealCall.getResponseWithInterceptorChain(RealCall.kt:184)
12-11 17:59:24.797 9604-9669/? W/System.err: 	at okhttp3.RealCall$AsyncCall.run(RealCall.kt:136)
12-11 17:59:24.798 9604-9669/? W/System.err: 	at java.util.concurrent.ThreadPoolExecutor.runWorker(ThreadPoolExecutor.java:1167)
12-11 17:59:24.798 9604-9669/? W/System.err: 	at java.util.concurrent.ThreadPoolExecutor$Worker.run(ThreadPoolExecutor.java:641)
12-11 17:59:24.798 9604-9669/? W/System.err: 	at java.lang.Thread.run(Thread.java:764)
12-11 17:59:24.798 9604-9669/? W/System.err: Caused by: java.net.ConnectException: failed to connect to localhost/127.0.0.1 (port 8080) from /127.0.0.1 (port 54362) after 10000ms: isConnected failed: ECONNREFUSED (Connection refused)
12-11 17:59:24.798 9604-9669/? W/System.err: 	at libcore.io.IoBridge.isConnected(IoBridge.java:278)
12-11 17:59:24.798 9604-9669/? W/System.err: 	at libcore.io.IoBridge.connectErrno(IoBridge.java:187)
12-11 17:59:24.798 9604-9669/? W/System.err: 	at libcore.io.IoBridge.connect(IoBridge.java:129)
12-11 17:59:24.798 9604-9669/? W/System.err: 	at java.net.PlainSocketImpl.socketConnect(PlainSocketImpl.java:137)
12-11 17:59:24.798 9604-9669/? W/System.err: 	at java.net.AbstractPlainSocketImpl.doConnect(AbstractPlainSocketImpl.java:390)
12-11 17:59:24.798 9604-9669/? W/System.err: 	at java.net.AbstractPlainSocketImpl.connectToAddress(AbstractPlainSocketImpl.java:230)
12-11 17:59:24.798 9604-9669/? W/System.err: 	at java.net.AbstractPlainSocketImpl.connect(AbstractPlainSocketImpl.java:212)
12-11 17:59:24.798 9604-9669/? W/System.err: 	at java.net.SocksSocketImpl.connect(SocksSocketImpl.java:436)
12-11 17:59:24.798 9604-9669/? W/System.err: 	at java.net.Socket.connect(Socket.java:621)
12-11 17:59:24.798 9604-9669/? W/System.err: 	at okhttp3.internal.platform.AndroidPlatform.connectSocket(AndroidPlatform.kt:58)
12-11 17:59:24.798 9604-9669/? W/System.err: 	at okhttp3.internal.connection.RealConnection.connectSocket(RealConnection.kt:268)
12-11 17:59:24.798 9604-9669/? W/System.err: 	... 24 more
12-11 17:59:24.798 9604-9669/? W/System.err: Caused by: android.system.ErrnoException: isConnected failed: ECONNREFUSED (Connection refused)
12-11 17:59:24.798 9604-9669/? W/System.err: 	at libcore.io.IoBridge.isConnected(IoBridge.java:267)
12-11 17:59:24.798 9604-9669/? W/System.err: 	... 34 more
12-11 17:59:24.799 9604-9604/? D/LifecycleMonitor: Lifecycle status change: com.freenow.android_demo.activities.MainActivity@e95803 in: RESUMED
12-11 17:59:24.801 9604-9604/? D/OpenGLRenderer: Skia GL Pipeline
12-11 17:59:24.808 1823-1853/? E/SurfaceFlinger: ro.sf.lcd_density must be defined as a build property
12-11 17:59:24.828 2008-2162/? I/GnssLocationProvider: WakeLock acquired by sendMessage(REPORT_SV_STATUS, 0, com.android.server.location.GnssLocationProvider$SvStatusInfo@fd2f36c)
12-11 17:59:24.828 2008-2022/? I/GnssLocationProvider: WakeLock released by handleMessage(REPORT_SV_STATUS, 0, com.android.server.location.GnssLocationProvider$SvStatusInfo@fd2f36c)
12-11 17:59:24.828 9604-9604/? D/LifecycleMonitor: Lifecycle status change: com.freenow.android_demo.activities.MainActivity@e95803 in: PAUSED
12-11 17:59:24.868 1649-1700/? D/gralloc_ranchu: gralloc_alloc: Creating ashmem region of size 16592896
12-11 17:59:24.868 9604-9672/? D/: HostConnection::get() New Host Connection established 0xf143fc40, tid 9672
12-11 17:59:24.872 9604-9672/? I/ConfigStore: android::hardware::configstore::V1_0::ISurfaceFlingerConfigs::hasWideColorDisplay retrieved: 0
12-11 17:59:24.873 9604-9672/? I/ConfigStore: android::hardware::configstore::V1_0::ISurfaceFlingerConfigs::hasHDRDisplay retrieved: 0
12-11 17:59:24.873 9604-9672/? I/OpenGLRenderer: Initialized EGL, version 1.4
12-11 17:59:24.873 9604-9672/? D/OpenGLRenderer: Swap behavior 1
12-11 17:59:24.873 9604-9672/? W/OpenGLRenderer: Failed to choose config with EGL_SWAP_BEHAVIOR_PRESERVED, retrying without...
12-11 17:59:24.873 9604-9672/? D/OpenGLRenderer: Swap behavior 0
12-11 17:59:24.894 9604-9672/? D/EGL_emulation: eglCreateContext: 0xeb406080: maj 3 min 0 rcv 3
12-11 17:59:24.895 1649-1701/? D/gralloc_ranchu: gralloc_alloc: Creating ashmem region of size 16592896
12-11 17:59:24.915 9604-9672/? D/EGL_emulation: eglMakeCurrent: 0xeb406080: ver 3 0 (tinfo 0xeb403bc0)
12-11 17:59:24.917 1649-1701/? D/gralloc_ranchu: gralloc_alloc: Creating ashmem region of size 16592896
12-11 17:59:24.919 1823-1858/? E/SurfaceFlinger: ro.sf.lcd_density must be defined as a build property
12-11 17:59:24.924 9604-9673/? E/Google Maps Android API: Authorization failure.  Please see https://developers.google.com/maps/documentation/android-api/start for how to correctly set up the map.
12-11 17:59:24.926 9604-9673/? E/Google Maps Android API: In the Google Developer Console (https://console.developers.google.com)
12-11 17:59:24.926 9604-9673/? E/Google Maps Android API: Ensure that the "Google Maps Android API v2" is enabled.
12-11 17:59:24.926 9604-9673/? E/Google Maps Android API: Ensure that the following Android Key exists:
12-11 17:59:24.926 9604-9673/? E/Google Maps Android API: 	API Key: YOUR_KEY_HERE
12-11 17:59:24.926 9604-9673/? E/Google Maps Android API: 	Android Application (<cert_fingerprint>;<package_name>): 13:4F:1D:E7:E0:35:AB:D2:C4:2A:F3:B6:01:50:7C:4E:34:5F:5D:B1;com.freenow.android_demo
12-11 17:59:24.953 9604-9604/? W/ow.android_dem: Accessing hidden field Landroid/view/View;->mAccessibilityDelegate:Landroid/view/View$AccessibilityDelegate; (light greylist, reflection)
12-11 17:59:24.979 9604-9604/? W/ActivityThread: handleWindowVisibility: no activity for token android.os.BinderProxy@1a963bb
12-11 17:59:24.984 9604-9604/? D/LifecycleMonitor: Lifecycle status change: com.freenow.android_demo.activities.AuthenticationActivity@b53ff16 in: PRE_ON_CREATE
12-11 17:59:25.037 9604-9604/? I/TextInputLayout: EditText added is not a TextInputEditText. Please switch to using that class instead.
12-11 17:59:25.047 9604-9604/? I/TextInputLayout: EditText added is not a TextInputEditText. Please switch to using that class instead.
12-11 17:59:25.057 9604-9604/? D/LifecycleMonitor: Lifecycle status change: com.freenow.android_demo.activities.AuthenticationActivity@b53ff16 in: CREATED
12-11 17:59:25.062 9604-9604/? D/LifecycleMonitor: Lifecycle status change: com.freenow.android_demo.activities.AuthenticationActivity@b53ff16 in: STARTED
12-11 17:59:25.063 9604-9604/? D/LifecycleMonitor: Lifecycle status change: com.freenow.android_demo.activities.AuthenticationActivity@b53ff16 in: RESUMED
12-11 17:59:25.098 9604-9666/? D/: HostConnection::get() New Host Connection established 0xf143fa40, tid 9666
12-11 17:59:25.100 9604-9666/? D/EGL_emulation: eglCreateContext: 0xe9c953e0: maj 1 min 0 rcv 1
12-11 17:59:25.101 9604-9672/? D/EGL_emulation: eglMakeCurrent: 0xeb406080: ver 3 0 (tinfo 0xeb403bc0)
12-11 17:59:25.103 1649-1701/? D/gralloc_ranchu: gralloc_alloc: Creating ashmem region of size 15138816
12-11 17:59:25.134 9604-9666/? D/EGL_emulation: eglMakeCurrent: 0xe9c953e0: ver 1 0 (tinfo 0xeb4abaa0)
12-11 17:59:25.226 1649-1701/? D/gralloc_ranchu: gralloc_alloc: Creating ashmem region of size 16592896
12-11 17:59:25.241 1649-1701/? I/chatty: uid=1000(system) HwBinder:1649_2 identical 1 line
12-11 17:59:25.259 1649-1701/? D/gralloc_ranchu: gralloc_alloc: Creating ashmem region of size 16592896
12-11 17:59:25.261 1649-1700/? D/gralloc_ranchu: gralloc_alloc: Creating ashmem region of size 15138816
12-11 17:59:25.357 9604-9672/? D/EGL_emulation: eglMakeCurrent: 0xeb406080: ver 3 0 (tinfo 0xeb403bc0)
12-11 17:59:25.363 1639-1705/? W/audio_hw_generic: Not supplying enough data to HAL, expected position 3855274 , only wrote 3702960
12-11 17:59:25.385 2008-2033/? I/ActivityManager: Displayed com.freenow.android_demo/.activities.AuthenticationActivity: +550ms (total +1s333ms)
12-11 17:59:25.392 3007-3007/? I/GoogleInputMethod: onFinishInput() : Dummy InputConnection bound
12-11 17:59:25.398 9604-9604/? I/AssistStructure: Flattened final assist data: 2696 bytes, containing 1 windows, 9 views
12-11 17:59:25.403 2008-2336/? I/AssistStructure: Flattened final assist data: 2496 bytes, containing 1 windows, 9 views
12-11 17:59:25.408 2008-2024/? D/AutofillUI: destroySaveUiUiThread(): already destroyed
12-11 17:59:25.414 1823-2461/? D/gralloc_ranchu: gralloc_unregister_buffer: exiting HostConnection (is buffer-handling thread)
12-11 17:59:25.415 1823-2461/? D/: HostConnection::get() New Host Connection established 0xea898080, tid 2461
12-11 17:59:25.415 1823-2461/? D/gralloc_ranchu: gralloc_unregister_buffer: exiting HostConnection (is buffer-handling thread)
12-11 17:59:25.415 1823-2461/? D/: HostConnection::get() New Host Connection established 0xea898080, tid 2461
12-11 17:59:25.416 1823-2461/? D/gralloc_ranchu: gralloc_unregister_buffer: exiting HostConnection (is buffer-handling thread)
12-11 17:59:25.416 1823-2461/? D/: HostConnection::get() New Host Connection established 0xea898080, tid 2461
12-11 17:59:25.416 1823-2461/? D/gralloc_ranchu: gralloc_unregister_buffer: exiting HostConnection (is buffer-handling thread)
12-11 17:59:25.442 9604-9604/? D/LifecycleMonitor: Lifecycle status change: com.freenow.android_demo.activities.MainActivity@e95803 in: STOPPED
12-11 17:59:25.442 9604-9604/? D/LifecycleMonitor: running callback: android.support.test.rule.ActivityTestRule$LifecycleCallback@63911a0
12-11 17:59:25.442 9604-9604/? D/LifecycleMonitor: callback completes: android.support.test.rule.ActivityTestRule$LifecycleCallback@63911a0
12-11 17:59:25.461 9604-9604/? W/ow.android_dem: Accessing hidden field Landroid/app/Activity;->mResultCode:I (light greylist, reflection)
12-11 17:59:25.462 9604-9604/? W/ow.android_dem: Accessing hidden field Landroid/app/Activity;->mResultData:Landroid/content/Intent; (light greylist, reflection)
12-11 17:59:25.463 9604-9604/? D/LifecycleMonitor: Lifecycle status change: com.freenow.android_demo.activities.MainActivity@e95803 in: DESTROYED
12-11 17:59:25.463 9604-9604/? D/LifecycleMonitor: running callback: android.support.test.rule.ActivityTestRule$LifecycleCallback@63911a0
12-11 17:59:25.464 9604-9604/? D/LifecycleMonitor: callback completes: android.support.test.rule.ActivityTestRule$LifecycleCallback@63911a0
12-11 17:59:25.466 1823-1823/? W/SurfaceFlinger: couldn't log to binary event log: overflow.
12-11 17:59:25.466 1823-1823/? W/SurfaceFlinger: couldn't log to binary event log: overflow.
12-11 17:59:25.468 9604-9604/? D/: HostConnection::get() New Host Connection established 0xeb4a0940, tid 9604
12-11 17:59:25.469 9604-9604/? D/gralloc_ranchu: gralloc_unregister_buffer: exiting HostConnection (is buffer-handling thread)
12-11 17:59:25.470 9604-9604/? D/: HostConnection::get() New Host Connection established 0xeb4a0940, tid 9604
12-11 17:59:25.471 9604-9604/? D/gralloc_ranchu: gralloc_unregister_buffer: exiting HostConnection (is buffer-handling thread)
12-11 17:59:25.481 9604-9620/? I/TestRunner: failed: loginFlaky2(com.freenow.android_demo.tests.LoginTest)
12-11 17:59:25.481 9604-9620/? I/TestRunner: ----- begin exception -----
12-11 17:59:25.482 9604-9620/? I/TestRunner: java.lang.AssertionError: expected:<1> but was:<0>
12-11 17:59:25.482 9604-9620/? I/TestRunner: 	at org.junit.Assert.fail(Assert.java:88)
12-11 17:59:25.482 9604-9620/? I/TestRunner: 	at org.junit.Assert.failNotEquals(Assert.java:834)
12-11 17:59:25.482 9604-9620/? I/TestRunner: 	at org.junit.Assert.assertEquals(Assert.java:118)
12-11 17:59:25.482 9604-9620/? I/TestRunner: 	at org.junit.Assert.assertEquals(Assert.java:144)
12-11 17:59:25.482 9604-9620/? I/TestRunner: 	at com.freenow.android_demo.tests.LoginTest.loginFlaky2(LoginTest.kt:66)
12-11 17:59:25.482 9604-9620/? I/TestRunner: 	at java.lang.reflect.Method.invoke(Native Method)
12-11 17:59:25.482 9604-9620/? I/TestRunner: 	at org.junit.runners.model.FrameworkMethod$1.runReflectiveCall(FrameworkMethod.java:50)
12-11 17:59:25.482 9604-9620/? I/TestRunner: 	at org.junit.internal.runners.model.ReflectiveCallable.run(ReflectiveCallable.java:12)
12-11 17:59:25.482 9604-9620/? I/TestRunner: 	at org.junit.runners.model.FrameworkMethod.invokeExplosively(FrameworkMethod.java:47)
12-11 17:59:25.482 9604-9620/? I/TestRunner: 	at org.junit.internal.runners.statements.InvokeMethod.evaluate(InvokeMethod.java:17)
12-11 17:59:25.482 9604-9620/? I/TestRunner: 	at android.support.test.internal.runner.junit4.statement.RunBefores.evaluate(RunBefores.java:80)
12-11 17:59:25.482 9604-9620/? I/TestRunner: 	at android.support.test.internal.runner.junit4.statement.RunAfters.evaluate(RunAfters.java:61)
12-11 17:59:25.482 9604-9620/? I/TestRunner: 	at android.support.test.rule.ActivityTestRule$ActivityStatement.evaluate(ActivityTestRule.java:527)
12-11 17:59:25.482 9604-9620/? I/TestRunner: 	at com.freenow.android_demo.utils.ClearPreferencesRule$apply$1.evaluate(ClearPreferencesRule.kt:41)
12-11 17:59:25.482 9604-9620/? I/TestRunner: 	at android.support.test.rule.GrantPermissionRule$RequestPermissionStatement.evaluate(GrantPermissionRule.java:129)
12-11 17:59:25.482 9604-9620/? I/TestRunner: 	at org.junit.rules.RunRules.evaluate(RunRules.java:20)
12-11 17:59:25.482 9604-9620/? I/TestRunner: 	at org.junit.runners.ParentRunner.runLeaf(ParentRunner.java:325)
12-11 17:59:25.482 9604-9620/? I/TestRunner: 	at org.junit.runners.BlockJUnit4ClassRunner.runChild(BlockJUnit4ClassRunner.java:78)
12-11 17:59:25.482 9604-9620/? I/TestRunner: 	at org.junit.runners.BlockJUnit4ClassRunner.runChild(BlockJUnit4ClassRunner.java:57)
12-11 17:59:25.482 9604-9620/? I/TestRunner: 	at org.junit.runners.ParentRunner$3.run(ParentRunner.java:290)
12-11 17:59:25.482 9604-9620/? I/TestRunner: 	at org.junit.runners.ParentRunner$1.schedule(ParentRunner.java:71)
12-11 17:59:25.482 9604-9620/? I/TestRunner: 	at org.junit.runners.ParentRunner.runChildren(ParentRunner.java:288)
12-11 17:59:25.482 9604-9620/? I/TestRunner: 	at org.junit.runners.ParentRunner.access$000(ParentRunner.java:58)
12-11 17:59:25.482 9604-9620/? I/TestRunner: 	at org.junit.runners.ParentRunner$2.evaluate(ParentRunner.java:268)
12-11 17:59:25.482 9604-9620/? I/TestRunner: 	at org.junit.runners.ParentRunner.run(ParentRunner.java:363)
12-11 17:59:25.482 9604-9620/? I/TestRunner: 	at android.support.test.runner.AndroidJUnit4.run(AndroidJUnit4.java:101)
12-11 17:59:25.482 9604-9620/? I/TestRunner: 	at org.junit.runners.Suite.runChild(Suite.java:128)
12-11 17:59:25.482 9604-9620/? I/TestRunner: 	at org.junit.runners.Suite.runChild(Suite.java:27)
12-11 17:59:25.482 9604-9620/? I/TestRunner: 	at org.junit.runners.ParentRunner$3.run(ParentRunner.java:290)
12-11 17:59:25.482 9604-9620/? I/TestRunner: 	at org.junit.runners.ParentRunner$1.schedule(ParentRunner.java:71)
12-11 17:59:25.482 9604-9620/? I/TestRunner: 	at org.junit.runners.ParentRunner.runChildren(ParentRunner.java:288)
12-11 17:59:25.482 9604-9620/? I/TestRunner: 	at org.junit.runners.ParentRunner.access$000(ParentRunner.java:58)
12-11 17:59:25.482 9604-9620/? I/TestRunner: 	at org.junit.runners.ParentRunner$2.evaluate(ParentRunner.java:268)
12-11 17:59:25.482 9604-9620/? I/TestRunner: 	at org.junit.runners.ParentRunner.run(ParentRunner.java:363)
12-11 17:59:25.482 9604-9620/? I/TestRunner: 	at org.junit.runner.JUnitCore.run(JUnitCore.java:137)
12-11 17:59:25.482 9604-9620/? I/TestRunner: 	at org.junit.runner.JUnitCore.run(JUnitCore.java:115)
12-11 17:59:25.482 9604-9620/? I/TestRunner: 	at android.support.test.internal.runner.TestExecutor.execute(TestExecutor.java:56)
12-11 17:59:25.482 9604-9620/? I/TestRunner: 	at android.support.test.runner.AndroidJUnitRunner.onStart(AndroidJUnitRunner.java:384)
12-11 17:59:25.482 9604-9620/? I/TestRunner: 	at android.app.Instrumentation$InstrumentationThread.run(Instrumentation.java:2145)
12-11 17:59:25.482 9604-9620/? I/TestRunner: ----- end exception -----
12-11 17:59:25.484 9604-9620/? I/TestRunner: finished: loginFlaky2(com.freenow.android_demo.tests.LoginTest)
12-11 17:59:25.488 9604-9604/? I/MonitoringInstr: Activities that are still in CREATED to STOPPED: 1
12-11 17:59:25.489 9604-9604/? I/MonitoringInstr: Finishing activity: com.freenow.android_demo.activities.AuthenticationActivity@b53ff16
12-11 17:59:25.494 9604-9620/? I/MonitoringInstr: Unstopped activity count: 1
12-11 17:59:25.494 9604-9604/? D/LifecycleMonitor: Lifecycle status change: com.freenow.android_demo.activities.AuthenticationActivity@b53ff16 in: PAUSED
12-11 17:59:25.517 1649-1700/? D/gralloc_ranchu: gralloc_alloc: Creating ashmem region of size 16592896
12-11 17:59:25.541 1823-2461/? D/: HostConnection::get() New Host Connection established 0xea898080, tid 2461
12-11 17:59:25.541 1649-1700/? D/gralloc_ranchu: gralloc_alloc: Creating ashmem region of size 16592896
12-11 17:59:25.546 9604-9620/? I/MonitoringInstr: Unstopped activity count: 1
12-11 17:59:25.557 1649-1701/? D/gralloc_ranchu: gralloc_alloc: Creating ashmem region of size 16592896
12-11 17:59:25.575 1823-1823/? D/SurfaceFlinger: duplicate layer name: changing com.google.android.apps.nexuslauncher/com.google.android.apps.nexuslauncher.NexusLauncherActivity to com.google.android.apps.nexuslauncher/com.google.android.apps.nexuslauncher.NexusLauncherActivity#1
12-11 17:59:25.580 1649-1701/? D/gralloc_ranchu: gralloc_alloc: Creating ashmem region of size 16592896
12-11 17:59:25.582 2008-2078/? D/gralloc_ranchu: gralloc_unregister_buffer: exiting HostConnection (is buffer-handling thread)
12-11 17:59:25.582 2008-2078/? D/: HostConnection::get() New Host Connection established 0xd0417f00, tid 2078
12-11 17:59:25.585 2008-2078/? D/gralloc_ranchu: gralloc_unregister_buffer: exiting HostConnection (is buffer-handling thread)
12-11 17:59:25.586 2008-2078/? D/: HostConnection::get() New Host Connection established 0xd0417f00, tid 2078
12-11 17:59:25.587 2008-2078/? D/gralloc_ranchu: gralloc_unregister_buffer: exiting HostConnection (is buffer-handling thread)
12-11 17:59:25.587 2008-2078/? D/: HostConnection::get() New Host Connection established 0xd0417f00, tid 2078
12-11 17:59:25.589 2008-2078/? D/gralloc_ranchu: gralloc_unregister_buffer: exiting HostConnection (is buffer-handling thread)
12-11 17:59:25.589 1823-1858/? W/SurfaceFlinger: Attempting to set client state on removed layer: Splash Screen com.freenow.android_demo#0
12-11 17:59:25.589 1823-1858/? W/SurfaceFlinger: Attempting to destroy on removed layer: Splash Screen com.freenow.android_demo#0
12-11 17:59:25.596 9604-9620/? I/MonitoringInstr: Unstopped activity count: 1
12-11 17:59:25.598 3353-3521/? D/EGL_emulation: eglMakeCurrent: 0xeb406020: ver 3 0 (tinfo 0xeb403d00)
12-11 17:59:25.599 1649-1700/? D/gralloc_ranchu: gralloc_alloc: Creating ashmem region of size 16592896
12-11 17:59:25.602 1866-1908/? D/gralloc_ranchu: gralloc_unregister_buffer: exiting HostConnection (is buffer-handling thread)
12-11 17:59:25.602 1866-1908/? D/: HostConnection::get() New Host Connection established 0xf17bc280, tid 1908
12-11 17:59:25.603 1866-1908/? D/gralloc_ranchu: gralloc_unregister_buffer: exiting HostConnection (is buffer-handling thread)
12-11 17:59:25.603 1866-1908/? D/: HostConnection::get() New Host Connection established 0xf17bc280, tid 1908
12-11 17:59:25.603 1866-1908/? D/gralloc_ranchu: gralloc_unregister_buffer: exiting HostConnection (is buffer-handling thread)
12-11 17:59:25.604 1866-1908/? D/: HostConnection::get() New Host Connection established 0xf17bc280, tid 1908
12-11 17:59:25.604 1866-1908/? D/gralloc_ranchu: gralloc_unregister_buffer: exiting HostConnection (is buffer-handling thread)
12-11 17:59:25.632 1649-1700/? D/gralloc_ranchu: gralloc_alloc: Creating ashmem region of size 16592896
12-11 17:59:25.649 9604-9620/? I/MonitoringInstr: Unstopped activity count: 1
12-11 17:59:25.664 1866-1908/? D/: HostConnection::get() New Host Connection established 0xf17bc280, tid 1908
12-11 17:59:25.667 3385-3453/? D/EGL_emulation: eglMakeCurrent: 0xd8372c00: ver 3 0 (tinfo 0xd7d1d030)
12-11 17:59:25.666 3353-3353/? I/MicroDetectionWorker: #startMicroDetector [speakerMode: 0]
12-11 17:59:25.667 3353-3353/? I/AudioController: Using mInputStreamFactoryBuilder
12-11 17:59:25.667 3353-3353/? I/AudioController: Created new AudioSource
12-11 17:59:25.669 3353-3353/? I/MicroDetectionWorker: onReady
12-11 17:59:25.680 3353-7602/? I/MicroRecognitionRunner: Starting detection.
12-11 17:59:25.681 3353-9457/? I/MicrophoneInputStream: mic_starting  SR : 16000 CC : 16 SO : 6
12-11 17:59:25.683 1658-2861/? E/: Request requires android.permission.RECORD_AUDIO
12-11 17:59:25.683 1658-2861/? E/AudioPolicyIntefaceImpl: getInputForAttr permission denied: recording not allowed for uid 10039 pid 3353
12-11 17:59:25.683 1658-2861/? E/AudioFlinger: createRecord() checkRecordThread_l failed
12-11 17:59:25.683 3353-9457/? E/IAudioFlinger: createRecord returned error -22
12-11 17:59:25.683 3353-9457/? E/AudioRecord: AudioFlinger could not create record track, status: -22
12-11 17:59:25.683 3353-9457/? E/AudioRecord-JNI: Error creating AudioRecord instance: initialization check failed with status -22.
12-11 17:59:25.684 3353-9457/? E/android.media.AudioRecord: Error code -20 when initializing native AudioRecord object.
12-11 17:59:25.684 3353-9457/? I/MicrophoneInputStream: mic_started  SR : 16000 CC : 16 SO : 6
12-11 17:59:25.686 3353-9457/? E/ActivityThread: Failed to find provider info for com.google.android.apps.gsa.testing.ui.audio.recorded
12-11 17:59:25.687 3353-3353/? I/MicroDetectionWorker: onReady
12-11 17:59:25.689 3353-9457/? I/MicrophoneInputStream: mic_close  SR : 16000 CC : 16 SO : 6
12-11 17:59:25.690 3353-7602/? I/MicroRecognitionRunner: Detection finished
12-11 17:59:25.691 3353-7602/? W/ErrorReporter: reportError [type: 211, code: 524300]: Error reading from input stream
12-11 17:59:25.692 3353-3602/? I/MicroRecognitionRunner: Stopping hotword detection.
12-11 17:59:25.692 3353-7602/? W/ErrorProcessor: onFatalError, processing error from engine(4)
12-11 17:59:25.692 3353-7602/? W/ErrorProcessor: com.google.android.apps.gsa.shared.speech.b.g: Error reading from input stream
12-11 17:59:25.692 3353-7602/? W/ErrorProcessor: 	at com.google.android.apps.gsa.staticplugins.microdetection.d.k.a(SourceFile:91)
12-11 17:59:25.692 3353-7602/? W/ErrorProcessor: 	at com.google.android.apps.gsa.staticplugins.microdetection.d.l.run(Unknown Source:14)
12-11 17:59:25.692 3353-7602/? W/ErrorProcessor: 	at com.google.android.libraries.gsa.runner.a.a.b(SourceFile:32)
12-11 17:59:25.692 3353-7602/? W/ErrorProcessor: 	at com.google.android.libraries.gsa.runner.a.c.call(Unknown Source:4)
12-11 17:59:25.692 3353-7602/? W/ErrorProcessor: 	at java.util.concurrent.FutureTask.run(FutureTask.java:266)
12-11 17:59:25.692 3353-7602/? W/ErrorProcessor: 	at java.util.concurrent.Executors$RunnableAdapter.call(Executors.java:458)
12-11 17:59:25.692 3353-7602/? W/ErrorProcessor: 	at java.util.concurrent.FutureTask.run(FutureTask.java:266)
12-11 17:59:25.692 3353-7602/? W/ErrorProcessor: 	at com.google.android.apps.gsa.shared.util.concurrent.b.g.run(Unknown Source:4)
12-11 17:59:25.692 3353-7602/? W/ErrorProcessor: 	at com.google.android.apps.gsa.shared.util.concurrent.b.aw.run(SourceFile:4)
12-11 17:59:25.692 3353-7602/? W/ErrorProcessor: 	at com.google.android.apps.gsa.shared.util.concurrent.b.aw.run(SourceFile:4)
12-11 17:59:25.692 3353-7602/? W/ErrorProcessor: 	at java.util.concurrent.ThreadPoolExecutor.runWorker(ThreadPoolExecutor.java:1167)
12-11 17:59:25.692 3353-7602/? W/ErrorProcessor: 	at java.util.concurrent.ThreadPoolExecutor$Worker.run(ThreadPoolExecutor.java:641)
12-11 17:59:25.692 3353-7602/? W/ErrorProcessor: 	at java.lang.Thread.run(Thread.java:764)
12-11 17:59:25.692 3353-7602/? W/ErrorProcessor: 	at com.google.android.apps.gsa.shared.util.concurrent.b.i.run(SourceFile:6)
12-11 17:59:25.692 3353-7602/? W/ErrorProcessor: Caused by: com.google.android.apps.gsa.shared.exception.GsaIOException: Error code: 393238 | Buffer overflow, no available space.
12-11 17:59:25.692 3353-7602/? W/ErrorProcessor: 	at com.google.android.apps.gsa.speech.audio.Tee.j(SourceFile:103)
12-11 17:59:25.692 3353-7602/? W/ErrorProcessor: 	at com.google.android.apps.gsa.speech.audio.au.read(SourceFile:2)
12-11 17:59:25.692 3353-7602/? W/ErrorProcessor: 	at java.io.InputStream.read(InputStream.java:101)
12-11 17:59:25.692 3353-7602/? W/ErrorProcessor: 	at com.google.android.apps.gsa.speech.audio.ao.run(SourceFile:17)
12-11 17:59:25.692 3353-7602/? W/ErrorProcessor: 	at com.google.android.apps.gsa.speech.audio.an.run(SourceFile:2)
12-11 17:59:25.692 3353-7602/? W/ErrorProcessor: 	at java.util.concurrent.Executors$RunnableAdapter.call(Executors.java:458)
12-11 17:59:25.692 3353-7602/? W/ErrorProcessor: 	... 10 more
12-11 17:59:25.692 3353-7602/? I/AudioController: internalShutdown
12-11 17:59:25.692 2213-2473/? D/EGL_emulation: eglMakeCurrent: 0xeb4059c0: ver 3 0 (tinfo 0xeb403a50)
12-11 17:59:25.693 3353-3353/? I/MicroDetector: Keeping mic open: false
12-11 17:59:25.693 3353-3353/? I/MicroDetectionWorker: #onError(false)
12-11 17:59:25.693 3353-9472/? I/DeviceStateChecker: DeviceStateChecker cancelled
12-11 17:59:25.693 1649-1700/? D/gralloc_ranchu: gralloc_alloc: Creating ashmem region of size 16592896
12-11 17:59:25.700 9604-9620/? I/MonitoringInstr: Unstopped activity count: 1
12-11 17:59:25.714 2213-2473/? D/EGL_emulation: eglMakeCurrent: 0xeb4059c0: ver 3 0 (tinfo 0xeb403a50)
12-11 17:59:25.725 1823-1975/? D/gralloc_ranchu: gralloc_unregister_buffer: exiting HostConnection (is buffer-handling thread)
12-11 17:59:25.726 1823-1975/? D/: HostConnection::get() New Host Connection established 0xea898200, tid 1975
12-11 17:59:25.727 1823-1975/? D/gralloc_ranchu: gralloc_unregister_buffer: exiting HostConnection (is buffer-handling thread)
12-11 17:59:25.727 2008-2078/? D/: HostConnection::get() New Host Connection established 0xd0417340, tid 2078
12-11 17:59:25.732 3007-3007/? I/GoogleInputMethod: onStartInput() : Dummy InputConnection bound
12-11 17:59:25.747 3385-3399/? W/System: A resource failed to call release. 
12-11 17:59:25.747 3385-3399/? I/chatty: uid=10007(com.google.android.apps.nexuslauncher) FinalizerDaemon identical 4 lines
12-11 17:59:25.747 3385-3399/? W/System: A resource failed to call release. 
12-11 17:59:25.747 3385-3399/? D/: HostConnection::get() New Host Connection established 0xe9783280, tid 3399
12-11 17:59:25.748 3385-3399/? D/gralloc_ranchu: gralloc_unregister_buffer: exiting HostConnection (is buffer-handling thread)
12-11 17:59:25.748 3385-3399/? D/: HostConnection::get() New Host Connection established 0xe9783280, tid 3399
12-11 17:59:25.748 3385-3399/? D/gralloc_ranchu: gralloc_unregister_buffer: exiting HostConnection (is buffer-handling thread)
12-11 17:59:25.751 9604-9620/? I/MonitoringInstr: Unstopped activity count: 1
12-11 17:59:25.758 2213-2223/? D/: HostConnection::get() New Host Connection established 0xeb47a300, tid 2223
12-11 17:59:25.758 2213-2223/? D/gralloc_ranchu: gralloc_unregister_buffer: exiting HostConnection (is buffer-handling thread)
12-11 17:59:25.759 2213-2223/? D/: HostConnection::get() New Host Connection established 0xeb47a300, tid 2223
12-11 17:59:25.759 2213-2223/? D/gralloc_ranchu: gralloc_unregister_buffer: exiting HostConnection (is buffer-handling thread)
12-11 17:59:25.759 2213-2223/? D/: HostConnection::get() New Host Connection established 0xe97a2e00, tid 2223
12-11 17:59:25.760 2213-2223/? D/gralloc_ranchu: gralloc_unregister_buffer: exiting HostConnection (is buffer-handling thread)
12-11 17:59:25.760 2213-2223/? D/: HostConnection::get() New Host Connection established 0xe97a2e00, tid 2223
12-11 17:59:25.760 2213-2223/? D/gralloc_ranchu: gralloc_unregister_buffer: exiting HostConnection (is buffer-handling thread)
12-11 17:59:25.760 2213-2223/? D/: HostConnection::get() New Host Connection established 0xe97a2e00, tid 2223
12-11 17:59:25.761 2213-2223/? D/gralloc_ranchu: gralloc_unregister_buffer: exiting HostConnection (is buffer-handling thread)
12-11 17:59:25.761 2213-2223/? D/: HostConnection::get() New Host Connection established 0xe97a2e00, tid 2223
12-11 17:59:25.761 2213-2223/? D/gralloc_ranchu: gralloc_unregister_buffer: exiting HostConnection (is buffer-handling thread)
12-11 17:59:25.761 2213-2223/? D/: HostConnection::get() New Host Connection established 0xe97a2e00, tid 2223
12-11 17:59:25.761 2213-2223/? D/gralloc_ranchu: gralloc_unregister_buffer: exiting HostConnection (is buffer-handling thread)
12-11 17:59:25.762 2213-2223/? D/: HostConnection::get() New Host Connection established 0xe97a2e00, tid 2223
12-11 17:59:25.762 2213-2223/? D/gralloc_ranchu: gralloc_unregister_buffer: exiting HostConnection (is buffer-handling thread)
12-11 17:59:25.762 2213-2223/? D/: HostConnection::get() New Host Connection established 0xe97a2e00, tid 2223
12-11 17:59:25.762 2213-2223/? D/gralloc_ranchu: gralloc_unregister_buffer: exiting HostConnection (is buffer-handling thread)
12-11 17:59:25.763 2213-2223/? D/: HostConnection::get() New Host Connection established 0xe97a2e00, tid 2223
