12-11 17:59:14.015 2213-2473/? D/EGL_emulation: eglMakeCurrent: 0xeb4059c0: ver 3 0 (tinfo 0xeb403a50)
12-11 17:59:14.145 9366-9366/? W/ow.android_dem: Accessing hidden method Lcom/android/org/conscrypt/OpenSSLSocketImpl;->setUseSessionTickets(Z)V (light greylist, reflection)
12-11 17:59:14.145 9366-9366/? W/ow.android_dem: Accessing hidden method Lcom/android/org/conscrypt/OpenSSLSocketImpl;->setHostname(Ljava/lang/String;)V (light greylist, reflection)
12-11 17:59:14.145 9366-9366/? W/ow.android_dem: Accessing hidden method Lcom/android/org/conscrypt/OpenSSLSocketImpl;->getAlpnSelectedProtocol()[B (light greylist, reflection)
12-11 17:59:14.145 9366-9366/? W/ow.android_dem: Accessing hidden method Lcom/android/org/conscrypt/OpenSSLSocketImpl;->setAlpnProtocols([B)V (light greylist, reflection)
12-11 17:59:14.153 9366-9366/? W/ow.android_dem: Accessing hidden method Ldalvik/system/CloseGuard;->get()Ldalvik/system/CloseGuard; (light greylist, reflection)
12-11 17:59:14.153 9366-9366/? W/ow.android_dem: Accessing hidden method Ldalvik/system/CloseGuard;->open(Ljava/lang/String;)V (light greylist, reflection)
12-11 17:59:14.153 9366-9366/? W/ow.android_dem: Accessing hidden method Ldalvik/system/CloseGuard;->warnIfOpen()V (light greylist, reflection)
12-11 17:59:14.153 9366-9366/? D/NetworkSecurityConfig: No Network Security Config specified, using platform default
12-11 17:59:14.181 9366-9366/? D/Test: Fetching drivers
12-11 17:59:14.197 9366-9366/? D/LifecycleMonitor: Lifecycle status change: com.freenow.android_demo.activities.MainActivity@e95803 in: CREATED
12-11 17:59:14.208 9366-9366/? D/LifecycleMonitor: Lifecycle status change: com.freenow.android_demo.activities.MainActivity@e95803 in: STARTED
12-11 17:59:14.208 9366-9436/? W/System.err: java.net.ConnectException: Failed to connect to localhost/127.0.0.1:8080
12-11 17:59:14.209 9366-9436/? W/System.err: 	at okhttp3.internal.connection.RealConnection.connectSocket(RealConnection.kt:270)
12-11 17:59:14.209 9366-9436/? W/System.err: 	at okhttp3.internal.connection.RealConnection.connect(RealConnection.kt:176)
12-11 17:59:14.209 9366-9436/? W/System.err: 	at okhttp3.internal.connection.ExchangeFinder.findConnection(ExchangeFinder.kt:236)
12-11 17:59:14.209 9366-9436/? W/System.err: 	at okhttp3.internal.connection.ExchangeFinder.findHealthyConnection(ExchangeFinder.kt:109)
12-11 17:59:14.209 9366-9436/? W/System.err: 	at okhttp3.internal.connection.ExchangeFinder.find(ExchangeFinder.kt:77)
12-11 17:59:14.209 9366-9436/? W/System.err: 	at okhttp3.internal.connection.Transmitter.newExchange$okhttp(Transmitter.kt:162)
12-11 17:59:14.209 9366-9436/? W/System.err: 	at okhttp3.internal.connection.ConnectInterceptor.intercept(ConnectInterceptor.kt:35)
12-11 17:59:14.209 9366-9436/? W/System.err: 	at okhttp3.internal.http.RealInterceptorChain.proceed(RealInterceptorChain.kt:112)
12-11 17:59:14.209 9366-9436/? W/System.err: 	at okhttp3.internal.http.RealInterceptorChain.proceed(RealInterceptorChain.kt:87)
12-11 17:59:14.209 9366-9436/? W/System.err: 	at okhttp3.internal.cache.CacheInterceptor.intercept(CacheInterceptor.kt:82)
12-11 17:59:14.209 9366-9436/? W/System.err: 	at okhttp3.internal.http.RealInterceptorChain.proceed(RealInterceptorChain.kt:112)
12-11 17:59:14.209 9366-9436/? W/System.err: 	at okhttp3.internal.http.RealInterceptorChain.proceed(RealInterceptorChain.kt:87)
12-11 17:59:14.209 9366-9436/? W/System.err: 	at okhttp3.internal.http.BridgeInterceptor.intercept(BridgeInterceptor.kt:84)
12-11 17:59:14.209 9366-9436/? W/System.err: 	at okhttp3.internal.http.RealInterceptorChain.proceed(RealInterceptorChain.kt:112)
12-11 17:59:14.209 9366-9436/? W/System.err: 	at okhttp3.internal.http.RetryAndFollowUpInterceptor.intercept(RetryAndFollowUpInterceptor.kt:71)
12-11 17:59:14.209 9366-9436/? W/System.err: 	at okhttp3.internal.http.RealInterceptorChain.proceed(RealInterceptorChain.kt:112)
12-11 17:59:14.209 9366-9436/? W/System.err: 	at okhttp3.internal.http.RealInterceptorChain.proceed(RealInterceptorChain.kt:87)
12-11 17:59:14.209 9366-9436/? W/System.err: 	at net.rafaeltoledo.okir.OkHttp3IdlingResource.intercept(OkHttp3IdlingResource.java:39)
12-11 17:59:14.209 9366-9436/? W/System.err: 	at okhttp3.internal.http.RealInterceptorChain.proceed(RealInterceptorChain.kt:112)
12-11 17:59:14.209 9366-9436/? W/System.err: 	at okhttp3.internal.http.RealInterceptorChain.proceed(RealInterceptorChain.kt:87)
12-11 17:59:14.209 9366-9436/? W/System.err: 	at okhttp3.RealCall.getResponseWithInterceptorChain(RealCall.kt:184)
12-11 17:59:14.209 9366-9436/? W/System.err: 	at okhttp3.RealCall$AsyncCall.run(RealCall.kt:136)
12-11 17:59:14.209 9366-9436/? W/System.err: 	at java.util.concurrent.ThreadPoolExecutor.runWorker(ThreadPoolExecutor.java:1167)
12-11 17:59:14.209 9366-9436/? W/System.err: 	at java.util.concurrent.ThreadPoolExecutor$Worker.run(ThreadPoolExecutor.java:641)
12-11 17:59:14.209 9366-9436/? W/System.err: 	at java.lang.Thread.run(Thread.java:764)
12-11 17:59:14.210 9366-9436/? W/System.err: Caused by: java.net.ConnectException: failed to connect to localhost/127.0.0.1 (port 8080) from /127.0.0.1 (port 54352) after 10000ms: isConnected failed: ECONNREFUSED (Connection refused)
12-11 17:59:14.210 9366-9436/? W/System.err: 	at libcore.io.IoBridge.isConnected(IoBridge.java:278)
12-11 17:59:14.210 9366-9436/? W/System.err: 	at libcore.io.IoBridge.connectErrno(IoBridge.java:187)
12-11 17:59:14.210 9366-9436/? W/System.err: 	at libcore.io.IoBridge.connect(IoBridge.java:129)
12-11 17:59:14.210 9366-9436/? W/System.err: 	at java.net.PlainSocketImpl.socketConnect(PlainSocketImpl.java:137)
12-11 17:59:14.210 9366-9436/? W/System.err: 	at java.net.AbstractPlainSocketImpl.doConnect(AbstractPlainSocketImpl.java:390)
12-11 17:59:14.210 9366-9436/? W/System.err: 	at java.net.AbstractPlainSocketImpl.connectToAddress(AbstractPlainSocketImpl.java:230)
12-11 17:59:14.210 9366-9436/? W/System.err: 	at java.net.AbstractPlainSocketImpl.connect(AbstractPlainSocketImpl.java:212)
12-11 17:59:14.210 9366-9436/? W/System.err: 	at java.net.SocksSocketImpl.connect(SocksSocketImpl.java:436)
12-11 17:59:14.211 9366-9436/? W/System.err: 	at java.net.Socket.connect(Socket.java:621)
12-11 17:59:14.211 9366-9436/? W/System.err: 	at okhttp3.internal.platform.AndroidPlatform.connectSocket(AndroidPlatform.kt:58)
12-11 17:59:14.211 9366-9436/? W/System.err: 	at okhttp3.internal.connection.RealConnection.connectSocket(RealConnection.kt:268)
12-11 17:59:14.211 9366-9436/? W/System.err: 	... 24 more
12-11 17:59:14.211 9366-9436/? W/System.err: Caused by: android.system.ErrnoException: isConnected failed: ECONNREFUSED (Connection refused)
12-11 17:59:14.211 9366-9436/? W/System.err: 	at libcore.io.IoBridge.isConnected(IoBridge.java:267)
12-11 17:59:14.211 9366-9436/? W/System.err: 	... 34 more
12-11 17:59:14.213 2008-2373/? I/ActivityManager: START u0 {cmp=com.freenow.android_demo/.activities.AuthenticationActivity} from uid 10091
12-11 17:59:14.222 9366-9366/? D/LifecycleMonitor: Lifecycle status change: com.freenow.android_demo.activities.MainActivity@e95803 in: RESUMED
12-11 17:59:14.223 9366-9366/? D/OpenGLRenderer: Skia GL Pipeline
12-11 17:59:14.231 1823-1853/? E/SurfaceFlinger: ro.sf.lcd_density must be defined as a build property
12-11 17:59:14.252 9366-9366/? D/LifecycleMonitor: Lifecycle status change: com.freenow.android_demo.activities.MainActivity@e95803 in: PAUSED
12-11 17:59:14.280 2008-2029/? E/BatteryExternalStatsWorker: no controller energy info supplied for wifi
12-11 17:59:14.294 1649-1701/? D/gralloc_ranchu: gralloc_alloc: Creating ashmem region of size 16592896
12-11 17:59:14.295 9366-9439/? D/: HostConnection::get() New Host Connection established 0xeb4dbd40, tid 9439
12-11 17:59:14.299 9366-9439/? I/ConfigStore: android::hardware::configstore::V1_0::ISurfaceFlingerConfigs::hasWideColorDisplay retrieved: 0
12-11 17:59:14.300 9366-9439/? I/ConfigStore: android::hardware::configstore::V1_0::ISurfaceFlingerConfigs::hasHDRDisplay retrieved: 0
12-11 17:59:14.300 9366-9439/? I/OpenGLRenderer: Initialized EGL, version 1.4
12-11 17:59:14.300 9366-9439/? D/OpenGLRenderer: Swap behavior 1
12-11 17:59:14.300 9366-9439/? W/OpenGLRenderer: Failed to choose config with EGL_SWAP_BEHAVIOR_PRESERVED, retrying without...
12-11 17:59:14.300 9366-9439/? D/OpenGLRenderer: Swap behavior 0
12-11 17:59:14.325 1649-1700/? D/gralloc_ranchu: gralloc_alloc: Creating ashmem region of size 16592896
12-11 17:59:14.325 9366-9439/? D/EGL_emulation: eglCreateContext: 0xe9c95ce0: maj 3 min 0 rcv 3
12-11 17:59:14.349 9366-9439/? D/EGL_emulation: eglMakeCurrent: 0xe9c95ce0: ver 3 0 (tinfo 0xeb4ab1a0)
12-11 17:59:14.349 1649-1700/? D/gralloc_ranchu: gralloc_alloc: Creating ashmem region of size 16592896
12-11 17:59:14.354 1823-2461/? E/SurfaceFlinger: ro.sf.lcd_density must be defined as a build property
12-11 17:59:14.373 9366-9440/? E/Google Maps Android API: Authorization failure.  Please see https://developers.google.com/maps/documentation/android-api/start for how to correctly set up the map.
12-11 17:59:14.379 9366-9440/? E/Google Maps Android API: In the Google Developer Console (https://console.developers.google.com)
12-11 17:59:14.379 9366-9440/? E/Google Maps Android API: Ensure that the "Google Maps Android API v2" is enabled.
12-11 17:59:14.379 9366-9440/? E/Google Maps Android API: Ensure that the following Android Key exists:
12-11 17:59:14.379 9366-9440/? E/Google Maps Android API: 	API Key: YOUR_KEY_HERE
12-11 17:59:14.379 9366-9440/? E/Google Maps Android API: 	Android Application (<cert_fingerprint>;<package_name>): 13:4F:1D:E7:E0:35:AB:D2:C4:2A:F3:B6:01:50:7C:4E:34:5F:5D:B1;com.freenow.android_demo
12-11 17:59:14.395 9366-9366/? W/ow.android_dem: Accessing hidden field Landroid/view/View;->mAccessibilityDelegate:Landroid/view/View$AccessibilityDelegate; (light greylist, reflection)
12-11 17:59:14.422 9366-9366/? W/ActivityThread: handleWindowVisibility: no activity for token android.os.BinderProxy@1a963bb
12-11 17:59:14.430 9366-9366/? D/LifecycleMonitor: Lifecycle status change: com.freenow.android_demo.activities.AuthenticationActivity@b53ff16 in: PRE_ON_CREATE
12-11 17:59:14.489 9366-9366/? I/TextInputLayout: EditText added is not a TextInputEditText. Please switch to using that class instead.
12-11 17:59:14.498 9366-9366/? I/TextInputLayout: EditText added is not a TextInputEditText. Please switch to using that class instead.
12-11 17:59:14.508 9366-9366/? D/LifecycleMonitor: Lifecycle status change: com.freenow.android_demo.activities.AuthenticationActivity@b53ff16 in: CREATED
12-11 17:59:14.511 9366-9366/? D/LifecycleMonitor: Lifecycle status change: com.freenow.android_demo.activities.AuthenticationActivity@b53ff16 in: STARTED
12-11 17:59:14.512 9366-9366/? D/LifecycleMonitor: Lifecycle status change: com.freenow.android_demo.activities.AuthenticationActivity@b53ff16 in: RESUMED
12-11 17:59:14.549 9366-9433/? D/: HostConnection::get() New Host Connection established 0xeb408d80, tid 9433
12-11 17:59:14.552 9366-9433/? D/EGL_emulation: eglCreateContext: 0xeb406140: maj 1 min 0 rcv 1
12-11 17:59:14.554 1649-1700/? D/gralloc_ranchu: gralloc_alloc: Creating ashmem region of size 15138816
12-11 17:59:14.570 9366-9439/? D/EGL_emulation: eglMakeCurrent: 0xe9c95ce0: ver 3 0 (tinfo 0xeb4ab1a0)
12-11 17:59:14.586 9366-9433/? D/EGL_emulation: eglMakeCurrent: 0xeb406140: ver 1 0 (tinfo 0xeb4039d0)
12-11 17:59:14.690 1649-1700/? D/gralloc_ranchu: gralloc_alloc: Creating ashmem region of size 16592896
12-11 17:59:14.705 1823-1858/? D/: HostConnection::get() New Host Connection established 0xeaf69d80, tid 1858
12-11 17:59:14.705 1649-1700/? D/gralloc_ranchu: gralloc_alloc: Creating ashmem region of size 16592896
12-11 17:59:14.724 1649-1700/? D/gralloc_ranchu: gralloc_alloc: Creating ashmem region of size 16592896
12-11 17:59:14.725 1649-1701/? D/gralloc_ranchu: gralloc_alloc: Creating ashmem region of size 15138816
12-11 17:59:14.734 2008-2734/? V/BackupManagerConstants: getFullBackupRequiredNetworkType(...) returns 2
12-11 17:59:14.734 2008-2734/? V/BackupManagerConstants: getFullBackupRequireCharging(...) returns true
12-11 17:59:14.785 2008-2162/? I/GnssLocationProvider: WakeLock acquired by sendMessage(REPORT_SV_STATUS, 0, com.android.server.location.GnssLocationProvider$SvStatusInfo@c7d02b5)
12-11 17:59:14.785 2008-2022/? I/GnssLocationProvider: WakeLock released by handleMessage(REPORT_SV_STATUS, 0, com.android.server.location.GnssLocationProvider$SvStatusInfo@c7d02b5)
12-11 17:59:14.809 9366-9439/? D/EGL_emulation: eglMakeCurrent: 0xe9c95ce0: ver 3 0 (tinfo 0xeb4ab1a0)
12-11 17:59:14.837 2008-2033/? I/ActivityManager: Displayed com.freenow.android_demo/.activities.AuthenticationActivity: +579ms (total +1s340ms)
12-11 17:59:14.856 3007-3007/? I/GoogleInputMethod: onFinishInput() : Dummy InputConnection bound
12-11 17:59:14.861 9366-9366/? I/AssistStructure: Flattened final assist data: 2696 bytes, containing 1 windows, 9 views
12-11 17:59:14.867 2008-3961/? I/AssistStructure: Flattened final assist data: 2496 bytes, containing 1 windows, 9 views
12-11 17:59:14.874 2008-2024/? D/AutofillUI: destroySaveUiUiThread(): already destroyed
12-11 17:59:14.892 1823-1858/? D/gralloc_ranchu: gralloc_unregister_buffer: exiting HostConnection (is buffer-handling thread)
12-11 17:59:14.895 1823-1858/? D/: HostConnection::get() New Host Connection established 0xeaf69d80, tid 1858
12-11 17:59:14.895 1823-1858/? D/gralloc_ranchu: gralloc_unregister_buffer: exiting HostConnection (is buffer-handling thread)
12-11 17:59:14.896 1823-1858/? D/: HostConnection::get() New Host Connection established 0xeaf69d80, tid 1858
12-11 17:59:14.896 1823-1858/? D/gralloc_ranchu: gralloc_unregister_buffer: exiting HostConnection (is buffer-handling thread)
12-11 17:59:14.897 1823-1858/? D/: HostConnection::get() New Host Connection established 0xeaf69d80, tid 1858
12-11 17:59:14.898 1823-1858/? D/gralloc_ranchu: gralloc_unregister_buffer: exiting HostConnection (is buffer-handling thread)
12-11 17:59:14.930 9366-9366/? D/LifecycleMonitor: Lifecycle status change: com.freenow.android_demo.activities.MainActivity@e95803 in: STOPPED
12-11 17:59:14.930 9366-9366/? D/LifecycleMonitor: running callback: android.support.test.rule.ActivityTestRule$LifecycleCallback@c97aa3
12-11 17:59:14.930 9366-9366/? D/LifecycleMonitor: callback completes: android.support.test.rule.ActivityTestRule$LifecycleCallback@c97aa3
12-11 17:59:14.941 9366-9382/? D/InputManagerEventInjectionStrategy: Creating injection strategy with input manager.
12-11 17:59:14.941 9366-9382/? W/ow.android_dem: Accessing hidden method Landroid/hardware/input/InputManager;->getInstance()Landroid/hardware/input/InputManager; (light greylist, reflection)
12-11 17:59:14.941 9366-9382/? W/ow.android_dem: Accessing hidden method Landroid/hardware/input/InputManager;->injectInputEvent(Landroid/view/InputEvent;I)Z (light greylist, reflection)
12-11 17:59:14.941 9366-9382/? W/ow.android_dem: Accessing hidden field Landroid/hardware/input/InputManager;->INJECT_INPUT_EVENT_MODE_WAIT_FOR_FINISH:I (light greylist, reflection)
12-11 17:59:14.944 1823-1823/? W/SurfaceFlinger: couldn't log to binary event log: overflow.
12-11 17:59:14.944 1823-1823/? W/SurfaceFlinger: couldn't log to binary event log: overflow.
12-11 17:59:14.954 9366-9366/? W/ow.android_dem: Accessing hidden method Landroid/os/MessageQueue;->next()Landroid/os/Message; (light greylist, reflection)
12-11 17:59:14.955 9366-9366/? W/ow.android_dem: Accessing hidden field Landroid/os/MessageQueue;->mMessages:Landroid/os/Message; (light greylist, reflection)
12-11 17:59:14.955 9366-9366/? W/ow.android_dem: Accessing hidden method Landroid/os/Message;->recycleUnchecked()V (light greylist, reflection)
12-11 17:59:14.957 9366-9366/? W/ow.android_dem: Accessing hidden method Landroid/view/WindowManagerGlobal;->getInstance()Landroid/view/WindowManagerGlobal; (light greylist, reflection)
12-11 17:59:14.957 9366-9366/? W/ow.android_dem: Accessing hidden field Landroid/view/WindowManagerGlobal;->mViews:Ljava/util/ArrayList; (light greylist, reflection)
12-11 17:59:14.958 9366-9366/? W/ow.android_dem: Accessing hidden field Landroid/view/WindowManagerGlobal;->mParams:Ljava/util/ArrayList; (light greylist, reflection)
12-11 17:59:14.964 9366-9366/? I/ViewInteraction: Performing 'replace text' action on view with id: com.freenow.android_demo:id/edt_username
12-11 17:59:14.978 9366-9366/? I/ViewInteraction: Performing 'type text(crazydog335)' action on view with id: com.freenow.android_demo:id/edt_username
12-11 17:59:14.985 9366-9366/? W/ow.android_dem: Accessing hidden method Landroid/view/ViewConfiguration;->getDoubleTapMinTime()I (light greylist, reflection)
12-11 17:59:15.018 2008-2078/? D/gralloc_ranchu: gralloc_unregister_buffer: exiting HostConnection (is buffer-handling thread)
12-11 17:59:15.021 2008-2078/? D/: HostConnection::get() New Host Connection established 0xcb07f4c0, tid 2078
12-11 17:59:15.022 2008-2078/? D/gralloc_ranchu: gralloc_unregister_buffer: exiting HostConnection (is buffer-handling thread)
12-11 17:59:15.023 2008-2078/? D/: HostConnection::get() New Host Connection established 0xcb07f4c0, tid 2078
12-11 17:59:15.023 2008-2078/? D/gralloc_ranchu: gralloc_unregister_buffer: exiting HostConnection (is buffer-handling thread)
12-11 17:59:15.024 2008-2078/? D/: HostConnection::get() New Host Connection established 0xcb07f4c0, tid 2078
12-11 17:59:15.025 2008-2078/? D/gralloc_ranchu: gralloc_unregister_buffer: exiting HostConnection (is buffer-handling thread)
12-11 17:59:15.025 1823-2461/? W/SurfaceFlinger: Attempting to set client state on removed layer: Splash Screen com.freenow.android_demo#0
12-11 17:59:15.025 1823-2461/? W/SurfaceFlinger: Attempting to destroy on removed layer: Splash Screen com.freenow.android_demo#0
12-11 17:59:15.034 1866-1866/? D/gralloc_ranchu: gralloc_unregister_buffer: exiting HostConnection (is buffer-handling thread)
12-11 17:59:15.035 1866-1866/? D/: HostConnection::get() New Host Connection established 0xf17bc140, tid 1866
12-11 17:59:15.035 1866-1866/? D/gralloc_ranchu: gralloc_unregister_buffer: exiting HostConnection (is buffer-handling thread)
12-11 17:59:15.036 1866-1866/? D/: HostConnection::get() New Host Connection established 0xf17bc140, tid 1866
12-11 17:59:15.036 1866-1866/? D/gralloc_ranchu: gralloc_unregister_buffer: exiting HostConnection (is buffer-handling thread)
12-11 17:59:15.037 1866-1866/? D/: HostConnection::get() New Host Connection established 0xf17bc140, tid 1866
12-11 17:59:15.037 1866-1866/? D/gralloc_ranchu: gralloc_unregister_buffer: exiting HostConnection (is buffer-handling thread)
12-11 17:59:15.043 3007-3007/? I/LatinIme: initialize() : Language = en-US
12-11 17:59:15.044 3007-3007/? I/Delight5Facilitator: initializeForIme() : Locale = [en_US]
12-11 17:59:15.044 3007-3007/? I/Delight5Facilitator: initializeForIme() : Locale == CurrentLocale
12-11 17:59:15.044 3007-3007/? I/EmojiSuperpacksFeature: Emoji superpacks enabled
12-11 17:59:15.045 3007-3007/? I/LatinIme: onActivate() : EditorInfo = Package = com.freenow.android_demo : Type = Text : Learning = Disable : Suggestion = Hide : AutoCorrection = Disable : Microphone = Show : Incognito = Disable
12-11 17:59:15.049 1866-1866/? D/: HostConnection::get() New Host Connection established 0xf17bc140, tid 1866
12-11 17:59:15.056 3007-3007/? I/InputContext: input context reset success: true error: 0 input_state_id 314
12-11 17:59:15.058 3007-3082/? I/PillNotificationLstnr: maybeSetupPill()
12-11 17:59:15.067 3353-3353/? I/StreamRenderer: cleanUpRendererScope(nowcards--4304647100572690411)
12-11 17:59:15.069 3007-3007/? W/VoiceImeTranscriptor: UIME feature enabled: true
12-11 17:59:15.072 3007-3007/? I/LatinMotionHandler: consumeEvent() : GestureTypingEnabled = true
12-11 17:59:15.073 3007-3007/? I/EmojiDataExtension: onActivate() : Locale = en_US
12-11 17:59:15.073 3007-3007/? I/EmojiSuperpacksFeature: Emoji superpacks enabled
12-11 17:59:15.073 3007-3007/? I/FeatureCardGenerator: Make a GIF card not added
12-11 17:59:15.074 3007-3007/? I/FeatureCardGenerator: Autospace card not added
12-11 17:59:15.074 3007-3007/? I/FeatureCardNotice: Feature card notice not shown: no cards to display
12-11 17:59:15.074 3007-3007/? I/GifEntryExtension: onActivate()
12-11 17:59:15.074 3007-3007/? I/DevFeatureConfig: Gif candidate disabled by Phenotype
12-11 17:59:15.074 3007-3007/? I/Conv2QueryExtension: isEnabled() : true
12-11 17:59:15.074 3007-3007/? I/Conv2QueryExtension: Current locale: en_US, config allows these locales: de,en,fr,it,es,pt
12-11 17:59:15.074 3007-3007/? W/Conv2QueryExtension: Conv2Query not enabled due to current app [com.freenow.android_demo] not in whitelist
12-11 17:59:15.074 3007-3007/? W/Conv2QueryExtension: onActivate() : Disabled by unsupported host app
12-11 17:59:15.074 3007-3007/? W/VoiceImeTranscriptor: UIME feature enabled: true
12-11 17:59:15.075 3007-3007/? I/VoiceImeExtension: Voice Extension onStartInputView() Mic status = [MicIconAvailable]
12-11 17:59:15.075 3007-3200/? I/PrimesMetrics: Ignore memory metric of com.google.android.apps.inputmethod.libs.search.nativecard.FeatureCardNoticeExtension.
12-11 17:59:15.076 3007-3200/? I/PrimesMetrics: Ignore memory metric of com.google.android.apps.inputmethod.libs.search.gif.GifEntryPointCandidateExtension.
12-11 17:59:15.076 3007-3200/? I/PrimesMetrics: Ignore memory metric of com.google.android.apps.inputmethod.libs.pill.PillExtension.
12-11 17:59:15.085 3353-3353/? W/SearchService: Abort, client detached.
12-11 17:59:15.085 1649-1701/? D/gralloc_ranchu: gralloc_alloc: Creating ashmem region of size 16105472
12-11 17:59:15.086 3353-3353/? I/StreamController: cleanUpControllerScope(nowcards--4304647100572690411)
12-11 17:59:15.100 3353-9457/? I/PBSessionCacheImpl: Deleted sessionId[153199785606] from persistence.
12-11 17:59:15.117 1649-1701/? D/gralloc_ranchu: gralloc_alloc: Creating ashmem region of size 16105472
12-11 17:59:15.130 3353-7602/? I/WorkController: WorkProxy is not enqueued because WorkController is disposed: WorkProxy{Name=context::j, WorkerId=context, id=b726e49}
12-11 17:59:15.130 3353-7602/? I/WorkController: WorkProxy is not enqueued because WorkController is disposed: WorkProxy{Name=context::m, WorkerId=context, id=2c9634e}
12-11 17:59:15.130 3353-7602/? I/WorkController: WorkProxy is not enqueued because WorkController is disposed: WorkProxy{Name=context::n, WorkerId=context, id=8553c6f}
12-11 17:59:15.131 3353-7602/? I/WorkController: WorkProxy is not enqueued because WorkController is disposed: WorkProxy{Name=context::p, WorkerId=context, id=18ebd7c}
12-11 17:59:15.142 1649-1700/? D/gralloc_ranchu: gralloc_alloc: Creating ashmem region of size 16105472
12-11 17:59:15.164 1649-1700/? D/gralloc_ranchu: gralloc_alloc: Creating ashmem region of size 40960
12-11 17:59:15.172 1649-1700/? D/gralloc_ranchu: gralloc_alloc: Creating ashmem region of size 40960
12-11 17:59:15.175 3007-3007/? I/FeaturePermissions: onSharedPreferenceChanged() : Key = latest_activation_time : Feature = null
12-11 17:59:15.185 3007-6431/? D/EGL_emulation: eglMakeCurrent: 0xe9c96b20: ver 3 0 (tinfo 0xd6fb0bc0)
12-11 17:59:15.223 2008-2734/? V/BackupManagerConstants: getFullBackupRequiredNetworkType(...) returns 2
12-11 17:59:15.223 2008-2734/? V/BackupManagerConstants: getFullBackupRequireCharging(...) returns true
12-11 17:59:15.286 9366-9366/? D/UiControllerImpl: Injecting string: "crazydog335"
12-11 17:59:15.580 9366-9366/? I/ViewInteraction: Performing 'close keyboard' action on view with id: com.freenow.android_demo:id/edt_username
12-11 17:59:15.584 3007-3007/? I/PhenotypeExpConfig: refreshConfiguration() : Force = false : UpdateAvailable = false : Age = 30 minutes : MaxAge = 720 minutes
12-11 17:59:15.584 3007-3007/? I/LatinIme: abortComposing()
12-11 17:59:15.585 3007-3007/? I/Delight5Decoder: abortComposing() : input state id = 337
12-11 17:59:15.585 3007-3007/? I/LatinIme: onDeactivate()
12-11 17:59:15.590 1649-1700/? D/gralloc_ranchu: gralloc_alloc: Creating ashmem region of size 40960
12-11 17:59:15.595 1649-1700/? D/gralloc_ranchu: gralloc_alloc: Creating ashmem region of size 40960
12-11 17:59:15.607 3007-6431/? D/EGL_emulation: eglMakeCurrent: 0xe9c96b20: ver 3 0 (tinfo 0xd6fb0bc0)
12-11 17:59:15.790 2008-2162/? I/GnssLocationProvider: WakeLock acquired by sendMessage(REPORT_SV_STATUS, 0, com.android.server.location.GnssLocationProvider$SvStatusInfo@450be6f)
12-11 17:59:15.790 2008-2022/? I/GnssLocationProvider: WakeLock released by handleMessage(REPORT_SV_STATUS, 0, com.android.server.location.GnssLocationProvider$SvStatusInfo@450be6f)
12-11 17:59:15.803 1866-1866/? D/gralloc_ranchu: gralloc_unregister_buffer: exiting HostConnection (is buffer-handling thread)
12-11 17:59:15.804 1866-1866/? D/: HostConnection::get() New Host Connection established 0xf17bc140, tid 1866
12-11 17:59:15.804 1866-1866/? D/gralloc_ranchu: gralloc_unregister_buffer: exiting HostConnection (is buffer-handling thread)
12-11 17:59:15.804 1866-1866/? D/: HostConnection::get() New Host Connection established 0xf17bc140, tid 1866
12-11 17:59:15.805 1866-1866/? D/gralloc_ranchu: gralloc_unregister_buffer: exiting HostConnection (is buffer-handling thread)
12-11 17:59:15.805 1866-1866/? D/: HostConnection::get() New Host Connection established 0xf17bc140, tid 1866
12-11 17:59:15.806 1866-1866/? D/gralloc_ranchu: gralloc_unregister_buffer: exiting HostConnection (is buffer-handling thread)
12-11 17:59:15.807 1866-1866/? D/: HostConnection::get() New Host Connection established 0xf17bc140, tid 1866
12-11 17:59:15.807 1866-1866/? D/gralloc_ranchu: gralloc_unregister_buffer: exiting HostConnection (is buffer-handling thread)
12-11 17:59:15.807 1866-1866/? D/: HostConnection::get() New Host Connection established 0xf17bc140, tid 1866
12-11 17:59:15.807 1866-1866/? D/gralloc_ranchu: gralloc_unregister_buffer: exiting HostConnection (is buffer-handling thread)
12-11 17:59:15.814 1866-1866/? D/: HostConnection::get() New Host Connection established 0xf17bc140, tid 1866
12-11 17:59:15.894 9366-9366/? I/ViewInteraction: Performing 'replace text' action on view with id: com.freenow.android_demo:id/edt_password
12-11 17:59:15.917 9366-9366/? I/ViewInteraction: Performing 'type text(venture)' action on view with id: com.freenow.android_demo:id/edt_password
12-11 17:59:15.977 3007-9464/? I/DlamWrapper: close(): Successfully wrote DLAM properties file.
12-11 17:59:15.979 3007-3082/? I/PillNotificationLstnr: maybeSetupPill()
12-11 17:59:15.987 9366-9366/? I/AssistStructure: Flattened final assist data: 2736 bytes, containing 1 windows, 9 views
12-11 17:59:15.993 3007-3007/? I/EmojiDataExtension: onActivate() : Locale = en_US
12-11 17:59:15.993 3007-3007/? I/EmojiSuperpacksFeature: Emoji superpacks enabled
12-11 17:59:15.993 3007-3007/? I/FeatureCardGenerator: Make a GIF card not added
12-11 17:59:15.993 2008-3961/? I/AssistStructure: Flattened final assist data: 2496 bytes, containing 1 windows, 9 views
12-11 17:59:15.993 3007-3007/? I/FeatureCardGenerator: Autospace card not added
12-11 17:59:15.993 3007-3007/? I/FeatureCardNotice: Feature card notice not shown: no cards to display
12-11 17:59:15.993 3007-3007/? I/GifEntryExtension: onActivate()
12-11 17:59:15.993 3007-3007/? I/DevFeatureConfig: Gif candidate disabled by Phenotype
12-11 17:59:15.993 3007-3007/? I/Conv2QueryExtension: isEnabled() : true
12-11 17:59:15.993 3007-3007/? I/Conv2QueryExtension: Current locale: en_US, config allows these locales: de,en,fr,it,es,pt
12-11 17:59:15.993 3007-3200/? I/PrimesMetrics: Ignore memory metric of com.google.android.apps.inputmethod.libs.search.nativecard.FeatureCardNoticeExtension.
12-11 17:59:15.993 3007-3007/? W/Conv2QueryExtension: Conv2Query not enabled due to current app [com.freenow.android_demo] not in whitelist
12-11 17:59:15.993 3007-3007/? W/Conv2QueryExtension: onActivate() : Disabled by unsupported host app
12-11 17:59:15.993 3007-3200/? I/PrimesMetrics: Ignore memory metric of com.google.android.apps.inputmethod.libs.search.gif.GifEntryPointCandidateExtension.
12-11 17:59:15.993 3007-3200/? I/PrimesMetrics: Ignore memory metric of com.google.android.apps.inputmethod.libs.pill.PillExtension.
12-11 17:59:15.994 3007-3007/? W/VoiceImeTranscriptor: UIME feature enabled: true
12-11 17:59:15.994 3007-3007/? I/VoiceImeExtension: Voice Extension onStartInputView() Mic status = [MicIconHidden-PasswordOrNumberOrDateInputType, ]
12-11 17:59:16.000 2008-2024/? D/AutofillUI: destroySaveUiUiThread(): already destroyed
12-11 17:59:16.001 1649-1700/? D/gralloc_ranchu: gralloc_alloc: Creating ashmem region of size 40960
12-11 17:59:16.008 1649-1700/? D/gralloc_ranchu: gralloc_alloc: Creating ashmem region of size 40960
12-11 17:59:16.013 1649-1700/? D/gralloc_ranchu: gralloc_alloc: Creating ashmem region of size 16105472
12-11 17:59:16.034 1823-1858/? D/: HostConnection::get() New Host Connection established 0xea898200, tid 1858
12-11 17:59:16.035 1649-1700/? D/gralloc_ranchu: gralloc_alloc: Creating ashmem region of size 16105472
12-11 17:59:16.045 9366-9434/? W/DynamiteModule: Local module descriptor class for com.google.android.gms.googlecertificates not found.
12-11 17:59:16.050 9366-9434/? I/DynamiteModule: Considering local module com.google.android.gms.googlecertificates:0 and remote module com.google.android.gms.googlecertificates:4
12-11 17:59:16.050 9366-9434/? I/DynamiteModule: Selected remote version of com.google.android.gms.googlecertificates, version >= 4
12-11 17:59:16.054 1649-1700/? D/gralloc_ranchu: gralloc_alloc: Creating ashmem region of size 16105472
12-11 17:59:16.059 9366-9434/? W/ow.android_dem: Unsupported class loader
12-11 17:59:16.060 9366-9434/? W/ow.android_dem: Skipping duplicate class check due to unsupported classloader
12-11 17:59:16.084 3007-3007/? I/FeaturePermissions: onSharedPreferenceChanged() : Key = latest_activation_time : Feature = null
12-11 17:59:16.097 3007-6431/? D/EGL_emulation: eglMakeCurrent: 0xe9c96b20: ver 3 0 (tinfo 0xd6fb0bc0)
12-11 17:59:16.222 9366-9366/? D/UiControllerImpl: Injecting string: "venture"
12-11 17:59:16.373 9366-9366/? I/ViewInteraction: Performing 'close keyboard' action on view with id: com.freenow.android_demo:id/edt_password
12-11 17:59:16.377 3007-3007/? I/PhenotypeExpConfig: refreshConfiguration() : Force = false : UpdateAvailable = false : Age = 30 minutes : MaxAge = 720 minutes
12-11 17:59:16.396 1649-1700/? D/gralloc_ranchu: gralloc_alloc: Creating ashmem region of size 40960
12-11 17:59:16.396 3007-6431/? D/EGL_emulation: eglMakeCurrent: 0xe9c96b20: ver 3 0 (tinfo 0xd6fb0bc0)
12-11 17:59:16.400 1823-1858/? D/gralloc_ranchu: gralloc_unregister_buffer: exiting HostConnection (is buffer-handling thread)
12-11 17:59:16.400 1823-1858/? D/: HostConnection::get() New Host Connection established 0xea898200, tid 1858
12-11 17:59:16.401 1823-1858/? D/gralloc_ranchu: gralloc_unregister_buffer: exiting HostConnection (is buffer-handling thread)
12-11 17:59:16.402 1823-1858/? D/: HostConnection::get() New Host Connection established 0xea898200, tid 1858
12-11 17:59:16.402 1823-1858/? D/gralloc_ranchu: gralloc_unregister_buffer: exiting HostConnection (is buffer-handling thread)
12-11 17:59:16.403 1823-1858/? D/: HostConnection::get() New Host Connection established 0xea898200, tid 1858
12-11 17:59:16.403 1823-1858/? D/gralloc_ranchu: gralloc_unregister_buffer: exiting HostConnection (is buffer-handling thread)
12-11 17:59:16.407 1649-1700/? D/gralloc_ranchu: gralloc_alloc: Creating ashmem region of size 40960
12-11 17:59:16.609 1866-1866/? D/gralloc_ranchu: gralloc_unregister_buffer: exiting HostConnection (is buffer-handling thread)
12-11 17:59:16.610 1866-1866/? D/: HostConnection::get() New Host Connection established 0xf17bc140, tid 1866
12-11 17:59:16.610 1866-1866/? D/gralloc_ranchu: gralloc_unregister_buffer: exiting HostConnection (is buffer-handling thread)
12-11 17:59:16.616 1866-1866/? D/: HostConnection::get() New Host Connection established 0xf17bc140, tid 1866
12-11 17:59:16.686 9366-9366/? I/ViewInteraction: Performing 'single click' action on view with id: com.freenow.android_demo:id/btn_login
12-11 17:59:16.733 9366-9366/? D/Test: Fetching user
12-11 17:59:16.740 1639-6468/? W/audio_hw_generic: Not supplying enough data to HAL, expected position 3394945 , only wrote 3394800
12-11 17:59:16.749 9366-9466/? D/Test: Got this path: /?seed=a1f30d446f820665
12-11 17:59:16.749 9366-9466/? D/Test: Responded with User
12-11 17:59:16.751 9366-9466/? I/MockWebServer: Received request: GET /?seed=a1f30d446f820665 HTTP/1.1 and responded: HTTP/1.1 200 OK
12-11 17:59:16.767 9366-9366/? D/LifecycleMonitor: Lifecycle status change: com.freenow.android_demo.activities.AuthenticationActivity@b53ff16 in: PAUSED
12-11 17:59:16.767 9366-9366/? D/LifecycleMonitor: running callback: android.support.test.rule.ActivityTestRule$LifecycleCallback@c97aa3
12-11 17:59:16.767 9366-9366/? D/LifecycleMonitor: callback completes: android.support.test.rule.ActivityTestRule$LifecycleCallback@c97aa3
12-11 17:59:16.770 9366-9436/? I/FRN: Successful login with user: crazydog335
12-11 17:59:16.796 2008-2162/? I/GnssLocationProvider: WakeLock acquired by sendMessage(REPORT_SV_STATUS, 0, com.android.server.location.GnssLocationProvider$SvStatusInfo@24add57)
12-11 17:59:16.797 2008-2022/? I/GnssLocationProvider: WakeLock released by handleMessage(REPORT_SV_STATUS, 0, com.android.server.location.GnssLocationProvider$SvStatusInfo@24add57)
12-11 17:59:16.809 9366-9366/? D/LifecycleMonitor: Lifecycle status change: com.freenow.android_demo.activities.MainActivity@e95803 in: RESTARTED
12-11 17:59:16.809 9366-9366/? D/LifecycleMonitor: running callback: android.support.test.rule.ActivityTestRule$LifecycleCallback@c97aa3
12-11 17:59:16.809 9366-9366/? D/LifecycleMonitor: callback completes: android.support.test.rule.ActivityTestRule$LifecycleCallback@c97aa3
12-11 17:59:16.810 1649-1700/? D/gralloc_ranchu: gralloc_alloc: Creating ashmem region of size 15138816
12-11 17:59:16.811 9366-9366/? D/LifecycleMonitor: Lifecycle status change: com.freenow.android_demo.activities.MainActivity@e95803 in: STARTED
12-11 17:59:16.811 9366-9366/? D/LifecycleMonitor: running callback: android.support.test.rule.ActivityTestRule$LifecycleCallback@c97aa3
12-11 17:59:16.811 9366-9366/? D/LifecycleMonitor: callback completes: android.support.test.rule.ActivityTestRule$LifecycleCallback@c97aa3
12-11 17:59:16.813 9366-9366/? D/LifecycleMonitor: Lifecycle status change: com.freenow.android_demo.activities.MainActivity@e95803 in: RESUMED
12-11 17:59:16.813 9366-9366/? D/LifecycleMonitor: running callback: android.support.test.rule.ActivityTestRule$LifecycleCallback@c97aa3
12-11 17:59:16.813 9366-9366/? D/LifecycleMonitor: callback completes: android.support.test.rule.ActivityTestRule$LifecycleCallback@c97aa3
12-11 17:59:16.831 9366-9433/? D/EGL_emulation: eglMakeCurrent: 0xeb406140: ver 1 0 (tinfo 0xeb4039d0)
12-11 17:59:16.833 1649-1700/? D/gralloc_ranchu: gralloc_alloc: Creating ashmem region of size 15138816
12-11 17:59:16.865 1649-1700/? D/gralloc_ranchu: gralloc_alloc: Creating ashmem region of size 16592896
12-11 17:59:16.890 1649-1700/? D/gralloc_ranchu: gralloc_alloc: Creating ashmem region of size 16592896
12-11 17:59:16.893 1639-6468/? W/audio_hw_generic: Hardware backing HAL too slow, could only write 0 of 720 frames
12-11 17:59:16.908 1649-1700/? D/gralloc_ranchu: gralloc_alloc: Creating ashmem region of size 16592896
12-11 17:59:16.908 1639-6468/? W/audio_hw_generic: Hardware backing HAL too slow, could only write 0 of 720 frames
12-11 17:59:16.923 1639-6468/? W/audio_hw_generic: Hardware backing HAL too slow, could only write 0 of 720 frames
12-11 17:59:16.935 9366-9439/? D/EGL_emulation: eglMakeCurrent: 0xe9c95ce0: ver 3 0 (tinfo 0xeb4ab1a0)
12-11 17:59:16.937 1639-6468/? W/audio_hw_generic: Hardware backing HAL too slow, could only write 0 of 720 frames
12-11 17:59:16.952 1639-6468/? W/audio_hw_generic: Hardware backing HAL too slow, could only write 0 of 720 frames
12-11 17:59:16.955 9366-9439/? D/EGL_emulation: eglMakeCurrent: 0xe9c95ce0: ver 3 0 (tinfo 0xeb4ab1a0)
12-11 17:59:16.961 1649-1700/? D/gralloc_ranchu: gralloc_alloc: Creating ashmem region of size 15138816
12-11 17:59:16.972 3007-3007/? I/GoogleInputMethod: onStartInput() : Dummy InputConnection bound
12-11 17:59:16.982 9366-9439/? D/EGL_emulation: eglMakeCurrent: 0xe9c95ce0: ver 3 0 (tinfo 0xeb4ab1a0)
12-11 17:59:17.049 9366-9439/? I/chatty: uid=10091(com.freenow.android_demo) identical 3 lines
12-11 17:59:17.053 9366-9439/? D/EGL_emulation: eglMakeCurrent: 0xe9c95ce0: ver 3 0 (tinfo 0xeb4ab1a0)
12-11 17:59:17.069 9366-9366/? I/ViewInteraction: Checking 'MatchesViewAssertion{viewMatcher=is displayed on the screen to the user}' assertion on view with id: com.freenow.android_demo:id/textSearch
12-11 17:59:17.077 9366-9366/? W/ow.android_dem: Accessing hidden field Landroid/app/Activity;->mResultCode:I (light greylist, reflection)
12-11 17:59:17.078 9366-9366/? W/ow.android_dem: Accessing hidden field Landroid/app/Activity;->mResultData:Landroid/content/Intent; (light greylist, reflection)
12-11 17:59:17.079 9366-9366/? D/LifecycleMonitor: Lifecycle status change: com.freenow.android_demo.activities.MainActivity@e95803 in: PAUSED
12-11 17:59:17.079 9366-9366/? D/LifecycleMonitor: running callback: android.support.test.rule.ActivityTestRule$LifecycleCallback@c97aa3
12-11 17:59:17.079 9366-9366/? D/LifecycleMonitor: callback completes: android.support.test.rule.ActivityTestRule$LifecycleCallback@c97aa3
12-11 17:59:17.080 9366-9439/? D/EGL_emulation: eglMakeCurrent: 0xe9c95ce0: ver 3 0 (tinfo 0xeb4ab1a0)
12-11 17:59:17.086 9366-9366/? E/SchedPolicy: set_timerslack_ns write failed: Operation not permitted
12-11 17:59:17.093 9366-9439/? D/EGL_emulation: eglMakeCurrent: 0xe9c95ce0: ver 3 0 (tinfo 0xeb4ab1a0)
12-11 17:59:17.096 9366-9382/? I/TestRunner: finished: login0(com.freenow.android_demo.tests.LoginTest)
12-11 17:59:17.100 9366-9366/? I/MonitoringInstr: Activities that are still in CREATED to STOPPED: 2
12-11 17:59:17.100 9366-9382/? I/MonitoringInstr: Unstopped activity count: 2
12-11 17:59:17.105 1649-1700/? D/gralloc_ranchu: gralloc_alloc: Creating ashmem region of size 16592896
12-11 17:59:17.124 1823-1858/? D/: HostConnection::get() New Host Connection established 0xe1c94c00, tid 1858
12-11 17:59:17.125 1649-1700/? D/gralloc_ranchu: gralloc_alloc: Creating ashmem region of size 16592896
12-11 17:59:17.146 1649-1700/? D/gralloc_ranchu: gralloc_alloc: Creating ashmem region of size 16592896
12-11 17:59:17.152 9366-9382/? I/MonitoringInstr: Unstopped activity count: 2
12-11 17:59:17.168 1823-1823/? D/SurfaceFlinger: duplicate layer name: changing com.google.android.apps.nexuslauncher/com.google.android.apps.nexuslauncher.NexusLauncherActivity to com.google.android.apps.nexuslauncher/com.google.android.apps.nexuslauncher.NexusLauncherActivity#1
12-11 17:59:17.175 1649-1700/? D/gralloc_ranchu: gralloc_alloc: Creating ashmem region of size 16592896
12-11 17:59:17.195 3353-3521/? D/EGL_emulation: eglMakeCurrent: 0xeb406020: ver 3 0 (tinfo 0xeb403d00)
12-11 17:59:17.197 1649-1700/? D/gralloc_ranchu: gralloc_alloc: Creating ashmem region of size 16592896
12-11 17:59:17.203 9366-9382/? I/MonitoringInstr: Unstopped activity count: 2
12-11 17:59:17.216 1649-1700/? D/gralloc_ranchu: gralloc_alloc: Creating ashmem region of size 16592896
12-11 17:59:17.247 3385-3453/? D/EGL_emulation: eglMakeCurrent: 0xd8372c00: ver 3 0 (tinfo 0xd7d1d030)
12-11 17:59:17.254 9366-9382/? I/MonitoringInstr: Unstopped activity count: 2
12-11 17:59:17.264 3007-3007/? I/GoogleInputMethod: onFinishInput() : Dummy InputConnection bound
12-11 17:59:17.265 3007-3007/? I/GoogleInputMethod: onStartInput() : Dummy InputConnection bound
12-11 17:59:17.265 3353-3353/? W/SessionLifecycleManager: Handover failed. Creating new session controller.
12-11 17:59:17.273 2213-2473/? D/EGL_emulation: eglMakeCurrent: 0xeb4059c0: ver 3 0 (tinfo 0xeb403a50)
12-11 17:59:17.279 2213-2473/? D/EGL_emulation: eglMakeCurrent: 0xeb4059c0: ver 3 0 (tinfo 0xeb403a50)
12-11 17:59:17.279 1823-1823/? D/SurfaceFlinger: duplicate layer name: changing Surface(name=AppWindowToken{a77368a token=Token{24ad8f5 ActivityRecord{835262c u0 com.freenow.android_demo/.activities.MainActivity t25}}})/@0x84372c7 - animation-leash to Surface(name=AppWindowToken{a77368a token=Token{24ad8f5 ActivityRecord{835262c u0 com.freenow.android_demo/.activities.MainActivity t25}}})/@0x84372c7 - animation-leash#1
12-11 17:59:17.283 1639-6468/? W/audio_hw_generic: Hardware backing HAL too slow, could only write 0 of 720 frames
12-11 17:59:17.296 3353-3353/? I/StreamController: registerScope: nowcards--4304647100572690411
12-11 17:59:17.304 1866-1908/? D/gralloc_ranchu: gralloc_unregister_buffer: exiting HostConnection (is buffer-handling thread)
12-11 17:59:17.305 1866-1908/? D/: HostConnection::get() New Host Connection established 0xf17bc240, tid 1908
12-11 17:59:17.305 1866-1908/? D/gralloc_ranchu: gralloc_unregister_buffer: exiting HostConnection (is buffer-handling thread)
12-11 17:59:17.305 9366-9382/? I/MonitoringInstr: Unstopped activity count: 2
12-11 17:59:17.312 1866-1908/? D/: HostConnection::get() New Host Connection established 0xf17bc240, tid 1908
12-11 17:59:17.315 3353-9460/? E/EntrySyncManager: Cannot determine account name: drop request
12-11 17:59:17.316 3353-9460/? E/NowController: Failed to access data from EntryProvider. ExecutionException.
12-11 17:59:17.316 3353-9460/? E/NowController: java.util.concurrent.ExecutionException: com.google.android.apps.gsa.sidekick.main.h.n: Could not complete scheduled request to refresh entries. ClientErrorCode: 3
12-11 17:59:17.316 3353-9460/? E/NowController: 	at com.google.common.util.concurrent.d.eA(SourceFile:85)
12-11 17:59:17.316 3353-9460/? E/NowController: 	at com.google.common.util.concurrent.d.get(SourceFile:23)
12-11 17:59:17.316 3353-9460/? E/NowController: 	at com.google.common.util.concurrent.l.get(SourceFile:2)
12-11 17:59:17.316 3353-9460/? E/NowController: 	at com.google.android.apps.gsa.staticplugins.nowstream.b.a.be.cbB(SourceFile:49)
12-11 17:59:17.316 3353-9460/? E/NowController: 	at com.google.android.apps.gsa.staticplugins.nowstream.b.a.be.cbA(SourceFile:181)
12-11 17:59:17.316 3353-9460/? E/NowController: 	at com.google.android.apps.gsa.staticplugins.nowstream.b.a.bh.run(Unknown Source:2)
12-11 17:59:17.316 3353-9460/? E/NowController: 	at com.google.android.apps.gsa.shared.util.concurrent.at.run(SourceFile:4)
12-11 17:59:17.316 3353-9460/? E/NowController: 	at java.util.concurrent.Executors$RunnableAdapter.call(Executors.java:458)
12-11 17:59:17.316 3353-9460/? E/NowController: 	at java.util.concurrent.FutureTask.run(FutureTask.java:266)
12-11 17:59:17.316 3353-9460/? E/NowController: 	at java.util.concurrent.Executors$RunnableAdapter.call(Executors.java:458)
12-11 17:59:17.316 3353-9460/? E/NowController: 	at java.util.concurrent.FutureTask.run(FutureTask.java:266)
12-11 17:59:17.316 3353-9460/? E/NowController: 	at com.google.android.apps.gsa.shared.util.concurrent.b.g.run(Unknown Source:4)
12-11 17:59:17.316 3353-9460/? E/NowController: 	at com.google.android.apps.gsa.shared.util.concurrent.b.aw.run(SourceFile:4)
12-11 17:59:17.316 3353-9460/? E/NowController: 	at com.google.android.apps.gsa.shared.util.concurrent.b.aw.run(SourceFile:4)
12-11 17:59:17.316 3353-9460/? E/NowController: 	at java.util.concurrent.ThreadPoolExecutor.runWorker(ThreadPoolExecutor.java:1167)
12-11 17:59:17.316 3353-9460/? E/NowController: 	at java.util.concurrent.ThreadPoolExecutor$Worker.run(ThreadPoolExecutor.java:641)
12-11 17:59:17.316 3353-9460/? E/NowController: 	at java.lang.Thread.run(Thread.java:764)
12-11 17:59:17.316 3353-9460/? E/NowController: 	at com.google.android.apps.gsa.shared.util.concurrent.b.i.run(SourceFile:6)
12-11 17:59:17.316 3353-9460/? E/NowController: Caused by: com.google.android.apps.gsa.sidekick.main.h.n: Could not complete scheduled request to refresh entries. ClientErrorCode: 3
12-11 17:59:17.316 3353-9460/? E/NowController: 	at com.google.android.apps.gsa.staticplugins.nowstream.b.a.ar.az(Unknown Source:4)
12-11 17:59:17.316 3353-9460/? E/NowController: 	at com.google.common.util.concurrent.q.ap(SourceFile:7)
12-11 17:59:17.316 3353-9460/? E/NowController: 	at com.google.common.util.concurrent.p.run(SourceFile:32)
12-11 17:59:17.316 3353-9460/? E/NowController: 	at com.google.common.util.concurrent.bt.execute(SourceFile:3)
12-11 17:59:17.316 3353-9460/? E/NowController: 	at com.google.common.util.concurrent.d.b(SourceFile:275)
12-11 17:59:17.316 3353-9460/? E/NowController: 	at com.google.common.util.concurrent.d.addListener(SourceFile:135)
12-11 17:59:17.316 3353-9460/? E/NowController: 	at com.google.common.util.concurrent.p.b(SourceFile:3)
12-11 17:59:17.316 3353-9460/? E/NowController: 	at com.google.android.apps.gsa.shared.util.concurrent.h.a(SourceFile:16)
12-11 17:59:17.316 3353-9460/? E/NowController: 	at com.google.android.apps.gsa.shared.util.concurrent.h.a(SourceFile:13)
12-11 17:59:17.316 3353-9460/? E/NowController: 	at com.google.android.apps.gsa.staticplugins.nowstream.b.a.be.cbB(SourceFile:47)
12-11 17:59:17.316 3353-9460/? E/NowController: 	... 14 more
12-11 17:59:17.352 3353-9472/? W/LocationOracle: No location history returned by ContextManager
12-11 17:59:17.356 9366-9382/? I/MonitoringInstr: Unstopped activity count: 2
12-11 17:59:17.372 3353-3353/? I/StreamRenderer: maybeRegisterNowCardsScope(nowcards--4304647100572690411, com.google.android.sidekick.shared.remoteapi.CardRenderingContext@2e25)
12-11 17:59:17.378 2008-3883/? I/GnssLocationProvider: WakeLock acquired by sendMessage(SET_REQUEST, 0, com.android.server.location.GnssLocationProvider$GpsRequest@5ed8428)
12-11 17:59:17.380 2008-2022/? I/GnssLocationProvider: WakeLock released by handleMessage(SET_REQUEST, 0, com.android.server.location.GnssLocationProvider$GpsRequest@5ed8428)
12-11 17:59:17.380 2008-2162/? I/GnssLocationProvider: WakeLock acquired by sendMessage(REPORT_SV_STATUS, 0, com.android.server.location.GnssLocationProvider$SvStatusInfo@355a541)
12-11 17:59:17.381 2008-2162/? I/GnssLocationProvider: WakeLock acquired by sendMessage(REPORT_LOCATION, 1, Location[gps 41.386878,2.170067 hAcc=20 et=?!? alt=5.0 vel=0.0 bear=0.0 vAcc=??? sAcc=??? bAcc=???])
12-11 17:59:17.381 2008-2022/? I/GnssLocationProvider: WakeLock released by handleMessage(REPORT_SV_STATUS, 0, com.android.server.location.GnssLocationProvider$SvStatusInfo@355a541)
12-11 17:59:17.381 2008-2022/? I/GnssLocationProvider: WakeLock released by handleMessage(REPORT_LOCATION, 1, Location[gps 41.386878,2.170067 hAcc=20 et=+1h37m45s709ms alt=5.0 vel=0.0 bear=0.0 vAcc=??? sAcc=??? bAcc=??? {Bundle[{satellites=0, maxCn0=0, meanCn0=0}]}])
12-11 17:59:17.384 2182-8377/? W/ctxmgr: [AclManager]No 3 for (accnt=account#-517948760#, com.google.android.gms(10010):UserVelocityProducer, vrsn=16089022, 0, 3pPkg = null ,  3pMdlId = null ,  pid = 2182). Was: 3 for 1, account#-517948760# [CONTEXT service_id=47 ]
12-11 17:59:17.388 2213-2473/? D/EGL_emulation: eglMakeCurrent: 0xeb4059c0: ver 3 0 (tinfo 0xeb403a50)
12-11 17:59:17.403 2213-2473/? D/EGL_emulation: eglMakeCurrent: 0xeb4059c0: ver 3 0 (tinfo 0xeb403a50)
12-11 17:59:17.406 2182-3610/? I/Places: Converted 1 out of 1 WiFi scans
12-11 17:59:17.407 9366-9382/? I/MonitoringInstr: Unstopped activity count: 2
12-11 17:59:17.409 2213-2473/? D/EGL_emulation: eglMakeCurrent: 0xeb4059c0: ver 3 0 (tinfo 0xeb403a50)
12-11 17:59:17.414 2213-2473/? D/EGL_emulation: eglMakeCurrent: 0xeb4059c0: ver 3 0 (tinfo 0xeb403a50)
12-11 17:59:17.451 1866-1908/? D/gralloc_ranchu: gralloc_unregister_buffer: exiting HostConnection (is buffer-handling thread)
12-11 17:59:17.451 1866-1908/? D/: HostConnection::get() New Host Connection established 0xf17bc240, tid 1908
12-11 17:59:17.451 1866-1908/? D/gralloc_ranchu: gralloc_unregister_buffer: exiting HostConnection (is buffer-handling thread)
12-11 17:59:17.452 1866-1908/? D/: HostConnection::get() New Host Connection established 0xf17bc240, tid 1908
12-11 17:59:17.452 1866-1908/? D/gralloc_ranchu: gralloc_unregister_buffer: exiting HostConnection (is buffer-handling thread)
12-11 17:59:17.452 1866-1908/? D/: HostConnection::get() New Host Connection established 0xf17bc240, tid 1908
12-11 17:59:17.453 1866-1908/? D/gralloc_ranchu: gralloc_unregister_buffer: exiting HostConnection (is buffer-handling thread)
12-11 17:59:17.453 1866-1908/? D/: HostConnection::get() New Host Connection established 0xf17bc240, tid 1908
12-11 17:59:17.453 1866-1908/? D/gralloc_ranchu: gralloc_unregister_buffer: exiting HostConnection (is buffer-handling thread)
12-11 17:59:17.454 1866-1908/? D/: HostConnection::get() New Host Connection established 0xf17bc240, tid 1908
12-11 17:59:17.454 1866-1908/? D/gralloc_ranchu: gralloc_unregister_buffer: exiting HostConnection (is buffer-handling thread)
12-11 17:59:17.457 9366-9382/? I/MonitoringInstr: Unstopped activity count: 2
12-11 17:59:17.461 1866-1908/? D/: HostConnection::get() New Host Connection established 0xf17bc240, tid 1908
12-11 17:59:17.464 3353-3353/? I/StreamController: cleanUpControllerScope(nowcards--4304647100572690411)
12-11 17:59:17.465 3353-3353/? I/StreamController: registerScope: nowcards-7063839868375403025
12-11 17:59:17.472 3353-3353/? I/StreamRenderer: cleanUpRendererScope(nowcards--4304647100572690411)
12-11 17:59:17.472 3353-3353/? I/StreamRenderer: maybeRegisterNowCardsScope(nowcards-7063839868375403025, com.google.android.sidekick.shared.remoteapi.CardRenderingContext@2a0fbf)
12-11 17:59:17.479 2182-7607/? I/PlaceInferenceEngine: No beacon scan available - ignoring candidates.
12-11 17:59:17.496 3353-3353/? I/MicroDetectionWorker: #startMicroDetector [speakerMode: 0]
12-11 17:59:17.497 3353-3353/? I/AudioController: Using mInputStreamFactoryBuilder
