12-11 17:59:09.766 2008-2162/? I/GnssLocationProvider: WakeLock acquired by sendMessage(REPORT_SV_STATUS, 0, com.android.server.location.GnssLocationProvider$SvStatusInfo@c0669cf)
12-11 17:59:09.766 2008-2022/? I/GnssLocationProvider: WakeLock released by handleMessage(REPORT_SV_STATUS, 0, com.android.server.location.GnssLocationProvider$SvStatusInfo@c0669cf)
12-11 17:59:10.008 3353-3353/? I/MicroDetectionWorker: #startMicroDetector [speakerMode: 0]
12-11 17:59:10.008 3353-3353/? I/AudioController: Using mInputStreamFactoryBuilder
12-11 17:59:10.008 3353-3353/? I/AudioController: Created new AudioSource
12-11 17:59:10.010 3353-3353/? I/MicroDetectionWorker: onReady
12-11 17:59:10.024 3353-7026/? I/MicroRecognitionRunner: Starting detection.
12-11 17:59:10.024 3353-7581/? I/MicrophoneInputStream: mic_starting  SR : 16000 CC : 16 SO : 6
12-11 17:59:10.025 1658-2861/? E/: Request requires android.permission.RECORD_AUDIO
12-11 17:59:10.026 1658-2861/? E/AudioPolicyIntefaceImpl: getInputForAttr permission denied: recording not allowed for uid 10039 pid 3353
12-11 17:59:10.026 1658-2861/? E/AudioFlinger: createRecord() checkRecordThread_l failed
12-11 17:59:10.026 3353-7581/? E/IAudioFlinger: createRecord returned error -22
12-11 17:59:10.026 3353-7581/? E/AudioRecord: AudioFlinger could not create record track, status: -22
12-11 17:59:10.026 3353-7581/? E/AudioRecord-JNI: Error creating AudioRecord instance: initialization check failed with status -22.
12-11 17:59:10.027 3353-7581/? E/android.media.AudioRecord: Error code -20 when initializing native AudioRecord object.
12-11 17:59:10.027 3353-7581/? I/MicrophoneInputStream: mic_started  SR : 16000 CC : 16 SO : 6
12-11 17:59:10.028 3353-3353/? I/MicroDetectionWorker: onReady
12-11 17:59:10.032 3353-7581/? I/MicrophoneInputStream: mic_close  SR : 16000 CC : 16 SO : 6
12-11 17:59:10.032 3353-7026/? I/MicroRecognitionRunner: Detection finished
12-11 17:59:10.032 3353-7026/? W/ErrorReporter: reportError [type: 211, code: 524300]: Error reading from input stream
12-11 17:59:10.032 3353-3602/? I/MicroRecognitionRunner: Stopping hotword detection.
12-11 17:59:10.033 3353-7026/? W/ErrorProcessor: onFatalError, processing error from engine(4)
12-11 17:59:10.033 3353-7026/? W/ErrorProcessor: com.google.android.apps.gsa.shared.speech.b.g: Error reading from input stream
12-11 17:59:10.033 3353-7026/? W/ErrorProcessor: 	at com.google.android.apps.gsa.staticplugins.microdetection.d.k.a(SourceFile:91)
12-11 17:59:10.033 3353-7026/? W/ErrorProcessor: 	at com.google.android.apps.gsa.staticplugins.microdetection.d.l.run(Unknown Source:14)
12-11 17:59:10.033 3353-7026/? W/ErrorProcessor: 	at com.google.android.libraries.gsa.runner.a.a.b(SourceFile:32)
12-11 17:59:10.033 3353-7026/? W/ErrorProcessor: 	at com.google.android.libraries.gsa.runner.a.c.call(Unknown Source:4)
12-11 17:59:10.033 3353-7026/? W/ErrorProcessor: 	at java.util.concurrent.FutureTask.run(FutureTask.java:266)
12-11 17:59:10.033 3353-7026/? W/ErrorProcessor: 	at java.util.concurrent.Executors$RunnableAdapter.call(Executors.java:458)
12-11 17:59:10.033 3353-7026/? W/ErrorProcessor: 	at java.util.concurrent.FutureTask.run(FutureTask.java:266)
12-11 17:59:10.033 3353-7026/? W/ErrorProcessor: 	at com.google.android.apps.gsa.shared.util.concurrent.b.g.run(Unknown Source:4)
12-11 17:59:10.033 3353-7026/? W/ErrorProcessor: 	at com.google.android.apps.gsa.shared.util.concurrent.b.aw.run(SourceFile:4)
12-11 17:59:10.033 3353-7026/? W/ErrorProcessor: 	at com.google.android.apps.gsa.shared.util.concurrent.b.aw.run(SourceFile:4)
12-11 17:59:10.033 3353-7026/? W/ErrorProcessor: 	at java.util.concurrent.ThreadPoolExecutor.runWorker(ThreadPoolExecutor.java:1167)
12-11 17:59:10.033 3353-7026/? W/ErrorProcessor: 	at java.util.concurrent.ThreadPoolExecutor$Worker.run(ThreadPoolExecutor.java:641)
12-11 17:59:10.033 3353-7026/? W/ErrorProcessor: 	at java.lang.Thread.run(Thread.java:764)
12-11 17:59:10.033 3353-7026/? W/ErrorProcessor: 	at com.google.android.apps.gsa.shared.util.concurrent.b.i.run(SourceFile:6)
12-11 17:59:10.033 3353-7026/? W/ErrorProcessor: Caused by: com.google.android.apps.gsa.shared.exception.GsaIOException: Error code: 393238 | Buffer overflow, no available space.
12-11 17:59:10.033 3353-7026/? W/ErrorProcessor: 	at com.google.android.apps.gsa.speech.audio.Tee.j(SourceFile:103)
12-11 17:59:10.033 3353-7026/? W/ErrorProcessor: 	at com.google.android.apps.gsa.speech.audio.au.read(SourceFile:2)
12-11 17:59:10.033 3353-7026/? W/ErrorProcessor: 	at java.io.InputStream.read(InputStream.java:101)
12-11 17:59:10.033 3353-7026/? W/ErrorProcessor: 	at com.google.android.apps.gsa.speech.audio.ao.run(SourceFile:17)
12-11 17:59:10.033 3353-7026/? W/ErrorProcessor: 	at com.google.android.apps.gsa.speech.audio.an.run(SourceFile:2)
12-11 17:59:10.033 3353-7026/? W/ErrorProcessor: 	at java.util.concurrent.Executors$RunnableAdapter.call(Executors.java:458)
12-11 17:59:10.033 3353-7026/? W/ErrorProcessor: 	... 10 more
12-11 17:59:10.033 3353-7026/? I/AudioController: internalShutdown
12-11 17:59:10.034 3353-7602/? I/DeviceStateChecker: DeviceStateChecker cancelled
12-11 17:59:10.034 3353-3353/? I/MicroDetector: Keeping mic open: false
12-11 17:59:10.034 3353-3353/? I/MicroDetectionWorker: #onError(false)
12-11 17:59:10.771 2008-2162/? I/GnssLocationProvider: WakeLock acquired by sendMessage(REPORT_SV_STATUS, 0, com.android.server.location.GnssLocationProvider$SvStatusInfo@8124f5c)
12-11 17:59:10.772 2008-2022/? I/GnssLocationProvider: WakeLock released by handleMessage(REPORT_SV_STATUS, 0, com.android.server.location.GnssLocationProvider$SvStatusInfo@8124f5c)
12-11 17:59:10.772 2008-2022/? I/GnssLocationProvider: --------- beginning of system
12-11 17:59:10.027 3353-7581/? E/ActivityThread: Failed to find provider info for com.google.android.apps.gsa.testing.ui.audio.recorded
12-11 17:59:11.769 2008-2023/? I/ActivityManager: Force stopping com.freenow.android_demo appid=10089 user=-1: deletePackageX
12-11 17:59:11.769 2008-2023/? I/ActivityManager: Killing 6896:com.android.settings.intelligence/u0a21 (adj 904): empty for 1802s
12-11 17:59:11.773 2008-2026/? W/libprocessgroup: kill(-6896, 9) failed: No such process
12-11 17:59:11.774 2008-2162/? I/GnssLocationProvider: WakeLock acquired by sendMessage(REPORT_SV_STATUS, 0, com.android.server.location.GnssLocationProvider$SvStatusInfo@1220265)
12-11 17:59:11.775 2008-2022/? I/GnssLocationProvider: WakeLock released by handleMessage(REPORT_SV_STATUS, 0, com.android.server.location.GnssLocationProvider$SvStatusInfo@1220265)
12-11 17:59:11.814 2008-2026/? W/libprocessgroup: kill(-6896, 9) failed: No such process
12-11 17:59:11.814 1824-1824/? I/Zygote: Process 6896 exited due to signal (9)
12-11 17:59:11.846 1829-1829/? I/keystore: clear_uid 10089
12-11 17:59:11.847 2008-2038/? D/PackageManager: Instant App installer not found with android.intent.action.INSTALL_INSTANT_APP_PACKAGE
12-11 17:59:11.847 2008-2038/? D/PackageManager: Clear ephemeral installer activity
12-11 17:59:11.854 2008-2026/? W/libprocessgroup: kill(-6896, 9) failed: No such process
12-11 17:59:11.854 2008-2026/? I/libprocessgroup: Successfully killed process cgroup uid 10021 pid 6896 in 81ms
12-11 17:59:11.885 2008-2038/? I/system_server: Explicit concurrent copying GC freed 71873(2MB) AllocSpace objects, 11(428KB) LOS objects, 39% free, 9MB/15MB, paused 114us total 38.105ms
12-11 17:59:11.889 2008-2038/? I/ActivityManager: Force stopping com.freenow.android_demo appid=10089 user=0: pkg removed
12-11 17:59:11.895 2008-2023/? W/BroadcastQueue: Background execution not allowed: receiving Intent { act=android.intent.action.PACKAGE_REMOVED dat=package:com.freenow.android_demo flg=0x4000010 (has extras) } to com.android.musicfx/.Compatibility$Receiver
12-11 17:59:11.895 2008-2023/? W/BroadcastQueue: Background execution not allowed: receiving Intent { act=android.intent.action.PACKAGE_REMOVED dat=package:com.freenow.android_demo flg=0x4000010 (has extras) } to com.google.android.gms/.games.chimera.GamesSystemBroadcastReceiverProxy
12-11 17:59:11.895 2008-2023/? W/BroadcastQueue: Background execution not allowed: receiving Intent { act=android.intent.action.PACKAGE_REMOVED dat=package:com.freenow.android_demo flg=0x4000010 (has extras) } to com.google.android.gms/.photos.autobackup.PhotosAppUninstalledReceiver
12-11 17:59:11.895 2008-2023/? W/BroadcastQueue: Background execution not allowed: receiving Intent { act=android.intent.action.PACKAGE_REMOVED dat=package:com.freenow.android_demo flg=0x4000010 (has extras) } to com.google.android.gms/.chimera.GmsIntentOperationService$PersistentTrustedReceiver
12-11 17:59:11.895 2008-2023/? W/BroadcastQueue: Background execution not allowed: receiving Intent { act=android.intent.action.PACKAGE_REMOVED dat=package:com.freenow.android_demo flg=0x4000010 (has extras) } to com.google.android.googlequicksearchbox/com.google.android.apps.gsa.googlequicksearchbox.GelStubAppWatcher
12-11 17:59:11.901 2182-2182/? I/GeofencerStateMachine: removeGeofences: removeRequest=RemoveGeofencingRequest[REMOVE_ALL packageName=com.freenow.android_demo]
12-11 17:59:11.910 2008-2103/? I/InputReader: Reconfiguring input devices.  changes=0x00000010
12-11 17:59:11.916 3385-3399/? W/System: A resource failed to call release. 
12-11 17:59:11.916 3385-3399/? I/chatty: uid=10007(com.google.android.apps.nexuslauncher) FinalizerDaemon identical 4 lines
12-11 17:59:11.916 3385-3399/? W/System: A resource failed to call release. 
12-11 17:59:11.924 2290-2290/? D/CarrierSvcBindHelper: No carrier app for: 0
12-11 17:59:11.927 2541-2558/? I/gle.android.gm: Waiting for a blocking GC ProfileSaver
12-11 17:59:11.929 2008-2008/? D/ZenLog: config: removeAutomaticZenRules,ZenModeConfig[user=0,allowAlarms=true,allowMedia=true,allowSystem=false,allowReminders=false,allowEvents=false,allowCalls=true,allowRepeatCallers=true,allowMessages=false,allowCallsFrom=stars,allowMessagesFrom=contacts,suppressedVisualEffects=511,areChannelsBypassingDnd=false,automaticRules={EVENTS_DEFAULT_RULE=ZenRule[enabled=false,snoozing=false,name=Event,zenMode=ZEN_MODE_IMPORTANT_INTERRUPTIONS,conditionId=condition://android/event?userId=-10000&calendar=&reply=1,condition=Condition[id=condition://android/event?userId=-10000&calendar=&reply=1,summary=...,line1=...,line2=...,icon=0,state=STATE_FALSE,flags=2],component=ComponentInfo{android/com.android.server.notification.EventConditionProvider},id=EVENTS_DEFAULT_RULE,creationTime=1576077713421,enabler=null], EVERY_NIGHT_DEFAULT_RULE=ZenRule[enabled=false,snoozing=false,name=Sleeping,zenMode=ZEN_MODE_IMPORTANT_INTERRUPTIONS,conditionId=condition://android/schedule?days=1.2.3.4.5.6.7&start=22.0&end=7.0&exitAtAlarm=true,condition=Condition[id=condition://android/schedule?days=1.2.3.4.5.6.7&start=22.0&end=7.0&exitAtAlarm=true,summary=...,line1=...,line2=...,icon=0,state=STATE_FALSE,flags=2],component=ComponentInfo{android/com.android.server.notification.ScheduleConditionProvider},id=EVERY_NIGHT_DEFAULT_RULE,creationTime=1576077713421,enabler=null]},manualRule=null],Diff[]
12-11 17:59:11.929 2008-2008/? I/ConditionProviders: Disallowing condition provider com.freenow.android_demo
12-11 17:59:11.944 7288-9276/? I/ProvidersCache: Provider returned no roots. Possibly naughty: com.google.android.apps.docs.storage
12-11 17:59:11.960 2008-2142/? D/WifiConfigManager: Remove all networks for app ApplicationInfo{18d5297 com.freenow.android_demo}
12-11 17:59:11.962 2008-2008/? D/ZenLog: set_zen_mode: off,removeAutomaticZenRules
12-11 17:59:11.973 2008-2024/? D/AutofillUI: destroySaveUiUiThread(): already destroyed
12-11 17:59:11.974 2008-2022/? D/AutofillManagerServiceImpl: Set component for user 0 as AutofillServiceInfo[ServiceInfo{988bcf0 com.google.android.gms.autofill.service.AutofillService}, settings:com.google.android.gms.autofill.ui.AutofillSettingsActivity, hasCompatPckgs:false]
12-11 17:59:11.994 2541-9292/? W/PeopleContactsSync: CP2 sync disabled by gservices.
12-11 17:59:12.010 2541-9286/? I/PackageActionReceiver: Package com.freenow.android_demo uninstalled. Removing from storage. [CONTEXT service_id=156 ]
12-11 17:59:12.010 2541-9286/? I/LocationSettingsChecker: Removing dialog suppression flag for package com.freenow.android_demo
12-11 17:59:12.034 2541-8045/? I/ContentMaintenance: Internal cache bytes used: 0; limit: 40626585; download size: 0
12-11 17:59:12.037 2541-9312/? I/Icing: doRemovePackageData com.freenow.android_demo
12-11 17:59:12.041 2541-8045/? I/RealtimeCacheCleanup: Beginning Realtime garbage collection.
12-11 17:59:12.044 2541-8045/? I/RealtimeCacheCleanup: Finished Realtime garbage collection.
12-11 17:59:12.046 2541-3201/? I/Icing: IndexChimeraService.getServiceInterface callingPackage=com.google.android.gms componentName=AppsCorpus serviceId=SEARCH_QUERIES
12-11 17:59:12.054 2541-3028/? I/Icing: IndexChimeraService.getServiceInterface callingPackage=com.google.android.gms componentName=AppsCorpus serviceId=SEARCH_CORPORA
12-11 17:59:12.064 2541-2558/? I/gle.android.gm: WaitForGcToComplete blocked ProfileSaver on HeapTrim for 136.782ms
12-11 17:59:12.076 2541-9312/? I/Icing: Usage reports ok 0, Failed Usage reports 0, indexed 0, rejected 0, imm upload false
12-11 17:59:12.124 2008-2038/? D/PackageManager: Instant App installer not found with android.intent.action.INSTALL_INSTANT_APP_PACKAGE
12-11 17:59:12.124 2008-2038/? D/PackageManager: Clear ephemeral installer activity
12-11 17:59:12.125 2008-2038/? V/BackupManagerService: restoreAtInstall pkg=com.freenow.android_demo token=7 restoreSet=0
12-11 17:59:12.125 2008-2038/? V/BackupManagerService: Finishing install immediately
12-11 17:59:12.123 2541-9312/? I/Icing: Usage reports ok 0, Failed Usage reports 0, indexed 0, rejected 0, imm upload false
12-11 17:59:12.126 1828-2072/? E/: Couldn't opendir /data/app/vmdl757262522.tmp: No such file or directory
12-11 17:59:12.126 1828-2072/? E/installd: Failed to delete /data/app/vmdl757262522.tmp: No such file or directory
12-11 17:59:12.141 2008-2103/? I/InputReader: Reconfiguring input devices.  changes=0x00000010
12-11 17:59:12.144 2008-4316/? W/BroadcastQueue: Background execution not allowed: receiving Intent { act=android.intent.action.PACKAGE_ADDED dat=package:com.freenow.android_demo flg=0x4000010 (has extras) } to com.android.musicfx/.Compatibility$Receiver
12-11 17:59:12.145 2008-2023/? W/BroadcastQueue: Background execution not allowed: receiving Intent { act=android.intent.action.PACKAGE_ADDED dat=package:com.freenow.android_demo flg=0x4000010 (has extras) } to com.google.android.gms/.games.chimera.GamesSystemBroadcastReceiverProxy
12-11 17:59:12.145 2008-2023/? W/BroadcastQueue: Background execution not allowed: receiving Intent { act=android.intent.action.PACKAGE_ADDED dat=package:com.freenow.android_demo flg=0x4000010 (has extras) } to com.google.android.gms/.gass.chimera.PackageChangeBroadcastReceiver
12-11 17:59:12.151 2008-2023/? W/BroadcastQueue: Background execution not allowed: receiving Intent { act=android.intent.action.PACKAGE_ADDED dat=package:com.freenow.android_demo flg=0x4000010 (has extras) } to com.google.android.gms/.chimera.GmsIntentOperationService$PersistentTrustedReceiver
12-11 17:59:12.151 2008-2023/? W/BroadcastQueue: Background execution not allowed: receiving Intent { act=android.intent.action.PACKAGE_ADDED dat=package:com.freenow.android_demo flg=0x4000010 (has extras) } to com.google.android.googlequicksearchbox/com.google.android.apps.gsa.googlequicksearchbox.GelStubAppWatcher
12-11 17:59:12.157 2008-2024/? D/AutofillUI: destroySaveUiUiThread(): already destroyed
12-11 17:59:12.157 2541-9294/? I/Auth: [SupervisedAccountIntentOperation] onHandleIntent(): android.intent.action.PACKAGE_ADDED
12-11 17:59:12.157 2541-9294/? I/Auth: [SupervisedAccountIntentOperation] This operation is disabled
12-11 17:59:12.157 2008-2022/? D/AutofillManagerServiceImpl: Set component for user 0 as AutofillServiceInfo[ServiceInfo{fddd67 com.google.android.gms.autofill.service.AutofillService}, settings:com.google.android.gms.autofill.ui.AutofillSettingsActivity, hasCompatPckgs:false]
12-11 17:59:12.160 2541-9294/? I/ChromeSync: [Sync,SyncIntentOperation] Handling the intent: Intent { act=android.intent.action.PACKAGE_ADDED dat=package:com.freenow.android_demo flg=0x4000010 cmp=com.google.android.gms/.chimera.GmsIntentOperationService (has extras) }.
12-11 17:59:12.173 2541-9295/? W/PeopleContactsSync: CP2 sync disabled by gservices.
12-11 17:59:12.193 2008-2008/? I/Telecom: DefaultDialerCache: Refreshing default dialer for user 0: now com.google.android.dialer: DDC.oR@ANM
12-11 17:59:12.195 2008-2008/? V/BackupManagerConstants: getFullBackupIntervalMilliseconds(...) returns 86400000
12-11 17:59:12.196 7288-9317/? I/ProvidersCache: Provider returned no roots. Possibly naughty: com.google.android.apps.docs.storage
12-11 17:59:12.206 2290-2290/? D/ImsResolver: maybeAddedImsService, packageName: com.freenow.android_demo
12-11 17:59:12.209 2290-2290/? D/CarrierSvcBindHelper: No carrier app for: 0
12-11 17:59:12.219 2541-7409/? I/Icing: IndexChimeraService.getServiceInterface callingPackage=com.google.android.gms componentName=AppsCorpus serviceId=SEARCH_QUERIES
12-11 17:59:12.222 2541-3201/? I/Icing: IndexChimeraService.getServiceInterface callingPackage=com.google.android.gms componentName=AppsCorpus serviceId=SEARCH_CORPORA
12-11 17:59:12.222 2290-2290/? D/CarrierConfigLoader: mHandler: 9 phoneId: 0
12-11 17:59:12.229 2008-2018/? I/system_server: Background concurrent copying GC freed 32385(1918KB) AllocSpace objects, 20(848KB) LOS objects, 36% free, 10MB/16MB, paused 336us total 102.595ms
12-11 17:59:12.233 2541-9314/? I/Icing: Usage reports ok 0, Failed Usage reports 0, indexed 0, rejected 0, imm upload false
12-11 17:59:12.269 2008-2023/? I/ActivityManager: Force stopping com.freenow.android_demo.test appid=10090 user=-1: deletePackageX
12-11 17:59:12.245 2541-9314/? I/Icing: Usage reports ok 0, Failed Usage reports 0, indexed 0, rejected 0, imm upload false
12-11 17:59:12.333 1829-1829/? I/keystore: clear_uid 10090
12-11 17:59:12.333 2008-2038/? D/PackageManager: Instant App installer not found with android.intent.action.INSTALL_INSTANT_APP_PACKAGE
12-11 17:59:12.334 2008-2038/? D/PackageManager: Clear ephemeral installer activity
12-11 17:59:12.371 2008-2038/? I/system_server: Explicit concurrent copying GC freed 32334(1805KB) AllocSpace objects, 14(536KB) LOS objects, 39% free, 9MB/15MB, paused 43us total 36.830ms
12-11 17:59:12.377 2008-2038/? I/ActivityManager: Force stopping com.freenow.android_demo.test appid=10090 user=0: pkg removed
12-11 17:59:12.387 2008-2023/? W/BroadcastQueue: Background execution not allowed: receiving Intent { act=android.intent.action.PACKAGE_REMOVED dat=package:com.freenow.android_demo.test flg=0x4000010 (has extras) } to com.android.musicfx/.Compatibility$Receiver
12-11 17:59:12.388 2008-2023/? W/BroadcastQueue: Background execution not allowed: receiving Intent { act=android.intent.action.PACKAGE_REMOVED dat=package:com.freenow.android_demo.test flg=0x4000010 (has extras) } to com.google.android.gms/.games.chimera.GamesSystemBroadcastReceiverProxy
12-11 17:59:12.388 2008-2023/? W/BroadcastQueue: Background execution not allowed: receiving Intent { act=android.intent.action.PACKAGE_REMOVED dat=package:com.freenow.android_demo.test flg=0x4000010 (has extras) } to com.google.android.gms/.photos.autobackup.PhotosAppUninstalledReceiver
12-11 17:59:12.388 2008-2023/? W/BroadcastQueue: Background execution not allowed: receiving Intent { act=android.intent.action.PACKAGE_REMOVED dat=package:com.freenow.android_demo.test flg=0x4000010 (has extras) } to com.google.android.gms/.chimera.GmsIntentOperationService$PersistentTrustedReceiver
12-11 17:59:12.388 2008-2023/? W/BroadcastQueue: Background execution not allowed: receiving Intent { act=android.intent.action.PACKAGE_REMOVED dat=package:com.freenow.android_demo.test flg=0x4000010 (has extras) } to com.google.android.googlequicksearchbox/com.google.android.apps.gsa.googlequicksearchbox.GelStubAppWatcher
12-11 17:59:12.397 2182-2182/? I/GeofencerStateMachine: removeGeofences: removeRequest=RemoveGeofencingRequest[REMOVE_ALL packageName=com.freenow.android_demo.test]
12-11 17:59:12.413 2008-2103/? I/InputReader: Reconfiguring input devices.  changes=0x00000010
12-11 17:59:12.427 2290-2290/? D/CarrierSvcBindHelper: No carrier app for: 0
12-11 17:59:12.438 2008-2008/? D/ZenLog: config: removeAutomaticZenRules,ZenModeConfig[user=0,allowAlarms=true,allowMedia=true,allowSystem=false,allowReminders=false,allowEvents=false,allowCalls=true,allowRepeatCallers=true,allowMessages=false,allowCallsFrom=stars,allowMessagesFrom=contacts,suppressedVisualEffects=511,areChannelsBypassingDnd=false,automaticRules={EVENTS_DEFAULT_RULE=ZenRule[enabled=false,snoozing=false,name=Event,zenMode=ZEN_MODE_IMPORTANT_INTERRUPTIONS,conditionId=condition://android/event?userId=-10000&calendar=&reply=1,condition=Condition[id=condition://android/event?userId=-10000&calendar=&reply=1,summary=...,line1=...,line2=...,icon=0,state=STATE_FALSE,flags=2],component=ComponentInfo{android/com.android.server.notification.EventConditionProvider},id=EVENTS_DEFAULT_RULE,creationTime=1576077713421,enabler=null], EVERY_NIGHT_DEFAULT_RULE=ZenRule[enabled=false,snoozing=false,name=Sleeping,zenMode=ZEN_MODE_IMPORTANT_INTERRUPTIONS,conditionId=condition://android/schedule?days=1.2.3.4.5.6.7&start=22.0&end=7.0&exitAtAlarm=true,condition=Condition[id=condition://android/schedule?days=1.2.3.4.5.6.7&start=22.0&end=7.0&exitAtAlarm=true,summary=...,line1=...,line2=...,icon=0,state=STATE_FALSE,flags=2],component=ComponentInfo{android/com.android.server.notification.ScheduleConditionProvider},id=EVERY_NIGHT_DEFAULT_RULE,creationTime=1576077713421,enabler=null]},manualRule=null],Diff[]
12-11 17:59:12.438 2008-2008/? I/ConditionProviders: Disallowing condition provider com.freenow.android_demo.test
12-11 17:59:12.441 2541-9286/? W/PeopleContactsSync: CP2 sync disabled by gservices.
12-11 17:59:12.445 2541-9305/? I/Icing: doRemovePackageData com.freenow.android_demo.test
12-11 17:59:12.446 2541-9286/? I/LocationSettingsChecker: Removing dialog suppression flag for package com.freenow.android_demo.test
12-11 17:59:12.471 2541-9294/? I/PackageActionReceiver: Package com.freenow.android_demo.test uninstalled. Removing from storage. [CONTEXT service_id=156 ]
12-11 17:59:12.481 2541-7409/? I/Icing: IndexChimeraService.getServiceInterface callingPackage=com.google.android.gms componentName=AppsCorpus serviceId=SEARCH_CORPORA
12-11 17:59:12.481 2541-3201/? I/Icing: IndexChimeraService.getServiceInterface callingPackage=com.google.android.gms componentName=AppsCorpus serviceId=SEARCH_QUERIES
12-11 17:59:12.484 7288-9332/? I/ProvidersCache: Provider returned no roots. Possibly naughty: com.google.android.apps.docs.storage
12-11 17:59:12.495 2008-2142/? D/WifiConfigManager: Remove all networks for app ApplicationInfo{3cdc9b1 com.freenow.android_demo.test}
12-11 17:59:12.495 2008-2024/? D/AutofillUI: destroySaveUiUiThread(): already destroyed
12-11 17:59:12.496 2008-2022/? D/AutofillManagerServiceImpl: Set component for user 0 as AutofillServiceInfo[ServiceInfo{29a4a17 com.google.android.gms.autofill.service.AutofillService}, settings:com.google.android.gms.autofill.ui.AutofillSettingsActivity, hasCompatPckgs:false]
12-11 17:59:12.498 2008-2008/? D/ZenLog: set_zen_mode: off,removeAutomaticZenRules
12-11 17:59:12.547 2541-9314/? I/Icing: Usage reports ok 0, Failed Usage reports 0, indexed 0, rejected 0, imm upload false
12-11 17:59:12.613 2008-2038/? D/PackageManager: Instant App installer not found with android.intent.action.INSTALL_INSTANT_APP_PACKAGE
12-11 17:59:12.613 2008-2038/? D/PackageManager: Clear ephemeral installer activity
12-11 17:59:12.614 2008-2038/? V/BackupManagerService: restoreAtInstall pkg=com.freenow.android_demo.test token=8 restoreSet=0
12-11 17:59:12.614 2008-2038/? V/BackupManagerService: Finishing install immediately
12-11 17:59:12.561 2541-9314/? I/Icing: Usage reports ok 0, Failed Usage reports 0, indexed 0, rejected 0, imm upload false
12-11 17:59:12.615 1828-2072/? E/: Couldn't opendir /data/app/vmdl1224418685.tmp: No such file or directory
12-11 17:59:12.615 1828-2072/? E/installd: Failed to delete /data/app/vmdl1224418685.tmp: No such file or directory
12-11 17:59:12.624 2008-2103/? I/InputReader: Reconfiguring input devices.  changes=0x00000010
12-11 17:59:12.634 2008-3883/? W/BroadcastQueue: Background execution not allowed: receiving Intent { act=android.intent.action.PACKAGE_ADDED dat=package:com.freenow.android_demo.test flg=0x4000010 (has extras) } to com.android.musicfx/.Compatibility$Receiver
12-11 17:59:12.642 2008-2024/? D/AutofillUI: destroySaveUiUiThread(): already destroyed
12-11 17:59:12.643 2008-2023/? W/BroadcastQueue: Background execution not allowed: receiving Intent { act=android.intent.action.PACKAGE_ADDED dat=package:com.freenow.android_demo.test flg=0x4000010 (has extras) } to com.google.android.gms/.games.chimera.GamesSystemBroadcastReceiverProxy
12-11 17:59:12.644 2008-2022/? D/AutofillManagerServiceImpl: Set component for user 0 as AutofillServiceInfo[ServiceInfo{235eca3 com.google.android.gms.autofill.service.AutofillService}, settings:com.google.android.gms.autofill.ui.AutofillSettingsActivity, hasCompatPckgs:false]
12-11 17:59:12.650 2008-2023/? W/BroadcastQueue: Background execution not allowed: receiving Intent { act=android.intent.action.PACKAGE_ADDED dat=package:com.freenow.android_demo.test flg=0x4000010 (has extras) } to com.google.android.gms/.gass.chimera.PackageChangeBroadcastReceiver
12-11 17:59:12.651 2008-2023/? W/BroadcastQueue: Background execution not allowed: receiving Intent { act=android.intent.action.PACKAGE_ADDED dat=package:com.freenow.android_demo.test flg=0x4000010 (has extras) } to com.google.android.gms/.chimera.GmsIntentOperationService$PersistentTrustedReceiver
12-11 17:59:12.651 2008-2023/? W/BroadcastQueue: Background execution not allowed: receiving Intent { act=android.intent.action.PACKAGE_ADDED dat=package:com.freenow.android_demo.test flg=0x4000010 (has extras) } to com.google.android.googlequicksearchbox/com.google.android.apps.gsa.googlequicksearchbox.GelStubAppWatcher
12-11 17:59:12.666 2541-9294/? I/Auth: [SupervisedAccountIntentOperation] onHandleIntent(): android.intent.action.PACKAGE_ADDED
12-11 17:59:12.666 2541-9294/? I/Auth: [SupervisedAccountIntentOperation] This operation is disabled
12-11 17:59:12.670 2541-9294/? I/ChromeSync: [Sync,SyncIntentOperation] Handling the intent: Intent { act=android.intent.action.PACKAGE_ADDED dat=package:com.freenow.android_demo.test flg=0x4000010 cmp=com.google.android.gms/.chimera.GmsIntentOperationService (has extras) }.
12-11 17:59:12.672 2541-9302/? I/FontsPackageChangeOp: Package com.freenow.android_demo.test has no metadata
12-11 17:59:12.677 2541-9304/? W/PeopleContactsSync: CP2 sync disabled by gservices.
12-11 17:59:12.680 2290-2290/? D/CarrierSvcBindHelper: No carrier app for: 0
12-11 17:59:12.681 2008-2008/? I/Telecom: DefaultDialerCache: Refreshing default dialer for user 0: now com.google.android.dialer: DDC.oR@ANk
12-11 17:59:12.684 2008-2008/? V/BackupManagerConstants: getFullBackupIntervalMilliseconds(...) returns 86400000
12-11 17:59:12.695 2290-2290/? D/ImsResolver: maybeAddedImsService, packageName: com.freenow.android_demo.test
12-11 17:59:12.695 2290-2290/? D/CarrierConfigLoader: mHandler: 9 phoneId: 0
12-11 17:59:12.697 2541-3554/? I/Icing: IndexChimeraService.getServiceInterface callingPackage=com.google.android.gms componentName=AppsCorpus serviceId=SEARCH_CORPORA
12-11 17:59:12.698 2541-3201/? I/Icing: IndexChimeraService.getServiceInterface callingPackage=com.google.android.gms componentName=AppsCorpus serviceId=SEARCH_QUERIES
12-11 17:59:12.705 7288-9276/? I/ProvidersCache: Provider returned no roots. Possibly naughty: com.google.android.apps.docs.storage
12-11 17:59:12.717 2541-8045/? I/Icing: Usage reports ok 0, Failed Usage reports 0, indexed 0, rejected 0, imm upload false
12-11 17:59:12.729 2541-8045/? I/Icing: Usage reports ok 0, Failed Usage reports 0, indexed 0, rejected 0, imm upload false
12-11 17:59:12.778 2008-2162/? I/GnssLocationProvider: WakeLock acquired by sendMessage(REPORT_SV_STATUS, 0, com.android.server.location.GnssLocationProvider$SvStatusInfo@bb974e7)
12-11 17:59:12.779 2008-2022/? I/GnssLocationProvider: WakeLock released by handleMessage(REPORT_SV_STATUS, 0, com.android.server.location.GnssLocationProvider$SvStatusInfo@bb974e7)
12-11 17:59:12.899 9357-9357/? D/AndroidRuntime: >>>>>> START com.android.internal.os.RuntimeInit uid 2000 <<<<<<
12-11 17:59:12.904 9357-9357/? W/app_process: Could not reserve sentinel fault page
12-11 17:59:12.940 9357-9357/? W/app_process: Unexpected CPU variant for X86 using defaults: x86
12-11 17:59:12.941 9357-9357/? I/app_process: The ClassLoaderContext is a special shared library.
12-11 17:59:12.946 9357-9357/? W/app_process: CheckJNI: method to register "write" not in the given class. This is slow, consider changing your RegisterNatives calls.
12-11 17:59:12.947 9357-9357/? I/chatty: uid=2000(shell) app_process identical 42 lines
12-11 17:59:12.947 9357-9357/? W/app_process: CheckJNI: method to register "write" not in the given class. This is slow, consider changing your RegisterNatives calls.
12-11 17:59:12.947 9357-9357/? W/app_process: CheckJNI: method to register "write_non_chained" not in the given class. This is slow, consider changing your RegisterNatives calls.
12-11 17:59:12.947 9357-9357/? I/chatty: uid=2000(shell) app_process identical 7 lines
12-11 17:59:12.947 9357-9357/? W/app_process: CheckJNI: method to register "write_non_chained" not in the given class. This is slow, consider changing your RegisterNatives calls.
12-11 17:59:12.962 9357-9357/? D/AndroidRuntime: Calling main entry com.android.commands.am.Am
12-11 17:59:12.967 2008-5620/? I/ActivityManager: Force stopping com.freenow.android_demo appid=10091 user=0: start instr
12-11 17:59:12.978 9366-9366/? I/ow.android_dem: Not late-enabling -Xcheck:jni (already on)
12-11 17:59:12.982 2008-2025/? I/ActivityManager: Start proc 9366:com.freenow.android_demo/u0a91 for added application com.freenow.android_demo
12-11 17:59:12.991 9366-9366/? W/ow.android_dem: Unexpected CPU variant for X86 using defaults: x86
12-11 17:59:13.031 9366-9366/? I/ow.android_dem: The ClassLoaderContext is a special shared library.
12-11 17:59:13.032 9366-9366/? I/chatty: uid=10091(com.freenow.android_demo) identical 1 line
12-11 17:59:13.033 9366-9366/? I/ow.android_dem: The ClassLoaderContext is a special shared library.
12-11 17:59:13.166 2541-9312/? I/Icing: Indexing com.google.android.gms-apps from com.google.android.gms
12-11 17:59:13.181 2541-8045/? I/Icing: Indexing done com.google.android.gms-apps
12-11 17:59:13.229 9366-9366/? I/ow.android_dem: The ClassLoaderContext is a special shared library.
12-11 17:59:13.229 9366-9366/? I/chatty: uid=10091(com.freenow.android_demo) identical 1 line
12-11 17:59:13.230 9366-9366/? I/ow.android_dem: The ClassLoaderContext is a special shared library.
12-11 17:59:13.283 2541-8045/? I/Icing: Indexing com.google.android.gms-apps from com.google.android.gms
12-11 17:59:13.284 2541-8045/? I/Icing: Indexing done com.google.android.gms-apps
12-11 17:59:13.396 9366-9366/? W/ow.android_dem: Accessing hidden method Landroid/app/Instrumentation;->execStartActivity(Landroid/content/Context;Landroid/os/IBinder;Landroid/os/IBinder;Landroid/app/Activity;Landroid/content/Intent;ILandroid/os/Bundle;)Landroid/app/Instrumentation$ActivityResult; (light greylist, linking)
12-11 17:59:13.397 9366-9366/? W/ow.android_dem: Accessing hidden method Landroid/app/Instrumentation;->execStartActivity(Landroid/content/Context;Landroid/os/IBinder;Landroid/os/IBinder;Ljava/lang/String;Landroid/content/Intent;ILandroid/os/Bundle;)Landroid/app/Instrumentation$ActivityResult; (light greylist, linking)
12-11 17:59:13.403 9366-9366/? I/MonitoringInstr: Instrumentation started on process com.freenow.android_demo
12-11 17:59:13.404 9366-9366/? I/MonitoringInstr: Setting context classloader to 'dalvik.system.PathClassLoader[DexPathList[[zip file "/system/framework/android.test.runner.jar", zip file "/system/framework/android.test.mock.jar", zip file "/system/framework/org.apache.http.legacy.boot.jar", zip file "/data/app/com.freenow.android_demo.test-YKOoP1wx3D_cFo95rnjz0A==/base.apk", zip file "/data/app/com.freenow.android_demo-nMXqjW9uPoPDqzYuoeiN2A==/base.apk"],nativeLibraryDirectories=[/data/app/com.freenow.android_demo.test-YKOoP1wx3D_cFo95rnjz0A==/lib/x86, /data/app/com.freenow.android_demo-nMXqjW9uPoPDqzYuoeiN2A==/lib/x86, /system/lib]]]', Original: 'dalvik.system.PathClassLoader[DexPathList[[zip file "/system/framework/android.test.runner.jar", zip file "/system/framework/android.test.mock.jar", zip file "/system/framework/org.apache.http.legacy.boot.jar", zip file "/data/app/com.freenow.android_demo.test-YKOoP1wx3D_cFo95rnjz0A==/base.apk", zip file "/data/app/com.freenow.android_demo-nMXqjW9uPoPDqzYuoeiN2A==/base.apk"],nativeLibraryDirectories=[/data/app/com.freenow.android_demo.test-YKOoP1wx3D_cFo95rnjz0A==/lib/x86, /data/app/com.freenow.android_demo-nMXqjW9uPoPDqzYuoeiN2A==/lib/x86, /system/lib]]]'
12-11 17:59:13.407 9366-9366/? I/MonitoringInstr: No JSBridge.
12-11 17:59:13.408 9366-9382/? I/MonitoringInstr: Setting context classloader to 'dalvik.system.PathClassLoader[DexPathList[[zip file "/system/framework/android.test.runner.jar", zip file "/system/framework/android.test.mock.jar", zip file "/system/framework/org.apache.http.legacy.boot.jar", zip file "/data/app/com.freenow.android_demo.test-YKOoP1wx3D_cFo95rnjz0A==/base.apk", zip file "/data/app/com.freenow.android_demo-nMXqjW9uPoPDqzYuoeiN2A==/base.apk"],nativeLibraryDirectories=[/data/app/com.freenow.android_demo.test-YKOoP1wx3D_cFo95rnjz0A==/lib/x86, /data/app/com.freenow.android_demo-nMXqjW9uPoPDqzYuoeiN2A==/lib/x86, /system/lib]]]', Original: 'dalvik.system.PathClassLoader[DexPathList[[zip file "/system/framework/android.test.runner.jar", zip file "/system/framework/android.test.mock.jar", zip file "/system/framework/org.apache.http.legacy.boot.jar", zip file "/data/app/com.freenow.android_demo.test-YKOoP1wx3D_cFo95rnjz0A==/base.apk", zip file "/data/app/com.freenow.android_demo-nMXqjW9uPoPDqzYuoeiN2A==/base.apk"],nativeLibraryDirectories=[/data/app/com.freenow.android_demo.test-YKOoP1wx3D_cFo95rnjz0A==/lib/x86, /data/app/com.freenow.android_demo-nMXqjW9uPoPDqzYuoeiN2A==/lib/x86, /system/lib]]]'
12-11 17:59:13.415 9366-9382/? I/UsageTrackerFacilitator: Usage tracking disabled
12-11 17:59:13.426 9366-9382/? D/TestExecutor: Adding listener android.support.test.internal.runner.listener.LogRunListener
12-11 17:59:13.426 9366-9382/? D/TestExecutor: Adding listener android.support.test.internal.runner.listener.InstrumentationResultPrinter
12-11 17:59:13.426 9366-9382/? D/TestExecutor: Adding listener android.support.test.internal.runner.listener.ActivityFinisherRunListener
12-11 17:59:13.430 9366-9382/? I/TestRunner: run started: 1 tests
12-11 17:59:13.437 2008-2008/? V/SettingsProvider: Notifying for 0: content://settings/secure/accessibility_enabled
12-11 17:59:13.441 9366-9382/? I/TestRunner: started: login0(com.freenow.android_demo.tests.LoginTest)
12-11 17:59:13.444 9366-9366/? I/MonitoringInstr: Activities that are still in CREATED to STOPPED: 0
12-11 17:59:13.445 9366-9382/? I/UiAutomationShellCmd: Requesting permission: pm grant com.freenow.android_demo android.permission.ACCESS_FINE_LOCATION
12-11 17:59:13.445 9366-9382/? W/UiAutomation: UiAutomation.grantRuntimePermission() is more robust and should be used instead of 'pm grant'
12-11 17:59:13.461 2008-2008/? I/GnssLocationProvider: WakeLock acquired by sendMessage(SET_REQUEST, 0, com.android.server.location.GnssLocationProvider$GpsRequest@b06907e)
12-11 17:59:13.461 2008-2022/? I/GnssLocationProvider: WakeLock released by handleMessage(SET_REQUEST, 0, com.android.server.location.GnssLocationProvider$GpsRequest@b06907e)
12-11 17:59:13.466 9366-9382/? W/ActivityTestRule: getActivityIntent() returned null using default: Intent(Intent.ACTION_MAIN)
12-11 17:59:13.467 2008-2373/? I/ActivityManager: START u0 {act=android.intent.action.MAIN flg=0x14000000 cmp=com.freenow.android_demo/.activities.MainActivity} from uid 10091
12-11 17:59:13.494 9366-9366/? W/ActivityThread: handleWindowVisibility: no activity for token android.os.BinderProxy@d61ea14
12-11 17:59:13.508 1649-1701/? D/gralloc_ranchu: gralloc_alloc: Creating ashmem region of size 16592896
12-11 17:59:13.526 9366-9366/? D/LifecycleMonitor: Lifecycle status change: com.freenow.android_demo.activities.MainActivity@e95803 in: PRE_ON_CREATE
12-11 17:59:13.534 1823-1858/? E/SurfaceFlinger: ro.sf.lcd_density must be defined as a build property
12-11 17:59:13.538 1823-1853/? D/: HostConnection::get() New Host Connection established 0xea8984c0, tid 1853
12-11 17:59:13.539 2008-2078/? D/: HostConnection::get() New Host Connection established 0xcb07f4c0, tid 2078
12-11 17:59:13.546 9394-9402/? I/OMXClient: IOmx service obtained
12-11 17:59:13.547 1838-2271/? I/OMXMaster: makeComponentInstance(OMX.google.h264.encoder) in omx@1.0-service process
12-11 17:59:13.555 9394-9402/? W/OMXUtils: do not know color format 0x7f000789 = 2130708361
12-11 17:59:13.568 9394-9402/? I/ACodec: setupAVCEncoderParameters with [profile: Baseline] [level: Level41]
12-11 17:59:13.573 9394-9402/? I/ACodec: [OMX.google.h264.encoder] cannot encode color aspects. Ignoring.
12-11 17:59:13.573 9394-9402/? I/ACodec: [OMX.google.h264.encoder] cannot encode HDR static metadata. Ignoring.
12-11 17:59:13.573 9394-9402/? I/ACodec: setupVideoEncoder succeeded
12-11 17:59:13.576 9394-9402/? W/OMXUtils: do not know color format 0x7f000789 = 2130708361
12-11 17:59:13.576 1838-2271/? E/OMXNodeInstance: getConfig(0xe8e2c060:google.h264.encoder, ConfigLatency(0x6f800005)) ERROR: Undefined(0x80001001)
12-11 17:59:13.577 1838-2271/? E/OMXNodeInstance: getConfig(0xe8e2c060:google.h264.encoder, ConfigAndroidVendorExtension(0x6f100004)) ERROR: Undefined(0x80001001)
12-11 17:59:13.586 1838-2271/? D/GraphicBufferSource: setting dataspace: 0x104, acquired=0
12-11 17:59:13.586 1838-2271/? D/GraphicBufferSource: requesting color aspects (R:2(Limited), P:1(BT709_5), M:1(BT709_5), T:3(SMPTE170M))
12-11 17:59:13.589 1637-1637/? W/AshmemAllocator: ashmem_create_region(12) returning hidl_memory(0xf459c180, 12)
12-11 17:59:13.596 1637-1637/? W/AshmemAllocator: ashmem_create_region(12) returning hidl_memory(0xf459c180, 12)
12-11 17:59:13.598 9366-9366/? W/ow.android_dem: Accessing hidden method Landroid/view/View;->computeFitSystemWindows(Landroid/graphics/Rect;Landroid/graphics/Rect;)Z (light greylist, reflection)
12-11 17:59:13.599 9366-9366/? W/ow.android_dem: Accessing hidden method Landroid/view/ViewGroup;->makeOptionalFitsSystemWindows()V (light greylist, reflection)
12-11 17:59:13.602 1637-1637/? W/AshmemAllocator: ashmem_create_region(3110400) returning hidl_memory(0xf459c180, 3110400)
12-11 17:59:13.603 1637-1637/? W/AshmemAllocator: ashmem_create_region(3110400) returning hidl_memory(0xf459c180, 3110400)
12-11 17:59:13.607 2541-8045/? I/Icing: Indexing com.google.android.gms-apps from com.google.android.gms
12-11 17:59:13.608 2541-8045/? I/Icing: Indexing done com.google.android.gms-apps
12-11 17:59:13.599 1823-1823/? W/Binder:1823_2: type=1400 audit(0.0:66): avc: denied { call } for scontext=u:r:surfaceflinger:s0 tcontext=u:r:mediacodec:s0 tclass=binder permissive=0 b/77924251
12-11 17:59:13.618 1838-9405/? D/SoftAVCEnc: Params width 1440 height 2880 level 50 colorFormat 0
12-11 17:59:13.618 1838-9405/? E/SoftAVCEnc: Fill memory records failed = 0x192
12-11 17:59:13.618 1838-9405/? E/SoftAVCEnc: Failed to initialize encoder
12-11 17:59:13.618 1838-9405/? D/SoftAVCEnc: Params width 1440 height 2880 level 50 colorFormat 0
12-11 17:59:13.618 1838-9405/? E/SoftAVCEnc: Fill memory records failed = 0x192
12-11 17:59:13.618 1838-9405/? E/SoftAVCEnc: Failed to initialize encoder
12-11 17:59:13.618 9394-9402/? E/ACodec: [OMX.google.h264.encoder] ERROR(0x80001001)
12-11 17:59:13.618 9394-9402/? E/ACodec: signalError(omxError 0x80001001, internalError -2147483648)
12-11 17:59:13.619 9394-9402/? E/ACodec: [OMX.google.h264.encoder] ERROR(0x80001001)
12-11 17:59:13.619 9394-9402/? E/ACodec: signalError(omxError 0x80001001, internalError -2147483648)
12-11 17:59:13.619 9394-9402/? E/ACodec: [OMX.google.h264.encoder] ERROR(0x80001001)
12-11 17:59:13.619 9394-9402/? E/ACodec: signalError(omxError 0x80001001, internalError -2147483648)
12-11 17:59:13.619 9394-9402/? E/ACodec: [OMX.google.h264.encoder] ERROR(0x80001001)
12-11 17:59:13.619 9394-9402/? E/ACodec: signalError(omxError 0x80001001, internalError -2147483648)
12-11 17:59:13.619 9394-9401/? E/MediaCodec: Codec reported err 0x80001001, actionCode 0, while in state 6
12-11 17:59:13.620 9394-9401/? E/MediaCodec: Codec reported err 0x80001001, actionCode 0, while in state 0
12-11 17:59:13.620 9394-9401/? I/chatty: uid=2000(shell) screenrecord identical 1 line
12-11 17:59:13.620 9394-9401/? E/MediaCodec: Codec reported err 0x80001001, actionCode 0, while in state 0
12-11 17:59:13.624 1823-1858/? E/: HpInterface: Wrong interface type.
12-11 17:59:13.639 1823-1823/? E/HWComposer: getHdrCapabilities failed for display -1: Invalid display
12-11 17:59:13.643 1838-2271/? W/GraphicBufferSource: released unpopulated slots: [0, 1, 2, 3, 4, 5, 6, 7, 8, 9, 10, 11, 12, 13, 14, 15, 16, 17, 18, 19, 20, 21, 22, 23, 24, 25, 26, 27, 28, 29, 30, 31, 32, 33, 34, 35, 36, 37, 38, 39, 40, 41, 42, 43, 44, 45, 46, 47, 48, 49, 50, 51, 52, 53, 54, 55, 56, 57, 58, 59, 60, 61, 62, 63]
12-11 17:59:13.644 1649-1701/? D/gralloc_ranchu: gralloc_alloc: Creating ashmem region of size 16592896
12-11 17:59:13.668 9394-9408/? D/: HostConnection::get() New Host Connection established 0xf2fc7dc0, tid 9408
12-11 17:59:13.673 9394-9408/? D/gralloc_ranchu: gralloc_unregister_buffer: exiting HostConnection (is buffer-handling thread)
12-11 17:59:13.676 9394-9408/? D/: HostConnection::get() New Host Connection established 0xf2fc7dc0, tid 9408
12-11 17:59:13.676 9394-9408/? D/gralloc_ranchu: gralloc_unregister_buffer: exiting HostConnection (is buffer-handling thread)
12-11 17:59:13.678 1823-1823/? E/HWComposer: getSupportedPerFrameMetadata failed for display -1: Invalid display
12-11 17:59:13.680 1823-1823/? D/EGL_emulation: eglMakeCurrent: 0xeaf20a80: ver 3 0 (tinfo 0xeaf1c310)
12-11 17:59:13.680 9394-9394/? E/MediaMuxer: stop() is called in invalid state 1
12-11 17:59:13.683 1649-1701/? D/gralloc_ranchu: gralloc_alloc: Creating ashmem region of size 16592896
12-11 17:59:13.685 1838-2271/? D/gralloc_ranchu: gralloc_unregister_buffer: exiting HostConnection (is buffer-handling thread)
12-11 17:59:13.687 1838-2271/? D/: HostConnection::get() New Host Connection established 0xe9117280, tid 2271
12-11 17:59:13.688 1838-2271/? D/gralloc_ranchu: gralloc_unregister_buffer: exiting HostConnection (is buffer-handling thread)
12-11 17:59:13.693 9394-9394/? D/ScreenRecord: failed
12-11 17:59:13.713 9366-9366/? I/zzbz: Making Creator dynamically
12-11 17:59:13.719 9366-9366/? W/ow.android_dem: Unsupported class loader
12-11 17:59:13.725 9366-9366/? I/DynamiteModule: Considering local module com.google.android.gms.maps_dynamite:0 and remote module com.google.android.gms.maps_dynamite:221
12-11 17:59:13.725 9366-9366/? I/DynamiteModule: Selected remote version of com.google.android.gms.maps_dynamite, version >= 221
12-11 17:59:13.727 1823-1823/? E/Surface: queueBuffer: error queuing buffer to SurfaceTexture, -32
12-11 17:59:13.727 1823-1823/? E/EGL_emulation: tid 1823: swapBuffers(552): error 0x300d (EGL_BAD_SURFACE)
12-11 17:59:13.727 1823-1823/? E/SurfaceFlinger: eglSwapBuffers(0x1, 0xeaf22b20) failed with 0x0000300d
12-11 17:59:13.728 1823-1823/? D/EGL_emulation: eglMakeCurrent: 0xeaf20a80: ver 3 0 (tinfo 0xeaf1c310)
12-11 17:59:13.736 1823-1823/? D/EGL_emulation: eglMakeCurrent: 0xeaf20a80: ver 3 0 (tinfo 0xeaf1c310)
12-11 17:59:13.736 1823-1823/? E/HWComposer: getLayerReleaseFence failed for display -1: Invalid display
12-11 17:59:13.736 1823-1823/? I/chatty: uid=1000(system) /system/bin/surfaceflinger identical 2 lines
12-11 17:59:13.736 1823-1823/? E/HWComposer: getLayerReleaseFence failed for display -1: Invalid display
12-11 17:59:13.738 1823-1823/? D/EGL_emulation: eglMakeCurrent: 0xeaf20a80: ver 3 0 (tinfo 0xeaf1c310)
12-11 17:59:13.739 1823-1823/? W/libEGL: EGLNativeWindowType 0xe2d84008 disconnect failed
12-11 17:59:13.754 9366-9366/? W/ow.android_dem: Unsupported class loader
12-11 17:59:13.756 9366-9366/? W/ow.android_dem: Skipping duplicate class check due to unsupported classloader
12-11 17:59:13.765 2541-8045/? I/Icing: Indexing com.google.android.gms-apps from com.google.android.gms
12-11 17:59:13.766 2541-8045/? I/Icing: Indexing done com.google.android.gms-apps
12-11 17:59:13.779 9366-9366/? I/Google Maps Android API: Google Play services client version: 12451000
12-11 17:59:13.782 2008-2162/? I/GnssLocationProvider: WakeLock acquired by sendMessage(REPORT_SV_STATUS, 0, com.android.server.location.GnssLocationProvider$SvStatusInfo@7dbf5d5)
12-11 17:59:13.783 2008-2022/? I/GnssLocationProvider: WakeLock released by handleMessage(REPORT_SV_STATUS, 0, com.android.server.location.GnssLocationProvider$SvStatusInfo@7dbf5d5)
12-11 17:59:13.786 9366-9366/? I/Google Maps Android API: Google Play services package version: 16089022
12-11 17:59:13.856 9366-9366/? W/ow.android_dem: Accessing hidden field Ljava/nio/Buffer;->address:J (light greylist, reflection)
12-11 17:59:13.980 2213-2473/? D/EGL_emulation: eglMakeCurrent: 0xeb4059c0: ver 3 0 (tinfo 0xeb403a50)
12-11 17:59:13.981 1866-1908/? D/gralloc_ranchu: gralloc_unregister_buffer: exiting HostConnection (is buffer-handling thread)
12-11 17:59:13.981 1866-1908/? D/: HostConnection::get() New Host Connection established 0xf17bc1c0, tid 1908
12-11 17:59:13.981 1866-1908/? D/gralloc_ranchu: gralloc_unregister_buffer: exiting HostConnection (is buffer-handling thread)
12-11 17:59:13.983 1866-1908/? D/: HostConnection::get() New Host Connection established 0xf17bc1c0, tid 1908
12-11 17:59:13.984 1866-1908/? D/gralloc_ranchu: gralloc_unregister_buffer: exiting HostConnection (is buffer-handling thread)
12-11 17:59:13.984 3353-3521/? D/EGL_emulation: eglMakeCurrent: 0xeb406020: ver 3 0 (tinfo 0xeb403d00)
12-11 17:59:13.984 1866-1908/? D/: HostConnection::get() New Host Connection established 0xf17bc1c0, tid 1908
12-11 17:59:13.985 1866-1908/? D/gralloc_ranchu: gralloc_unregister_buffer: exiting HostConnection (is buffer-handling thread)
12-11 17:59:13.985 1866-1908/? D/: HostConnection::get() New Host Connection established 0xf17bc1c0, tid 1908
12-11 17:59:13.986 1866-1908/? D/gralloc_ranchu: gralloc_unregister_buffer: exiting HostConnection (is buffer-handling thread)
12-11 17:59:13.986 1866-1908/? D/: HostConnection::get() New Host Connection established 0xf17bc1c0, tid 1908
12-11 17:59:13.986 1866-1908/? D/gralloc_ranchu: gralloc_unregister_buffer: exiting HostConnection (is buffer-handling thread)
12-11 17:59:13.987 1866-1908/? D/: HostConnection::get() New Host Connection established 0xf17bc1c0, tid 1908
12-11 17:59:13.987 1866-1908/? D/gralloc_ranchu: gralloc_unregister_buffer: exiting HostConnection (is buffer-handling thread)
12-11 17:59:13.988 3385-3453/? D/EGL_emulation: eglMakeCurrent: 0xd8372c00: ver 3 0 (tinfo 0xd7d1d030)
12-11 17:59:13.990 1866-1908/? D/: HostConnection::get() New Host Connection established 0xf17bc1c0, tid 1908
12-11 17:59:13.990 1866-1908/? D/gralloc_ranchu: gralloc_unregister_buffer: exiting HostConnection (is buffer-handling thread)
12-11 17:59:13.991 1823-2106/? D/: HostConnection::get() New Host Connection established 0xea898080, tid 2106
12-11 17:59:13.991 1823-2106/? D/gralloc_ranchu: gralloc_unregister_buffer: exiting HostConnection (is buffer-handling thread)
12-11 17:59:13.991 1823-2106/? D/: HostConnection::get() New Host Connection established 0xea898080, tid 2106
12-11 17:59:13.994 1823-2106/? D/gralloc_ranchu: gralloc_unregister_buffer: exiting HostConnection (is buffer-handling thread)
12-11 17:59:13.995 1823-1858/? D/: HostConnection::get() New Host Connection established 0xe1c94bc0, tid 1858
12-11 17:59:13.995 1823-1858/? D/gralloc_ranchu: gralloc_unregister_buffer: exiting HostConnection (is buffer-handling thread)
12-11 17:59:13.996 1823-2106/? D/: HostConnection::get() New Host Connection established 0xea898080, tid 2106
12-11 17:59:13.996 1823-2106/? D/gralloc_ranchu: gralloc_unregister_buffer: exiting HostConnection (is buffer-handling thread)
12-11 17:59:13.997 1823-1858/? D/: HostConnection::get() New Host Connection established 0xe1c94bc0, tid 1858
12-11 17:59:13.997 1823-2106/? D/: HostConnection::get() New Host Connection established 0xea898080, tid 2106
12-11 17:59:13.998 1823-1858/? D/gralloc_ranchu: gralloc_unregister_buffer: exiting HostConnection (is buffer-handling thread)
12-11 17:59:13.999 1823-2106/? D/gralloc_ranchu: gralloc_unregister_buffer: exiting HostConnection (is buffer-handling thread)
12-11 17:59:14.002 1823-1858/? D/: HostConnection::get() New Host Connection established 0xe1c94bc0, tid 1858
12-11 17:59:14.002 1823-1858/? D/gralloc_ranchu: gralloc_unregister_buffer: exiting HostConnection (is buffer-handling thread)
12-11 17:59:14.003 1866-1908/? D/: HostConnection::get() New Host Connection established 0xf17bc240, tid 1908
12-11 17:59:14.003 1823-1858/? D/: HostConnection::get() New Host Connection established 0xe1c94bc0, tid 1858
12-11 17:59:14.003 2213-2473/? D/EGL_emulation: eglMakeCurrent: 0xeb4059c0: ver 3 0 (tinfo 0xeb403a50)
12-11 17:59:14.006 1823-1858/? D/gralloc_ranchu: gralloc_unregister_buffer: exiting HostConnection (is buffer-handling thread)
