12-11 17:59:30.922 9804-9868/? W/System.err: 	at okhttp3.internal.connection.RealConnection.connectSocket(RealConnection.kt:268)
12-11 17:59:30.922 9804-9868/? W/System.err: 	... 24 more
12-11 17:59:30.922 9804-9868/? W/System.err: Caused by: android.system.ErrnoException: isConnected failed: ECONNREFUSED (Connection refused)
12-11 17:59:30.922 9804-9868/? W/System.err: 	at libcore.io.IoBridge.isConnected(IoBridge.java:267)
12-11 17:59:30.922 9804-9868/? W/System.err: 	... 34 more
12-11 17:59:30.928 9804-9804/? D/LifecycleMonitor: Lifecycle status change: com.freenow.android_demo.activities.MainActivity@e95803 in: RESUMED
12-11 17:59:30.930 9804-9804/? D/OpenGLRenderer: Skia GL Pipeline
12-11 17:59:30.934 1823-2106/? E/SurfaceFlinger: ro.sf.lcd_density must be defined as a build property
12-11 17:59:30.953 9804-9804/? D/LifecycleMonitor: Lifecycle status change: com.freenow.android_demo.activities.MainActivity@e95803 in: PAUSED
12-11 17:59:30.998 1649-1700/? D/gralloc_ranchu: gralloc_alloc: Creating ashmem region of size 16592896
12-11 17:59:30.999 9804-9871/? D/: HostConnection::get() New Host Connection established 0xeb4f3a40, tid 9871
12-11 17:59:31.003 9804-9871/? I/ConfigStore: android::hardware::configstore::V1_0::ISurfaceFlingerConfigs::hasWideColorDisplay retrieved: 0
12-11 17:59:31.003 9804-9871/? I/ConfigStore: android::hardware::configstore::V1_0::ISurfaceFlingerConfigs::hasHDRDisplay retrieved: 0
12-11 17:59:31.003 9804-9871/? I/OpenGLRenderer: Initialized EGL, version 1.4
12-11 17:59:31.003 9804-9871/? D/OpenGLRenderer: Swap behavior 1
12-11 17:59:31.003 9804-9871/? W/OpenGLRenderer: Failed to choose config with EGL_SWAP_BEHAVIOR_PRESERVED, retrying without...
12-11 17:59:31.003 9804-9871/? D/OpenGLRenderer: Swap behavior 0
12-11 17:59:31.022 1823-1853/? D/: HostConnection::get() New Host Connection established 0xe9f72900, tid 1853
12-11 17:59:31.022 9804-9871/? D/EGL_emulation: eglCreateContext: 0xeb406080: maj 3 min 0 rcv 3
12-11 17:59:31.023 1649-1701/? D/gralloc_ranchu: gralloc_alloc: Creating ashmem region of size 16592896
12-11 17:59:31.042 9804-9871/? D/EGL_emulation: eglMakeCurrent: 0xeb406080: ver 3 0 (tinfo 0xeb403bb0)
12-11 17:59:31.042 1649-1701/? D/gralloc_ranchu: gralloc_alloc: Creating ashmem region of size 16592896
12-11 17:59:31.046 1823-1975/? E/SurfaceFlinger: ro.sf.lcd_density must be defined as a build property
12-11 17:59:31.061 9804-9872/? E/Google Maps Android API: Authorization failure.  Please see https://developers.google.com/maps/documentation/android-api/start for how to correctly set up the map.
12-11 17:59:31.063 9804-9872/? E/Google Maps Android API: In the Google Developer Console (https://console.developers.google.com)
12-11 17:59:31.063 9804-9872/? E/Google Maps Android API: Ensure that the "Google Maps Android API v2" is enabled.
12-11 17:59:31.063 9804-9872/? E/Google Maps Android API: Ensure that the following Android Key exists:
12-11 17:59:31.063 9804-9872/? E/Google Maps Android API: 	API Key: YOUR_KEY_HERE
12-11 17:59:31.063 9804-9872/? E/Google Maps Android API: 	Android Application (<cert_fingerprint>;<package_name>): 13:4F:1D:E7:E0:35:AB:D2:C4:2A:F3:B6:01:50:7C:4E:34:5F:5D:B1;com.freenow.android_demo
12-11 17:59:31.082 9804-9804/? W/ow.android_dem: Accessing hidden field Landroid/view/View;->mAccessibilityDelegate:Landroid/view/View$AccessibilityDelegate; (light greylist, reflection)
12-11 17:59:31.104 9804-9804/? W/ActivityThread: handleWindowVisibility: no activity for token android.os.BinderProxy@1a963bb
12-11 17:59:31.107 9804-9804/? D/LifecycleMonitor: Lifecycle status change: com.freenow.android_demo.activities.AuthenticationActivity@b53ff16 in: PRE_ON_CREATE
12-11 17:59:31.164 9804-9804/? I/TextInputLayout: EditText added is not a TextInputEditText. Please switch to using that class instead.
12-11 17:59:31.174 9804-9804/? I/TextInputLayout: EditText added is not a TextInputEditText. Please switch to using that class instead.
12-11 17:59:31.182 9804-9804/? D/LifecycleMonitor: Lifecycle status change: com.freenow.android_demo.activities.AuthenticationActivity@b53ff16 in: CREATED
12-11 17:59:31.185 9804-9804/? D/LifecycleMonitor: Lifecycle status change: com.freenow.android_demo.activities.AuthenticationActivity@b53ff16 in: STARTED
12-11 17:59:31.185 9804-9804/? D/LifecycleMonitor: Lifecycle status change: com.freenow.android_demo.activities.AuthenticationActivity@b53ff16 in: RESUMED
12-11 17:59:31.220 9804-9865/? D/: HostConnection::get() New Host Connection established 0xeb4f3940, tid 9865
12-11 17:59:31.226 9804-9865/? D/EGL_emulation: eglCreateContext: 0xe9c95260: maj 1 min 0 rcv 1
12-11 17:59:31.226 9804-9871/? D/EGL_emulation: eglMakeCurrent: 0xeb406080: ver 3 0 (tinfo 0xeb403bb0)
12-11 17:59:31.231 1649-1701/? D/gralloc_ranchu: gralloc_alloc: Creating ashmem region of size 15138816
12-11 17:59:31.263 9804-9865/? D/EGL_emulation: eglMakeCurrent: 0xe9c95260: ver 1 0 (tinfo 0xeb4bbfb0)
12-11 17:59:31.350 1649-1701/? D/gralloc_ranchu: gralloc_alloc: Creating ashmem region of size 16592896
12-11 17:59:31.364 1823-1975/? D/: HostConnection::get() New Host Connection established 0xea898200, tid 1975
12-11 17:59:31.365 1649-1700/? D/gralloc_ranchu: gralloc_alloc: Creating ashmem region of size 16592896
12-11 17:59:31.384 1649-1701/? D/gralloc_ranchu: gralloc_alloc: Creating ashmem region of size 15138816
12-11 17:59:31.385 1649-8500/? D/gralloc_ranchu: gralloc_alloc: Creating ashmem region of size 16592896
12-11 17:59:31.459 9804-9871/? D/EGL_emulation: eglMakeCurrent: 0xeb406080: ver 3 0 (tinfo 0xeb403bb0)
12-11 17:59:31.485 2008-2033/? I/ActivityManager: Displayed com.freenow.android_demo/.activities.AuthenticationActivity: +526ms (total +1s264ms)
12-11 17:59:31.490 3007-3007/? I/GoogleInputMethod: onFinishInput() : Dummy InputConnection bound
12-11 17:59:31.494 9804-9804/? I/AssistStructure: Flattened final assist data: 2696 bytes, containing 1 windows, 9 views
12-11 17:59:31.506 2008-2181/? I/AssistStructure: Flattened final assist data: 2496 bytes, containing 1 windows, 9 views
12-11 17:59:31.515 2008-2024/? D/AutofillUI: destroySaveUiUiThread(): already destroyed
12-11 17:59:31.515 1823-2106/? D/: HostConnection::get() New Host Connection established 0xeaf69d80, tid 2106
12-11 17:59:31.516 1823-2106/? D/gralloc_ranchu: gralloc_unregister_buffer: exiting HostConnection (is buffer-handling thread)
12-11 17:59:31.517 1823-2106/? D/: HostConnection::get() New Host Connection established 0xeaf69d80, tid 2106
12-11 17:59:31.517 1823-2106/? D/gralloc_ranchu: gralloc_unregister_buffer: exiting HostConnection (is buffer-handling thread)
12-11 17:59:31.518 1823-2106/? D/: HostConnection::get() New Host Connection established 0xeaf69d80, tid 2106
12-11 17:59:31.518 1823-2106/? D/gralloc_ranchu: gralloc_unregister_buffer: exiting HostConnection (is buffer-handling thread)
12-11 17:59:31.518 1823-2106/? D/: HostConnection::get() New Host Connection established 0xeaf69d80, tid 2106
12-11 17:59:31.519 1823-2106/? D/gralloc_ranchu: gralloc_unregister_buffer: exiting HostConnection (is buffer-handling thread)
12-11 17:59:31.548 9804-9804/? D/LifecycleMonitor: Lifecycle status change: com.freenow.android_demo.activities.MainActivity@e95803 in: STOPPED
12-11 17:59:31.568 1823-1823/? W/SurfaceFlinger: couldn't log to binary event log: overflow.
12-11 17:59:31.576 9804-9820/? D/InputManagerEventInjectionStrategy: Creating injection strategy with input manager.
12-11 17:59:31.577 9804-9820/? W/ow.android_dem: Accessing hidden method Landroid/hardware/input/InputManager;->getInstance()Landroid/hardware/input/InputManager; (light greylist, reflection)
12-11 17:59:31.577 9804-9820/? W/ow.android_dem: Accessing hidden method Landroid/hardware/input/InputManager;->injectInputEvent(Landroid/view/InputEvent;I)Z (light greylist, reflection)
12-11 17:59:31.577 9804-9820/? W/ow.android_dem: Accessing hidden field Landroid/hardware/input/InputManager;->INJECT_INPUT_EVENT_MODE_WAIT_FOR_FINISH:I (light greylist, reflection)
12-11 17:59:31.591 9804-9804/? W/ow.android_dem: Accessing hidden method Landroid/os/MessageQueue;->next()Landroid/os/Message; (light greylist, reflection)
12-11 17:59:31.591 9804-9804/? W/ow.android_dem: Accessing hidden field Landroid/os/MessageQueue;->mMessages:Landroid/os/Message; (light greylist, reflection)
12-11 17:59:31.591 9804-9804/? W/ow.android_dem: Accessing hidden method Landroid/os/Message;->recycleUnchecked()V (light greylist, reflection)
12-11 17:59:31.596 9804-9804/? W/ow.android_dem: Accessing hidden method Landroid/view/WindowManagerGlobal;->getInstance()Landroid/view/WindowManagerGlobal; (light greylist, reflection)
12-11 17:59:31.596 9804-9804/? W/ow.android_dem: Accessing hidden field Landroid/view/WindowManagerGlobal;->mViews:Ljava/util/ArrayList; (light greylist, reflection)
12-11 17:59:31.597 9804-9804/? W/ow.android_dem: Accessing hidden field Landroid/view/WindowManagerGlobal;->mParams:Ljava/util/ArrayList; (light greylist, reflection)
12-11 17:59:31.600 9804-9804/? I/ViewInteraction: Performing 'replace text' action on view with id: com.freenow.android_demo:id/edt_username
12-11 17:59:31.617 9804-9804/? I/ViewInteraction: Performing 'type text(crazydog335)' action on view with id: com.freenow.android_demo:id/edt_username
12-11 17:59:31.621 9804-9804/? W/ow.android_dem: Accessing hidden method Landroid/view/ViewConfiguration;->getDoubleTapMinTime()I (light greylist, reflection)
12-11 17:59:31.659 2008-2078/? D/gralloc_ranchu: gralloc_unregister_buffer: exiting HostConnection (is buffer-handling thread)
12-11 17:59:31.661 2008-2078/? D/: HostConnection::get() New Host Connection established 0xeb408a80, tid 2078
12-11 17:59:31.663 2008-2078/? D/gralloc_ranchu: gralloc_unregister_buffer: exiting HostConnection (is buffer-handling thread)
12-11 17:59:31.664 2008-2078/? D/: HostConnection::get() New Host Connection established 0xeb408a80, tid 2078
12-11 17:59:31.664 2008-2078/? D/gralloc_ranchu: gralloc_unregister_buffer: exiting HostConnection (is buffer-handling thread)
12-11 17:59:31.665 2008-2078/? D/: HostConnection::get() New Host Connection established 0xeb408a80, tid 2078
12-11 17:59:31.666 2008-2078/? D/gralloc_ranchu: gralloc_unregister_buffer: exiting HostConnection (is buffer-handling thread)
12-11 17:59:31.666 1823-1975/? W/SurfaceFlinger: Attempting to set client state on removed layer: Splash Screen com.freenow.android_demo#0
12-11 17:59:31.666 1823-1975/? W/SurfaceFlinger: Attempting to destroy on removed layer: Splash Screen com.freenow.android_demo#0
12-11 17:59:31.675 1866-1866/? D/gralloc_ranchu: gralloc_unregister_buffer: exiting HostConnection (is buffer-handling thread)
12-11 17:59:31.676 1866-1866/? D/: HostConnection::get() New Host Connection established 0xf17bc1c0, tid 1866
12-11 17:59:31.676 1866-1866/? D/gralloc_ranchu: gralloc_unregister_buffer: exiting HostConnection (is buffer-handling thread)
12-11 17:59:31.676 1866-1866/? D/: HostConnection::get() New Host Connection established 0xf17bc1c0, tid 1866
12-11 17:59:31.676 1866-1866/? D/gralloc_ranchu: gralloc_unregister_buffer: exiting HostConnection (is buffer-handling thread)
12-11 17:59:31.677 1866-1866/? D/: HostConnection::get() New Host Connection established 0xf17bc1c0, tid 1866
12-11 17:59:31.677 1866-1866/? D/gralloc_ranchu: gralloc_unregister_buffer: exiting HostConnection (is buffer-handling thread)
12-11 17:59:31.680 3007-3007/? I/LatinIme: initialize() : Language = en-US
12-11 17:59:31.681 3007-3007/? I/Delight5Facilitator: initializeForIme() : Locale = [en_US]
12-11 17:59:31.681 3007-3007/? I/Delight5Facilitator: initializeForIme() : Locale == CurrentLocale
12-11 17:59:31.681 3007-3007/? I/EmojiSuperpacksFeature: Emoji superpacks enabled
12-11 17:59:31.682 3007-3007/? I/LatinIme: onActivate() : EditorInfo = Package = com.freenow.android_demo : Type = Text : Learning = Disable : Suggestion = Hide : AutoCorrection = Disable : Microphone = Show : Incognito = Disable
12-11 17:59:31.683 3353-3353/? I/StreamRenderer: cleanUpRendererScope(nowcards-5831866220098676788)
12-11 17:59:31.689 1866-1866/? D/: HostConnection::get() New Host Connection established 0xf17bc1c0, tid 1866
12-11 17:59:31.693 3353-9457/? I/PBSessionCacheImpl: Deleted sessionId[153199789046] from persistence.
12-11 17:59:31.700 3007-3007/? I/InputContext: input context reset success: true error: 0 input_state_id 364
12-11 17:59:31.704 3007-3082/? I/PillNotificationLstnr: maybeSetupPill()
12-11 17:59:31.705 3353-3353/? W/SearchService: Abort, client detached.
12-11 17:59:31.706 3353-3353/? I/StreamController: cleanUpControllerScope(nowcards-5831866220098676788)
12-11 17:59:31.724 3353-9589/? I/WorkController: WorkProxy is not enqueued because WorkController is disposed: WorkProxy{Name=context::j, WorkerId=context, id=31cda4f}
12-11 17:59:31.725 3353-9589/? I/WorkController: WorkProxy is not enqueued because WorkController is disposed: WorkProxy{Name=context::m, WorkerId=context, id=5e735dc}
12-11 17:59:31.725 3353-9589/? I/WorkController: WorkProxy is not enqueued because WorkController is disposed: WorkProxy{Name=context::n, WorkerId=context, id=a0326e5}
12-11 17:59:31.725 3353-9589/? I/WorkController: WorkProxy is not enqueued because WorkController is disposed: WorkProxy{Name=context::p, WorkerId=context, id=34f85ba}
12-11 17:59:31.725 3007-3007/? W/VoiceImeTranscriptor: UIME feature enabled: true
12-11 17:59:31.732 3007-3007/? I/LatinMotionHandler: consumeEvent() : GestureTypingEnabled = true
12-11 17:59:31.732 2213-2473/? D/EGL_emulation: eglMakeCurrent: 0xeb4059c0: ver 3 0 (tinfo 0xeb403a50)
12-11 17:59:31.733 3007-3007/? I/EmojiDataExtension: onActivate() : Locale = en_US
12-11 17:59:31.733 3007-3007/? I/EmojiSuperpacksFeature: Emoji superpacks enabled
12-11 17:59:31.733 3007-3007/? I/FeatureCardGenerator: Make a GIF card not added
12-11 17:59:31.733 3007-3007/? I/FeatureCardGenerator: Autospace card not added
12-11 17:59:31.733 3007-3007/? I/FeatureCardNotice: Feature card notice not shown: no cards to display
12-11 17:59:31.733 3007-3007/? I/GifEntryExtension: onActivate()
12-11 17:59:31.733 3007-3007/? I/DevFeatureConfig: Gif candidate disabled by Phenotype
12-11 17:59:31.733 3007-3200/? I/PrimesMetrics: Ignore memory metric of com.google.android.apps.inputmethod.libs.search.nativecard.FeatureCardNoticeExtension.
12-11 17:59:31.733 3007-3007/? I/Conv2QueryExtension: isEnabled() : true
12-11 17:59:31.733 3007-3007/? I/Conv2QueryExtension: Current locale: en_US, config allows these locales: de,en,fr,it,es,pt
12-11 17:59:31.733 3007-3007/? W/Conv2QueryExtension: Conv2Query not enabled due to current app [com.freenow.android_demo] not in whitelist
12-11 17:59:31.733 3007-3007/? W/Conv2QueryExtension: onActivate() : Disabled by unsupported host app
12-11 17:59:31.733 3007-3007/? W/VoiceImeTranscriptor: UIME feature enabled: true
12-11 17:59:31.734 3007-3007/? I/VoiceImeExtension: Voice Extension onStartInputView() Mic status = [MicIconAvailable]
12-11 17:59:31.738 3007-3200/? I/PrimesMetrics: Ignore memory metric of com.google.android.apps.inputmethod.libs.search.gif.GifEntryPointCandidateExtension.
12-11 17:59:31.738 2213-2473/? D/EGL_emulation: eglMakeCurrent: 0xeb4059c0: ver 3 0 (tinfo 0xeb403a50)
12-11 17:59:31.744 3007-3200/? I/PrimesMetrics: Ignore memory metric of com.google.android.apps.inputmethod.libs.pill.PillExtension.
12-11 17:59:31.747 2213-2473/? D/EGL_emulation: eglMakeCurrent: 0xeb4059c0: ver 3 0 (tinfo 0xeb403a50)
12-11 17:59:31.756 1649-1701/? D/gralloc_ranchu: gralloc_alloc: Creating ashmem region of size 40960
12-11 17:59:31.760 1649-1701/? D/gralloc_ranchu: gralloc_alloc: Creating ashmem region of size 16105472
12-11 17:59:31.761 1649-8500/? D/gralloc_ranchu: gralloc_alloc: Creating ashmem region of size 40960
12-11 17:59:31.785 1823-2461/? D/: HostConnection::get() New Host Connection established 0xea898080, tid 2461
12-11 17:59:31.786 1649-1701/? D/gralloc_ranchu: gralloc_alloc: Creating ashmem region of size 16105472
12-11 17:59:31.804 1649-1701/? D/gralloc_ranchu: gralloc_alloc: Creating ashmem region of size 16105472
12-11 17:59:31.819 2213-2473/? D/EGL_emulation: eglMakeCurrent: 0xeb4059c0: ver 3 0 (tinfo 0xeb403a50)
12-11 17:59:31.836 3007-6431/? D/EGL_emulation: eglMakeCurrent: 0xe9c96b20: ver 3 0 (tinfo 0xd6fb0bc0)
12-11 17:59:31.852 2008-2162/? I/GnssLocationProvider: WakeLock acquired by sendMessage(REPORT_SV_STATUS, 0, com.android.server.location.GnssLocationProvider$SvStatusInfo@734ae0e)
12-11 17:59:31.852 2008-2022/? I/GnssLocationProvider: WakeLock released by handleMessage(REPORT_SV_STATUS, 0, com.android.server.location.GnssLocationProvider$SvStatusInfo@734ae0e)
12-11 17:59:31.854 3007-3007/? I/FeaturePermissions: onSharedPreferenceChanged() : Key = latest_activation_time : Feature = null
12-11 17:59:31.925 9804-9804/? D/UiControllerImpl: Injecting string: "crazydog335"
12-11 17:59:32.171 9804-9804/? I/ViewInteraction: Performing 'close keyboard' action on view with id: com.freenow.android_demo:id/edt_username
12-11 17:59:32.175 3007-3007/? I/PhenotypeExpConfig: refreshConfiguration() : Force = false : UpdateAvailable = false : Age = 31 minutes : MaxAge = 720 minutes
12-11 17:59:32.176 3007-3007/? I/LatinIme: abortComposing()
12-11 17:59:32.178 3007-3007/? I/Delight5Decoder: abortComposing() : input state id = 387
12-11 17:59:32.180 3007-3007/? I/LatinIme: onDeactivate()
12-11 17:59:32.194 1649-1701/? D/gralloc_ranchu: gralloc_alloc: Creating ashmem region of size 40960
12-11 17:59:32.194 3007-6431/? D/EGL_emulation: eglMakeCurrent: 0xe9c96b20: ver 3 0 (tinfo 0xd6fb0bc0)
12-11 17:59:32.199 1649-1701/? D/gralloc_ranchu: gralloc_alloc: Creating ashmem region of size 40960
12-11 17:59:32.391 1866-1866/? D/gralloc_ranchu: gralloc_unregister_buffer: exiting HostConnection (is buffer-handling thread)
12-11 17:59:32.392 1866-1866/? D/: HostConnection::get() New Host Connection established 0xf17bc1c0, tid 1866
12-11 17:59:32.392 1866-1866/? D/gralloc_ranchu: gralloc_unregister_buffer: exiting HostConnection (is buffer-handling thread)
12-11 17:59:32.393 1866-1866/? D/: HostConnection::get() New Host Connection established 0xf17bc1c0, tid 1866
12-11 17:59:32.393 1866-1866/? D/gralloc_ranchu: gralloc_unregister_buffer: exiting HostConnection (is buffer-handling thread)
12-11 17:59:32.394 1866-1866/? D/: HostConnection::get() New Host Connection established 0xf17bc1c0, tid 1866
12-11 17:59:32.395 1866-1866/? D/gralloc_ranchu: gralloc_unregister_buffer: exiting HostConnection (is buffer-handling thread)
12-11 17:59:32.395 1866-1866/? D/: HostConnection::get() New Host Connection established 0xf17bc1c0, tid 1866
12-11 17:59:32.395 1866-1866/? D/gralloc_ranchu: gralloc_unregister_buffer: exiting HostConnection (is buffer-handling thread)
12-11 17:59:32.397 1866-1866/? D/: HostConnection::get() New Host Connection established 0xf17bc1c0, tid 1866
12-11 17:59:32.397 1866-1866/? D/gralloc_ranchu: gralloc_unregister_buffer: exiting HostConnection (is buffer-handling thread)
12-11 17:59:32.409 1866-1866/? D/: HostConnection::get() New Host Connection established 0xf17bc1c0, tid 1866
12-11 17:59:32.487 9804-9804/? I/ViewInteraction: Performing 'replace text' action on view with id: com.freenow.android_demo:id/edt_password
12-11 17:59:32.501 9804-9804/? I/ViewInteraction: Performing 'type text(venture)' action on view with id: com.freenow.android_demo:id/edt_password
12-11 17:59:32.570 3007-9886/? I/DlamWrapper: close(): Successfully wrote DLAM properties file.
12-11 17:59:32.571 3007-3082/? I/PillNotificationLstnr: maybeSetupPill()
12-11 17:59:32.576 9804-9804/? I/AssistStructure: Flattened final assist data: 2736 bytes, containing 1 windows, 9 views
12-11 17:59:32.580 2008-2782/? I/AssistStructure: Flattened final assist data: 2496 bytes, containing 1 windows, 9 views
12-11 17:59:32.581 3007-3007/? I/EmojiDataExtension: onActivate() : Locale = en_US
12-11 17:59:32.581 3007-3007/? I/EmojiSuperpacksFeature: Emoji superpacks enabled
12-11 17:59:32.581 3007-3007/? I/FeatureCardGenerator: Make a GIF card not added
12-11 17:59:32.582 3007-3007/? I/FeatureCardGenerator: Autospace card not added
12-11 17:59:32.582 3007-3007/? I/FeatureCardNotice: Feature card notice not shown: no cards to display
12-11 17:59:32.582 3007-3007/? I/GifEntryExtension: onActivate()
12-11 17:59:32.582 3007-3007/? I/DevFeatureConfig: Gif candidate disabled by Phenotype
12-11 17:59:32.582 3007-3007/? I/Conv2QueryExtension: isEnabled() : true
12-11 17:59:32.582 3007-3007/? I/Conv2QueryExtension: Current locale: en_US, config allows these locales: de,en,fr,it,es,pt
12-11 17:59:32.582 3007-3007/? W/Conv2QueryExtension: Conv2Query not enabled due to current app [com.freenow.android_demo] not in whitelist
12-11 17:59:32.582 3007-3007/? W/Conv2QueryExtension: onActivate() : Disabled by unsupported host app
12-11 17:59:32.582 3007-3007/? W/VoiceImeTranscriptor: UIME feature enabled: true
12-11 17:59:32.582 3007-3007/? I/VoiceImeExtension: Voice Extension onStartInputView() Mic status = [MicIconHidden-PasswordOrNumberOrDateInputType, ]
12-11 17:59:32.584 3007-3200/? I/PrimesMetrics: Ignore memory metric of com.google.android.apps.inputmethod.libs.search.nativecard.FeatureCardNoticeExtension.
12-11 17:59:32.585 3007-3200/? I/PrimesMetrics: Ignore memory metric of com.google.android.apps.inputmethod.libs.search.gif.GifEntryPointCandidateExtension.
12-11 17:59:32.585 3007-3200/? I/PrimesMetrics: Ignore memory metric of com.google.android.apps.inputmethod.libs.pill.PillExtension.
12-11 17:59:32.589 1649-1701/? D/gralloc_ranchu: gralloc_alloc: Creating ashmem region of size 40960
12-11 17:59:32.592 1649-1701/? D/gralloc_ranchu: gralloc_alloc: Creating ashmem region of size 40960
12-11 17:59:32.600 1649-1701/? D/gralloc_ranchu: gralloc_alloc: Creating ashmem region of size 16105472
12-11 17:59:32.624 1649-8500/? D/gralloc_ranchu: gralloc_alloc: Creating ashmem region of size 16105472
12-11 17:59:32.643 1649-8500/? D/gralloc_ranchu: gralloc_alloc: Creating ashmem region of size 16105472
12-11 17:59:32.671 3007-3007/? I/FeaturePermissions: onSharedPreferenceChanged() : Key = latest_activation_time : Feature = null
12-11 17:59:32.685 3007-6431/? D/EGL_emulation: eglMakeCurrent: 0xe9c96b20: ver 3 0 (tinfo 0xd6fb0bc0)
12-11 17:59:32.773 9804-9866/? W/DynamiteModule: Local module descriptor class for com.google.android.gms.googlecertificates not found.
12-11 17:59:32.777 9804-9866/? I/DynamiteModule: Considering local module com.google.android.gms.googlecertificates:0 and remote module com.google.android.gms.googlecertificates:4
12-11 17:59:32.778 9804-9866/? I/DynamiteModule: Selected remote version of com.google.android.gms.googlecertificates, version >= 4
12-11 17:59:32.780 9804-9866/? W/ow.android_dem: Unsupported class loader
12-11 17:59:32.781 9804-9866/? W/ow.android_dem: Skipping duplicate class check due to unsupported classloader
12-11 17:59:32.814 9804-9804/? D/UiControllerImpl: Injecting string: "venture"
12-11 17:59:32.857 2008-2162/? I/GnssLocationProvider: WakeLock acquired by sendMessage(REPORT_SV_STATUS, 0, com.android.server.location.GnssLocationProvider$SvStatusInfo@4a64ed)
12-11 17:59:32.857 2008-2022/? I/GnssLocationProvider: WakeLock released by handleMessage(REPORT_SV_STATUS, 0, com.android.server.location.GnssLocationProvider$SvStatusInfo@4a64ed)
12-11 17:59:32.961 9804-9804/? I/ViewInteraction: Performing 'close keyboard' action on view with id: com.freenow.android_demo:id/edt_password
12-11 17:59:32.967 3007-3007/? I/PhenotypeExpConfig: refreshConfiguration() : Force = false : UpdateAvailable = false : Age = 31 minutes : MaxAge = 720 minutes
12-11 17:59:32.982 1649-8500/? D/gralloc_ranchu: gralloc_alloc: Creating ashmem region of size 40960
12-11 17:59:32.982 3007-6431/? D/EGL_emulation: eglMakeCurrent: 0xe9c96b20: ver 3 0 (tinfo 0xd6fb0bc0)
12-11 17:59:32.985 1823-1975/? D/gralloc_ranchu: gralloc_unregister_buffer: exiting HostConnection (is buffer-handling thread)
12-11 17:59:32.986 1823-1975/? D/: HostConnection::get() New Host Connection established 0xea898200, tid 1975
12-11 17:59:32.986 1823-1975/? D/gralloc_ranchu: gralloc_unregister_buffer: exiting HostConnection (is buffer-handling thread)
12-11 17:59:32.986 1823-1975/? D/: HostConnection::get() New Host Connection established 0xea898200, tid 1975
12-11 17:59:32.986 1823-1975/? D/gralloc_ranchu: gralloc_unregister_buffer: exiting HostConnection (is buffer-handling thread)
12-11 17:59:32.987 1823-1975/? D/: HostConnection::get() New Host Connection established 0xea898200, tid 1975
12-11 17:59:32.987 1823-1975/? D/gralloc_ranchu: gralloc_unregister_buffer: exiting HostConnection (is buffer-handling thread)
12-11 17:59:32.987 1649-8500/? D/gralloc_ranchu: gralloc_alloc: Creating ashmem region of size 40960
12-11 17:59:33.180 1866-1866/? D/gralloc_ranchu: gralloc_unregister_buffer: exiting HostConnection (is buffer-handling thread)
12-11 17:59:33.183 1866-1866/? D/: HostConnection::get() New Host Connection established 0xf17bc1c0, tid 1866
12-11 17:59:33.183 1866-1866/? D/gralloc_ranchu: gralloc_unregister_buffer: exiting HostConnection (is buffer-handling thread)
12-11 17:59:33.190 1866-1866/? D/: HostConnection::get() New Host Connection established 0xf17bc1c0, tid 1866
12-11 17:59:33.275 9804-9804/? I/ViewInteraction: Performing 'single click' action on view with id: com.freenow.android_demo:id/btn_login
12-11 17:59:33.325 9804-9804/? D/Test: Fetching user
12-11 17:59:33.329 1639-6468/? W/audio_hw_generic: Not supplying enough data to HAL, expected position 3703043 , only wrote 3702960
12-11 17:59:33.339 9804-9888/? D/Test: Got this path: /?seed=a1f30d446f820665
12-11 17:59:33.339 9804-9888/? D/Test: Responded with User
12-11 17:59:33.345 9804-9888/? I/MockWebServer: Received request: GET /?seed=a1f30d446f820665 HTTP/1.1 and responded: HTTP/1.1 200 OK
12-11 17:59:33.365 9804-9868/? I/FRN: Successful login with user: crazydog335
12-11 17:59:33.368 9804-9804/? D/LifecycleMonitor: Lifecycle status change: com.freenow.android_demo.activities.AuthenticationActivity@b53ff16 in: PAUSED
12-11 17:59:33.368 9804-9804/? D/LifecycleMonitor: running callback: android.support.test.rule.ActivityTestRule$LifecycleCallback@3d98bde
12-11 17:59:33.368 9804-9804/? D/LifecycleMonitor: callback completes: android.support.test.rule.ActivityTestRule$LifecycleCallback@3d98bde
12-11 17:59:33.380 9804-9804/? D/LifecycleMonitor: Lifecycle status change: com.freenow.android_demo.activities.MainActivity@e95803 in: RESTARTED
12-11 17:59:33.380 9804-9804/? D/LifecycleMonitor: running callback: android.support.test.rule.ActivityTestRule$LifecycleCallback@3d98bde
12-11 17:59:33.380 9804-9804/? D/LifecycleMonitor: callback completes: android.support.test.rule.ActivityTestRule$LifecycleCallback@3d98bde
12-11 17:59:33.383 1649-8500/? D/gralloc_ranchu: gralloc_alloc: Creating ashmem region of size 15138816
12-11 17:59:33.383 9804-9804/? D/LifecycleMonitor: Lifecycle status change: com.freenow.android_demo.activities.MainActivity@e95803 in: STARTED
12-11 17:59:33.383 9804-9804/? D/LifecycleMonitor: running callback: android.support.test.rule.ActivityTestRule$LifecycleCallback@3d98bde
12-11 17:59:33.383 9804-9804/? D/LifecycleMonitor: callback completes: android.support.test.rule.ActivityTestRule$LifecycleCallback@3d98bde
12-11 17:59:33.385 9804-9804/? D/LifecycleMonitor: Lifecycle status change: com.freenow.android_demo.activities.MainActivity@e95803 in: RESUMED
12-11 17:59:33.385 9804-9804/? D/LifecycleMonitor: running callback: android.support.test.rule.ActivityTestRule$LifecycleCallback@3d98bde
12-11 17:59:33.385 9804-9804/? D/LifecycleMonitor: callback completes: android.support.test.rule.ActivityTestRule$LifecycleCallback@3d98bde
12-11 17:59:33.404 9804-9865/? D/EGL_emulation: eglMakeCurrent: 0xe9c95260: ver 1 0 (tinfo 0xeb4bbfb0)
12-11 17:59:33.407 1649-8500/? D/gralloc_ranchu: gralloc_alloc: Creating ashmem region of size 15138816
12-11 17:59:33.452 1649-8500/? D/gralloc_ranchu: gralloc_alloc: Creating ashmem region of size 16592896
12-11 17:59:33.480 1823-2106/? D/: HostConnection::get() New Host Connection established 0xea8984c0, tid 2106
12-11 17:59:33.481 1649-8500/? D/gralloc_ranchu: gralloc_alloc: Creating ashmem region of size 16592896
12-11 17:59:33.483 1639-6468/? W/audio_hw_generic: Hardware backing HAL too slow, could only write 0 of 720 frames
12-11 17:59:33.498 1639-6468/? W/audio_hw_generic: Hardware backing HAL too slow, could only write 0 of 720 frames
12-11 17:59:33.501 1649-8500/? D/gralloc_ranchu: gralloc_alloc: Creating ashmem region of size 16592896
12-11 17:59:33.514 1639-6468/? W/audio_hw_generic: Hardware backing HAL too slow, could only write 0 of 720 frames
12-11 17:59:33.529 1639-6468/? W/audio_hw_generic: Hardware backing HAL too slow, could only write 0 of 720 frames
12-11 17:59:33.530 9804-9871/? D/EGL_emulation: eglMakeCurrent: 0xeb406080: ver 3 0 (tinfo 0xeb403bb0)
12-11 17:59:33.544 1639-6468/? W/audio_hw_generic: Hardware backing HAL too slow, could only write 0 of 720 frames
12-11 17:59:33.550 9804-9871/? D/EGL_emulation: eglMakeCurrent: 0xeb406080: ver 3 0 (tinfo 0xeb403bb0)
12-11 17:59:33.559 1639-6468/? W/audio_hw_generic: Hardware backing HAL too slow, could only write 0 of 720 frames
12-11 17:59:33.559 1649-8500/? D/gralloc_ranchu: gralloc_alloc: Creating ashmem region of size 15138816
12-11 17:59:33.568 3007-3007/? I/GoogleInputMethod: onStartInput() : Dummy InputConnection bound
12-11 17:59:33.579 9804-9871/? D/EGL_emulation: eglMakeCurrent: 0xeb406080: ver 3 0 (tinfo 0xeb403bb0)
12-11 17:59:33.635 9804-9871/? I/chatty: uid=10091(com.freenow.android_demo) identical 4 lines
12-11 17:59:33.652 9804-9871/? D/EGL_emulation: eglMakeCurrent: 0xeb406080: ver 3 0 (tinfo 0xeb403bb0)
12-11 17:59:33.653 9804-9804/? I/ViewInteraction: Checking 'MatchesViewAssertion{viewMatcher=is displayed on the screen to the user}' assertion on view with id: com.freenow.android_demo:id/textSearch
12-11 17:59:33.659 9804-9804/? W/ow.android_dem: Accessing hidden field Landroid/app/Activity;->mResultCode:I (light greylist, reflection)
12-11 17:59:33.659 9804-9804/? W/ow.android_dem: Accessing hidden field Landroid/app/Activity;->mResultData:Landroid/content/Intent; (light greylist, reflection)
12-11 17:59:33.660 9804-9804/? D/LifecycleMonitor: Lifecycle status change: com.freenow.android_demo.activities.MainActivity@e95803 in: PAUSED
12-11 17:59:33.660 9804-9804/? D/LifecycleMonitor: running callback: android.support.test.rule.ActivityTestRule$LifecycleCallback@3d98bde
12-11 17:59:33.660 9804-9804/? D/LifecycleMonitor: callback completes: android.support.test.rule.ActivityTestRule$LifecycleCallback@3d98bde
12-11 17:59:33.673 9804-9871/? D/EGL_emulation: eglMakeCurrent: 0xeb406080: ver 3 0 (tinfo 0xeb403bb0)
12-11 17:59:32.584 2008-2024/? D/AutofillUI: destroySaveUiUiThread(): already destroyed
12-11 17:59:33.675 9804-9804/? E/SchedPolicy: set_timerslack_ns write failed: Operation not permitted
12-11 17:59:33.685 9804-9820/? I/TestRunner: finished: loginFlaky0(com.freenow.android_demo.tests.LoginTest)
12-11 17:59:33.688 9804-9871/? D/EGL_emulation: eglMakeCurrent: 0xeb406080: ver 3 0 (tinfo 0xeb403bb0)
12-11 17:59:33.690 9804-9804/? I/MonitoringInstr: Activities that are still in CREATED to STOPPED: 2
12-11 17:59:33.691 9804-9820/? I/MonitoringInstr: Unstopped activity count: 2
12-11 17:59:33.692 1649-8500/? D/gralloc_ranchu: gralloc_alloc: Creating ashmem region of size 16592896
12-11 17:59:33.709 1639-6468/? W/audio_hw_generic: Hardware backing HAL too slow, could only write 0 of 720 frames
12-11 17:59:33.712 1823-1858/? D/: HostConnection::get() New Host Connection established 0xe2dc2e40, tid 1858
12-11 17:59:33.715 1649-8500/? D/gralloc_ranchu: gralloc_alloc: Creating ashmem region of size 16592896
12-11 17:59:33.736 1649-8500/? D/gralloc_ranchu: gralloc_alloc: Creating ashmem region of size 16592896
12-11 17:59:33.737 1823-1823/? D/SurfaceFlinger: duplicate layer name: changing com.google.android.apps.nexuslauncher/com.google.android.apps.nexuslauncher.NexusLauncherActivity to com.google.android.apps.nexuslauncher/com.google.android.apps.nexuslauncher.NexusLauncherActivity#1
12-11 17:59:33.742 9804-9820/? I/MonitoringInstr: Unstopped activity count: 2
12-11 17:59:33.743 1649-1701/? D/gralloc_ranchu: gralloc_alloc: Creating ashmem region of size 16592896
12-11 17:59:33.776 1649-8500/? D/gralloc_ranchu: gralloc_alloc: Creating ashmem region of size 16592896
12-11 17:59:33.794 9804-9820/? I/MonitoringInstr: Unstopped activity count: 2
12-11 17:59:33.796 1649-8500/? D/gralloc_ranchu: gralloc_alloc: Creating ashmem region of size 16592896
12-11 17:59:33.796 3353-3521/? D/EGL_emulation: eglMakeCurrent: 0xeb406020: ver 3 0 (tinfo 0xeb403d00)
12-11 17:59:33.826 3007-3007/? I/GoogleInputMethod: onFinishInput() : Dummy InputConnection bound
12-11 17:59:33.826 3007-3007/? I/GoogleInputMethod: onStartInput() : Dummy InputConnection bound
12-11 17:59:33.845 3385-3453/? D/EGL_emulation: eglMakeCurrent: 0xd8372c00: ver 3 0 (tinfo 0xd7d1d030)
12-11 17:59:33.845 9804-9820/? I/MonitoringInstr: Unstopped activity count: 2
12-11 17:59:33.858 2008-2162/? I/GnssLocationProvider: WakeLock acquired by sendMessage(REPORT_SV_STATUS, 0, com.android.server.location.GnssLocationProvider$SvStatusInfo@bc96194)
12-11 17:59:33.859 2008-2022/? I/GnssLocationProvider: WakeLock released by handleMessage(REPORT_SV_STATUS, 0, com.android.server.location.GnssLocationProvider$SvStatusInfo@bc96194)
12-11 17:59:33.859 3353-3353/? W/SessionLifecycleManager: Handover failed. Creating new session controller.
12-11 17:59:33.860 1823-1823/? D/SurfaceFlinger: duplicate layer name: changing Surface(name=AppWindowToken{796bcd9 token=Token{11c5b20 ActivityRecord{e6dfa23 u0 com.freenow.android_demo/.activities.MainActivity t29}}})/@0xe7dc605 - animation-leash to Surface(name=AppWindowToken{796bcd9 token=Token{11c5b20 ActivityRecord{e6dfa23 u0 com.freenow.android_demo/.activities.MainActivity t29}}})/@0xe7dc605 - animation-leash#1
12-11 17:59:33.866 2213-2473/? D/EGL_emulation: eglMakeCurrent: 0xeb4059c0: ver 3 0 (tinfo 0xeb403a50)
12-11 17:59:33.879 1866-1908/? D/gralloc_ranchu: gralloc_unregister_buffer: exiting HostConnection (is buffer-handling thread)
12-11 17:59:33.879 1866-1908/? D/: HostConnection::get() New Host Connection established 0xf17bc280, tid 1908
12-11 17:59:33.880 1866-1908/? D/gralloc_ranchu: gralloc_unregister_buffer: exiting HostConnection (is buffer-handling thread)
12-11 17:59:33.881 2213-2473/? D/EGL_emulation: eglMakeCurrent: 0xeb4059c0: ver 3 0 (tinfo 0xeb403a50)
12-11 17:59:33.887 1866-1908/? D/: HostConnection::get() New Host Connection established 0xf17bc280, tid 1908
12-11 17:59:33.897 9804-9820/? I/MonitoringInstr: Unstopped activity count: 2
12-11 17:59:33.907 3353-3353/? I/StreamController: registerScope: nowcards-5831866220098676788
12-11 17:59:33.917 3353-9457/? E/EntrySyncManager: Cannot determine account name: drop request
12-11 17:59:33.917 3353-9457/? E/NowController: Failed to access data from EntryProvider. ExecutionException.
12-11 17:59:33.917 3353-9457/? E/NowController: java.util.concurrent.ExecutionException: com.google.android.apps.gsa.sidekick.main.h.n: Could not complete scheduled request to refresh entries. ClientErrorCode: 3
12-11 17:59:33.917 3353-9457/? E/NowController: 	at com.google.common.util.concurrent.d.eA(SourceFile:85)
12-11 17:59:33.917 3353-9457/? E/NowController: 	at com.google.common.util.concurrent.d.get(SourceFile:23)
12-11 17:59:33.917 3353-9457/? E/NowController: 	at com.google.common.util.concurrent.l.get(SourceFile:2)
12-11 17:59:33.917 3353-9457/? E/NowController: 	at com.google.android.apps.gsa.staticplugins.nowstream.b.a.be.cbB(SourceFile:49)
12-11 17:59:33.917 3353-9457/? E/NowController: 	at com.google.android.apps.gsa.staticplugins.nowstream.b.a.be.cbA(SourceFile:181)
12-11 17:59:33.917 3353-9457/? E/NowController: 	at com.google.android.apps.gsa.staticplugins.nowstream.b.a.bh.run(Unknown Source:2)
12-11 17:59:33.917 3353-9457/? E/NowController: 	at com.google.android.apps.gsa.shared.util.concurrent.at.run(SourceFile:4)
12-11 17:59:33.917 3353-9457/? E/NowController: 	at java.util.concurrent.Executors$RunnableAdapter.call(Executors.java:458)
12-11 17:59:33.917 3353-9457/? E/NowController: 	at java.util.concurrent.FutureTask.run(FutureTask.java:266)
12-11 17:59:33.917 3353-9457/? E/NowController: 	at java.util.concurrent.Executors$RunnableAdapter.call(Executors.java:458)
12-11 17:59:33.917 3353-9457/? E/NowController: 	at java.util.concurrent.FutureTask.run(FutureTask.java:266)
12-11 17:59:33.917 3353-9457/? E/NowController: 	at com.google.android.apps.gsa.shared.util.concurrent.b.g.run(Unknown Source:4)
12-11 17:59:33.917 3353-9457/? E/NowController: 	at com.google.android.apps.gsa.shared.util.concurrent.b.aw.run(SourceFile:4)
12-11 17:59:33.917 3353-9457/? E/NowController: 	at com.google.android.apps.gsa.shared.util.concurrent.b.aw.run(SourceFile:4)
12-11 17:59:33.917 3353-9457/? E/NowController: 	at java.util.concurrent.ThreadPoolExecutor.runWorker(ThreadPoolExecutor.java:1167)
12-11 17:59:33.917 3353-9457/? E/NowController: 	at java.util.concurrent.ThreadPoolExecutor$Worker.run(ThreadPoolExecutor.java:641)
12-11 17:59:33.917 3353-9457/? E/NowController: 	at java.lang.Thread.run(Thread.java:764)
12-11 17:59:33.917 3353-9457/? E/NowController: 	at com.google.android.apps.gsa.shared.util.concurrent.b.i.run(SourceFile:6)
12-11 17:59:33.917 3353-9457/? E/NowController: Caused by: com.google.android.apps.gsa.sidekick.main.h.n: Could not complete scheduled request to refresh entries. ClientErrorCode: 3
12-11 17:59:33.917 3353-9457/? E/NowController: 	at com.google.android.apps.gsa.staticplugins.nowstream.b.a.ar.az(Unknown Source:4)
12-11 17:59:33.917 3353-9457/? E/NowController: 	at com.google.common.util.concurrent.q.ap(SourceFile:7)
12-11 17:59:33.917 3353-9457/? E/NowController: 	at com.google.common.util.concurrent.p.run(SourceFile:32)
12-11 17:59:33.917 3353-9457/? E/NowController: 	at com.google.common.util.concurrent.bt.execute(SourceFile:3)
12-11 17:59:33.917 3353-9457/? E/NowController: 	at com.google.common.util.concurrent.d.b(SourceFile:275)
12-11 17:59:33.917 3353-9457/? E/NowController: 	at com.google.common.util.concurrent.d.addListener(SourceFile:135)
12-11 17:59:33.917 3353-9457/? E/NowController: 	at com.google.common.util.concurrent.p.b(SourceFile:3)
12-11 17:59:33.917 3353-9457/? E/NowController: 	at com.google.android.apps.gsa.shared.util.concurrent.h.a(SourceFile:16)
12-11 17:59:33.917 3353-9457/? E/NowController: 	at com.google.android.apps.gsa.shared.util.concurrent.h.a(SourceFile:13)
12-11 17:59:33.917 3353-9457/? E/NowController: 	at com.google.android.apps.gsa.staticplugins.nowstream.b.a.be.cbB(SourceFile:47)
12-11 17:59:33.917 3353-9457/? E/NowController: 	... 14 more
12-11 17:59:33.935 3353-9589/? W/LocationOracle: No location history returned by ContextManager
12-11 17:59:33.948 3353-3353/? I/StreamRenderer: maybeRegisterNowCardsScope(nowcards-5831866220098676788, com.google.android.sidekick.shared.remoteapi.CardRenderingContext@59c0e01)
12-11 17:59:33.948 9804-9820/? I/MonitoringInstr: Unstopped activity count: 2
12-11 17:59:33.991 2213-2473/? D/EGL_emulation: eglMakeCurrent: 0xeb4059c0: ver 3 0 (tinfo 0xeb403a50)
12-11 17:59:33.999 2213-2473/? D/EGL_emulation: eglMakeCurrent: 0xeb4059c0: ver 3 0 (tinfo 0xeb403a50)
12-11 17:59:33.999 9804-9820/? I/MonitoringInstr: Unstopped activity count: 2
12-11 17:59:34.004 2213-2473/? D/EGL_emulation: eglMakeCurrent: 0xeb4059c0: ver 3 0 (tinfo 0xeb403a50)
12-11 17:59:34.018 2213-2473/? D/EGL_emulation: eglMakeCurrent: 0xeb4059c0: ver 3 0 (tinfo 0xeb403a50)
12-11 17:59:34.029 2182-9474/? W/ctxmgr: [AclManager]No 3 for (accnt=account#-517948760#, com.google.android.gms(10010):UserVelocityProducer, vrsn=16089022, 0, 3pPkg = null ,  3pMdlId = null ,  pid = 2182). Was: 3 for 1, account#-517948760# [CONTEXT service_id=47 ]
12-11 17:59:34.034 3353-3353/? I/StreamController: cleanUpControllerScope(nowcards-5831866220098676788)
12-11 17:59:34.034 3353-3353/? I/StreamController: registerScope: nowcards--8775532037849470846
12-11 17:59:34.042 1866-1908/? D/gralloc_ranchu: gralloc_unregister_buffer: exiting HostConnection (is buffer-handling thread)
12-11 17:59:34.042 1866-1908/? D/: HostConnection::get() New Host Connection established 0xf17bc280, tid 1908
12-11 17:59:34.043 1866-1908/? D/gralloc_ranchu: gralloc_unregister_buffer: exiting HostConnection (is buffer-handling thread)
12-11 17:59:34.043 1866-1908/? D/: HostConnection::get() New Host Connection established 0xf17bc280, tid 1908
12-11 17:59:34.044 1866-1908/? D/gralloc_ranchu: gralloc_unregister_buffer: exiting HostConnection (is buffer-handling thread)
12-11 17:59:34.044 1866-1908/? D/: HostConnection::get() New Host Connection established 0xf17bc280, tid 1908
12-11 17:59:34.044 1866-1908/? D/gralloc_ranchu: gralloc_unregister_buffer: exiting HostConnection (is buffer-handling thread)
12-11 17:59:34.045 1866-1908/? D/: HostConnection::get() New Host Connection established 0xf17bc280, tid 1908
12-11 17:59:34.045 1866-1908/? D/gralloc_ranchu: gralloc_unregister_buffer: exiting HostConnection (is buffer-handling thread)
12-11 17:59:34.045 1866-1908/? D/: HostConnection::get() New Host Connection established 0xf17bc280, tid 1908
12-11 17:59:34.046 1866-1908/? D/gralloc_ranchu: gralloc_unregister_buffer: exiting HostConnection (is buffer-handling thread)
12-11 17:59:34.050 9804-9820/? I/MonitoringInstr: Unstopped activity count: 2
12-11 17:59:34.054 1866-1908/? D/: HostConnection::get() New Host Connection established 0xf17bc280, tid 1908
12-11 17:59:34.059 3353-3371/? I/earchbox:searc: Background concurrent copying GC freed 81937(3MB) AllocSpace objects, 12(3MB) LOS objects, 43% free, 7MB/13MB, paused 192us total 107.456ms
12-11 17:59:34.067 3353-3353/? I/StreamRenderer: cleanUpRendererScope(nowcards-5831866220098676788)
12-11 17:59:34.067 3353-3353/? I/StreamRenderer: maybeRegisterNowCardsScope(nowcards--8775532037849470846, com.google.android.sidekick.shared.remoteapi.CardRenderingContext@c4256ec)
12-11 17:59:34.084 3353-3353/? I/MicroDetectionWorker: #startMicroDetector [speakerMode: 0]
12-11 17:59:34.085 3353-3353/? I/AudioController: Using mInputStreamFactoryBuilder
12-11 17:59:34.086 3353-3353/? I/AudioController: Created new AudioSource
12-11 17:59:34.092 3353-3353/? I/MicroDetectionWorker: onReady
12-11 17:59:34.101 9804-9820/? I/MonitoringInstr: Unstopped activity count: 2
12-11 17:59:34.116 3353-7602/? I/MicroRecognitionRunner: Starting detection.
12-11 17:59:34.119 3353-9457/? I/MicrophoneInputStream: mic_starting  SR : 16000 CC : 16 SO : 6
12-11 17:59:34.121 1658-2861/? E/: Request requires android.permission.RECORD_AUDIO
12-11 17:59:34.121 1658-2861/? E/AudioPolicyIntefaceImpl: getInputForAttr permission denied: recording not allowed for uid 10039 pid 3353
12-11 17:59:34.121 1658-2861/? E/AudioFlinger: createRecord() checkRecordThread_l failed
12-11 17:59:34.123 3353-9457/? E/IAudioFlinger: createRecord returned error -22
12-11 17:59:34.123 3353-9457/? E/AudioRecord: AudioFlinger could not create record track, status: -22
12-11 17:59:34.123 3353-9457/? E/AudioRecord-JNI: Error creating AudioRecord instance: initialization check failed with status -22.
12-11 17:59:34.123 3353-9457/? E/android.media.AudioRecord: Error code -20 when initializing native AudioRecord object.
12-11 17:59:34.124 3353-9457/? I/MicrophoneInputStream: mic_started  SR : 16000 CC : 16 SO : 6
12-11 17:59:34.124 3353-9457/? E/ActivityThread: Failed to find provider info for com.google.android.apps.gsa.testing.ui.audio.recorded
12-11 17:59:34.126 3353-7602/? W/SpeechLevelGenerator: Really low audio levels detected. The audio input may have issues.
12-11 17:59:34.127 3353-3353/? I/MicroDetectionWorker: onReady
12-11 17:59:34.133 3353-9457/? I/MicrophoneInputStream: mic_close  SR : 16000 CC : 16 SO : 6
12-11 17:59:34.134 3353-7602/? I/MicroRecognitionRunner: Detection finished
12-11 17:59:34.134 3353-7602/? W/ErrorReporter: reportError [type: 211, code: 524300]: Error reading from input stream
12-11 17:59:34.134 3353-3602/? I/MicroRecognitionRunner: Stopping hotword detection.
12-11 17:59:34.134 3353-7602/? W/ErrorProcessor: onFatalError, processing error from engine(4)
12-11 17:59:34.134 3353-7602/? W/ErrorProcessor: com.google.android.apps.gsa.shared.speech.b.g: Error reading from input stream
12-11 17:59:34.134 3353-7602/? W/ErrorProcessor: 	at com.google.android.apps.gsa.staticplugins.microdetection.d.k.a(SourceFile:91)
12-11 17:59:34.134 3353-7602/? W/ErrorProcessor: 	at com.google.android.apps.gsa.staticplugins.microdetection.d.l.run(Unknown Source:14)
12-11 17:59:34.134 3353-7602/? W/ErrorProcessor: 	at com.google.android.libraries.gsa.runner.a.a.b(SourceFile:32)
12-11 17:59:34.134 3353-7602/? W/ErrorProcessor: 	at com.google.android.libraries.gsa.runner.a.c.call(Unknown Source:4)
12-11 17:59:34.134 3353-7602/? W/ErrorProcessor: 	at java.util.concurrent.FutureTask.run(FutureTask.java:266)
12-11 17:59:34.134 3353-7602/? W/ErrorProcessor: 	at java.util.concurrent.Executors$RunnableAdapter.call(Executors.java:458)
12-11 17:59:34.134 3353-7602/? W/ErrorProcessor: 	at java.util.concurrent.FutureTask.run(FutureTask.java:266)
12-11 17:59:34.134 3353-7602/? W/ErrorProcessor: 	at com.google.android.apps.gsa.shared.util.concurrent.b.g.run(Unknown Source:4)
12-11 17:59:34.134 3353-7602/? W/ErrorProcessor: 	at com.google.android.apps.gsa.shared.util.concurrent.b.aw.run(SourceFile:4)
12-11 17:59:34.134 3353-7602/? W/ErrorProcessor: 	at com.google.android.apps.gsa.shared.util.concurrent.b.aw.run(SourceFile:4)
12-11 17:59:34.134 3353-7602/? W/ErrorProcessor: 	at java.util.concurrent.ThreadPoolExecutor.runWorker(ThreadPoolExecutor.java:1167)
12-11 17:59:34.134 3353-7602/? W/ErrorProcessor: 	at java.util.concurrent.ThreadPoolExecutor$Worker.run(ThreadPoolExecutor.java:641)
12-11 17:59:34.134 3353-7602/? W/ErrorProcessor: 	at java.lang.Thread.run(Thread.java:764)
12-11 17:59:34.134 3353-7602/? W/ErrorProcessor: 	at com.google.android.apps.gsa.shared.util.concurrent.b.i.run(SourceFile:6)
12-11 17:59:34.134 3353-7602/? W/ErrorProcessor: Caused by: com.google.android.apps.gsa.shared.exception.GsaIOException: Error code: 393238 | Buffer overflow, no available space.
12-11 17:59:34.134 3353-7602/? W/ErrorProcessor: 	at com.google.android.apps.gsa.speech.audio.Tee.j(SourceFile:103)
12-11 17:59:34.134 3353-7602/? W/ErrorProcessor: 	at com.google.android.apps.gsa.speech.audio.au.read(SourceFile:2)
12-11 17:59:34.134 3353-7602/? W/ErrorProcessor: 	at java.io.InputStream.read(InputStream.java:101)
12-11 17:59:34.134 3353-7602/? W/ErrorProcessor: 	at com.google.android.apps.gsa.speech.audio.ao.run(SourceFile:17)
12-11 17:59:34.134 3353-7602/? W/ErrorProcessor: 	at com.google.android.apps.gsa.speech.audio.an.run(SourceFile:2)
12-11 17:59:34.134 3353-7602/? W/ErrorProcessor: 	at java.util.concurrent.Executors$RunnableAdapter.call(Executors.java:458)
12-11 17:59:34.134 3353-7602/? W/ErrorProcessor: 	... 10 more
12-11 17:59:34.134 3353-7602/? I/AudioController: internalShutdown
12-11 17:59:34.144 3353-3353/? I/MicroDetector: Keeping mic open: false
12-11 17:59:34.145 3353-3353/? I/MicroDetectionWorker: #onError(false)
12-11 17:59:34.145 3353-9589/? I/DeviceStateChecker: DeviceStateChecker cancelled
12-11 17:59:34.152 9804-9820/? I/MonitoringInstr: Unstopped activity count: 2
12-11 17:59:34.165 2182-3610/? I/Places: ?: PlacesBleScanner start() with priority 2
12-11 17:59:34.166 2182-3610/? I/PlaceInferenceEngine: [anon] Changed inference mode: 1
12-11 17:59:34.171 2182-3610/? I/Places: Converted 1 out of 1 WiFi scans
12-11 17:59:34.190 2182-3610/? I/PlaceInferenceEngine: [anon] Changed inference mode: 1
12-11 17:59:34.201 2182-3346/? I/PlaceInferenceEngine: No beacon scan available - ignoring candidates.
12-11 17:59:34.203 9804-9820/? I/MonitoringInstr: Unstopped activity count: 2
12-11 17:59:34.254 9804-9820/? I/chatty: uid=10091(com.freenow.android_demo) identical 1 line
12-11 17:59:34.305 9804-9820/? I/MonitoringInstr: Unstopped activity count: 2
12-11 17:59:34.344 1866-1866/? D/gralloc_ranchu: gralloc_unregister_buffer: exiting HostConnection (is buffer-handling thread)
12-11 17:59:34.344 1866-1866/? D/: HostConnection::get() New Host Connection established 0xf17bc1c0, tid 1866
12-11 17:59:34.345 1866-1866/? D/gralloc_ranchu: gralloc_unregister_buffer: exiting HostConnection (is buffer-handling thread)
12-11 17:59:34.345 1866-1866/? D/: HostConnection::get() New Host Connection established 0xf17bc1c0, tid 1866
12-11 17:59:34.345 1866-1866/? D/gralloc_ranchu: gralloc_unregister_buffer: exiting HostConnection (is buffer-handling thread)
12-11 17:59:34.345 1866-1866/? D/: HostConnection::get() New Host Connection established 0xf17bc1c0, tid 1866
12-11 17:59:34.346 1866-1866/? D/gralloc_ranchu: gralloc_unregister_buffer: exiting HostConnection (is buffer-handling thread)
12-11 17:59:34.346 1866-1866/? D/: HostConnection::get() New Host Connection established 0xf17bc1c0, tid 1866
12-11 17:59:34.346 1866-1866/? D/gralloc_ranchu: gralloc_unregister_buffer: exiting HostConnection (is buffer-handling thread)
12-11 17:59:34.346 1866-1866/? D/: HostConnection::get() New Host Connection established 0xf17bc1c0, tid 1866
12-11 17:59:34.347 1866-1866/? D/gralloc_ranchu: gralloc_unregister_buffer: exiting HostConnection (is buffer-handling thread)
12-11 17:59:34.348 9804-9871/? D/EGL_emulation: eglMakeCurrent: 0xeb406080: ver 3 0 (tinfo 0xeb403bb0)
12-11 17:59:34.349 1823-1853/? D/gralloc_ranchu: gralloc_unregister_buffer: exiting HostConnection (is buffer-handling thread)
12-11 17:59:34.351 1823-1853/? D/: HostConnection::get() New Host Connection established 0xe9f72900, tid 1853
12-11 17:59:34.351 1823-1853/? D/gralloc_ranchu: gralloc_unregister_buffer: exiting HostConnection (is buffer-handling thread)
