12-11 17:59:28.554 9703-9719/? I/TestRunner: java.lang.AssertionError: expected:<1> but was:<0>
12-11 17:59:28.554 9703-9719/? I/TestRunner: 	at org.junit.Assert.fail(Assert.java:88)
12-11 17:59:28.554 9703-9719/? I/TestRunner: 	at org.junit.Assert.failNotEquals(Assert.java:834)
12-11 17:59:28.554 9703-9719/? I/TestRunner: 	at org.junit.Assert.assertEquals(Assert.java:118)
12-11 17:59:28.554 9703-9719/? I/TestRunner: 	at org.junit.Assert.assertEquals(Assert.java:144)
12-11 17:59:28.554 9703-9719/? I/TestRunner: 	at com.freenow.android_demo.tests.LoginTest.loginFlaky1(LoginTest.kt:60)
12-11 17:59:28.554 9703-9719/? I/TestRunner: 	at java.lang.reflect.Method.invoke(Native Method)
12-11 17:59:28.554 9703-9719/? I/TestRunner: 	at org.junit.runners.model.FrameworkMethod$1.runReflectiveCall(FrameworkMethod.java:50)
12-11 17:59:28.554 9703-9719/? I/TestRunner: 	at org.junit.internal.runners.model.ReflectiveCallable.run(ReflectiveCallable.java:12)
12-11 17:59:28.554 9703-9719/? I/TestRunner: 	at org.junit.runners.model.FrameworkMethod.invokeExplosively(FrameworkMethod.java:47)
12-11 17:59:28.554 9703-9719/? I/TestRunner: 	at org.junit.internal.runners.statements.InvokeMethod.evaluate(InvokeMethod.java:17)
12-11 17:59:28.554 9703-9719/? I/TestRunner: 	at android.support.test.internal.runner.junit4.statement.RunBefores.evaluate(RunBefores.java:80)
12-11 17:59:28.554 9703-9719/? I/TestRunner: 	at android.support.test.internal.runner.junit4.statement.RunAfters.evaluate(RunAfters.java:61)
12-11 17:59:28.554 9703-9719/? I/TestRunner: 	at android.support.test.rule.ActivityTestRule$ActivityStatement.evaluate(ActivityTestRule.java:527)
12-11 17:59:28.554 9703-9719/? I/TestRunner: 	at com.freenow.android_demo.utils.ClearPreferencesRule$apply$1.evaluate(ClearPreferencesRule.kt:41)
12-11 17:59:28.554 9703-9719/? I/TestRunner: 	at android.support.test.rule.GrantPermissionRule$RequestPermissionStatement.evaluate(GrantPermissionRule.java:129)
12-11 17:59:28.554 9703-9719/? I/TestRunner: 	at org.junit.rules.RunRules.evaluate(RunRules.java:20)
12-11 17:59:28.554 9703-9719/? I/TestRunner: 	at org.junit.runners.ParentRunner.runLeaf(ParentRunner.java:325)
12-11 17:59:28.554 9703-9719/? I/TestRunner: 	at org.junit.runners.BlockJUnit4ClassRunner.runChild(BlockJUnit4ClassRunner.java:78)
12-11 17:59:28.554 9703-9719/? I/TestRunner: 	at org.junit.runners.BlockJUnit4ClassRunner.runChild(BlockJUnit4ClassRunner.java:57)
12-11 17:59:28.554 9703-9719/? I/TestRunner: 	at org.junit.runners.ParentRunner$3.run(ParentRunner.java:290)
12-11 17:59:28.554 9703-9719/? I/TestRunner: 	at org.junit.runners.ParentRunner$1.schedule(ParentRunner.java:71)
12-11 17:59:28.554 9703-9719/? I/TestRunner: 	at org.junit.runners.ParentRunner.runChildren(ParentRunner.java:288)
12-11 17:59:28.554 9703-9719/? I/TestRunner: 	at org.junit.runners.ParentRunner.access$000(ParentRunner.java:58)
12-11 17:59:28.554 9703-9719/? I/TestRunner: 	at org.junit.runners.ParentRunner$2.evaluate(ParentRunner.java:268)
12-11 17:59:28.554 9703-9719/? I/TestRunner: 	at org.junit.runners.ParentRunner.run(ParentRunner.java:363)
12-11 17:59:28.554 9703-9719/? I/TestRunner: 	at android.support.test.runner.AndroidJUnit4.run(AndroidJUnit4.java:101)
12-11 17:59:28.554 9703-9719/? I/TestRunner: 	at org.junit.runners.Suite.runChild(Suite.java:128)
12-11 17:59:28.554 9703-9719/? I/TestRunner: 	at org.junit.runners.Suite.runChild(Suite.java:27)
12-11 17:59:28.554 9703-9719/? I/TestRunner: 	at org.junit.runners.ParentRunner$3.run(ParentRunner.java:290)
12-11 17:59:28.554 9703-9719/? I/TestRunner: 	at org.junit.runners.ParentRunner$1.schedule(ParentRunner.java:71)
12-11 17:59:28.554 9703-9719/? I/TestRunner: 	at org.junit.runners.ParentRunner.runChildren(ParentRunner.java:288)
12-11 17:59:28.554 9703-9719/? I/TestRunner: 	at org.junit.runners.ParentRunner.access$000(ParentRunner.java:58)
12-11 17:59:28.554 9703-9719/? I/TestRunner: 	at org.junit.runners.ParentRunner$2.evaluate(ParentRunner.java:268)
12-11 17:59:28.554 9703-9719/? I/TestRunner: 	at org.junit.runners.ParentRunner.run(ParentRunner.java:363)
12-11 17:59:28.554 9703-9719/? I/TestRunner: 	at org.junit.runner.JUnitCore.run(JUnitCore.java:137)
12-11 17:59:28.554 9703-9719/? I/TestRunner: 	at org.junit.runner.JUnitCore.run(JUnitCore.java:115)
12-11 17:59:28.554 9703-9719/? I/TestRunner: 	at android.support.test.internal.runner.TestExecutor.execute(TestExecutor.java:56)
12-11 17:59:28.554 9703-9719/? I/TestRunner: 	at android.support.test.runner.AndroidJUnitRunner.onStart(AndroidJUnitRunner.java:384)
12-11 17:59:28.554 9703-9719/? I/TestRunner: 	at android.app.Instrumentation$InstrumentationThread.run(Instrumentation.java:2145)
12-11 17:59:28.554 9703-9719/? I/TestRunner: ----- end exception -----
12-11 17:59:28.557 9703-9719/? I/TestRunner: finished: loginFlaky1(com.freenow.android_demo.tests.LoginTest)
12-11 17:59:28.562 9703-9703/? I/MonitoringInstr: Activities that are still in CREATED to STOPPED: 1
12-11 17:59:28.562 9703-9703/? I/MonitoringInstr: Finishing activity: com.freenow.android_demo.activities.AuthenticationActivity@b53ff16
12-11 17:59:28.567 9703-9719/? I/MonitoringInstr: Unstopped activity count: 1
12-11 17:59:28.567 9703-9703/? D/LifecycleMonitor: Lifecycle status change: com.freenow.android_demo.activities.AuthenticationActivity@b53ff16 in: PAUSED
12-11 17:59:28.596 1649-1700/? D/gralloc_ranchu: gralloc_alloc: Creating ashmem region of size 16592896
12-11 17:59:28.599 2008-2078/? D/gralloc_ranchu: gralloc_unregister_buffer: exiting HostConnection (is buffer-handling thread)
12-11 17:59:28.599 2008-2078/? D/: HostConnection::get() New Host Connection established 0xd0417340, tid 2078
12-11 17:59:28.602 2008-2078/? D/gralloc_ranchu: gralloc_unregister_buffer: exiting HostConnection (is buffer-handling thread)
12-11 17:59:28.603 1823-1853/? W/SurfaceFlinger: Attempting to set client state on removed layer: Splash Screen com.freenow.android_demo#0
12-11 17:59:28.603 1823-1853/? W/SurfaceFlinger: Attempting to destroy on removed layer: Splash Screen com.freenow.android_demo#0
12-11 17:59:28.618 9703-9719/? I/MonitoringInstr: Unstopped activity count: 1
12-11 17:59:28.627 1823-2106/? D/: HostConnection::get() New Host Connection established 0xea8984c0, tid 2106
12-11 17:59:28.628 1649-1700/? D/gralloc_ranchu: gralloc_alloc: Creating ashmem region of size 16592896
12-11 17:59:28.656 1649-1700/? D/gralloc_ranchu: gralloc_alloc: Creating ashmem region of size 16592896
12-11 17:59:28.669 9703-9719/? I/MonitoringInstr: Unstopped activity count: 1
12-11 17:59:28.679 1823-1823/? D/SurfaceFlinger: duplicate layer name: changing com.google.android.apps.nexuslauncher/com.google.android.apps.nexuslauncher.NexusLauncherActivity to com.google.android.apps.nexuslauncher/com.google.android.apps.nexuslauncher.NexusLauncherActivity#1
12-11 17:59:28.681 1866-1908/? D/gralloc_ranchu: gralloc_unregister_buffer: exiting HostConnection (is buffer-handling thread)
12-11 17:59:28.681 1866-1908/? D/: HostConnection::get() New Host Connection established 0xf17bc240, tid 1908
12-11 17:59:28.682 1866-1908/? D/gralloc_ranchu: gralloc_unregister_buffer: exiting HostConnection (is buffer-handling thread)
12-11 17:59:28.686 1649-1700/? D/gralloc_ranchu: gralloc_alloc: Creating ashmem region of size 16592896
12-11 17:59:28.706 3353-3521/? D/EGL_emulation: eglMakeCurrent: 0xeb406020: ver 3 0 (tinfo 0xeb403d00)
12-11 17:59:28.706 1649-1700/? D/gralloc_ranchu: gralloc_alloc: Creating ashmem region of size 16592896
12-11 17:59:28.710 1866-1908/? D/: HostConnection::get() New Host Connection established 0xf17bc240, tid 1908
12-11 17:59:28.720 9703-9719/? I/MonitoringInstr: Unstopped activity count: 1
12-11 17:59:28.730 1649-1700/? D/gralloc_ranchu: gralloc_alloc: Creating ashmem region of size 16592896
12-11 17:59:28.753 3353-3353/? I/MicroDetectionWorker: #startMicroDetector [speakerMode: 0]
12-11 17:59:28.753 3353-3353/? I/AudioController: Using mInputStreamFactoryBuilder
12-11 17:59:28.753 3353-3353/? I/AudioController: Created new AudioSource
12-11 17:59:28.758 3353-3353/? I/MicroDetectionWorker: onReady
12-11 17:59:28.761 3007-3007/? I/GoogleInputMethod: onStartInput() : Dummy InputConnection bound
12-11 17:59:28.763 3385-3453/? D/EGL_emulation: eglMakeCurrent: 0xd8372c00: ver 3 0 (tinfo 0xd7d1d030)
12-11 17:59:28.772 9703-9719/? I/MonitoringInstr: Unstopped activity count: 1
12-11 17:59:28.779 3353-7602/? I/MicroRecognitionRunner: Starting detection.
12-11 17:59:28.780 3353-9457/? I/MicrophoneInputStream: mic_starting  SR : 16000 CC : 16 SO : 6
12-11 17:59:28.783 1658-1712/? E/: Request requires android.permission.RECORD_AUDIO
12-11 17:59:28.783 1658-1712/? E/AudioPolicyIntefaceImpl: getInputForAttr permission denied: recording not allowed for uid 10039 pid 3353
12-11 17:59:28.783 1658-1712/? E/AudioFlinger: createRecord() checkRecordThread_l failed
12-11 17:59:28.783 3353-9457/? E/IAudioFlinger: createRecord returned error -22
12-11 17:59:28.783 3353-9457/? E/AudioRecord: AudioFlinger could not create record track, status: -22
12-11 17:59:28.784 3353-9457/? E/AudioRecord-JNI: Error creating AudioRecord instance: initialization check failed with status -22.
12-11 17:59:28.784 3353-9457/? E/android.media.AudioRecord: Error code -20 when initializing native AudioRecord object.
12-11 17:59:28.784 3353-9457/? I/MicrophoneInputStream: mic_started  SR : 16000 CC : 16 SO : 6
12-11 17:59:28.791 1649-1700/? D/gralloc_ranchu: gralloc_alloc: Creating ashmem region of size 16592896
12-11 17:59:28.814 2213-2473/? D/EGL_emulation: eglMakeCurrent: 0xeb4059c0: ver 3 0 (tinfo 0xeb403a50)
12-11 17:59:28.821 2213-2473/? D/EGL_emulation: eglMakeCurrent: 0xeb4059c0: ver 3 0 (tinfo 0xeb403a50)
12-11 17:59:28.823 9703-9719/? I/MonitoringInstr: Unstopped activity count: 1
12-11 17:59:28.828 1823-2461/? D/gralloc_ranchu: gralloc_unregister_buffer: exiting HostConnection (is buffer-handling thread)
12-11 17:59:28.828 1823-2461/? D/: HostConnection::get() New Host Connection established 0xea898080, tid 2461
12-11 17:59:28.829 1823-2461/? D/gralloc_ranchu: gralloc_unregister_buffer: exiting HostConnection (is buffer-handling thread)
12-11 17:59:28.830 2008-2078/? D/: HostConnection::get() New Host Connection established 0xeb408a80, tid 2078
12-11 17:59:28.840 2008-2162/? I/GnssLocationProvider: WakeLock acquired by sendMessage(REPORT_SV_STATUS, 0, com.android.server.location.GnssLocationProvider$SvStatusInfo@1456a8f)
12-11 17:59:28.841 2008-2022/? I/GnssLocationProvider: WakeLock released by handleMessage(REPORT_SV_STATUS, 0, com.android.server.location.GnssLocationProvider$SvStatusInfo@1456a8f)
12-11 17:59:28.843 3353-9457/? E/ActivityThread: Failed to find provider info for com.google.android.apps.gsa.testing.ui.audio.recorded
12-11 17:59:28.844 3353-9457/? I/MicrophoneInputStream: mic_close  SR : 16000 CC : 16 SO : 6
12-11 17:59:28.845 3353-7602/? I/MicroRecognitionRunner: Detection finished
12-11 17:59:28.845 3353-7602/? W/ErrorReporter: reportError [type: 211, code: 524300]: Error reading from input stream
12-11 17:59:28.845 3353-3602/? I/MicroRecognitionRunner: Stopping hotword detection.
12-11 17:59:28.845 3353-7602/? W/ErrorProcessor: onFatalError, processing error from engine(4)
12-11 17:59:28.845 3353-7602/? W/ErrorProcessor: com.google.android.apps.gsa.shared.speech.b.g: Error reading from input stream
12-11 17:59:28.845 3353-7602/? W/ErrorProcessor: 	at com.google.android.apps.gsa.staticplugins.microdetection.d.k.a(SourceFile:91)
12-11 17:59:28.845 3353-7602/? W/ErrorProcessor: 	at com.google.android.apps.gsa.staticplugins.microdetection.d.l.run(Unknown Source:14)
12-11 17:59:28.845 3353-7602/? W/ErrorProcessor: 	at com.google.android.libraries.gsa.runner.a.a.b(SourceFile:32)
12-11 17:59:28.845 3353-7602/? W/ErrorProcessor: 	at com.google.android.libraries.gsa.runner.a.c.call(Unknown Source:4)
12-11 17:59:28.845 3353-7602/? W/ErrorProcessor: 	at java.util.concurrent.FutureTask.run(FutureTask.java:266)
12-11 17:59:28.845 3353-7602/? W/ErrorProcessor: 	at java.util.concurrent.Executors$RunnableAdapter.call(Executors.java:458)
12-11 17:59:28.845 3353-7602/? W/ErrorProcessor: 	at java.util.concurrent.FutureTask.run(FutureTask.java:266)
12-11 17:59:28.845 3353-7602/? W/ErrorProcessor: 	at com.google.android.apps.gsa.shared.util.concurrent.b.g.run(Unknown Source:4)
12-11 17:59:28.845 3353-7602/? W/ErrorProcessor: 	at com.google.android.apps.gsa.shared.util.concurrent.b.aw.run(SourceFile:4)
12-11 17:59:28.845 3353-7602/? W/ErrorProcessor: 	at com.google.android.apps.gsa.shared.util.concurrent.b.aw.run(SourceFile:4)
12-11 17:59:28.845 3353-7602/? W/ErrorProcessor: 	at java.util.concurrent.ThreadPoolExecutor.runWorker(ThreadPoolExecutor.java:1167)
12-11 17:59:28.845 3353-7602/? W/ErrorProcessor: 	at java.util.concurrent.ThreadPoolExecutor$Worker.run(ThreadPoolExecutor.java:641)
12-11 17:59:28.845 3353-7602/? W/ErrorProcessor: 	at java.lang.Thread.run(Thread.java:764)
12-11 17:59:28.845 3353-7602/? W/ErrorProcessor: 	at com.google.android.apps.gsa.shared.util.concurrent.b.i.run(SourceFile:6)
12-11 17:59:28.845 3353-7602/? W/ErrorProcessor: Caused by: com.google.android.apps.gsa.shared.exception.GsaIOException: Error code: 393238 | Buffer overflow, no available space.
12-11 17:59:28.845 3353-7602/? W/ErrorProcessor: 	at com.google.android.apps.gsa.speech.audio.Tee.j(SourceFile:103)
12-11 17:59:28.845 3353-7602/? W/ErrorProcessor: 	at com.google.android.apps.gsa.speech.audio.au.read(SourceFile:2)
12-11 17:59:28.845 3353-7602/? W/ErrorProcessor: 	at java.io.InputStream.read(InputStream.java:101)
12-11 17:59:28.845 3353-7602/? W/ErrorProcessor: 	at com.google.android.apps.gsa.speech.audio.ao.run(SourceFile:17)
12-11 17:59:28.845 3353-7602/? W/ErrorProcessor: 	at com.google.android.apps.gsa.speech.audio.an.run(SourceFile:2)
12-11 17:59:28.845 3353-7602/? W/ErrorProcessor: 	at java.util.concurrent.Executors$RunnableAdapter.call(Executors.java:458)
12-11 17:59:28.845 3353-7602/? W/ErrorProcessor: 	... 10 more
12-11 17:59:28.845 3353-7602/? I/AudioController: internalShutdown
12-11 17:59:28.845 3353-3353/? I/MicroDetectionWorker: onReady
12-11 17:59:28.846 3353-3353/? I/MicroDetector: Keeping mic open: false
12-11 17:59:28.846 3353-9472/? I/DeviceStateChecker: DeviceStateChecker cancelled
12-11 17:59:28.846 3353-3353/? I/MicroDetectionWorker: #onError(false)
12-11 17:59:28.859 3385-3399/? W/System: A resource failed to call release. 
12-11 17:59:28.859 3385-3399/? W/System: A resource failed to call release. 
12-11 17:59:28.860 3385-3399/? D/: HostConnection::get() New Host Connection established 0xd7a17340, tid 3399
12-11 17:59:28.860 3385-3399/? D/gralloc_ranchu: gralloc_unregister_buffer: exiting HostConnection (is buffer-handling thread)
12-11 17:59:28.860 3385-3399/? D/: HostConnection::get() New Host Connection established 0xd7a17340, tid 3399
12-11 17:59:28.860 3385-3399/? D/gralloc_ranchu: gralloc_unregister_buffer: exiting HostConnection (is buffer-handling thread)
12-11 17:59:28.862 2213-2224/? D/: HostConnection::get() New Host Connection established 0xd51fa640, tid 2224
12-11 17:59:28.863 2213-2224/? D/gralloc_ranchu: gralloc_unregister_buffer: exiting HostConnection (is buffer-handling thread)
12-11 17:59:28.863 2213-2224/? D/: HostConnection::get() New Host Connection established 0xd51fa640, tid 2224
12-11 17:59:28.864 2213-2224/? D/gralloc_ranchu: gralloc_unregister_buffer: exiting HostConnection (is buffer-handling thread)
12-11 17:59:28.874 9703-9719/? I/MonitoringInstr: Unstopped activity count: 1
12-11 17:59:28.925 9703-9719/? I/chatty: uid=10091(com.freenow.android_demo) identical 1 line
12-11 17:59:28.976 9703-9719/? I/MonitoringInstr: Unstopped activity count: 1
12-11 17:59:29.011 1866-1908/? D/gralloc_ranchu: gralloc_unregister_buffer: exiting HostConnection (is buffer-handling thread)
12-11 17:59:29.011 1866-1908/? D/: HostConnection::get() New Host Connection established 0xf17bc240, tid 1908
12-11 17:59:29.011 1866-1908/? D/gralloc_ranchu: gralloc_unregister_buffer: exiting HostConnection (is buffer-handling thread)
12-11 17:59:29.012 1866-1908/? D/: HostConnection::get() New Host Connection established 0xf17bc240, tid 1908
12-11 17:59:29.012 1866-1908/? D/gralloc_ranchu: gralloc_unregister_buffer: exiting HostConnection (is buffer-handling thread)
12-11 17:59:29.012 1866-1908/? D/: HostConnection::get() New Host Connection established 0xf17bc240, tid 1908
12-11 17:59:29.013 1866-1908/? D/gralloc_ranchu: gralloc_unregister_buffer: exiting HostConnection (is buffer-handling thread)
12-11 17:59:29.018 1866-1908/? D/: HostConnection::get() New Host Connection established 0xf17bc240, tid 1908
12-11 17:59:29.027 9703-9719/? I/MonitoringInstr: Unstopped activity count: 1
12-11 17:59:29.234 9703-9719/? I/chatty: uid=10091(com.freenow.android_demo) identical 4 lines
12-11 17:59:29.286 9703-9719/? I/MonitoringInstr: Unstopped activity count: 1
12-11 17:59:29.299 9703-9773/? D/EGL_emulation: eglMakeCurrent: 0xe9c95b60: ver 3 0 (tinfo 0xeb4bb6c0)
12-11 17:59:29.303 1823-1975/? D/gralloc_ranchu: gralloc_unregister_buffer: exiting HostConnection (is buffer-handling thread)
12-11 17:59:29.304 1823-1975/? D/: HostConnection::get() New Host Connection established 0xea898200, tid 1975
12-11 17:59:29.304 1823-1975/? D/gralloc_ranchu: gralloc_unregister_buffer: exiting HostConnection (is buffer-handling thread)
12-11 17:59:29.305 1823-1975/? D/: HostConnection::get() New Host Connection established 0xea898200, tid 1975
12-11 17:59:29.305 1823-1975/? D/gralloc_ranchu: gralloc_unregister_buffer: exiting HostConnection (is buffer-handling thread)
12-11 17:59:29.305 1823-1975/? D/: HostConnection::get() New Host Connection established 0xea898200, tid 1975
12-11 17:59:29.306 1823-1975/? D/gralloc_ranchu: gralloc_unregister_buffer: exiting HostConnection (is buffer-handling thread)
12-11 17:59:29.320 2008-7033/? I/ConfigStore: android::hardware::configstore::V1_0::ISurfaceFlingerConfigs::hasWideColorDisplay retrieved: 0
12-11 17:59:29.320 2008-7033/? I/ConfigStore: android::hardware::configstore::V1_0::ISurfaceFlingerConfigs::hasHDRDisplay retrieved: 0
12-11 17:59:29.321 2008-7033/? I/OpenGLRenderer: Initialized EGL, version 1.4
12-11 17:59:29.321 2008-7033/? D/OpenGLRenderer: Swap behavior 1
12-11 17:59:29.323 2008-7033/? W/OpenGLRenderer: Failed to choose config with EGL_SWAP_BEHAVIOR_PRESERVED, retrying without...
12-11 17:59:29.323 2008-7033/? D/OpenGLRenderer: Swap behavior 0
12-11 17:59:29.326 9703-9703/? D/AutofillManager: onActivityFinishing(): calling cancelLocked()
12-11 17:59:29.326 9703-9703/? D/LifecycleMonitor: Lifecycle status change: com.freenow.android_demo.activities.AuthenticationActivity@b53ff16 in: STOPPED
12-11 17:59:29.329 2008-7033/? D/EGL_emulation: eglCreateContext: 0xe9c2a760: maj 3 min 0 rcv 3
12-11 17:59:29.330 9703-9703/? D/LifecycleMonitor: Lifecycle status change: com.freenow.android_demo.activities.AuthenticationActivity@b53ff16 in: DESTROYED
12-11 17:59:29.336 2008-7033/? D/EGL_emulation: eglMakeCurrent: 0xe9c2a760: ver 3 0 (tinfo 0xd5a7f020)
12-11 17:59:29.339 9703-9719/? I/TestRunner: run finished: 1 tests, 1 failed, 0 ignored
12-11 17:59:29.341 1823-2106/? W/SurfaceFlinger: Attempting to destroy on removed layer: AppWindowToken{846f7ea token=Token{a2543d5 ActivityRecord{d5cf08c u0 com.freenow.android_demo/.activities.AuthenticationActivity t28}}}#0
12-11 17:59:29.342 9703-9719/? I/MonitoringInstr: waitForActivitiesToComplete() took: 0ms
12-11 17:59:29.343 9703-9703/? I/MonitoringInstr: Activities that are still in CREATED to STOPPED: 0
12-11 17:59:29.344 2008-4391/? W/WindowManager: removeWindowToken: Attempted to remove non-existing token: android.os.Binder@319285
12-11 17:59:29.347 2008-2008/? V/SettingsProvider: Notifying for 0: content://settings/secure/accessibility_enabled
12-11 17:59:29.358 2008-3837/? I/ActivityManager: Force stopping com.freenow.android_demo appid=10091 user=0: finished inst
12-11 17:59:29.359 2008-3837/? I/ActivityManager: Killing 9703:com.freenow.android_demo/u0a91 (adj 0): stop com.freenow.android_demo
12-11 17:59:29.358 2008-9480/? W/Binder: Outgoing transactions from this process must be FLAG_ONEWAY
12-11 17:59:29.358 2008-9480/? W/Binder: java.lang.Throwable
12-11 17:59:29.358 2008-9480/? W/Binder: 	at android.os.BinderProxy.transact(Binder.java:1114)
12-11 17:59:29.358 2008-9480/? W/Binder: 	at android.app.IInstrumentationWatcher$Stub$Proxy.instrumentationFinished(IInstrumentationWatcher.java:164)
12-11 17:59:29.358 2008-9480/? W/Binder: 	at com.android.server.am.InstrumentationReporter$MyThread.run(InstrumentationReporter.java:86)
12-11 17:59:29.360 2008-2026/? W/libprocessgroup: kill(-9703, 9) failed: No such process
12-11 17:59:29.360 9694-9694/? D/AndroidRuntime: Shutting down VM
12-11 17:59:29.402 2008-2026/? W/libprocessgroup: kill(-9703, 9) failed: No such process
12-11 17:59:29.410 2008-2016/? D/: HostConnection::get() New Host Connection established 0xc9d040c0, tid 2016
12-11 17:59:29.411 2008-2016/? D/gralloc_ranchu: gralloc_unregister_buffer: exiting HostConnection (is buffer-handling thread)
12-11 17:59:29.411 2008-2016/? D/: HostConnection::get() New Host Connection established 0xc9d040c0, tid 2016
12-11 17:59:29.414 2008-2016/? D/gralloc_ranchu: gralloc_unregister_buffer: exiting HostConnection (is buffer-handling thread)
12-11 17:59:29.435 1824-1824/? I/Zygote: Process 9703 exited due to signal (9)
12-11 17:59:29.443 2008-2026/? W/libprocessgroup: kill(-9703, 9) failed: No such process
12-11 17:59:29.443 2008-2026/? I/libprocessgroup: Successfully killed process cgroup uid 10091 pid 9703 in 83ms
12-11 17:59:29.445 2008-2033/? W/ActivityManager: setHasOverlayUi called on unknown pid: 9703
12-11 17:59:29.550 9795-9795/? D/AndroidRuntime: >>>>>> START com.android.internal.os.RuntimeInit uid 2000 <<<<<<
12-11 17:59:29.554 2008-2181/? I/ActivityManager: Killing 3596:com.google.android.gms.unstable/u0a10 (adj 906): empty for 1812s
12-11 17:59:29.554 9795-9795/? W/app_process: Could not reserve sentinel fault page
12-11 17:59:29.555 2008-2026/? W/libprocessgroup: kill(-3596, 9) failed: No such process
12-11 17:59:29.593 2008-2026/? W/libprocessgroup: kill(-3596, 9) failed: No such process
12-11 17:59:29.608 9795-9795/? W/app_process: Unexpected CPU variant for X86 using defaults: x86
12-11 17:59:29.610 9795-9795/? I/app_process: The ClassLoaderContext is a special shared library.
12-11 17:59:29.616 9795-9795/? W/app_process: CheckJNI: method to register "write" not in the given class. This is slow, consider changing your RegisterNatives calls.
12-11 17:59:29.617 9795-9795/? I/chatty: uid=2000(shell) app_process identical 38 lines
12-11 17:59:29.617 9795-9795/? W/app_process: CheckJNI: method to register "write" not in the given class. This is slow, consider changing your RegisterNatives calls.
12-11 17:59:29.617 1824-1824/? I/Zygote: Process 3596 exited due to signal (9)
12-11 17:59:29.617 9795-9795/? W/app_process: CheckJNI: method to register "write" not in the given class. This is slow, consider changing your RegisterNatives calls.
12-11 17:59:29.617 9795-9795/? I/chatty: uid=2000(shell) app_process identical 2 lines
12-11 17:59:29.617 9795-9795/? W/app_process: CheckJNI: method to register "write" not in the given class. This is slow, consider changing your RegisterNatives calls.
12-11 17:59:29.617 9795-9795/? W/app_process: CheckJNI: method to register "write_non_chained" not in the given class. This is slow, consider changing your RegisterNatives calls.
12-11 17:59:29.617 9795-9795/? I/chatty: uid=2000(shell) app_process identical 7 lines
12-11 17:59:29.617 9795-9795/? W/app_process: CheckJNI: method to register "write_non_chained" not in the given class. This is slow, consider changing your RegisterNatives calls.
12-11 17:59:29.632 2008-2026/? W/libprocessgroup: kill(-3596, 9) failed: No such process
12-11 17:59:29.633 2008-2026/? I/libprocessgroup: Successfully killed process cgroup uid 10010 pid 3596 in 77ms
12-11 17:59:29.645 9795-9795/? D/AndroidRuntime: Calling main entry com.android.commands.am.Am
12-11 17:59:29.651 2008-2181/? I/ActivityManager: Force stopping com.freenow.android_demo appid=10091 user=0: start instr
12-11 17:59:29.668 9804-9804/? I/ow.android_dem: Not late-enabling -Xcheck:jni (already on)
12-11 17:59:29.675 2008-2025/? I/ActivityManager: Start proc 9804:com.freenow.android_demo/u0a91 for added application com.freenow.android_demo
12-11 17:59:29.686 9804-9804/? W/ow.android_dem: Unexpected CPU variant for X86 using defaults: x86
12-11 17:59:29.714 9804-9811/? E/ow.android_dem: Failed to send DDMS packet REAQ to debugger (-1 of 20): Broken pipe
12-11 17:59:29.739 9804-9804/? I/ow.android_dem: The ClassLoaderContext is a special shared library.
12-11 17:59:29.739 9804-9804/? I/chatty: uid=10091(com.freenow.android_demo) identical 1 line
12-11 17:59:29.740 9804-9804/? I/ow.android_dem: The ClassLoaderContext is a special shared library.
12-11 17:59:29.844 2008-2162/? I/GnssLocationProvider: WakeLock acquired by sendMessage(REPORT_SV_STATUS, 0, com.android.server.location.GnssLocationProvider$SvStatusInfo@a1c3308)
12-11 17:59:29.844 2008-2022/? I/GnssLocationProvider: WakeLock released by handleMessage(REPORT_SV_STATUS, 0, com.android.server.location.GnssLocationProvider$SvStatusInfo@a1c3308)
12-11 17:59:29.940 9804-9804/? I/ow.android_dem: The ClassLoaderContext is a special shared library.
12-11 17:59:29.940 9804-9804/? I/chatty: uid=10091(com.freenow.android_demo) identical 1 line
12-11 17:59:29.941 9804-9804/? I/ow.android_dem: The ClassLoaderContext is a special shared library.
12-11 17:59:30.124 9804-9804/? W/ow.android_dem: Accessing hidden method Landroid/app/Instrumentation;->execStartActivity(Landroid/content/Context;Landroid/os/IBinder;Landroid/os/IBinder;Landroid/app/Activity;Landroid/content/Intent;ILandroid/os/Bundle;)Landroid/app/Instrumentation$ActivityResult; (light greylist, linking)
12-11 17:59:30.124 9804-9804/? W/ow.android_dem: Accessing hidden method Landroid/app/Instrumentation;->execStartActivity(Landroid/content/Context;Landroid/os/IBinder;Landroid/os/IBinder;Ljava/lang/String;Landroid/content/Intent;ILandroid/os/Bundle;)Landroid/app/Instrumentation$ActivityResult; (light greylist, linking)
12-11 17:59:30.131 9804-9804/? I/MonitoringInstr: Instrumentation started on process com.freenow.android_demo
12-11 17:59:30.133 9804-9804/? I/MonitoringInstr: Setting context classloader to 'dalvik.system.PathClassLoader[DexPathList[[zip file "/system/framework/android.test.runner.jar", zip file "/system/framework/android.test.mock.jar", zip file "/system/framework/org.apache.http.legacy.boot.jar", zip file "/data/app/com.freenow.android_demo.test-YKOoP1wx3D_cFo95rnjz0A==/base.apk", zip file "/data/app/com.freenow.android_demo-nMXqjW9uPoPDqzYuoeiN2A==/base.apk"],nativeLibraryDirectories=[/data/app/com.freenow.android_demo.test-YKOoP1wx3D_cFo95rnjz0A==/lib/x86, /data/app/com.freenow.android_demo-nMXqjW9uPoPDqzYuoeiN2A==/lib/x86, /system/lib]]]', Original: 'dalvik.system.PathClassLoader[DexPathList[[zip file "/system/framework/android.test.runner.jar", zip file "/system/framework/android.test.mock.jar", zip file "/system/framework/org.apache.http.legacy.boot.jar", zip file "/data/app/com.freenow.android_demo.test-YKOoP1wx3D_cFo95rnjz0A==/base.apk", zip file "/data/app/com.freenow.android_demo-nMXqjW9uPoPDqzYuoeiN2A==/base.apk"],nativeLibraryDirectories=[/data/app/com.freenow.android_demo.test-YKOoP1wx3D_cFo95rnjz0A==/lib/x86, /data/app/com.freenow.android_demo-nMXqjW9uPoPDqzYuoeiN2A==/lib/x86, /system/lib]]]'
12-11 17:59:30.136 9804-9804/? I/MonitoringInstr: No JSBridge.
12-11 17:59:30.137 9804-9820/? I/MonitoringInstr: Setting context classloader to 'dalvik.system.PathClassLoader[DexPathList[[zip file "/system/framework/android.test.runner.jar", zip file "/system/framework/android.test.mock.jar", zip file "/system/framework/org.apache.http.legacy.boot.jar", zip file "/data/app/com.freenow.android_demo.test-YKOoP1wx3D_cFo95rnjz0A==/base.apk", zip file "/data/app/com.freenow.android_demo-nMXqjW9uPoPDqzYuoeiN2A==/base.apk"],nativeLibraryDirectories=[/data/app/com.freenow.android_demo.test-YKOoP1wx3D_cFo95rnjz0A==/lib/x86, /data/app/com.freenow.android_demo-nMXqjW9uPoPDqzYuoeiN2A==/lib/x86, /system/lib]]]', Original: 'dalvik.system.PathClassLoader[DexPathList[[zip file "/system/framework/android.test.runner.jar", zip file "/system/framework/android.test.mock.jar", zip file "/system/framework/org.apache.http.legacy.boot.jar", zip file "/data/app/com.freenow.android_demo.test-YKOoP1wx3D_cFo95rnjz0A==/base.apk", zip file "/data/app/com.freenow.android_demo-nMXqjW9uPoPDqzYuoeiN2A==/base.apk"],nativeLibraryDirectories=[/data/app/com.freenow.android_demo.test-YKOoP1wx3D_cFo95rnjz0A==/lib/x86, /data/app/com.freenow.android_demo-nMXqjW9uPoPDqzYuoeiN2A==/lib/x86, /system/lib]]]'
12-11 17:59:30.147 9804-9820/? I/UsageTrackerFacilitator: Usage tracking disabled
12-11 17:59:30.162 9804-9820/? D/TestExecutor: Adding listener android.support.test.internal.runner.listener.LogRunListener
12-11 17:59:30.162 9804-9820/? D/TestExecutor: Adding listener android.support.test.internal.runner.listener.InstrumentationResultPrinter
12-11 17:59:30.162 9804-9820/? D/TestExecutor: Adding listener android.support.test.internal.runner.listener.ActivityFinisherRunListener
12-11 17:59:30.168 9804-9820/? I/TestRunner: run started: 1 tests
12-11 17:59:30.182 2008-2008/? V/SettingsProvider: Notifying for 0: content://settings/secure/accessibility_enabled
12-11 17:59:30.186 9804-9820/? I/TestRunner: started: loginFlaky0(com.freenow.android_demo.tests.LoginTest)
12-11 17:59:30.188 9804-9804/? I/MonitoringInstr: Activities that are still in CREATED to STOPPED: 0
12-11 17:59:30.189 9804-9820/? I/GrantPermissionCallable: Permission: android.permission.ACCESS_FINE_LOCATION is already granted!
12-11 17:59:30.196 9804-9820/? W/ActivityTestRule: getActivityIntent() returned null using default: Intent(Intent.ACTION_MAIN)
12-11 17:59:30.198 2008-4391/? I/ActivityManager: START u0 {act=android.intent.action.MAIN flg=0x14000000 cmp=com.freenow.android_demo/.activities.MainActivity} from uid 10091
12-11 17:59:30.217 9804-9804/? W/ActivityThread: handleWindowVisibility: no activity for token android.os.BinderProxy@d61ea14
12-11 17:59:30.226 1649-1700/? D/gralloc_ranchu: gralloc_alloc: Creating ashmem region of size 16592896
12-11 17:59:30.251 9804-9804/? D/LifecycleMonitor: Lifecycle status change: com.freenow.android_demo.activities.MainActivity@e95803 in: PRE_ON_CREATE
12-11 17:59:30.306 9804-9804/? W/ow.android_dem: Accessing hidden method Landroid/view/View;->computeFitSystemWindows(Landroid/graphics/Rect;Landroid/graphics/Rect;)Z (light greylist, reflection)
12-11 17:59:30.306 9804-9804/? W/ow.android_dem: Accessing hidden method Landroid/view/ViewGroup;->makeOptionalFitsSystemWindows()V (light greylist, reflection)
12-11 17:59:30.330 1649-1700/? D/gralloc_ranchu: gralloc_alloc: Creating ashmem region of size 16592896
12-11 17:59:30.344 1823-1975/? E/SurfaceFlinger: ro.sf.lcd_density must be defined as a build property
12-11 17:59:30.353 9828-9836/? I/OMXClient: IOmx service obtained
12-11 17:59:30.354 1838-2389/? I/OMXMaster: makeComponentInstance(OMX.google.h264.encoder) in omx@1.0-service process
12-11 17:59:30.359 9828-9836/? W/OMXUtils: do not know color format 0x7f000789 = 2130708361
12-11 17:59:30.359 9828-9836/? I/ACodec: setupAVCEncoderParameters with [profile: Baseline] [level: Level41]
12-11 17:59:30.359 9828-9836/? I/ACodec: [OMX.google.h264.encoder] cannot encode color aspects. Ignoring.
12-11 17:59:30.359 9828-9836/? I/ACodec: [OMX.google.h264.encoder] cannot encode HDR static metadata. Ignoring.
12-11 17:59:30.359 9828-9836/? I/ACodec: setupVideoEncoder succeeded
12-11 17:59:30.361 9828-9836/? W/OMXUtils: do not know color format 0x7f000789 = 2130708361
12-11 17:59:30.361 1838-2389/? E/OMXNodeInstance: getConfig(0xe8e2c000:google.h264.encoder, ConfigLatency(0x6f800005)) ERROR: Undefined(0x80001001)
12-11 17:59:30.361 1838-2389/? E/OMXNodeInstance: getConfig(0xe8e2c000:google.h264.encoder, ConfigAndroidVendorExtension(0x6f100004)) ERROR: Undefined(0x80001001)
12-11 17:59:30.368 1838-2389/? D/GraphicBufferSource: setting dataspace: 0x104, acquired=0
12-11 17:59:30.369 1838-2389/? D/GraphicBufferSource: requesting color aspects (R:2(Limited), P:1(BT709_5), M:1(BT709_5), T:3(SMPTE170M))
12-11 17:59:30.371 1637-1637/? W/AshmemAllocator: ashmem_create_region(12) returning hidl_memory(0xf459c180, 12)
12-11 17:59:30.380 1637-1637/? W/AshmemAllocator: ashmem_create_region(12) returning hidl_memory(0xf459c180, 12)
12-11 17:59:30.384 1637-1637/? W/AshmemAllocator: ashmem_create_region(3110400) returning hidl_memory(0xf459c180, 3110400)
12-11 17:59:30.385 1637-1637/? W/AshmemAllocator: ashmem_create_region(3110400) returning hidl_memory(0xf459c180, 3110400)
12-11 17:59:30.386 1838-9838/? D/SoftAVCEnc: Params width 1440 height 2880 level 50 colorFormat 0
12-11 17:59:30.386 1838-9838/? E/SoftAVCEnc: Fill memory records failed = 0x192
12-11 17:59:30.386 1838-9838/? E/SoftAVCEnc: Failed to initialize encoder
12-11 17:59:30.386 1838-9838/? D/SoftAVCEnc: Params width 1440 height 2880 level 50 colorFormat 0
12-11 17:59:30.386 1838-9838/? E/SoftAVCEnc: Fill memory records failed = 0x192
12-11 17:59:30.386 1838-9838/? E/SoftAVCEnc: Failed to initialize encoder
12-11 17:59:30.386 9828-9836/? E/ACodec: [OMX.google.h264.encoder] ERROR(0x80001001)
12-11 17:59:30.386 9828-9836/? E/ACodec: signalError(omxError 0x80001001, internalError -2147483648)
12-11 17:59:30.386 9828-9835/? E/MediaCodec: Codec reported err 0x80001001, actionCode 0, while in state 6
12-11 17:59:30.386 9828-9836/? E/ACodec: [OMX.google.h264.encoder] ERROR(0x80001001)
12-11 17:59:30.386 9828-9836/? E/ACodec: signalError(omxError 0x80001001, internalError -2147483648)
12-11 17:59:30.386 9828-9836/? E/ACodec: [OMX.google.h264.encoder] ERROR(0x80001001)
12-11 17:59:30.386 9828-9836/? E/ACodec: signalError(omxError 0x80001001, internalError -2147483648)
12-11 17:59:30.386 9828-9836/? E/ACodec: [OMX.google.h264.encoder] ERROR(0x80001001)
12-11 17:59:30.386 9828-9836/? E/ACodec: signalError(omxError 0x80001001, internalError -2147483648)
12-11 17:59:30.389 9828-9835/? E/MediaCodec: Codec reported err 0x80001001, actionCode 0, while in state 0
12-11 17:59:30.389 9828-9835/? I/chatty: uid=2000(shell) screenrecord identical 1 line
12-11 17:59:30.389 9828-9835/? E/MediaCodec: Codec reported err 0x80001001, actionCode 0, while in state 0
12-11 17:59:30.394 1823-1853/? E/: HpInterface: Wrong interface type.
12-11 17:59:30.415 9804-9804/? I/zzbz: Making Creator dynamically
12-11 17:59:30.379 1823-1823/? W/Binder:1823_1: type=1400 audit(0.0:70): avc: denied { call } for scontext=u:r:surfaceflinger:s0 tcontext=u:r:mediacodec:s0 tclass=binder permissive=0 b/77924251
12-11 17:59:30.424 1823-1823/? E/HWComposer: getHdrCapabilities failed for display -1: Invalid display
12-11 17:59:30.424 9804-9804/? W/ow.android_dem: Unsupported class loader
12-11 17:59:30.425 1838-2389/? W/GraphicBufferSource: released unpopulated slots: [0, 1, 2, 3, 4, 5, 6, 7, 8, 9, 10, 11, 12, 13, 14, 15, 16, 17, 18, 19, 20, 21, 22, 23, 24, 25, 26, 27, 28, 29, 30, 31, 32, 33, 34, 35, 36, 37, 38, 39, 40, 41, 42, 43, 44, 45, 46, 47, 48, 49, 50, 51, 52, 53, 54, 55, 56, 57, 58, 59, 60, 61, 62, 63]
12-11 17:59:30.426 1649-1700/? D/gralloc_ranchu: gralloc_alloc: Creating ashmem region of size 16592896
12-11 17:59:30.429 9804-9804/? I/DynamiteModule: Considering local module com.google.android.gms.maps_dynamite:0 and remote module com.google.android.gms.maps_dynamite:221
12-11 17:59:30.429 9804-9804/? I/DynamiteModule: Selected remote version of com.google.android.gms.maps_dynamite, version >= 221
12-11 17:59:30.446 1838-2389/? D/: HostConnection::get() New Host Connection established 0xe9117340, tid 2389
12-11 17:59:30.451 9804-9804/? W/ow.android_dem: Unsupported class loader
12-11 17:59:30.452 9804-9804/? W/ow.android_dem: Skipping duplicate class check due to unsupported classloader
12-11 17:59:30.452 9828-9840/? D/: HostConnection::get() New Host Connection established 0xe50c7dc0, tid 9840
12-11 17:59:30.457 9828-9840/? D/gralloc_ranchu: gralloc_unregister_buffer: exiting HostConnection (is buffer-handling thread)
12-11 17:59:30.460 9828-9840/? D/: HostConnection::get() New Host Connection established 0xe50c7dc0, tid 9840
12-11 17:59:30.460 9828-9840/? D/gralloc_ranchu: gralloc_unregister_buffer: exiting HostConnection (is buffer-handling thread)
12-11 17:59:30.462 1823-1823/? E/HWComposer: getSupportedPerFrameMetadata failed for display -1: Invalid display
12-11 17:59:30.465 9828-9828/? E/MediaMuxer: stop() is called in invalid state 1
12-11 17:59:30.466 1823-1823/? D/EGL_emulation: eglMakeCurrent: 0xeaf20a80: ver 3 0 (tinfo 0xeaf1c310)
12-11 17:59:30.474 1838-2271/? D/: HostConnection::get() New Host Connection established 0xe91171c0, tid 2271
12-11 17:59:30.475 1838-2271/? D/gralloc_ranchu: gralloc_unregister_buffer: exiting HostConnection (is buffer-handling thread)
12-11 17:59:30.479 1838-2271/? D/: HostConnection::get() New Host Connection established 0xe91171c0, tid 2271
12-11 17:59:30.479 1838-2271/? D/gralloc_ranchu: gralloc_unregister_buffer: exiting HostConnection (is buffer-handling thread)
12-11 17:59:30.479 1838-8655/? E/BufferQueueProducer: [GraphicBufferSource] queueBuffer: BufferQueue has been abandoned
12-11 17:59:30.479 1823-1823/? E/Surface: queueBuffer: error queuing buffer to SurfaceTexture, -19
12-11 17:59:30.480 1838-2271/? E/BufferQueueProducer: [GraphicBufferSource] dequeueBuffer: BufferQueue has been abandoned
12-11 17:59:30.480 1838-2271/? E/media.codec: TWGraphicBufferProducer::dequeueBuffer - Invalid output fence
12-11 17:59:30.480 1823-1823/? E/EGL_emulation: tid 1823: swapBuffers(552): error 0x300d (EGL_BAD_SURFACE)
12-11 17:59:30.480 1823-1823/? E/SurfaceFlinger: eglSwapBuffers(0x1, 0xe2da3c00) failed with 0x0000300d
12-11 17:59:30.480 1823-1823/? D/EGL_emulation: eglMakeCurrent: 0xeaf20a80: ver 3 0 (tinfo 0xeaf1c310)
12-11 17:59:30.483 9828-9828/? D/ScreenRecord: failed
12-11 17:59:30.484 9804-9804/? I/Google Maps Android API: Google Play services client version: 12451000
12-11 17:59:30.486 1823-1823/? D/EGL_emulation: eglMakeCurrent: 0xeaf20a80: ver 3 0 (tinfo 0xeaf1c310)
12-11 17:59:30.487 9828-9840/? W/IPCThreadState: Calling IPCThreadState::self() during shutdown is dangerous, expect a crash.
12-11 17:59:30.487 9804-9804/? I/Google Maps Android API: Google Play services package version: 16089022
12-11 17:59:30.494 1823-1823/? E/HWComposer: getLayerReleaseFence failed for display -1: Invalid display
12-11 17:59:30.494 1823-1823/? I/chatty: uid=1000(system) /system/bin/surfaceflinger identical 3 lines
12-11 17:59:30.494 1823-1823/? E/HWComposer: getLayerReleaseFence failed for display -1: Invalid display
12-11 17:59:30.495 1823-1823/? D/EGL_emulation: eglMakeCurrent: 0xeaf20a80: ver 3 0 (tinfo 0xeaf1c310)
12-11 17:59:30.497 1823-1823/? W/libEGL: EGLNativeWindowType 0xe2e5a008 disconnect failed
12-11 17:59:30.574 9804-9804/? W/ow.android_dem: Accessing hidden field Ljava/nio/Buffer;->address:J (light greylist, reflection)
12-11 17:59:30.620 1866-1908/? D/gralloc_ranchu: gralloc_unregister_buffer: exiting HostConnection (is buffer-handling thread)
12-11 17:59:30.622 1866-1908/? D/: HostConnection::get() New Host Connection established 0xf17bc240, tid 1908
12-11 17:59:30.622 1866-1908/? D/gralloc_ranchu: gralloc_unregister_buffer: exiting HostConnection (is buffer-handling thread)
12-11 17:59:30.623 1866-1908/? D/: HostConnection::get() New Host Connection established 0xf17bc240, tid 1908
12-11 17:59:30.623 1866-1908/? D/gralloc_ranchu: gralloc_unregister_buffer: exiting HostConnection (is buffer-handling thread)
12-11 17:59:30.624 1866-1908/? D/: HostConnection::get() New Host Connection established 0xf17bc240, tid 1908
12-11 17:59:30.624 1866-1908/? D/gralloc_ranchu: gralloc_unregister_buffer: exiting HostConnection (is buffer-handling thread)
12-11 17:59:30.624 1866-1908/? D/: HostConnection::get() New Host Connection established 0xf17bc240, tid 1908
12-11 17:59:30.624 1866-1908/? D/gralloc_ranchu: gralloc_unregister_buffer: exiting HostConnection (is buffer-handling thread)
12-11 17:59:30.625 1866-1908/? D/: HostConnection::get() New Host Connection established 0xf17bc240, tid 1908
12-11 17:59:30.625 1866-1908/? D/gralloc_ranchu: gralloc_unregister_buffer: exiting HostConnection (is buffer-handling thread)
12-11 17:59:30.625 1866-1908/? D/: HostConnection::get() New Host Connection established 0xf17bc240, tid 1908
12-11 17:59:30.626 1866-1908/? D/gralloc_ranchu: gralloc_unregister_buffer: exiting HostConnection (is buffer-handling thread)
12-11 17:59:30.626 1866-1908/? D/: HostConnection::get() New Host Connection established 0xf17bc240, tid 1908
12-11 17:59:30.626 1866-1908/? D/gralloc_ranchu: gralloc_unregister_buffer: exiting HostConnection (is buffer-handling thread)
12-11 17:59:30.627 3353-3521/? D/EGL_emulation: eglMakeCurrent: 0xeb406020: ver 3 0 (tinfo 0xeb403d00)
12-11 17:59:30.629 3385-3453/? D/EGL_emulation: eglMakeCurrent: 0xd8372c00: ver 3 0 (tinfo 0xd7d1d030)
12-11 17:59:30.630 1823-1853/? D/gralloc_ranchu: gralloc_unregister_buffer: exiting HostConnection (is buffer-handling thread)
12-11 17:59:30.630 1823-1853/? D/: HostConnection::get() New Host Connection established 0xe1cc92c0, tid 1853
12-11 17:59:30.631 1823-1853/? D/gralloc_ranchu: gralloc_unregister_buffer: exiting HostConnection (is buffer-handling thread)
12-11 17:59:30.631 1823-2106/? D/gralloc_ranchu: gralloc_unregister_buffer: exiting HostConnection (is buffer-handling thread)
12-11 17:59:30.631 1823-1853/? D/: HostConnection::get() New Host Connection established 0xe1cc92c0, tid 1853
12-11 17:59:30.631 1823-1853/? D/gralloc_ranchu: gralloc_unregister_buffer: exiting HostConnection (is buffer-handling thread)
12-11 17:59:30.632 1866-1908/? D/: HostConnection::get() New Host Connection established 0xf17bc280, tid 1908
12-11 17:59:30.632 1823-2106/? D/: HostConnection::get() New Host Connection established 0xea8984c0, tid 2106
12-11 17:59:30.632 1823-1853/? D/: HostConnection::get() New Host Connection established 0xe1cc92c0, tid 1853
12-11 17:59:30.634 1823-2106/? D/gralloc_ranchu: gralloc_unregister_buffer: exiting HostConnection (is buffer-handling thread)
12-11 17:59:30.634 1823-1853/? D/gralloc_ranchu: gralloc_unregister_buffer: exiting HostConnection (is buffer-handling thread)
12-11 17:59:30.635 1823-2106/? D/: HostConnection::get() New Host Connection established 0xea8984c0, tid 2106
12-11 17:59:30.635 1823-2106/? D/gralloc_ranchu: gralloc_unregister_buffer: exiting HostConnection (is buffer-handling thread)
12-11 17:59:30.635 1823-2106/? D/: HostConnection::get() New Host Connection established 0xea8984c0, tid 2106
12-11 17:59:30.636 1823-2106/? D/gralloc_ranchu: gralloc_unregister_buffer: exiting HostConnection (is buffer-handling thread)
12-11 17:59:30.639 2213-2473/? D/EGL_emulation: eglMakeCurrent: 0xeb4059c0: ver 3 0 (tinfo 0xeb403a50)
12-11 17:59:30.644 2213-2473/? D/EGL_emulation: eglMakeCurrent: 0xeb4059c0: ver 3 0 (tinfo 0xeb403a50)
12-11 17:59:30.847 2008-2162/? I/GnssLocationProvider: WakeLock acquired by sendMessage(REPORT_SV_STATUS, 0, com.android.server.location.GnssLocationProvider$SvStatusInfo@74c08f1)
12-11 17:59:30.847 2008-2022/? I/GnssLocationProvider: WakeLock released by handleMessage(REPORT_SV_STATUS, 0, com.android.server.location.GnssLocationProvider$SvStatusInfo@74c08f1)
12-11 17:59:30.869 9804-9804/? W/ow.android_dem: Accessing hidden method Lcom/android/org/conscrypt/OpenSSLSocketImpl;->setUseSessionTickets(Z)V (light greylist, reflection)
12-11 17:59:30.869 9804-9804/? W/ow.android_dem: Accessing hidden method Lcom/android/org/conscrypt/OpenSSLSocketImpl;->setHostname(Ljava/lang/String;)V (light greylist, reflection)
12-11 17:59:30.869 9804-9804/? W/ow.android_dem: Accessing hidden method Lcom/android/org/conscrypt/OpenSSLSocketImpl;->getAlpnSelectedProtocol()[B (light greylist, reflection)
12-11 17:59:30.869 9804-9804/? W/ow.android_dem: Accessing hidden method Lcom/android/org/conscrypt/OpenSSLSocketImpl;->setAlpnProtocols([B)V (light greylist, reflection)
12-11 17:59:30.874 9804-9804/? W/ow.android_dem: Accessing hidden method Ldalvik/system/CloseGuard;->get()Ldalvik/system/CloseGuard; (light greylist, reflection)
12-11 17:59:30.875 9804-9804/? W/ow.android_dem: Accessing hidden method Ldalvik/system/CloseGuard;->open(Ljava/lang/String;)V (light greylist, reflection)
12-11 17:59:30.875 9804-9804/? W/ow.android_dem: Accessing hidden method Ldalvik/system/CloseGuard;->warnIfOpen()V (light greylist, reflection)
12-11 17:59:30.876 9804-9804/? D/NetworkSecurityConfig: No Network Security Config specified, using platform default
12-11 17:59:30.899 9804-9804/? D/Test: Fetching drivers
12-11 17:59:30.910 9804-9804/? D/LifecycleMonitor: Lifecycle status change: com.freenow.android_demo.activities.MainActivity@e95803 in: CREATED
12-11 17:59:30.917 9804-9804/? D/LifecycleMonitor: Lifecycle status change: com.freenow.android_demo.activities.MainActivity@e95803 in: STARTED
12-11 17:59:30.919 2008-5620/? I/ActivityManager: START u0 {cmp=com.freenow.android_demo/.activities.AuthenticationActivity} from uid 10091
12-11 17:59:30.920 9804-9868/? W/System.err: java.net.ConnectException: Failed to connect to localhost/127.0.0.1:8080
12-11 17:59:30.920 9804-9868/? W/System.err: 	at okhttp3.internal.connection.RealConnection.connectSocket(RealConnection.kt:270)
12-11 17:59:30.920 9804-9868/? W/System.err: 	at okhttp3.internal.connection.RealConnection.connect(RealConnection.kt:176)
12-11 17:59:30.921 9804-9868/? W/System.err: 	at okhttp3.internal.connection.ExchangeFinder.findConnection(ExchangeFinder.kt:236)
12-11 17:59:30.921 9804-9868/? W/System.err: 	at okhttp3.internal.connection.ExchangeFinder.findHealthyConnection(ExchangeFinder.kt:109)
12-11 17:59:30.921 9804-9868/? W/System.err: 	at okhttp3.internal.connection.ExchangeFinder.find(ExchangeFinder.kt:77)
12-11 17:59:30.921 9804-9868/? W/System.err: 	at okhttp3.internal.connection.Transmitter.newExchange$okhttp(Transmitter.kt:162)
12-11 17:59:30.921 9804-9868/? W/System.err: 	at okhttp3.internal.connection.ConnectInterceptor.intercept(ConnectInterceptor.kt:35)
12-11 17:59:30.921 9804-9868/? W/System.err: 	at okhttp3.internal.http.RealInterceptorChain.proceed(RealInterceptorChain.kt:112)
12-11 17:59:30.921 9804-9868/? W/System.err: 	at okhttp3.internal.http.RealInterceptorChain.proceed(RealInterceptorChain.kt:87)
12-11 17:59:30.921 9804-9868/? W/System.err: 	at okhttp3.internal.cache.CacheInterceptor.intercept(CacheInterceptor.kt:82)
12-11 17:59:30.921 9804-9868/? W/System.err: 	at okhttp3.internal.http.RealInterceptorChain.proceed(RealInterceptorChain.kt:112)
12-11 17:59:30.921 9804-9868/? W/System.err: 	at okhttp3.internal.http.RealInterceptorChain.proceed(RealInterceptorChain.kt:87)
12-11 17:59:30.921 9804-9868/? W/System.err: 	at okhttp3.internal.http.BridgeInterceptor.intercept(BridgeInterceptor.kt:84)
12-11 17:59:30.921 9804-9868/? W/System.err: 	at okhttp3.internal.http.RealInterceptorChain.proceed(RealInterceptorChain.kt:112)
12-11 17:59:30.921 9804-9868/? W/System.err: 	at okhttp3.internal.http.RetryAndFollowUpInterceptor.intercept(RetryAndFollowUpInterceptor.kt:71)
12-11 17:59:30.921 9804-9868/? W/System.err: 	at okhttp3.internal.http.RealInterceptorChain.proceed(RealInterceptorChain.kt:112)
12-11 17:59:30.921 9804-9868/? W/System.err: 	at okhttp3.internal.http.RealInterceptorChain.proceed(RealInterceptorChain.kt:87)
12-11 17:59:30.921 9804-9868/? W/System.err: 	at net.rafaeltoledo.okir.OkHttp3IdlingResource.intercept(OkHttp3IdlingResource.java:39)
12-11 17:59:30.921 9804-9868/? W/System.err: 	at okhttp3.internal.http.RealInterceptorChain.proceed(RealInterceptorChain.kt:112)
12-11 17:59:30.921 9804-9868/? W/System.err: 	at okhttp3.internal.http.RealInterceptorChain.proceed(RealInterceptorChain.kt:87)
12-11 17:59:30.921 9804-9868/? W/System.err: 	at okhttp3.RealCall.getResponseWithInterceptorChain(RealCall.kt:184)
12-11 17:59:30.921 9804-9868/? W/System.err: 	at okhttp3.RealCall$AsyncCall.run(RealCall.kt:136)
12-11 17:59:30.922 9804-9868/? W/System.err: 	at java.util.concurrent.ThreadPoolExecutor.runWorker(ThreadPoolExecutor.java:1167)
12-11 17:59:30.922 9804-9868/? W/System.err: 	at java.util.concurrent.ThreadPoolExecutor$Worker.run(ThreadPoolExecutor.java:641)
12-11 17:59:30.922 9804-9868/? W/System.err: 	at java.lang.Thread.run(Thread.java:764)
12-11 17:59:30.922 9804-9868/? W/System.err: Caused by: java.net.ConnectException: failed to connect to localhost/127.0.0.1 (port 8080) from /127.0.0.1 (port 54366) after 10000ms: isConnected failed: ECONNREFUSED (Connection refused)
12-11 17:59:30.922 9804-9868/? W/System.err: 	at libcore.io.IoBridge.isConnected(IoBridge.java:278)
12-11 17:59:30.922 9804-9868/? W/System.err: 	at libcore.io.IoBridge.connectErrno(IoBridge.java:187)
12-11 17:59:30.922 9804-9868/? W/System.err: 	at libcore.io.IoBridge.connect(IoBridge.java:129)
12-11 17:59:30.922 9804-9868/? W/System.err: 	at java.net.PlainSocketImpl.socketConnect(PlainSocketImpl.java:137)
12-11 17:59:30.922 9804-9868/? W/System.err: 	at java.net.AbstractPlainSocketImpl.doConnect(AbstractPlainSocketImpl.java:390)
12-11 17:59:30.922 9804-9868/? W/System.err: 	at java.net.AbstractPlainSocketImpl.connectToAddress(AbstractPlainSocketImpl.java:230)
12-11 17:59:30.922 9804-9868/? W/System.err: 	at java.net.AbstractPlainSocketImpl.connect(AbstractPlainSocketImpl.java:212)
12-11 17:59:30.922 9804-9868/? W/System.err: 	at java.net.SocksSocketImpl.connect(SocksSocketImpl.java:436)
12-11 17:59:30.922 9804-9868/? W/System.err: 	at java.net.Socket.connect(Socket.java:621)
12-11 17:59:30.922 9804-9868/? W/System.err: 	at okhttp3.internal.platform.AndroidPlatform.connectSocket(AndroidPlatform.kt:58)
