12-11 17:59:28.554 9703-9719/? I/TestRunner: java.lang.AssertionError: expected:<1> but was:<0>
12-11 17:59:28.554 9703-9719/? I/TestRunner: 	at org.junit.Assert.fail(Assert.java:88)
12-11 17:59:28.554 9703-9719/? I/TestRunner: 	at org.junit.Assert.failNotEquals(Assert.java:834)
12-11 17:59:28.554 9703-9719/? I/TestRunner: 	at org.junit.Assert.assertEquals(Assert.java:118)
12-11 17:59:28.554 9703-9719/? I/TestRunner: 	at org.junit.Assert.assertEquals(Assert.java:144)
12-11 17:59:28.554 9703-9719/? I/TestRunner: 	at com.freenow.android_demo.tests.LoginTest.loginFlaky1(LoginTest.kt:60)
12-11 17:59:28.554 9703-9719/? I/TestRunner: 	at java.lang.reflect.Method.invoke(Native Method)
12-11 17:59:28.554 9703-9719/? I/TestRunner: 	at org.junit.runners.model.FrameworkMethod$1.runReflectiveCall(FrameworkMethod.java:50)
12-11 17:59:28.554 9703-9719/? I/TestRunner: 	at org.junit.internal.runners.model.ReflectiveCallable.run(ReflectiveCallable.java:12)
12-11 17:59:28.554 9703-9719/? I/TestRunner: 	at org.junit.runners.model.FrameworkMethod.invokeExplosively(FrameworkMethod.java:47)
12-11 17:59:28.554 9703-9719/? I/TestRunner: 	at org.junit.internal.runners.statements.InvokeMethod.evaluate(InvokeMethod.java:17)
12-11 17:59:28.554 9703-9719/? I/TestRunner: 	at android.support.test.internal.runner.junit4.statement.RunBefores.evaluate(RunBefores.java:80)
12-11 17:59:28.554 9703-9719/? I/TestRunner: 	at android.support.test.internal.runner.junit4.statement.RunAfters.evaluate(RunAfters.java:61)
12-11 17:59:28.554 9703-9719/? I/TestRunner: 	at android.support.test.rule.ActivityTestRule$ActivityStatement.evaluate(ActivityTestRule.java:527)
12-11 17:59:28.554 9703-9719/? I/TestRunner: 	at com.freenow.android_demo.utils.ClearPreferencesRule$apply$1.evaluate(ClearPreferencesRule.kt:41)
12-11 17:59:28.554 9703-9719/? I/TestRunner: 	at android.support.test.rule.GrantPermissionRule$RequestPermissionStatement.evaluate(GrantPermissionRule.java:129)
12-11 17:59:28.554 9703-9719/? I/TestRunner: 	at org.junit.rules.RunRules.evaluate(RunRules.java:20)
12-11 17:59:28.554 9703-9719/? I/TestRunner: 	at org.junit.runners.ParentRunner.runLeaf(ParentRunner.java:325)
12-11 17:59:28.554 9703-9719/? I/TestRunner: 	at org.junit.runners.BlockJUnit4ClassRunner.runChild(BlockJUnit4ClassRunner.java:78)
12-11 17:59:28.554 9703-9719/? I/TestRunner: 	at org.junit.runners.BlockJUnit4ClassRunner.runChild(BlockJUnit4ClassRunner.java:57)
12-11 17:59:28.554 9703-9719/? I/TestRunner: 	at org.junit.runners.ParentRunner$3.run(ParentRunner.java:290)
12-11 17:59:28.554 9703-9719/? I/TestRunner: 	at org.junit.runners.ParentRunner$1.schedule(ParentRunner.java:71)
12-11 17:59:28.554 9703-9719/? I/TestRunner: 	at org.junit.runners.ParentRunner.runChildren(ParentRunner.java:288)
12-11 17:59:28.554 9703-9719/? I/TestRunner: 	at org.junit.runners.ParentRunner.access$000(ParentRunner.java:58)
12-11 17:59:28.554 9703-9719/? I/TestRunner: 	at org.junit.runners.ParentRunner$2.evaluate(ParentRunner.java:268)
12-11 17:59:28.554 9703-9719/? I/TestRunner: 	at org.junit.runners.ParentRunner.run(ParentRunner.java:363)
12-11 17:59:28.554 9703-9719/? I/TestRunner: 	at android.support.test.runner.AndroidJUnit4.run(AndroidJUnit4.java:101)
12-11 17:59:28.554 9703-9719/? I/TestRunner: 	at org.junit.runners.Suite.runChild(Suite.java:128)
12-11 17:59:28.554 9703-9719/? I/TestRunner: 	at org.junit.runners.Suite.runChild(Suite.java:27)
12-11 17:59:28.554 9703-9719/? I/TestRunner: 	at org.junit.runners.ParentRunner$3.run(ParentRunner.java:290)
12-11 17:59:28.554 9703-9719/? I/TestRunner: 	at org.junit.runners.ParentRunner$1.schedule(ParentRunner.java:71)
12-11 17:59:28.554 9703-9719/? I/TestRunner: 	at org.junit.runners.ParentRunner.runChildren(ParentRunner.java:288)
12-11 17:59:28.554 9703-9719/? I/TestRunner: 	at org.junit.runners.ParentRunner.access$000(ParentRunner.java:58)
12-11 17:59:28.554 9703-9719/? I/TestRunner: 	at org.junit.runners.ParentRunner$2.evaluate(ParentRunner.java:268)
12-11 17:59:28.554 9703-9719/? I/TestRunner: 	at org.junit.runners.ParentRunner.run(ParentRunner.java:363)
12-11 17:59:28.554 9703-9719/? I/TestRunner: 	at org.junit.runner.JUnitCore.run(JUnitCore.java:137)
12-11 17:59:28.554 9703-9719/? I/TestRunner: 	at org.junit.runner.JUnitCore.run(JUnitCore.java:115)
12-11 17:59:28.554 9703-9719/? I/TestRunner: 	at android.support.test.internal.runner.TestExecutor.execute(TestExecutor.java:56)
12-11 17:59:28.554 9703-9719/? I/TestRunner: 	at android.support.test.runner.AndroidJUnitRunner.onStart(AndroidJUnitRunner.java:384)
12-11 17:59:28.554 9703-9719/? I/TestRunner: 	at android.app.Instrumentation$InstrumentationThread.run(Instrumentation.java:2145)
12-11 17:59:28.554 9703-9719/? I/TestRunner: ----- end exception -----
12-11 17:59:28.557 9703-9719/? I/TestRunner: finished: loginFlaky1(com.freenow.android_demo.tests.LoginTest)
12-11 17:59:28.562 9703-9703/? I/MonitoringInstr: Activities that are still in CREATED to STOPPED: 1
12-11 17:59:28.562 9703-9703/? I/MonitoringInstr: Finishing activity: com.freenow.android_demo.activities.AuthenticationActivity@b53ff16
12-11 17:59:28.567 9703-9719/? I/MonitoringInstr: Unstopped activity count: 1
12-11 17:59:28.567 9703-9703/? D/LifecycleMonitor: Lifecycle status change: com.freenow.android_demo.activities.AuthenticationActivity@b53ff16 in: PAUSED
12-11 17:59:28.596 1649-1700/? D/gralloc_ranchu: gralloc_alloc: Creating ashmem region of size 16592896
12-11 17:59:28.599 2008-2078/? D/gralloc_ranchu: gralloc_unregister_buffer: exiting HostConnection (is buffer-handling thread)
12-11 17:59:28.599 2008-2078/? D/: HostConnection::get() New Host Connection established 0xd0417340, tid 2078
12-11 17:59:28.602 2008-2078/? D/gralloc_ranchu: gralloc_unregister_buffer: exiting HostConnection (is buffer-handling thread)
12-11 17:59:28.603 1823-1853/? W/SurfaceFlinger: Attempting to set client state on removed layer: Splash Screen com.freenow.android_demo#0
12-11 17:59:28.603 1823-1853/? W/SurfaceFlinger: Attempting to destroy on removed layer: Splash Screen com.freenow.android_demo#0
12-11 17:59:28.618 9703-9719/? I/MonitoringInstr: Unstopped activity count: 1
12-11 17:59:28.627 1823-2106/? D/: HostConnection::get() New Host Connection established 0xea8984c0, tid 2106
12-11 17:59:28.628 1649-1700/? D/gralloc_ranchu: gralloc_alloc: Creating ashmem region of size 16592896
12-11 17:59:28.656 1649-1700/? D/gralloc_ranchu: gralloc_alloc: Creating ashmem region of size 16592896
12-11 17:59:28.669 9703-9719/? I/MonitoringInstr: Unstopped activity count: 1
12-11 17:59:28.679 1823-1823/? D/SurfaceFlinger: duplicate layer name: changing com.google.android.apps.nexuslauncher/com.google.android.apps.nexuslauncher.NexusLauncherActivity to com.google.android.apps.nexuslauncher/com.google.android.apps.nexuslauncher.NexusLauncherActivity#1
12-11 17:59:28.681 1866-1908/? D/gralloc_ranchu: gralloc_unregister_buffer: exiting HostConnection (is buffer-handling thread)
12-11 17:59:28.681 1866-1908/? D/: HostConnection::get() New Host Connection established 0xf17bc240, tid 1908
12-11 17:59:28.682 1866-1908/? D/gralloc_ranchu: gralloc_unregister_buffer: exiting HostConnection (is buffer-handling thread)
12-11 17:59:28.686 1649-1700/? D/gralloc_ranchu: gralloc_alloc: Creating ashmem region of size 16592896
12-11 17:59:28.706 3353-3521/? D/EGL_emulation: eglMakeCurrent: 0xeb406020: ver 3 0 (tinfo 0xeb403d00)
12-11 17:59:28.706 1649-1700/? D/gralloc_ranchu: gralloc_alloc: Creating ashmem region of size 16592896
12-11 17:59:28.710 1866-1908/? D/: HostConnection::get() New Host Connection established 0xf17bc240, tid 1908
12-11 17:59:28.720 9703-9719/? I/MonitoringInstr: Unstopped activity count: 1
12-11 17:59:28.730 1649-1700/? D/gralloc_ranchu: gralloc_alloc: Creating ashmem region of size 16592896
12-11 17:59:28.753 3353-3353/? I/MicroDetectionWorker: #startMicroDetector [speakerMode: 0]
12-11 17:59:28.753 3353-3353/? I/AudioController: Using mInputStreamFactoryBuilder
12-11 17:59:28.753 3353-3353/? I/AudioController: Created new AudioSource
12-11 17:59:28.758 3353-3353/? I/MicroDetectionWorker: onReady
12-11 17:59:28.761 3007-3007/? I/GoogleInputMethod: onStartInput() : Dummy InputConnection bound
12-11 17:59:28.763 3385-3453/? D/EGL_emulation: eglMakeCurrent: 0xd8372c00: ver 3 0 (tinfo 0xd7d1d030)
12-11 17:59:28.772 9703-9719/? I/MonitoringInstr: Unstopped activity count: 1
12-11 17:59:28.779 3353-7602/? I/MicroRecognitionRunner: Starting detection.
12-11 17:59:28.780 3353-9457/? I/MicrophoneInputStream: mic_starting  SR : 16000 CC : 16 SO : 6
12-11 17:59:28.783 1658-1712/? E/: Request requires android.permission.RECORD_AUDIO
12-11 17:59:28.783 1658-1712/? E/AudioPolicyIntefaceImpl: getInputForAttr permission denied: recording not allowed for uid 10039 pid 3353
12-11 17:59:28.783 1658-1712/? E/AudioFlinger: createRecord() checkRecordThread_l failed
12-11 17:59:28.783 3353-9457/? E/IAudioFlinger: createRecord returned error -22
12-11 17:59:28.783 3353-9457/? E/AudioRecord: AudioFlinger could not create record track, status: -22
12-11 17:59:28.784 3353-9457/? E/AudioRecord-JNI: Error creating AudioRecord instance: initialization check failed with status -22.
12-11 17:59:28.784 3353-9457/? E/android.media.AudioRecord: Error code -20 when initializing native AudioRecord object.
12-11 17:59:28.784 3353-9457/? I/MicrophoneInputStream: mic_started  SR : 16000 CC : 16 SO : 6
12-11 17:59:28.791 1649-1700/? D/gralloc_ranchu: gralloc_alloc: Creating ashmem region of size 16592896
12-11 17:59:28.814 2213-2473/? D/EGL_emulation: eglMakeCurrent: 0xeb4059c0: ver 3 0 (tinfo 0xeb403a50)
12-11 17:59:28.821 2213-2473/? D/EGL_emulation: eglMakeCurrent: 0xeb4059c0: ver 3 0 (tinfo 0xeb403a50)
12-11 17:59:28.823 9703-9719/? I/MonitoringInstr: Unstopped activity count: 1
12-11 17:59:28.828 1823-2461/? D/gralloc_ranchu: gralloc_unregister_buffer: exiting HostConnection (is buffer-handling thread)
12-11 17:59:28.828 1823-2461/? D/: HostConnection::get() New Host Connection established 0xea898080, tid 2461
12-11 17:59:28.829 1823-2461/? D/gralloc_ranchu: gralloc_unregister_buffer: exiting HostConnection (is buffer-handling thread)
12-11 17:59:28.830 2008-2078/? D/: HostConnection::get() New Host Connection established 0xeb408a80, tid 2078
12-11 17:59:28.840 2008-2162/? I/GnssLocationProvider: WakeLock acquired by sendMessage(REPORT_SV_STATUS, 0, com.android.server.location.GnssLocationProvider$SvStatusInfo@1456a8f)
12-11 17:59:28.841 2008-2022/? I/GnssLocationProvider: WakeLock released by handleMessage(REPORT_SV_STATUS, 0, com.android.server.location.GnssLocationProvider$SvStatusInfo@1456a8f)
12-11 17:59:28.843 3353-9457/? E/ActivityThread: Failed to find provider info for com.google.android.apps.gsa.testing.ui.audio.recorded
12-11 17:59:28.844 3353-9457/? I/MicrophoneInputStream: mic_close  SR : 16000 CC : 16 SO : 6
12-11 17:59:28.845 3353-7602/? I/MicroRecognitionRunner: Detection finished
12-11 17:59:28.845 3353-7602/? W/ErrorReporter: reportError [type: 211, code: 524300]: Error reading from input stream
12-11 17:59:28.845 3353-3602/? I/MicroRecognitionRunner: Stopping hotword detection.
12-11 17:59:28.845 3353-7602/? W/ErrorProcessor: onFatalError, processing error from engine(4)
12-11 17:59:28.845 3353-7602/? W/ErrorProcessor: com.google.android.apps.gsa.shared.speech.b.g: Error reading from input stream
12-11 17:59:28.845 3353-7602/? W/ErrorProcessor: 	at com.google.android.apps.gsa.staticplugins.microdetection.d.k.a(SourceFile:91)
12-11 17:59:28.845 3353-7602/? W/ErrorProcessor: 	at com.google.android.apps.gsa.staticplugins.microdetection.d.l.run(Unknown Source:14)
12-11 17:59:28.845 3353-7602/? W/ErrorProcessor: 	at com.google.android.libraries.gsa.runner.a.a.b(SourceFile:32)
12-11 17:59:28.845 3353-7602/? W/ErrorProcessor: 	at com.google.android.libraries.gsa.runner.a.c.call(Unknown Source:4)
12-11 17:59:28.845 3353-7602/? W/ErrorProcessor: 	at java.util.concurrent.FutureTask.run(FutureTask.java:266)
12-11 17:59:28.845 3353-7602/? W/ErrorProcessor: 	at java.util.concurrent.Executors$RunnableAdapter.call(Executors.java:458)
12-11 17:59:28.845 3353-7602/? W/ErrorProcessor: 	at java.util.concurrent.FutureTask.run(FutureTask.java:266)
12-11 17:59:28.845 3353-7602/? W/ErrorProcessor: 	at com.google.android.apps.gsa.shared.util.concurrent.b.g.run(Unknown Source:4)
12-11 17:59:28.845 3353-7602/? W/ErrorProcessor: 	at com.google.android.apps.gsa.shared.util.concurrent.b.aw.run(SourceFile:4)
12-11 17:59:28.845 3353-7602/? W/ErrorProcessor: 	at com.google.android.apps.gsa.shared.util.concurrent.b.aw.run(SourceFile:4)
12-11 17:59:28.845 3353-7602/? W/ErrorProcessor: 	at java.util.concurrent.ThreadPoolExecutor.runWorker(ThreadPoolExecutor.java:1167)
12-11 17:59:28.845 3353-7602/? W/ErrorProcessor: 	at java.util.concurrent.ThreadPoolExecutor$Worker.run(ThreadPoolExecutor.java:641)
12-11 17:59:28.845 3353-7602/? W/ErrorProcessor: 	at java.lang.Thread.run(Thread.java:764)
12-11 17:59:28.845 3353-7602/? W/ErrorProcessor: 	at com.google.android.apps.gsa.shared.util.concurrent.b.i.run(SourceFile:6)
12-11 17:59:28.845 3353-7602/? W/ErrorProcessor: Caused by: com.google.android.apps.gsa.shared.exception.GsaIOException: Error code: 393238 | Buffer overflow, no available space.
12-11 17:59:28.845 3353-7602/? W/ErrorProcessor: 	at com.google.android.apps.gsa.speech.audio.Tee.j(SourceFile:103)
12-11 17:59:28.845 3353-7602/? W/ErrorProcessor: 	at com.google.android.apps.gsa.speech.audio.au.read(SourceFile:2)
12-11 17:59:28.845 3353-7602/? W/ErrorProcessor: 	at java.io.InputStream.read(InputStream.java:101)
12-11 17:59:28.845 3353-7602/? W/ErrorProcessor: 	at com.google.android.apps.gsa.speech.audio.ao.run(SourceFile:17)
12-11 17:59:28.845 3353-7602/? W/ErrorProcessor: 	at com.google.android.apps.gsa.speech.audio.an.run(SourceFile:2)
12-11 17:59:28.845 3353-7602/? W/ErrorProcessor: 	at java.util.concurrent.Executors$RunnableAdapter.call(Executors.java:458)
12-11 17:59:28.845 3353-7602/? W/ErrorProcessor: 	... 10 more
12-11 17:59:28.845 3353-7602/? I/AudioController: internalShutdown
12-11 17:59:28.845 3353-3353/? I/MicroDetectionWorker: onReady
12-11 17:59:28.846 3353-3353/? I/MicroDetector: Keeping mic open: false
12-11 17:59:28.846 3353-9472/? I/DeviceStateChecker: DeviceStateChecker cancelled
12-11 17:59:28.846 3353-3353/? I/MicroDetectionWorker: #onError(false)
12-11 17:59:28.859 3385-3399/? W/System: A resource failed to call release. 
12-11 17:59:28.859 3385-3399/? W/System: A resource failed to call release. 
12-11 17:59:28.860 3385-3399/? D/: HostConnection::get() New Host Connection established 0xd7a17340, tid 3399
12-11 17:59:28.860 3385-3399/? D/gralloc_ranchu: gralloc_unregister_buffer: exiting HostConnection (is buffer-handling thread)
12-11 17:59:28.860 3385-3399/? D/: HostConnection::get() New Host Connection established 0xd7a17340, tid 3399
12-11 17:59:28.860 3385-3399/? D/gralloc_ranchu: gralloc_unregister_buffer: exiting HostConnection (is buffer-handling thread)
12-11 17:59:28.862 2213-2224/? D/: HostConnection::get() New Host Connection established 0xd51fa640, tid 2224
12-11 17:59:28.863 2213-2224/? D/gralloc_ranchu: gralloc_unregister_buffer: exiting HostConnection (is buffer-handling thread)
12-11 17:59:28.863 2213-2224/? D/: HostConnection::get() New Host Connection established 0xd51fa640, tid 2224
12-11 17:59:28.864 2213-2224/? D/gralloc_ranchu: gralloc_unregister_buffer: exiting HostConnection (is buffer-handling thread)
12-11 17:59:28.874 9703-9719/? I/MonitoringInstr: Unstopped activity count: 1
12-11 17:59:28.925 9703-9719/? I/chatty: uid=10091(com.freenow.android_demo) ustomTestRunner identical 1 line
12-11 17:59:28.976 9703-9719/? I/MonitoringInstr: Unstopped activity count: 1
12-11 17:59:29.011 1866-1908/? D/gralloc_ranchu: gralloc_unregister_buffer: exiting HostConnection (is buffer-handling thread)
12-11 17:59:29.011 1866-1908/? D/: HostConnection::get() New Host Connection established 0xf17bc240, tid 1908
12-11 17:59:29.011 1866-1908/? D/gralloc_ranchu: gralloc_unregister_buffer: exiting HostConnection (is buffer-handling thread)
12-11 17:59:29.012 1866-1908/? D/: HostConnection::get() New Host Connection established 0xf17bc240, tid 1908
12-11 17:59:29.012 1866-1908/? D/gralloc_ranchu: gralloc_unregister_buffer: exiting HostConnection (is buffer-handling thread)
12-11 17:59:29.012 1866-1908/? D/: HostConnection::get() New Host Connection established 0xf17bc240, tid 1908
12-11 17:59:29.013 1866-1908/? D/gralloc_ranchu: gralloc_unregister_buffer: exiting HostConnection (is buffer-handling thread)