12-11 17:59:34.353 1823-1853/? D/: HostConnection::get() New Host Connection established 0xe9f72900, tid 1853
12-11 17:59:34.354 1823-1853/? D/gralloc_ranchu: gralloc_unregister_buffer: exiting HostConnection (is buffer-handling thread)
12-11 17:59:34.354 1823-1853/? D/: HostConnection::get() New Host Connection established 0xe9f72900, tid 1853
12-11 17:59:34.354 1823-1853/? D/gralloc_ranchu: gralloc_unregister_buffer: exiting HostConnection (is buffer-handling thread)
12-11 17:59:34.356 9804-9820/? I/MonitoringInstr: Unstopped activity count: 2
12-11 17:59:34.359 1866-1866/? D/: HostConnection::get() New Host Connection established 0xf17bc1c0, tid 1866
12-11 17:59:34.366 9804-9804/? D/LifecycleMonitor: Lifecycle status change: com.freenow.android_demo.activities.MainActivity@e95803 in: STOPPED
12-11 17:59:34.369 9804-9804/? D/LifecycleMonitor: Lifecycle status change: com.freenow.android_demo.activities.MainActivity@e95803 in: DESTROYED
12-11 17:59:34.371 9804-9804/? D/: HostConnection::get() New Host Connection established 0xd8260400, tid 9804
12-11 17:59:34.372 9804-9804/? D/gralloc_ranchu: gralloc_unregister_buffer: exiting HostConnection (is buffer-handling thread)
12-11 17:59:34.373 9804-9804/? D/: HostConnection::get() New Host Connection established 0xd8260400, tid 9804
12-11 17:59:34.374 9804-9804/? D/gralloc_ranchu: gralloc_unregister_buffer: exiting HostConnection (is buffer-handling thread)
12-11 17:59:34.380 1823-1853/? D/: HostConnection::get() New Host Connection established 0xe9f72900, tid 1853
12-11 17:59:34.380 1823-1853/? D/gralloc_ranchu: gralloc_unregister_buffer: exiting HostConnection (is buffer-handling thread)
12-11 17:59:34.380 1823-1853/? D/: HostConnection::get() New Host Connection established 0xe9f72900, tid 1853
12-11 17:59:34.381 1823-1853/? D/gralloc_ranchu: gralloc_unregister_buffer: exiting HostConnection (is buffer-handling thread)
12-11 17:59:34.381 1823-1853/? D/: HostConnection::get() New Host Connection established 0xe9f72900, tid 1853
12-11 17:59:34.381 1823-1853/? D/gralloc_ranchu: gralloc_unregister_buffer: exiting HostConnection (is buffer-handling thread)
12-11 17:59:34.382 1823-1853/? D/: HostConnection::get() New Host Connection established 0xe9f72900, tid 1853
12-11 17:59:34.382 1823-1853/? D/gralloc_ranchu: gralloc_unregister_buffer: exiting HostConnection (is buffer-handling thread)
12-11 17:59:34.387 9804-9804/? D/AutofillManager: onActivityFinishing(): calling cancelLocked()
12-11 17:59:34.388 9804-9804/? D/LifecycleMonitor: Lifecycle status change: com.freenow.android_demo.activities.AuthenticationActivity@b53ff16 in: STOPPED
12-11 17:59:34.388 9804-9804/? D/LifecycleMonitor: Lifecycle status change: com.freenow.android_demo.activities.AuthenticationActivity@b53ff16 in: DESTROYED
12-11 17:59:34.407 9804-9820/? I/TestRunner: run finished: 1 tests, 0 failed, 0 ignored
12-11 17:59:34.410 9804-9820/? I/MonitoringInstr: waitForActivitiesToComplete() took: 0ms
12-11 17:59:34.410 9804-9804/? I/MonitoringInstr: Activities that are still in CREATED to STOPPED: 0
12-11 17:59:34.411 2008-4391/? W/WindowManager: removeWindowToken: Attempted to remove non-existing token: android.os.Binder@1c577b4
12-11 17:59:34.414 2008-2008/? V/SettingsProvider: Notifying for 0: content://settings/secure/accessibility_enabled
12-11 17:59:34.420 2008-9480/? W/Binder: Outgoing transactions from this process must be FLAG_ONEWAY
12-11 17:59:34.420 2008-9480/? W/Binder: java.lang.Throwable
12-11 17:59:34.420 2008-9480/? W/Binder: 	at android.os.BinderProxy.transact(Binder.java:1114)
12-11 17:59:34.420 2008-9480/? W/Binder: 	at android.app.IInstrumentationWatcher$Stub$Proxy.instrumentationFinished(IInstrumentationWatcher.java:164)
12-11 17:59:34.420 2008-9480/? W/Binder: 	at com.android.server.am.InstrumentationReporter$MyThread.run(InstrumentationReporter.java:86)
12-11 17:59:34.421 9795-9795/? D/AndroidRuntime: Shutting down VM
12-11 17:59:34.421 2008-4987/? I/ActivityManager: Force stopping com.freenow.android_demo appid=10091 user=0: finished inst
12-11 17:59:34.423 2008-4987/? I/ActivityManager: Killing 9804:com.freenow.android_demo/u0a91 (adj 0): stop com.freenow.android_demo
12-11 17:59:34.425 2008-2026/? W/libprocessgroup: kill(-9804, 9) failed: No such process
12-11 17:59:34.467 2008-2026/? W/libprocessgroup: kill(-9804, 9) failed: No such process
12-11 17:59:34.476 1824-1824/? I/Zygote: Process 9804 exited due to signal (9)
12-11 17:59:34.479 2008-2033/? W/ActivityManager: setHasOverlayUi called on unknown pid: 9804
12-11 17:59:34.513 2008-2026/? W/libprocessgroup: kill(-9804, 9) failed: No such process
12-11 17:59:34.513 2008-2026/? I/libprocessgroup: Successfully killed process cgroup uid 10091 pid 9804 in 87ms
12-11 17:59:34.571 9900-9900/? D/AndroidRuntime: >>>>>> START com.android.internal.os.RuntimeInit uid 2000 <<<<<<
12-11 17:59:34.607 9900-9900/? W/app_process: Unexpected CPU variant for X86 using defaults: x86
12-11 17:59:34.608 9900-9900/? I/app_process: The ClassLoaderContext is a special shared library.
12-11 17:59:34.612 9900-9900/? W/app_process: CheckJNI: method to register "write" not in the given class. This is slow, consider changing your RegisterNatives calls.
12-11 17:59:34.613 9900-9900/? I/chatty: uid=2000(shell) app_process identical 42 lines
12-11 17:59:34.613 9900-9900/? W/app_process: CheckJNI: method to register "write" not in the given class. This is slow, consider changing your RegisterNatives calls.
12-11 17:59:34.613 9900-9900/? W/app_process: CheckJNI: method to register "write_non_chained" not in the given class. This is slow, consider changing your RegisterNatives calls.
12-11 17:59:34.613 9900-9900/? I/chatty: uid=2000(shell) app_process identical 7 lines
12-11 17:59:34.613 9900-9900/? W/app_process: CheckJNI: method to register "write_non_chained" not in the given class. This is slow, consider changing your RegisterNatives calls.
12-11 17:59:34.627 9900-9900/? D/AndroidRuntime: Calling main entry com.android.commands.am.Am
12-11 17:59:34.634 2008-5620/? I/ActivityManager: Force stopping com.freenow.android_demo appid=10091 user=0: start instr
12-11 17:59:34.644 9909-9909/? I/ow.android_dem: Not late-enabling -Xcheck:jni (already on)
12-11 17:59:34.649 2008-2025/? I/ActivityManager: Start proc 9909:com.freenow.android_demo/u0a91 for added application com.freenow.android_demo
12-11 17:59:34.657 9909-9909/? W/ow.android_dem: Unexpected CPU variant for X86 using defaults: x86
12-11 17:59:34.698 9909-9909/? I/ow.android_dem: The ClassLoaderContext is a special shared library.
12-11 17:59:34.698 9909-9909/? I/chatty: uid=10091(com.freenow.android_demo) identical 1 line
12-11 17:59:34.699 9909-9909/? I/ow.android_dem: The ClassLoaderContext is a special shared library.
12-11 17:59:34.864 2008-2162/? I/GnssLocationProvider: WakeLock acquired by sendMessage(REPORT_SV_STATUS, 0, com.android.server.location.GnssLocationProvider$SvStatusInfo@be2db5c)
12-11 17:59:34.868 2008-2022/? I/GnssLocationProvider: WakeLock released by handleMessage(REPORT_SV_STATUS, 0, com.android.server.location.GnssLocationProvider$SvStatusInfo@be2db5c)
12-11 17:59:34.907 9909-9909/? I/ow.android_dem: The ClassLoaderContext is a special shared library.
12-11 17:59:34.908 9909-9909/? I/chatty: uid=10091(com.freenow.android_demo) identical 1 line
12-11 17:59:34.908 9909-9909/? I/ow.android_dem: The ClassLoaderContext is a special shared library.
12-11 17:59:35.088 9909-9909/? W/ow.android_dem: Accessing hidden method Landroid/app/Instrumentation;->execStartActivity(Landroid/content/Context;Landroid/os/IBinder;Landroid/os/IBinder;Landroid/app/Activity;Landroid/content/Intent;ILandroid/os/Bundle;)Landroid/app/Instrumentation$ActivityResult; (light greylist, linking)
12-11 17:59:35.088 9909-9909/? W/ow.android_dem: Accessing hidden method Landroid/app/Instrumentation;->execStartActivity(Landroid/content/Context;Landroid/os/IBinder;Landroid/os/IBinder;Ljava/lang/String;Landroid/content/Intent;ILandroid/os/Bundle;)Landroid/app/Instrumentation$ActivityResult; (light greylist, linking)
12-11 17:59:35.099 9909-9909/? I/MonitoringInstr: Instrumentation started on process com.freenow.android_demo
12-11 17:59:35.099 9909-9909/? I/MonitoringInstr: Setting context classloader to 'dalvik.system.PathClassLoader[DexPathList[[zip file "/system/framework/android.test.runner.jar", zip file "/system/framework/android.test.mock.jar", zip file "/system/framework/org.apache.http.legacy.boot.jar", zip file "/data/app/com.freenow.android_demo.test-YKOoP1wx3D_cFo95rnjz0A==/base.apk", zip file "/data/app/com.freenow.android_demo-nMXqjW9uPoPDqzYuoeiN2A==/base.apk"],nativeLibraryDirectories=[/data/app/com.freenow.android_demo.test-YKOoP1wx3D_cFo95rnjz0A==/lib/x86, /data/app/com.freenow.android_demo-nMXqjW9uPoPDqzYuoeiN2A==/lib/x86, /system/lib]]]', Original: 'dalvik.system.PathClassLoader[DexPathList[[zip file "/system/framework/android.test.runner.jar", zip file "/system/framework/android.test.mock.jar", zip file "/system/framework/org.apache.http.legacy.boot.jar", zip file "/data/app/com.freenow.android_demo.test-YKOoP1wx3D_cFo95rnjz0A==/base.apk", zip file "/data/app/com.freenow.android_demo-nMXqjW9uPoPDqzYuoeiN2A==/base.apk"],nativeLibraryDirectories=[/data/app/com.freenow.android_demo.test-YKOoP1wx3D_cFo95rnjz0A==/lib/x86, /data/app/com.freenow.android_demo-nMXqjW9uPoPDqzYuoeiN2A==/lib/x86, /system/lib]]]'
12-11 17:59:35.104 9909-9909/? I/MonitoringInstr: No JSBridge.
12-11 17:59:35.105 9909-9925/? I/MonitoringInstr: Setting context classloader to 'dalvik.system.PathClassLoader[DexPathList[[zip file "/system/framework/android.test.runner.jar", zip file "/system/framework/android.test.mock.jar", zip file "/system/framework/org.apache.http.legacy.boot.jar", zip file "/data/app/com.freenow.android_demo.test-YKOoP1wx3D_cFo95rnjz0A==/base.apk", zip file "/data/app/com.freenow.android_demo-nMXqjW9uPoPDqzYuoeiN2A==/base.apk"],nativeLibraryDirectories=[/data/app/com.freenow.android_demo.test-YKOoP1wx3D_cFo95rnjz0A==/lib/x86, /data/app/com.freenow.android_demo-nMXqjW9uPoPDqzYuoeiN2A==/lib/x86, /system/lib]]]', Original: 'dalvik.system.PathClassLoader[DexPathList[[zip file "/system/framework/android.test.runner.jar", zip file "/system/framework/android.test.mock.jar", zip file "/system/framework/org.apache.http.legacy.boot.jar", zip file "/data/app/com.freenow.android_demo.test-YKOoP1wx3D_cFo95rnjz0A==/base.apk", zip file "/data/app/com.freenow.android_demo-nMXqjW9uPoPDqzYuoeiN2A==/base.apk"],nativeLibraryDirectories=[/data/app/com.freenow.android_demo.test-YKOoP1wx3D_cFo95rnjz0A==/lib/x86, /data/app/com.freenow.android_demo-nMXqjW9uPoPDqzYuoeiN2A==/lib/x86, /system/lib]]]'
12-11 17:59:35.114 9909-9925/? I/UsageTrackerFacilitator: Usage tracking disabled
12-11 17:59:35.127 9909-9925/? D/TestExecutor: Adding listener android.support.test.internal.runner.listener.LogRunListener
12-11 17:59:35.127 9909-9925/? D/TestExecutor: Adding listener android.support.test.internal.runner.listener.InstrumentationResultPrinter
12-11 17:59:35.127 9909-9925/? D/TestExecutor: Adding listener android.support.test.internal.runner.listener.ActivityFinisherRunListener
12-11 17:59:35.133 9909-9925/? I/TestRunner: run started: 1 tests
12-11 17:59:35.140 2008-2008/? V/SettingsProvider: Notifying for 0: content://settings/secure/accessibility_enabled
12-11 17:59:35.145 9909-9925/? I/TestRunner: started: loginFailing1(com.freenow.android_demo.tests.LoginTest)
12-11 17:59:35.148 9909-9909/? I/MonitoringInstr: Activities that are still in CREATED to STOPPED: 0
12-11 17:59:35.150 9909-9925/? I/GrantPermissionCallable: Permission: android.permission.ACCESS_FINE_LOCATION is already granted!
12-11 17:59:35.159 9909-9925/? W/ActivityTestRule: getActivityIntent() returned null using default: Intent(Intent.ACTION_MAIN)
12-11 17:59:35.161 2008-2181/? I/ActivityManager: START u0 {act=android.intent.action.MAIN flg=0x14000000 cmp=com.freenow.android_demo/.activities.MainActivity} from uid 10091
12-11 17:59:35.185 9909-9909/? W/ActivityThread: handleWindowVisibility: no activity for token android.os.BinderProxy@d61ea14
12-11 17:59:35.207 1649-8500/? D/gralloc_ranchu: gralloc_alloc: Creating ashmem region of size 16592896
12-11 17:59:35.227 9909-9909/? D/LifecycleMonitor: Lifecycle status change: com.freenow.android_demo.activities.MainActivity@e95803 in: PRE_ON_CREATE
12-11 17:59:35.235 2008-2078/? D/: HostConnection::get() New Host Connection established 0xcb07f180, tid 2078
12-11 17:59:35.270 9909-9909/? W/ow.android_dem: Accessing hidden method Landroid/view/View;->computeFitSystemWindows(Landroid/graphics/Rect;Landroid/graphics/Rect;)Z (light greylist, reflection)
12-11 17:59:35.271 9909-9909/? W/ow.android_dem: Accessing hidden method Landroid/view/ViewGroup;->makeOptionalFitsSystemWindows()V (light greylist, reflection)
12-11 17:59:35.307 1649-8500/? D/gralloc_ranchu: gralloc_alloc: Creating ashmem region of size 16592896
12-11 17:59:35.309 1823-2106/? E/SurfaceFlinger: ro.sf.lcd_density must be defined as a build property
12-11 17:59:35.315 9933-9940/? I/OMXClient: IOmx service obtained
12-11 17:59:35.316 1838-2271/? I/OMXMaster: makeComponentInstance(OMX.google.h264.encoder) in omx@1.0-service process
12-11 17:59:35.328 9933-9940/? W/OMXUtils: do not know color format 0x7f000789 = 2130708361
12-11 17:59:35.330 1823-1853/? D/: HostConnection::get() New Host Connection established 0xe1c94bc0, tid 1853
12-11 17:59:35.334 9933-9940/? I/ACodec: setupAVCEncoderParameters with [profile: Baseline] [level: Level41]
12-11 17:59:35.337 9933-9940/? I/ACodec: [OMX.google.h264.encoder] cannot encode color aspects. Ignoring.
12-11 17:59:35.337 9933-9940/? I/ACodec: [OMX.google.h264.encoder] cannot encode HDR static metadata. Ignoring.
12-11 17:59:35.337 9933-9940/? I/ACodec: setupVideoEncoder succeeded
12-11 17:59:35.339 9933-9940/? W/OMXUtils: do not know color format 0x7f000789 = 2130708361
12-11 17:59:35.339 1838-2271/? E/OMXNodeInstance: getConfig(0xe9527080:google.h264.encoder, ConfigLatency(0x6f800005)) ERROR: Undefined(0x80001001)
12-11 17:59:35.339 1838-2271/? E/OMXNodeInstance: getConfig(0xe9527080:google.h264.encoder, ConfigAndroidVendorExtension(0x6f100004)) ERROR: Undefined(0x80001001)
12-11 17:59:35.352 1838-2271/? D/GraphicBufferSource: setting dataspace: 0x104, acquired=0
12-11 17:59:35.353 1838-2271/? D/GraphicBufferSource: requesting color aspects (R:2(Limited), P:1(BT709_5), M:1(BT709_5), T:3(SMPTE170M))
12-11 17:59:35.362 1637-1637/? W/AshmemAllocator: ashmem_create_region(12) returning hidl_memory(0xf459c180, 12)
12-11 17:59:35.366 9909-9909/? I/zzbz: Making Creator dynamically
12-11 17:59:35.373 1637-1637/? W/AshmemAllocator: ashmem_create_region(12) returning hidl_memory(0xf459c180, 12)
12-11 17:59:35.377 1637-1637/? W/AshmemAllocator: ashmem_create_region(3110400) returning hidl_memory(0xf459c180, 3110400)
12-11 17:59:35.378 1637-1637/? W/AshmemAllocator: ashmem_create_region(3110400) returning hidl_memory(0xf459c180, 3110400)
12-11 17:59:35.379 9909-9909/? W/ow.android_dem: Unsupported class loader
12-11 17:59:35.384 9909-9909/? I/DynamiteModule: Considering local module com.google.android.gms.maps_dynamite:0 and remote module com.google.android.gms.maps_dynamite:221
12-11 17:59:35.384 9909-9909/? I/DynamiteModule: Selected remote version of com.google.android.gms.maps_dynamite, version >= 221
12-11 17:59:35.384 1838-9942/? D/SoftAVCEnc: Params width 1440 height 2880 level 50 colorFormat 0
12-11 17:59:35.384 1838-9942/? E/SoftAVCEnc: Fill memory records failed = 0x192
12-11 17:59:35.384 1838-9942/? E/SoftAVCEnc: Failed to initialize encoder
12-11 17:59:35.392 1838-9942/? D/SoftAVCEnc: Params width 1440 height 2880 level 50 colorFormat 0
12-11 17:59:35.379 1823-1823/? W/Binder:1823_1: type=1400 audit(0.0:71): avc: denied { call } for scontext=u:r:surfaceflinger:s0 tcontext=u:r:mediacodec:s0 tclass=binder permissive=0 b/77924251
12-11 17:59:35.392 1838-9942/? E/SoftAVCEnc: Fill memory records failed = 0x192
12-11 17:59:35.392 1838-9942/? E/SoftAVCEnc: Failed to initialize encoder
12-11 17:59:35.393 1823-1853/? E/: HpInterface: Wrong interface type.
12-11 17:59:35.394 9933-9940/? E/ACodec: [OMX.google.h264.encoder] ERROR(0x80001001)
12-11 17:59:35.394 9933-9940/? E/ACodec: signalError(omxError 0x80001001, internalError -2147483648)
12-11 17:59:35.394 9933-9940/? E/ACodec: [OMX.google.h264.encoder] ERROR(0x80001001)
12-11 17:59:35.394 9933-9940/? E/ACodec: signalError(omxError 0x80001001, internalError -2147483648)
12-11 17:59:35.394 9933-9940/? E/ACodec: [OMX.google.h264.encoder] ERROR(0x80001001)
12-11 17:59:35.394 9933-9940/? E/ACodec: signalError(omxError 0x80001001, internalError -2147483648)
12-11 17:59:35.394 9933-9940/? E/ACodec: [OMX.google.h264.encoder] ERROR(0x80001001)
12-11 17:59:35.394 9933-9940/? E/ACodec: signalError(omxError 0x80001001, internalError -2147483648)
12-11 17:59:35.394 9933-9939/? E/MediaCodec: Codec reported err 0x80001001, actionCode 0, while in state 6
12-11 17:59:35.396 9933-9939/? E/MediaCodec: Codec reported err 0x80001001, actionCode 0, while in state 0
12-11 17:59:35.396 9933-9939/? I/chatty: uid=2000(shell) screenrecord identical 1 line
12-11 17:59:35.396 9933-9939/? E/MediaCodec: Codec reported err 0x80001001, actionCode 0, while in state 0
12-11 17:59:35.401 1823-1823/? E/HWComposer: getHdrCapabilities failed for display -1: Invalid display
12-11 17:59:35.402 1838-2271/? W/GraphicBufferSource: released unpopulated slots: [0, 1, 2, 3, 4, 5, 6, 7, 8, 9, 10, 11, 12, 13, 14, 15, 16, 17, 18, 19, 20, 21, 22, 23, 24, 25, 26, 27, 28, 29, 30, 31, 32, 33, 34, 35, 36, 37, 38, 39, 40, 41, 42, 43, 44, 45, 46, 47, 48, 49, 50, 51, 52, 53, 54, 55, 56, 57, 58, 59, 60, 61, 62, 63]
12-11 17:59:35.403 1649-8500/? D/gralloc_ranchu: gralloc_alloc: Creating ashmem region of size 16592896
12-11 17:59:35.411 9909-9909/? W/ow.android_dem: Unsupported class loader
12-11 17:59:35.412 9909-9909/? W/ow.android_dem: Skipping duplicate class check due to unsupported classloader
12-11 17:59:35.422 1838-2271/? D/: HostConnection::get() New Host Connection established 0xe8bcc600, tid 2271
12-11 17:59:35.430 9933-9945/? D/: HostConnection::get() New Host Connection established 0xf3bc7e00, tid 9945
12-11 17:59:35.434 9909-9909/? I/Google Maps Android API: Google Play services client version: 12451000
12-11 17:59:35.437 9933-9945/? D/gralloc_ranchu: gralloc_unregister_buffer: exiting HostConnection (is buffer-handling thread)
12-11 17:59:35.438 9909-9909/? I/Google Maps Android API: Google Play services package version: 16089022
12-11 17:59:35.440 9933-9945/? D/: HostConnection::get() New Host Connection established 0xf3bc7e00, tid 9945
12-11 17:59:35.441 9933-9945/? D/gralloc_ranchu: gralloc_unregister_buffer: exiting HostConnection (is buffer-handling thread)
12-11 17:59:35.443 1823-1823/? E/HWComposer: getSupportedPerFrameMetadata failed for display -1: Invalid display
12-11 17:59:35.445 9933-9933/? E/MediaMuxer: stop() is called in invalid state 1
12-11 17:59:35.446 1823-1823/? D/EGL_emulation: eglMakeCurrent: 0xeaf20a80: ver 3 0 (tinfo 0xeaf1c310)
12-11 17:59:35.448 1838-2271/? D/gralloc_ranchu: gralloc_unregister_buffer: exiting HostConnection (is buffer-handling thread)
12-11 17:59:35.452 1838-2271/? D/: HostConnection::get() New Host Connection established 0xe8bcc600, tid 2271
12-11 17:59:35.453 1838-2271/? D/gralloc_ranchu: gralloc_unregister_buffer: exiting HostConnection (is buffer-handling thread)
12-11 17:59:35.455 1838-2271/? E/BufferQueueProducer: [GraphicBufferSource] queueBuffer: BufferQueue has been abandoned
12-11 17:59:35.456 1823-1823/? E/Surface: queueBuffer: error queuing buffer to SurfaceTexture, -19
12-11 17:59:35.457 1838-2271/? E/BufferQueueProducer: [GraphicBufferSource] dequeueBuffer: BufferQueue has been abandoned
12-11 17:59:35.457 1838-2271/? E/media.codec: TWGraphicBufferProducer::dequeueBuffer - Invalid output fence
12-11 17:59:35.457 1823-1823/? E/EGL_emulation: tid 1823: swapBuffers(552): error 0x300d (EGL_BAD_SURFACE)
12-11 17:59:35.457 1823-1823/? E/SurfaceFlinger: eglSwapBuffers(0x1, 0xe2da4fe0) failed with 0x0000300d
12-11 17:59:35.458 1823-1823/? D/EGL_emulation: eglMakeCurrent: 0xeaf20a80: ver 3 0 (tinfo 0xeaf1c310)
12-11 17:59:35.458 9933-9933/? D/ScreenRecord: failed
12-11 17:59:35.465 1823-1823/? D/EGL_emulation: eglMakeCurrent: 0xeaf20a80: ver 3 0 (tinfo 0xeaf1c310)
12-11 17:59:35.470 1823-1823/? E/HWComposer: getLayerReleaseFence failed for display -1: Invalid display
12-11 17:59:35.470 1823-1823/? I/chatty: uid=1000(system) /system/bin/surfaceflinger identical 3 lines
12-11 17:59:35.470 1823-1823/? E/HWComposer: getLayerReleaseFence failed for display -1: Invalid display
12-11 17:59:35.471 1823-1823/? D/EGL_emulation: eglMakeCurrent: 0xeaf20a80: ver 3 0 (tinfo 0xeaf1c310)
12-11 17:59:35.474 1823-1823/? W/libEGL: EGLNativeWindowType 0xe2da2008 disconnect failed
12-11 17:59:35.536 9909-9909/? W/ow.android_dem: Accessing hidden field Ljava/nio/Buffer;->address:J (light greylist, reflection)
12-11 17:59:35.596 1866-1866/? D/gralloc_ranchu: gralloc_unregister_buffer: exiting HostConnection (is buffer-handling thread)
12-11 17:59:35.596 1866-1866/? D/: HostConnection::get() New Host Connection established 0xf17bc1c0, tid 1866
12-11 17:59:35.597 1866-1866/? D/gralloc_ranchu: gralloc_unregister_buffer: exiting HostConnection (is buffer-handling thread)
12-11 17:59:35.598 1866-1866/? D/: HostConnection::get() New Host Connection established 0xf17bc1c0, tid 1866
12-11 17:59:35.598 1866-1866/? D/gralloc_ranchu: gralloc_unregister_buffer: exiting HostConnection (is buffer-handling thread)
12-11 17:59:35.599 1866-1866/? D/: HostConnection::get() New Host Connection established 0xf17bc1c0, tid 1866
12-11 17:59:35.599 1866-1866/? D/gralloc_ranchu: gralloc_unregister_buffer: exiting HostConnection (is buffer-handling thread)
12-11 17:59:35.600 1866-1866/? D/: HostConnection::get() New Host Connection established 0xf17bc1c0, tid 1866
12-11 17:59:35.600 1866-1866/? D/gralloc_ranchu: gralloc_unregister_buffer: exiting HostConnection (is buffer-handling thread)
12-11 17:59:35.600 1866-1866/? D/: HostConnection::get() New Host Connection established 0xf17bc1c0, tid 1866
12-11 17:59:35.600 3353-3521/? D/EGL_emulation: eglMakeCurrent: 0xeb406020: ver 3 0 (tinfo 0xeb403d00)
12-11 17:59:35.600 1866-1866/? D/gralloc_ranchu: gralloc_unregister_buffer: exiting HostConnection (is buffer-handling thread)
12-11 17:59:35.601 1866-1866/? D/: HostConnection::get() New Host Connection established 0xf17bc1c0, tid 1866
12-11 17:59:35.601 1866-1866/? D/gralloc_ranchu: gralloc_unregister_buffer: exiting HostConnection (is buffer-handling thread)
12-11 17:59:35.601 1866-1866/? D/: HostConnection::get() New Host Connection established 0xf17bc1c0, tid 1866
12-11 17:59:35.601 1866-1866/? D/gralloc_ranchu: gralloc_unregister_buffer: exiting HostConnection (is buffer-handling thread)
12-11 17:59:35.604 2213-2473/? D/EGL_emulation: eglMakeCurrent: 0xeb4059c0: ver 3 0 (tinfo 0xeb403a50)
12-11 17:59:35.607 1823-2106/? D/gralloc_ranchu: gralloc_unregister_buffer: exiting HostConnection (is buffer-handling thread)
12-11 17:59:35.609 1823-2106/? D/: HostConnection::get() New Host Connection established 0xea8984c0, tid 2106
12-11 17:59:35.609 1823-2106/? D/gralloc_ranchu: gralloc_unregister_buffer: exiting HostConnection (is buffer-handling thread)
12-11 17:59:35.610 1866-1866/? D/: HostConnection::get() New Host Connection established 0xf17bc200, tid 1866
12-11 17:59:35.610 1823-2106/? D/: HostConnection::get() New Host Connection established 0xea8984c0, tid 2106
12-11 17:59:35.611 1823-2106/? D/gralloc_ranchu: gralloc_unregister_buffer: exiting HostConnection (is buffer-handling thread)
12-11 17:59:35.611 1823-2106/? D/: HostConnection::get() New Host Connection established 0xea8984c0, tid 2106
12-11 17:59:35.612 1823-2106/? D/gralloc_ranchu: gralloc_unregister_buffer: exiting HostConnection (is buffer-handling thread)
12-11 17:59:35.615 3385-3453/? D/EGL_emulation: eglMakeCurrent: 0xd8372c00: ver 3 0 (tinfo 0xd7d1d030)
12-11 17:59:35.618 2213-2473/? D/EGL_emulation: eglMakeCurrent: 0xeb4059c0: ver 3 0 (tinfo 0xeb403a50)
12-11 17:59:35.619 1823-1975/? D/: HostConnection::get() New Host Connection established 0xea898200, tid 1975
12-11 17:59:35.621 1823-1975/? D/gralloc_ranchu: gralloc_unregister_buffer: exiting HostConnection (is buffer-handling thread)
12-11 17:59:35.621 1823-1975/? D/: HostConnection::get() New Host Connection established 0xea898200, tid 1975
12-11 17:59:35.621 1823-1975/? D/gralloc_ranchu: gralloc_unregister_buffer: exiting HostConnection (is buffer-handling thread)
12-11 17:59:35.851 9909-9909/? W/ow.android_dem: Accessing hidden method Lcom/android/org/conscrypt/OpenSSLSocketImpl;->setUseSessionTickets(Z)V (light greylist, reflection)
12-11 17:59:35.851 9909-9909/? W/ow.android_dem: Accessing hidden method Lcom/android/org/conscrypt/OpenSSLSocketImpl;->setHostname(Ljava/lang/String;)V (light greylist, reflection)
12-11 17:59:35.851 9909-9909/? W/ow.android_dem: Accessing hidden method Lcom/android/org/conscrypt/OpenSSLSocketImpl;->getAlpnSelectedProtocol()[B (light greylist, reflection)
12-11 17:59:35.851 9909-9909/? W/ow.android_dem: Accessing hidden method Lcom/android/org/conscrypt/OpenSSLSocketImpl;->setAlpnProtocols([B)V (light greylist, reflection)
12-11 17:59:35.858 9909-9909/? W/ow.android_dem: Accessing hidden method Ldalvik/system/CloseGuard;->get()Ldalvik/system/CloseGuard; (light greylist, reflection)
12-11 17:59:35.858 9909-9909/? W/ow.android_dem: Accessing hidden method Ldalvik/system/CloseGuard;->open(Ljava/lang/String;)V (light greylist, reflection)
12-11 17:59:35.858 9909-9909/? W/ow.android_dem: Accessing hidden method Ldalvik/system/CloseGuard;->warnIfOpen()V (light greylist, reflection)
12-11 17:59:35.858 9909-9909/? D/NetworkSecurityConfig: No Network Security Config specified, using platform default
12-11 17:59:35.866 2008-2162/? I/GnssLocationProvider: WakeLock acquired by sendMessage(REPORT_SV_STATUS, 0, com.android.server.location.GnssLocationProvider$SvStatusInfo@5f14e4a)
12-11 17:59:35.866 2008-2022/? I/GnssLocationProvider: WakeLock released by handleMessage(REPORT_SV_STATUS, 0, com.android.server.location.GnssLocationProvider$SvStatusInfo@5f14e4a)
12-11 17:59:35.888 9909-9909/? D/Test: Fetching drivers
12-11 17:59:35.896 9909-9909/? D/LifecycleMonitor: Lifecycle status change: com.freenow.android_demo.activities.MainActivity@e95803 in: CREATED
12-11 17:59:35.908 9909-9909/? D/LifecycleMonitor: Lifecycle status change: com.freenow.android_demo.activities.MainActivity@e95803 in: STARTED
12-11 17:59:35.909 9909-9974/? W/System.err: java.net.ConnectException: Failed to connect to localhost/127.0.0.1:8080
12-11 17:59:35.910 9909-9974/? W/System.err: 	at okhttp3.internal.connection.RealConnection.connectSocket(RealConnection.kt:270)
12-11 17:59:35.910 9909-9974/? W/System.err: 	at okhttp3.internal.connection.RealConnection.connect(RealConnection.kt:176)
12-11 17:59:35.910 9909-9974/? W/System.err: 	at okhttp3.internal.connection.ExchangeFinder.findConnection(ExchangeFinder.kt:236)
12-11 17:59:35.910 9909-9974/? W/System.err: 	at okhttp3.internal.connection.ExchangeFinder.findHealthyConnection(ExchangeFinder.kt:109)
12-11 17:59:35.910 9909-9974/? W/System.err: 	at okhttp3.internal.connection.ExchangeFinder.find(ExchangeFinder.kt:77)
12-11 17:59:35.910 9909-9974/? W/System.err: 	at okhttp3.internal.connection.Transmitter.newExchange$okhttp(Transmitter.kt:162)
12-11 17:59:35.910 9909-9974/? W/System.err: 	at okhttp3.internal.connection.ConnectInterceptor.intercept(ConnectInterceptor.kt:35)
12-11 17:59:35.910 9909-9974/? W/System.err: 	at okhttp3.internal.http.RealInterceptorChain.proceed(RealInterceptorChain.kt:112)
12-11 17:59:35.911 2008-2181/? I/ActivityManager: START u0 {cmp=com.freenow.android_demo/.activities.AuthenticationActivity} from uid 10091
12-11 17:59:35.911 9909-9974/? W/System.err: 	at okhttp3.internal.http.RealInterceptorChain.proceed(RealInterceptorChain.kt:87)
12-11 17:59:35.911 9909-9974/? W/System.err: 	at okhttp3.internal.cache.CacheInterceptor.intercept(CacheInterceptor.kt:82)
12-11 17:59:35.911 9909-9974/? W/System.err: 	at okhttp3.internal.http.RealInterceptorChain.proceed(RealInterceptorChain.kt:112)
12-11 17:59:35.911 9909-9974/? W/System.err: 	at okhttp3.internal.http.RealInterceptorChain.proceed(RealInterceptorChain.kt:87)
12-11 17:59:35.911 9909-9974/? W/System.err: 	at okhttp3.internal.http.BridgeInterceptor.intercept(BridgeInterceptor.kt:84)
12-11 17:59:35.911 9909-9974/? W/System.err: 	at okhttp3.internal.http.RealInterceptorChain.proceed(RealInterceptorChain.kt:112)
12-11 17:59:35.911 9909-9974/? W/System.err: 	at okhttp3.internal.http.RetryAndFollowUpInterceptor.intercept(RetryAndFollowUpInterceptor.kt:71)
12-11 17:59:35.911 9909-9974/? W/System.err: 	at okhttp3.internal.http.RealInterceptorChain.proceed(RealInterceptorChain.kt:112)
12-11 17:59:35.912 9909-9974/? W/System.err: 	at okhttp3.internal.http.RealInterceptorChain.proceed(RealInterceptorChain.kt:87)
12-11 17:59:35.912 9909-9974/? W/System.err: 	at net.rafaeltoledo.okir.OkHttp3IdlingResource.intercept(OkHttp3IdlingResource.java:39)
12-11 17:59:35.912 9909-9974/? W/System.err: 	at okhttp3.internal.http.RealInterceptorChain.proceed(RealInterceptorChain.kt:112)
12-11 17:59:35.912 9909-9974/? W/System.err: 	at okhttp3.internal.http.RealInterceptorChain.proceed(RealInterceptorChain.kt:87)
12-11 17:59:35.912 9909-9974/? W/System.err: 	at okhttp3.RealCall.getResponseWithInterceptorChain(RealCall.kt:184)
12-11 17:59:35.912 9909-9974/? W/System.err: 	at okhttp3.RealCall$AsyncCall.run(RealCall.kt:136)
12-11 17:59:35.912 9909-9974/? W/System.err: 	at java.util.concurrent.ThreadPoolExecutor.runWorker(ThreadPoolExecutor.java:1167)
12-11 17:59:35.912 9909-9974/? W/System.err: 	at java.util.concurrent.ThreadPoolExecutor$Worker.run(ThreadPoolExecutor.java:641)
12-11 17:59:35.912 9909-9974/? W/System.err: 	at java.lang.Thread.run(Thread.java:764)
12-11 17:59:35.913 9909-9974/? W/System.err: Caused by: java.net.ConnectException: failed to connect to localhost/127.0.0.1 (port 8080) from /127.0.0.1 (port 54370) after 10000ms: isConnected failed: ECONNREFUSED (Connection refused)
12-11 17:59:35.914 9909-9974/? W/System.err: 	at libcore.io.IoBridge.isConnected(IoBridge.java:278)
12-11 17:59:35.914 9909-9974/? W/System.err: 	at libcore.io.IoBridge.connectErrno(IoBridge.java:187)
12-11 17:59:35.914 9909-9974/? W/System.err: 	at libcore.io.IoBridge.connect(IoBridge.java:129)
12-11 17:59:35.914 9909-9974/? W/System.err: 	at java.net.PlainSocketImpl.socketConnect(PlainSocketImpl.java:137)
12-11 17:59:35.914 9909-9974/? W/System.err: 	at java.net.AbstractPlainSocketImpl.doConnect(AbstractPlainSocketImpl.java:390)
12-11 17:59:35.914 9909-9974/? W/System.err: 	at java.net.AbstractPlainSocketImpl.connectToAddress(AbstractPlainSocketImpl.java:230)
12-11 17:59:35.914 9909-9974/? W/System.err: 	at java.net.AbstractPlainSocketImpl.connect(AbstractPlainSocketImpl.java:212)
12-11 17:59:35.914 9909-9974/? W/System.err: 	at java.net.SocksSocketImpl.connect(SocksSocketImpl.java:436)
12-11 17:59:35.914 9909-9974/? W/System.err: 	at java.net.Socket.connect(Socket.java:621)
12-11 17:59:35.914 9909-9974/? W/System.err: 	at okhttp3.internal.platform.AndroidPlatform.connectSocket(AndroidPlatform.kt:58)
12-11 17:59:35.914 9909-9974/? W/System.err: 	at okhttp3.internal.connection.RealConnection.connectSocket(RealConnection.kt:268)
12-11 17:59:35.914 9909-9974/? W/System.err: 	... 24 more
12-11 17:59:35.914 9909-9974/? W/System.err: Caused by: android.system.ErrnoException: isConnected failed: ECONNREFUSED (Connection refused)
12-11 17:59:35.914 9909-9974/? W/System.err: 	at libcore.io.IoBridge.isConnected(IoBridge.java:267)
12-11 17:59:35.914 9909-9974/? W/System.err: 	... 34 more
12-11 17:59:35.919 9909-9909/? D/LifecycleMonitor: Lifecycle status change: com.freenow.android_demo.activities.MainActivity@e95803 in: RESUMED
12-11 17:59:35.920 9909-9909/? D/OpenGLRenderer: Skia GL Pipeline
12-11 17:59:35.925 1823-2461/? E/SurfaceFlinger: ro.sf.lcd_density must be defined as a build property
12-11 17:59:35.944 9909-9909/? D/LifecycleMonitor: Lifecycle status change: com.freenow.android_demo.activities.MainActivity@e95803 in: PAUSED
12-11 17:59:35.991 1649-8500/? D/gralloc_ranchu: gralloc_alloc: Creating ashmem region of size 16592896
12-11 17:59:35.992 9909-9977/? D/: HostConnection::get() New Host Connection established 0xeb4a04c0, tid 9977
12-11 17:59:35.995 9909-9977/? I/ConfigStore: android::hardware::configstore::V1_0::ISurfaceFlingerConfigs::hasWideColorDisplay retrieved: 0
12-11 17:59:35.996 9909-9977/? I/ConfigStore: android::hardware::configstore::V1_0::ISurfaceFlingerConfigs::hasHDRDisplay retrieved: 0
12-11 17:59:35.996 9909-9977/? I/OpenGLRenderer: Initialized EGL, version 1.4
12-11 17:59:35.996 9909-9977/? D/OpenGLRenderer: Swap behavior 1
12-11 17:59:35.996 9909-9977/? W/OpenGLRenderer: Failed to choose config with EGL_SWAP_BEHAVIOR_PRESERVED, retrying without...
12-11 17:59:35.996 9909-9977/? D/OpenGLRenderer: Swap behavior 0
12-11 17:59:36.016 9909-9977/? D/EGL_emulation: eglCreateContext: 0xeb406080: maj 3 min 0 rcv 3
12-11 17:59:36.016 1649-1701/? D/gralloc_ranchu: gralloc_alloc: Creating ashmem region of size 16592896
12-11 17:59:36.020 9909-9977/? D/EGL_emulation: eglMakeCurrent: 0xeb406080: ver 3 0 (tinfo 0xeb403c50)
12-11 17:59:36.026 1823-1975/? E/SurfaceFlinger: ro.sf.lcd_density must be defined as a build property
12-11 17:59:36.038 1649-1701/? D/gralloc_ranchu: gralloc_alloc: Creating ashmem region of size 16592896
12-11 17:59:36.080 9909-9909/? W/ow.android_dem: Accessing hidden field Landroid/view/View;->mAccessibilityDelegate:Landroid/view/View$AccessibilityDelegate; (light greylist, reflection)
12-11 17:59:36.091 9909-9978/? E/Google Maps Android API: Authorization failure.  Please see https://developers.google.com/maps/documentation/android-api/start for how to correctly set up the map.
12-11 17:59:36.095 9909-9978/? E/Google Maps Android API: In the Google Developer Console (https://console.developers.google.com)
12-11 17:59:36.095 9909-9978/? E/Google Maps Android API: Ensure that the "Google Maps Android API v2" is enabled.
12-11 17:59:36.095 9909-9978/? E/Google Maps Android API: Ensure that the following Android Key exists:
12-11 17:59:36.095 9909-9978/? E/Google Maps Android API: 	API Key: YOUR_KEY_HERE
12-11 17:59:36.095 9909-9978/? E/Google Maps Android API: 	Android Application (<cert_fingerprint>;<package_name>): 13:4F:1D:E7:E0:35:AB:D2:C4:2A:F3:B6:01:50:7C:4E:34:5F:5D:B1;com.freenow.android_demo
12-11 17:59:36.106 9909-9909/? W/ActivityThread: handleWindowVisibility: no activity for token android.os.BinderProxy@1a963bb
12-11 17:59:36.110 9909-9909/? D/LifecycleMonitor: Lifecycle status change: com.freenow.android_demo.activities.AuthenticationActivity@b53ff16 in: PRE_ON_CREATE
12-11 17:59:36.168 9909-9909/? I/TextInputLayout: EditText added is not a TextInputEditText. Please switch to using that class instead.
12-11 17:59:36.177 9909-9909/? I/TextInputLayout: EditText added is not a TextInputEditText. Please switch to using that class instead.
12-11 17:59:36.188 9909-9909/? D/LifecycleMonitor: Lifecycle status change: com.freenow.android_demo.activities.AuthenticationActivity@b53ff16 in: CREATED
12-11 17:59:36.194 9909-9909/? D/LifecycleMonitor: Lifecycle status change: com.freenow.android_demo.activities.AuthenticationActivity@b53ff16 in: STARTED
12-11 17:59:36.194 9909-9909/? D/LifecycleMonitor: Lifecycle status change: com.freenow.android_demo.activities.AuthenticationActivity@b53ff16 in: RESUMED
12-11 17:59:36.228 9909-9971/? D/: HostConnection::get() New Host Connection established 0xf1442a80, tid 9971
12-11 17:59:36.230 9909-9977/? D/EGL_emulation: eglMakeCurrent: 0xeb406080: ver 3 0 (tinfo 0xeb403c50)
12-11 17:59:36.233 9909-9971/? D/EGL_emulation: eglCreateContext: 0xe9c954a0: maj 1 min 0 rcv 1
12-11 17:59:36.236 1649-1701/? D/gralloc_ranchu: gralloc_alloc: Creating ashmem region of size 15138816
12-11 17:59:36.266 9909-9971/? D/EGL_emulation: eglMakeCurrent: 0xe9c954a0: ver 1 0 (tinfo 0xeb4aba30)
12-11 17:59:36.365 1649-1701/? D/gralloc_ranchu: gralloc_alloc: Creating ashmem region of size 16592896
12-11 17:59:36.381 1823-2106/? D/: HostConnection::get() New Host Connection established 0xe2dc2580, tid 2106
12-11 17:59:36.384 1649-1701/? D/gralloc_ranchu: gralloc_alloc: Creating ashmem region of size 16592896
12-11 17:59:36.385 1649-8500/? D/gralloc_ranchu: gralloc_alloc: Creating ashmem region of size 15138816
12-11 17:59:36.416 1649-1701/? D/gralloc_ranchu: gralloc_alloc: Creating ashmem region of size 16592896
12-11 17:59:36.473 9909-9977/? D/EGL_emulation: eglMakeCurrent: 0xeb406080: ver 3 0 (tinfo 0xeb403c50)
12-11 17:59:36.493 2008-2033/? I/ActivityManager: Displayed com.freenow.android_demo/.activities.AuthenticationActivity: +544ms (total +1s304ms)
12-11 17:59:36.505 3007-3007/? I/GoogleInputMethod: onFinishInput() : Dummy InputConnection bound
12-11 17:59:36.509 9909-9909/? I/AssistStructure: Flattened final assist data: 2696 bytes, containing 1 windows, 9 views
12-11 17:59:36.515 2008-5620/? I/AssistStructure: Flattened final assist data: 2496 bytes, containing 1 windows, 9 views
12-11 17:59:36.520 2008-2024/? D/AutofillUI: destroySaveUiUiThread(): already destroyed
12-11 17:59:36.522 1823-2106/? D/gralloc_ranchu: gralloc_unregister_buffer: exiting HostConnection (is buffer-handling thread)
12-11 17:59:36.523 1823-2106/? D/: HostConnection::get() New Host Connection established 0xe2dc2580, tid 2106
12-11 17:59:36.523 1823-2106/? D/gralloc_ranchu: gralloc_unregister_buffer: exiting HostConnection (is buffer-handling thread)
12-11 17:59:36.524 1823-2106/? D/: HostConnection::get() New Host Connection established 0xe2dc2580, tid 2106
12-11 17:59:36.524 1823-2106/? D/gralloc_ranchu: gralloc_unregister_buffer: exiting HostConnection (is buffer-handling thread)
12-11 17:59:36.525 1823-2106/? D/: HostConnection::get() New Host Connection established 0xe2dc2580, tid 2106
12-11 17:59:36.525 1823-2106/? D/gralloc_ranchu: gralloc_unregister_buffer: exiting HostConnection (is buffer-handling thread)
12-11 17:59:36.551 9909-9909/? D/LifecycleMonitor: Lifecycle status change: com.freenow.android_demo.activities.MainActivity@e95803 in: STOPPED
12-11 17:59:36.551 9909-9909/? D/LifecycleMonitor: running callback: android.support.test.rule.ActivityTestRule$LifecycleCallback@63911a0
12-11 17:59:36.551 9909-9909/? D/LifecycleMonitor: callback completes: android.support.test.rule.ActivityTestRule$LifecycleCallback@63911a0
12-11 17:59:36.554 1639-1705/? W/audio_hw_generic: Not supplying enough data to HAL, expected position 4010715 , only wrote 3857760
12-11 17:59:36.560 1823-1823/? W/SurfaceFlinger: couldn't log to binary event log: overflow.
12-11 17:59:36.560 1823-1823/? W/SurfaceFlinger: couldn't log to binary event log: overflow.
12-11 17:59:36.565 9909-9909/? W/ow.android_dem: Accessing hidden field Landroid/app/Activity;->mResultCode:I (light greylist, reflection)
12-11 17:59:36.565 9909-9909/? W/ow.android_dem: Accessing hidden field Landroid/app/Activity;->mResultData:Landroid/content/Intent; (light greylist, reflection)
12-11 17:59:36.566 9909-9909/? D/LifecycleMonitor: Lifecycle status change: com.freenow.android_demo.activities.MainActivity@e95803 in: DESTROYED
12-11 17:59:36.566 9909-9909/? D/LifecycleMonitor: running callback: android.support.test.rule.ActivityTestRule$LifecycleCallback@63911a0
12-11 17:59:36.567 9909-9909/? D/LifecycleMonitor: callback completes: android.support.test.rule.ActivityTestRule$LifecycleCallback@63911a0
12-11 17:59:36.569 9909-9909/? D/: HostConnection::get() New Host Connection established 0xf14423c0, tid 9909
12-11 17:59:36.570 9909-9909/? D/gralloc_ranchu: gralloc_unregister_buffer: exiting HostConnection (is buffer-handling thread)
12-11 17:59:36.571 9909-9909/? D/: HostConnection::get() New Host Connection established 0xf14423c0, tid 9909
12-11 17:59:36.571 9909-9909/? D/gralloc_ranchu: gralloc_unregister_buffer: exiting HostConnection (is buffer-handling thread)
12-11 17:59:36.580 9909-9925/? I/TestRunner: failed: loginFailing1(com.freenow.android_demo.tests.LoginTest)
12-11 17:59:36.580 9909-9925/? I/TestRunner: ----- begin exception -----
12-11 17:59:36.581 9909-9925/? I/TestRunner: java.lang.AssertionError: expected:<1> but was:<2>
12-11 17:59:36.581 9909-9925/? I/TestRunner: 	at org.junit.Assert.fail(Assert.java:88)
12-11 17:59:36.581 9909-9925/? I/TestRunner: 	at org.junit.Assert.failNotEquals(Assert.java:834)
12-11 17:59:36.581 9909-9925/? I/TestRunner: 	at org.junit.Assert.assertEquals(Assert.java:645)
12-11 17:59:36.581 9909-9925/? I/TestRunner: 	at org.junit.Assert.assertEquals(Assert.java:631)
12-11 17:59:36.581 9909-9925/? I/TestRunner: 	at com.freenow.android_demo.tests.LoginTest.loginFailing1(LoginTest.kt:84)
12-11 17:59:36.581 9909-9925/? I/TestRunner: 	at java.lang.reflect.Method.invoke(Native Method)
12-11 17:59:36.581 9909-9925/? I/TestRunner: 	at org.junit.runners.model.FrameworkMethod$1.runReflectiveCall(FrameworkMethod.java:50)
12-11 17:59:36.581 9909-9925/? I/TestRunner: 	at org.junit.internal.runners.model.ReflectiveCallable.run(ReflectiveCallable.java:12)
12-11 17:59:36.581 9909-9925/? I/TestRunner: 	at org.junit.runners.model.FrameworkMethod.invokeExplosively(FrameworkMethod.java:47)
12-11 17:59:36.581 9909-9925/? I/TestRunner: 	at org.junit.internal.runners.statements.InvokeMethod.evaluate(InvokeMethod.java:17)
12-11 17:59:36.581 9909-9925/? I/TestRunner: 	at android.support.test.internal.runner.junit4.statement.RunBefores.evaluate(RunBefores.java:80)
12-11 17:59:36.581 9909-9925/? I/TestRunner: 	at android.support.test.internal.runner.junit4.statement.RunAfters.evaluate(RunAfters.java:61)
12-11 17:59:36.581 9909-9925/? I/TestRunner: 	at android.support.test.rule.ActivityTestRule$ActivityStatement.evaluate(ActivityTestRule.java:527)
12-11 17:59:36.581 9909-9925/? I/TestRunner: 	at com.freenow.android_demo.utils.ClearPreferencesRule$apply$1.evaluate(ClearPreferencesRule.kt:41)
12-11 17:59:36.581 9909-9925/? I/TestRunner: 	at android.support.test.rule.GrantPermissionRule$RequestPermissionStatement.evaluate(GrantPermissionRule.java:129)
12-11 17:59:36.581 9909-9925/? I/TestRunner: 	at org.junit.rules.RunRules.evaluate(RunRules.java:20)
12-11 17:59:36.581 9909-9925/? I/TestRunner: 	at org.junit.runners.ParentRunner.runLeaf(ParentRunner.java:325)
12-11 17:59:36.581 9909-9925/? I/TestRunner: 	at org.junit.runners.BlockJUnit4ClassRunner.runChild(BlockJUnit4ClassRunner.java:78)
12-11 17:59:36.581 9909-9925/? I/TestRunner: 	at org.junit.runners.BlockJUnit4ClassRunner.runChild(BlockJUnit4ClassRunner.java:57)
12-11 17:59:36.581 9909-9925/? I/TestRunner: 	at org.junit.runners.ParentRunner$3.run(ParentRunner.java:290)
12-11 17:59:36.581 9909-9925/? I/TestRunner: 	at org.junit.runners.ParentRunner$1.schedule(ParentRunner.java:71)
12-11 17:59:36.581 9909-9925/? I/TestRunner: 	at org.junit.runners.ParentRunner.runChildren(ParentRunner.java:288)
12-11 17:59:36.581 9909-9925/? I/TestRunner: 	at org.junit.runners.ParentRunner.access$000(ParentRunner.java:58)
12-11 17:59:36.581 9909-9925/? I/TestRunner: 	at org.junit.runners.ParentRunner$2.evaluate(ParentRunner.java:268)
12-11 17:59:36.581 9909-9925/? I/TestRunner: 	at org.junit.runners.ParentRunner.run(ParentRunner.java:363)
12-11 17:59:36.581 9909-9925/? I/TestRunner: 	at android.support.test.runner.AndroidJUnit4.run(AndroidJUnit4.java:101)
12-11 17:59:36.581 9909-9925/? I/TestRunner: 	at org.junit.runners.Suite.runChild(Suite.java:128)
12-11 17:59:36.581 9909-9925/? I/TestRunner: 	at org.junit.runners.Suite.runChild(Suite.java:27)
12-11 17:59:36.581 9909-9925/? I/TestRunner: 	at org.junit.runners.ParentRunner$3.run(ParentRunner.java:290)
12-11 17:59:36.581 9909-9925/? I/TestRunner: 	at org.junit.runners.ParentRunner$1.schedule(ParentRunner.java:71)
12-11 17:59:36.581 9909-9925/? I/TestRunner: 	at org.junit.runners.ParentRunner.runChildren(ParentRunner.java:288)
12-11 17:59:36.581 9909-9925/? I/TestRunner: 	at org.junit.runners.ParentRunner.access$000(ParentRunner.java:58)
12-11 17:59:36.581 9909-9925/? I/TestRunner: 	at org.junit.runners.ParentRunner$2.evaluate(ParentRunner.java:268)
12-11 17:59:36.581 9909-9925/? I/TestRunner: 	at org.junit.runners.ParentRunner.run(ParentRunner.java:363)
12-11 17:59:36.581 9909-9925/? I/TestRunner: 	at org.junit.runner.JUnitCore.run(JUnitCore.java:137)
12-11 17:59:36.581 9909-9925/? I/TestRunner: 	at org.junit.runner.JUnitCore.run(JUnitCore.java:115)
12-11 17:59:36.581 9909-9925/? I/TestRunner: 	at android.support.test.internal.runner.TestExecutor.execute(TestExecutor.java:56)
12-11 17:59:36.581 9909-9925/? I/TestRunner: 	at android.support.test.runner.AndroidJUnitRunner.onStart(AndroidJUnitRunner.java:384)
12-11 17:59:36.581 9909-9925/? I/TestRunner: 	at android.app.Instrumentation$InstrumentationThread.run(Instrumentation.java:2145)
12-11 17:59:36.581 9909-9925/? I/TestRunner: ----- end exception -----
12-11 17:59:36.585 9909-9925/? I/TestRunner: finished: loginFailing1(com.freenow.android_demo.tests.LoginTest)
12-11 17:59:36.588 9909-9909/? I/MonitoringInstr: Activities that are still in CREATED to STOPPED: 1
12-11 17:59:36.588 9909-9909/? I/MonitoringInstr: Finishing activity: com.freenow.android_demo.activities.AuthenticationActivity@b53ff16
12-11 17:59:36.593 9909-9925/? I/MonitoringInstr: Unstopped activity count: 1
12-11 17:59:36.594 9909-9909/? D/LifecycleMonitor: Lifecycle status change: com.freenow.android_demo.activities.AuthenticationActivity@b53ff16 in: PAUSED
12-11 17:59:36.625 1649-1701/? D/gralloc_ranchu: gralloc_alloc: Creating ashmem region of size 16592896
12-11 17:59:36.645 9909-9925/? I/MonitoringInstr: Unstopped activity count: 1
12-11 17:59:36.651 1649-8500/? D/gralloc_ranchu: gralloc_alloc: Creating ashmem region of size 16592896
12-11 17:59:36.666 1649-8500/? D/gralloc_ranchu: gralloc_alloc: Creating ashmem region of size 16592896
12-11 17:59:36.685 1823-1823/? D/SurfaceFlinger: duplicate layer name: changing com.google.android.apps.nexuslauncher/com.google.android.apps.nexuslauncher.NexusLauncherActivity to com.google.android.apps.nexuslauncher/com.google.android.apps.nexuslauncher.NexusLauncherActivity#1
12-11 17:59:36.690 3353-3521/? D/EGL_emulation: eglMakeCurrent: 0xeb406020: ver 3 0 (tinfo 0xeb403d00)
12-11 17:59:36.690 1649-8500/? D/gralloc_ranchu: gralloc_alloc: Creating ashmem region of size 16592896
12-11 17:59:36.692 2008-2078/? D/gralloc_ranchu: gralloc_unregister_buffer: exiting HostConnection (is buffer-handling thread)
12-11 17:59:36.693 2008-2078/? D/: HostConnection::get() New Host Connection established 0xcb07f180, tid 2078
12-11 17:59:36.694 2008-2078/? D/gralloc_ranchu: gralloc_unregister_buffer: exiting HostConnection (is buffer-handling thread)
12-11 17:59:36.695 2008-2078/? D/: HostConnection::get() New Host Connection established 0xcb07f180, tid 2078
12-11 17:59:36.695 2008-2078/? D/gralloc_ranchu: gralloc_unregister_buffer: exiting HostConnection (is buffer-handling thread)
12-11 17:59:36.696 2008-2078/? D/: HostConnection::get() New Host Connection established 0xcb07f180, tid 2078
12-11 17:59:36.696 9909-9925/? I/MonitoringInstr: Unstopped activity count: 1
12-11 17:59:36.697 2008-2078/? D/gralloc_ranchu: gralloc_unregister_buffer: exiting HostConnection (is buffer-handling thread)
12-11 17:59:36.698 1823-2461/? W/SurfaceFlinger: Attempting to set client state on removed layer: Splash Screen com.freenow.android_demo#0
12-11 17:59:36.698 1823-2461/? W/SurfaceFlinger: Attempting to destroy on removed layer: Splash Screen com.freenow.android_demo#0
12-11 17:59:36.709 1823-1975/? D/: HostConnection::get() New Host Connection established 0xea898200, tid 1975
12-11 17:59:36.710 1649-8500/? D/gralloc_ranchu: gralloc_alloc: Creating ashmem region of size 16592896
12-11 17:59:36.736 1649-8500/? D/gralloc_ranchu: gralloc_alloc: Creating ashmem region of size 16592896
12-11 17:59:36.738 1866-1866/? D/gralloc_ranchu: gralloc_unregister_buffer: exiting HostConnection (is buffer-handling thread)
12-11 17:59:36.738 1866-1866/? D/: HostConnection::get() New Host Connection established 0xf17bc200, tid 1866
12-11 17:59:36.739 1866-1866/? D/gralloc_ranchu: gralloc_unregister_buffer: exiting HostConnection (is buffer-handling thread)
12-11 17:59:36.740 1866-1866/? D/: HostConnection::get() New Host Connection established 0xf17bc200, tid 1866
12-11 17:59:36.740 3353-3353/? I/MicroDetectionWorker: #startMicroDetector [speakerMode: 0]
12-11 17:59:36.740 1866-1866/? D/gralloc_ranchu: gralloc_unregister_buffer: exiting HostConnection (is buffer-handling thread)
12-11 17:59:36.740 3353-3353/? I/AudioController: Using mInputStreamFactoryBuilder
12-11 17:59:36.740 1866-1866/? D/: HostConnection::get() New Host Connection established 0xf17bc200, tid 1866
12-11 17:59:36.741 3353-3353/? I/AudioController: Created new AudioSource
12-11 17:59:36.741 1866-1866/? D/gralloc_ranchu: gralloc_unregister_buffer: exiting HostConnection (is buffer-handling thread)
12-11 17:59:36.743 3353-3353/? I/MicroDetectionWorker: onReady
12-11 17:59:36.747 9909-9925/? I/MonitoringInstr: Unstopped activity count: 1
12-11 17:59:36.752 3353-7026/? I/MicroRecognitionRunner: Starting detection.
12-11 17:59:36.754 3353-9457/? I/MicrophoneInputStream: mic_starting  SR : 16000 CC : 16 SO : 6
12-11 17:59:36.755 1658-1712/? E/: Request requires android.permission.RECORD_AUDIO
12-11 17:59:36.755 1658-1712/? E/AudioPolicyIntefaceImpl: getInputForAttr permission denied: recording not allowed for uid 10039 pid 3353
12-11 17:59:36.755 1658-1712/? E/AudioFlinger: createRecord() checkRecordThread_l failed
12-11 17:59:36.756 3353-9457/? E/IAudioFlinger: createRecord returned error -22
12-11 17:59:36.756 3353-9457/? E/AudioRecord: AudioFlinger could not create record track, status: -22
